Path: news.gmane.org!not-for-mail
From: Fengguang Wu <fengguang.wu-ral2JQCrhuEAvxtiuMwx3w@public.gmane.org>
Newsgroups: gmane.linux.usb.general,gmane.linux.kernel
Subject: BUG: unable to handle kernel paging request in usb_match_id()
Date: Sun, 5 Aug 2012 10:59:38 +0800
Lines: 3852
Approved: news@gmane.org
Message-ID: <20120805025938.GA8954@localhost>
NNTP-Posting-Host: plane.gmane.org
Mime-Version: 1.0
Content-Type: multipart/mixed; boundary="NzB8fVQJ5HfG6fxh"
X-Trace: dough.gmane.org 1344135670 9513 80.91.229.3 (5 Aug 2012 03:01:10 GMT)
X-Complaints-To: usenet@dough.gmane.org
NNTP-Posting-Date: Sun, 5 Aug 2012 03:01:10 +0000 (UTC)
Cc: Alan Stern <stern-nwvwT67g6+6dFdvTe/nMLpVzexx5G7lz@public.gmane.org>,
	Oliver Neukum <oneukum-l3A5Bk7waGM@public.gmane.org>,
	=?utf-8?B?QmrDuHJu?= Mork <bjorn-yOkvZcmFvRU@public.gmane.org>,
	Sarah Sharp <sarah.a.sharp-VuQAYsv1563Yd54FQh9/CA@public.gmane.org>,
	linux-kernel-u79uwXL29TY76Z2rM5mHXA@public.gmane.org,
	"linux-usb-u79uwXL29TY76Z2rM5mHXA@public.gmane.org" <linux-usb-u79uwXL29TY76Z2rM5mHXA@public.gmane.org>
To: Greg Kroah-Hartman <gregkh-hQyY1W1yCW8ekmWlsbkhG0B+6BGkLq7r@public.gmane.org>
Original-X-From: linux-usb-owner-u79uwXL29TY76Z2rM5mHXA@public.gmane.org Sun Aug 05 05:01:07 2012
Return-path: <linux-usb-owner-u79uwXL29TY76Z2rM5mHXA@public.gmane.org>
Envelope-to: glug-linux-usb-wOFGN7rlS/M9smdsby/KFg@public.gmane.org
Original-Received: from vger.kernel.org ([209.132.180.67])
	by plane.gmane.org with esmtp (Exim 4.69)
	(envelope-from <linux-usb-owner-u79uwXL29TY76Z2rM5mHXA@public.gmane.org>)
	id 1Sxr5W-0000gu-16
	for glug-linux-usb-wOFGN7rlS/M9smdsby/KFg@public.gmane.org; Sun, 05 Aug 2012 05:01:07 +0200
Original-Received: (majordomo-u79uwXL29TY76Z2rM5mHXA@public.gmane.org) by vger.kernel.org via listexpand
	id S1754089Ab2HEC75 (ORCPT <rfc822;glug-linux-usb@m.gmane.org>);
	Sat, 4 Aug 2012 22:59:57 -0400
Original-Received: from mga11.intel.com ([192.55.52.93]:6748 "EHLO mga11.intel.com"
	rhost-flags-OK-OK-OK-OK) by vger.kernel.org with ESMTP
	id S1754009Ab2HEC7v (ORCPT <rfc822;linux-usb-u79uwXL29TY76Z2rM5mHXA@public.gmane.org>);
	Sat, 4 Aug 2012 22:59:51 -0400
Original-Received: from fmsmga001.fm.intel.com ([10.253.24.23])
  by fmsmga102.fm.intel.com with ESMTP; 04 Aug 2012 19:59:49 -0700
X-ExtLoop1: 1
X-IronPort-AV: E=Sophos;i="4.71,315,1320652800"; 
   d="scan'208";a="193295639"
Original-Received: from unknown (HELO wfg-t420.sh.intel.com) ([10.255.20.173])
  by fmsmga001.fm.intel.com with ESMTP; 04 Aug 2012 19:59:43 -0700
Original-Received: from wfg by wfg-t420.sh.intel.com with local (Exim 4.77)
	(envelope-from <fengguang.wu-ral2JQCrhuEAvxtiuMwx3w@public.gmane.org>)
	id 1Sxr46-0002M0-Qn; Sun, 05 Aug 2012 10:59:38 +0800
Content-Disposition: inline
User-Agent: Heirloom mailx 12.5 6/20/10
Original-Sender: linux-usb-owner-u79uwXL29TY76Z2rM5mHXA@public.gmane.org
Precedence: bulk
List-ID: <linux-usb.vger.kernel.org>
X-Mailing-List: linux-usb-u79uwXL29TY76Z2rM5mHXA@public.gmane.org
Xref: news.gmane.org gmane.linux.usb.general:68893 gmane.linux.kernel:1337778
Archived-At: <http://permalink.gmane.org/gmane.linux.kernel/1337778>


--NzB8fVQJ5HfG6fxh
Content-Type: text/plain; charset=us-ascii
Content-Disposition: inline

Hi all,

This line triggers an oops in kvm boot test:

usb_match_id():
==>      748         for (; id->idVendor || id->idProduct || id->bDeviceClass ||
         749                id->bInterfaceClass || id->driver_info; id++) {
         750                 if (usb_match_one_id(interface, id))
         751                         return id;
         752         }

It's an old bug and happens also in linux 3.0. It's very reproducible
for the attached config. I can send the initrd (yocto-minimal-i386.cgz)
on your request in private email.

[    4.365871]  gadget: notify speed 425984000
/bin/sh: /proc/self/fd/9: No such file or directory
[    4.365871] BUG: unable to handle kernel paging request at c1f91ca2
[    4.365871] IP: [<c14be7c3>] usb_match_id+0x5b/0xcd
[    4.365871] *pde = 023dc067 *pte = 01f91162 
[    4.365871] Oops: 0000 [#1] SMP DEBUG_PAGEALLOC
[    4.365871] Pid: 17, comm: khubd Not tainted 3.6.0-rc1-00011-gf8cdda8 #1  
[    4.365871] EIP: 0060:[<c14be7c3>] EFLAGS: 00010246 CPU: 1
[    4.365871] EIP is at usb_match_id+0x5b/0xcd
[    4.365871] EAX: c6a0c800 EBX: c1f91ca0 ECX: c14be835 EDX: c1f91ca0
[    4.365871] ESI: c6a0c800 EDI: 00000000 EBP: cd4bfd6c ESP: cd4bfd64
[    4.365871]  DS: 007b ES: 007b FS: 00d8 GS: 0000 SS: 0068
[    4.365871] CR0: 8005003b CR2: c1f91ca2 CR3: 069f1000 CR4: 00000690
[    4.365871] DR0: 00000000 DR1: 00000000 DR2: 00000000 DR3: 00000000
[    4.365871] DR6: ffff0ff0 DR7: 00000400
[    4.365871] Process khubd (pid: 17, ti=cd4be000 task=cd4c8000 task.ti=cd4be000)
[    4.365871] Stack:
[    4.365871]  c1d42710 c6a0c800 cd4bfd7c c14be8b7 c6a0c81c c6a0c81c cd4bfd88 c13bc374
[    4.365871]  c1d42710 cd4bfd98 c13bd4b9 cd4bfda0 c6a0c81c cd4bfdb4 c13baa17 cd48976c
[    4.365871]  c695e1b8 c6a0c81c c1d36234 c6a0c81c cd4bfdc8 c13bcb4a c13bd49d c6a0c81c
[    4.365871] Call Trace:
[    4.365871]  [<c14be8b7>] usb_device_match+0x82/0xd7
[    4.365871]  [<c13bc374>] driver_match_device+0x32/0x4a
[    4.365871]  [<c13bd4b9>] __device_attach+0x1c/0x5b
[    4.365871]  [<c13baa17>] bus_for_each_drv+0x82/0x11e
[    4.365871]  [<c13bcb4a>] device_attach+0xb4/0xf8
[    4.365871]  [<c13bd49d>] ? __driver_attach+0xed/0xed
[    4.365871]  [<c13bad5d>] bus_probe_device+0x50/0x116
[    4.365871]  [<c13b858e>] device_add+0x849/0xaf9
[    4.365871]  [<c19e343f>] ? mutex_lock+0x39/0x6e
[    4.365871]  [<c14bd8f9>] usb_set_configuration+0xa07/0xa91
[    4.365871]  [<c14c9b41>] generic_probe+0xaa/0x109
[    4.365871]  [<c14bdc54>] usb_probe_device+0x1a/0x2a
[    4.365871]  [<c13bd16f>] driver_probe_device+0x180/0x3c1
[    4.365871]  [<c13bd4e2>] __device_attach+0x45/0x5b
[    4.365871]  [<c13baa17>] bus_for_each_drv+0x82/0x11e
[    4.365871]  [<c13bcb4a>] device_attach+0xb4/0xf8
[    4.365871]  [<c13bd49d>] ? __driver_attach+0xed/0xed
[    4.365871]  [<c13bad5d>] bus_probe_device+0x50/0x116
[    4.365871]  [<c13b858e>] device_add+0x849/0xaf9
[    4.365871]  [<c13917a3>] ? add_device_randomness+0xa1/0xb5
[    4.365871]  [<c14b0c21>] usb_new_device+0x329/0x488
[    4.365871]  [<c14b43cd>] hub_thread+0x1239/0x196e
[    4.365871]  [<c19e6546>] ? _raw_spin_unlock_irqrestore+0x66/0xab
[    4.365871]  [<c10c8d53>] ? abort_exclusive_wait+0xd6/0xd6
[    4.365871]  [<c10c7d81>] kthread+0xa2/0xb5
[    4.365871]  [<c14b3194>] ? usb_reset_device+0x217/0x217
[    4.365871]  [<c10c7cdf>] ? list_del_init+0x2f/0x2f
[    4.365871]  [<c19e7af6>] kernel_thread_helper+0x6/0xd
[    4.365871] Code: da 89 f0 e8 78 fe ff ff 83 05 18 14 1f c2 01 83 15 1c 14 1f c2 00 85 c0 75 7d 83 c3 18 83 05 20 14 1f c2 01 83 15 24 14 1f c2 00 <66> 83 7b 02 00 75 cd 83 05 28 14 1f c2 01 83 15 2c 14 1f c2 00
[    4.365871] EIP: [<c14be7c3>] usb_match_id+0x5b/0xcd SS:ESP 0068:cd4bfd64
[    4.365871] CR2: 00000000c1f91ca2

Thanks,
Fengguang

--NzB8fVQJ5HfG6fxh
Content-Type: text/plain; charset=us-ascii
Content-Disposition: attachment; filename=dmesg-kvm-ironlake-audio-3097-2012-08-04-20-44-03

[    0.000000] Linux version 3.6.0-rc1-00011-gf8cdda8 (kbuild@bee) (gcc version 4.7.1 (Debian 4.7.1-5) ) #1 SMP Sat Aug 4 20:43:12 CST 2012
[    0.000000] KERNEL supported cpus:
[    0.000000]   Intel GenuineIntel
[    0.000000]   AMD AuthenticAMD
[    0.000000]   Centaur CentaurHauls
[    0.000000]   Transmeta GenuineTMx86
[    0.000000]   Transmeta TransmetaCPU
[    0.000000] Disabled fast string operations
[    0.000000] e820: BIOS-provided physical RAM map:
[    0.000000] BIOS-e820: [mem 0x0000000000000000-0x000000000009f3ff] usable
[    0.000000] BIOS-e820: [mem 0x000000000009f400-0x000000000009ffff] reserved
[    0.000000] BIOS-e820: [mem 0x00000000000f0000-0x00000000000fffff] reserved
[    0.000000] BIOS-e820: [mem 0x0000000000100000-0x000000000fffcfff] usable
[    0.000000] BIOS-e820: [mem 0x000000000fffd000-0x000000000fffffff] reserved
[    0.000000] BIOS-e820: [mem 0x00000000fffbc000-0x00000000ffffffff] reserved
[    0.000000] debug: ignoring loglevel setting.
[    0.000000] Notice: NX (Execute Disable) protection cannot be enabled: non-PAE kernel!
[    0.000000] Hypervisor detected: KVM
[    0.000000] e820: update [mem 0x00000000-0x0000ffff] usable ==> reserved
[    0.000000] e820: remove [mem 0x000a0000-0x000fffff] usable
[    0.000000] e820: last_pfn = 0xfffd max_arch_pfn = 0x100000
[    0.000000] initial memory mapped: [mem 0x00000000-0x027fffff]
[    0.000000] Base memory trampoline at [c009b000] 9b000 size 16384
[    0.000000] init_memory_mapping: [mem 0x00000000-0x0fffcfff]
[    0.000000]  [mem 0x00000000-0x0fffcfff] page 4k
[    0.000000] kernel direct mapping tables up to 0xfffcfff @ [mem 0x027bd000-0x027fffff]
[    0.000000] log_buf_len: 8388608
[    0.000000] early log buf free: 129380(98%)
[    0.000000] RAMDISK: [mem 0x0e73f000-0x0ffeffff]
[    0.000000] ACPI: RSDP 000f8810 00014 (v00 BOCHS )
[    0.000000] ACPI: RSDT 0fffde10 00034 (v01 BOCHS  BXPCRSDT 00000001 BXPC 00000001)
[    0.000000] ACPI: FACP 0ffffe40 00074 (v01 BOCHS  BXPCFACP 00000001 BXPC 00000001)
[    0.000000] ACPI: DSDT 0fffdfd0 01E22 (v01   BXPC   BXDSDT 00000001 INTL 20090123)
[    0.000000] ACPI: FACS 0ffffe00 00040
[    0.000000] ACPI: SSDT 0fffdf80 00044 (v01 BOCHS  BXPCSSDT 00000001 BXPC 00000001)
[    0.000000] ACPI: APIC 0fffde90 0007A (v01 BOCHS  BXPCAPIC 00000001 BXPC 00000001)
[    0.000000] ACPI: HPET 0fffde50 00038 (v01 BOCHS  BXPCHPET 00000001 BXPC 00000001)
[    0.000000] ACPI: Local APIC address 0xfee00000
[    0.000000] mapped APIC to         ffffb000 (        fee00000)
[    0.000000] 0MB HIGHMEM available.
[    0.000000] 255MB LOWMEM available.
[    0.000000]   mapped low ram: 0 - 0fffd000
[    0.000000]   low ram: 0 - 0fffd000
[    0.000000] kvm-clock: Using msrs 12 and 11
[    0.000000] kvm-clock: cpu 0, msr 0:1fb5601, boot clock
[    0.000000] Zone ranges:
[    0.000000]   Normal   [mem 0x00010000-0x0fffcfff]
[    0.000000]   HighMem  empty
[    0.000000] Movable zone start for each node
[    0.000000] Early memory node ranges
[    0.000000]   node   0: [mem 0x00010000-0x0009efff]
[    0.000000]   node   0: [mem 0x00100000-0x0fffcfff]
[    0.000000] On node 0 totalpages: 65420
[    0.000000] free_area_init_node: node 0, pgdat c1e6cb40, node_mem_map cdcbf280
[    0.000000]   Normal zone: 640 pages used for memmap
[    0.000000]   Normal zone: 0 pages reserved
[    0.000000]   Normal zone: 64780 pages, LIFO batch:15
[    0.000000] Using APIC driver default
[    0.000000] ACPI: PM-Timer IO Port: 0xb008
[    0.000000] ACPI: Local APIC address 0xfee00000
[    0.000000] mapped APIC to         ffffb000 (        fee00000)
[    0.000000] ACPI: LAPIC (acpi_id[0x00] lapic_id[0x00] enabled)
[    0.000000] ACPI: LAPIC (acpi_id[0x01] lapic_id[0x01] enabled)
[    0.000000] ACPI: IOAPIC (id[0x02] address[0xfec00000] gsi_base[0])
[    0.000000] IOAPIC[0]: apic_id 2, version 17, address 0xfec00000, GSI 0-23
[    0.000000] ACPI: INT_SRC_OVR (bus 0 bus_irq 0 global_irq 2 dfl dfl)
[    0.000000] Int: type 0, pol 0, trig 0, bus 00, IRQ 00, APIC ID 2, APIC INT 02
[    0.000000] ACPI: INT_SRC_OVR (bus 0 bus_irq 5 global_irq 5 high level)
[    0.000000] Int: type 0, pol 1, trig 3, bus 00, IRQ 05, APIC ID 2, APIC INT 05
[    0.000000] ACPI: INT_SRC_OVR (bus 0 bus_irq 9 global_irq 9 high level)
[    0.000000] Int: type 0, pol 1, trig 3, bus 00, IRQ 09, APIC ID 2, APIC INT 09
[    0.000000] ACPI: INT_SRC_OVR (bus 0 bus_irq 10 global_irq 10 high level)
[    0.000000] Int: type 0, pol 1, trig 3, bus 00, IRQ 0a, APIC ID 2, APIC INT 0a
[    0.000000] ACPI: INT_SRC_OVR (bus 0 bus_irq 11 global_irq 11 high level)
[    0.000000] Int: type 0, pol 1, trig 3, bus 00, IRQ 0b, APIC ID 2, APIC INT 0b
[    0.000000] ACPI: IRQ0 used by override.
[    0.000000] Int: type 0, pol 0, trig 0, bus 00, IRQ 01, APIC ID 2, APIC INT 01
[    0.000000] ACPI: IRQ2 used by override.
[    0.000000] Int: type 0, pol 0, trig 0, bus 00, IRQ 03, APIC ID 2, APIC INT 03
[    0.000000] Int: type 0, pol 0, trig 0, bus 00, IRQ 04, APIC ID 2, APIC INT 04
[    0.000000] ACPI: IRQ5 used by override.
[    0.000000] Int: type 0, pol 0, trig 0, bus 00, IRQ 06, APIC ID 2, APIC INT 06
[    0.000000] Int: type 0, pol 0, trig 0, bus 00, IRQ 07, APIC ID 2, APIC INT 07
[    0.000000] Int: type 0, pol 0, trig 0, bus 00, IRQ 08, APIC ID 2, APIC INT 08
[    0.000000] ACPI: IRQ9 used by override.
[    0.000000] ACPI: IRQ10 used by override.
[    0.000000] ACPI: IRQ11 used by override.
[    0.000000] Int: type 0, pol 0, trig 0, bus 00, IRQ 0c, APIC ID 2, APIC INT 0c
[    0.000000] Int: type 0, pol 0, trig 0, bus 00, IRQ 0d, APIC ID 2, APIC INT 0d
[    0.000000] Int: type 0, pol 0, trig 0, bus 00, IRQ 0e, APIC ID 2, APIC INT 0e
[    0.000000] Int: type 0, pol 0, trig 0, bus 00, IRQ 0f, APIC ID 2, APIC INT 0f
[    0.000000] Using ACPI (MADT) for SMP configuration information
[    0.000000] ACPI: HPET id: 0x8086a201 base: 0xfed00000
[    0.000000] smpboot: Allowing 2 CPUs, 0 hotplug CPUs
[    0.000000] mapped IOAPIC to ffffa000 (fec00000)
[    0.000000] nr_irqs_gsi: 40
[    0.000000] e820: [mem 0x10000000-0xfffbbfff] available for PCI devices
[    0.000000] Booting paravirtualized kernel on KVM
[    0.000000] setup_percpu: NR_CPUS:8 nr_cpumask_bits:8 nr_cpu_ids:2 nr_node_ids:1
[    0.000000] PERCPU: Embedded 9 pages/cpu @cdcad000 s23872 r0 d12992 u36864
[    0.000000] pcpu-alloc: s23872 r0 d12992 u36864 alloc=9*4096
[    0.000000] pcpu-alloc: [0] 0 [0] 1 
[    0.000000] kvm-clock: cpu 0, msr 0:dcb2601, primary cpu clock
[    0.000000] Built 1 zonelists in Zone order, mobility grouping on.  Total pages: 64780
[    0.000000] Kernel command line: trinity=3m hung_task_panic=1 branch=signal/execve2 log_buf_len=8M ignore_loglevel debug sched_debug apic=debug dynamic_printk sysrq_always_enabled panic=10  prompt_ramdisk=0 console=ttyS0,115200 console=tty0 vga=normal  root=/dev/ram0 rw link=vmlinuz-2012-08-04-20-43-32-signal:execve2:f8cdda8-f8cdda8-i386-randconfig-b065-1-ironlake-audio BOOT_IMAGE=kernel-tests/kernels/i386-randconfig-b065/f8cdda8/vmlinuz-3.6.0-rc1-00011-gf8cdda8
[    0.000000] sysrq: sysrq always enabled.
[    0.000000] PID hash table entries: 1024 (order: 0, 4096 bytes)
[    0.000000] Dentry cache hash table entries: 32768 (order: 5, 131072 bytes)
[    0.000000] Inode-cache hash table entries: 16384 (order: 4, 65536 bytes)
[    0.000000] __ex_table already sorted, skipping sort
[    0.000000] Initializing CPU#0
[    0.000000] Initializing HighMem for node 0 (00000000:00000000)
[    0.000000] Memory: 204780k/262132k available (10149k kernel code, 56900k reserved, 4632k data, 1296k init, 0k highmem)
[    0.000000] virtual kernel memory layout:
[    0.000000]     fixmap  : 0xffe6e000 - 0xfffff000   (1604 kB)
[    0.000000]     pkmap   : 0xff800000 - 0xffc00000   (4096 kB)
[    0.000000]     vmalloc : 0xd07fd000 - 0xff7fe000   ( 752 MB)
[    0.000000]     lowmem  : 0xc0000000 - 0xcfffd000   ( 255 MB)
[    0.000000]       .init : 0xc1e72000 - 0xc1fb6000   (1296 kB)
[    0.000000]       .data : 0xc19e96a7 - 0xc1e6f6c0   (4632 kB)
[    0.000000]       .text : 0xc1000000 - 0xc19e96a7   (10149 kB)
[    0.000000] Checking if this processor honours the WP bit even in supervisor mode...Ok.
[    0.000000] SLUB: Genslabs=15, HWalign=128, Order=0-3, MinObjects=0, CPUs=2, Nodes=1
[    0.000000] Hierarchical RCU implementation.
[    0.000000] 
[    0.000000] 
[    0.000000] NR_IRQS:2304 nr_irqs:512 16
[    0.000000] CPU 0 irqstacks, hard=cd400000 soft=cd402000
[    0.000000] console [ttyS0] enabled
[    0.000000] ODEBUG: 0 of 0 active objects replaced
[    0.000000] ODEBUG: selftest passed
[    0.000000] hpet clockevent registered
[    0.000000] tsc: Detected 3191.964 MHz processor
[    0.001999] Calibrating delay loop (skipped) preset value.. 6383.92 BogoMIPS (lpj=3191964)
[    0.003009] pid_max: default: 32768 minimum: 301
[    0.004106] Security Framework initialized
[    0.005040] AppArmor: AppArmor initialized
[    0.006032] Mount-cache hash table entries: 512
[    0.007296] Disabled fast string operations
[    0.008050] Last level iTLB entries: 4KB 0, 2MB 0, 4MB 0
[    0.008050] Last level dTLB entries: 4KB 0, 2MB 0, 4MB 0
[    0.008050] tlb_flushall_shift is 0x6
[    0.011031] debug: unmapping init [mem 0xc1fb6000-0xc1fb8fff]
[    0.012018] ACPI: Core revision 20120711
[    0.017048] Getting VERSION: 50014
[    0.017740] Getting VERSION: 50014
[    0.018012] Getting ID: 0
[    0.019012] Getting ID: f000000
[    0.019680] Getting LVT0: 8700
[    0.020012] Getting LVT1: 8400
[    0.021006] Enabling APIC mode:  Flat.  Using 1 I/O APICs
[    0.022090] enabled ExtINT on CPU#0
[    0.024606] ENABLING IO-APIC IRQs
[    0.025008] init IO_APIC IRQs
[    0.025571]  apic 2 pin 0 not connected
[    0.026011] IOAPIC[0]: Set routing entry (2-1 -> 0x41 -> IRQ 1 Mode:0 Active:0 Dest:1)
[    0.027027] IOAPIC[0]: Set routing entry (2-2 -> 0x51 -> IRQ 0 Mode:0 Active:0 Dest:1)
[    0.028027] IOAPIC[0]: Set routing entry (2-3 -> 0x61 -> IRQ 3 Mode:0 Active:0 Dest:1)
[    0.029035] IOAPIC[0]: Set routing entry (2-4 -> 0x71 -> IRQ 4 Mode:0 Active:0 Dest:1)
[    0.030023] IOAPIC[0]: Set routing entry (2-5 -> 0x81 -> IRQ 5 Mode:1 Active:0 Dest:1)
[    0.031023] IOAPIC[0]: Set routing entry (2-6 -> 0x91 -> IRQ 6 Mode:0 Active:0 Dest:1)
[    0.032024] IOAPIC[0]: Set routing entry (2-7 -> 0xa1 -> IRQ 7 Mode:0 Active:0 Dest:1)
[    0.033023] IOAPIC[0]: Set routing entry (2-8 -> 0xb1 -> IRQ 8 Mode:0 Active:0 Dest:1)
[    0.034023] IOAPIC[0]: Set routing entry (2-9 -> 0xc1 -> IRQ 9 Mode:1 Active:0 Dest:1)
[    0.035029] IOAPIC[0]: Set routing entry (2-10 -> 0xd1 -> IRQ 10 Mode:1 Active:0 Dest:1)
[    0.036022] IOAPIC[0]: Set routing entry (2-11 -> 0xe1 -> IRQ 11 Mode:1 Active:0 Dest:1)
[    0.037023] IOAPIC[0]: Set routing entry (2-12 -> 0x22 -> IRQ 12 Mode:0 Active:0 Dest:1)
[    0.038023] IOAPIC[0]: Set routing entry (2-13 -> 0x42 -> IRQ 13 Mode:0 Active:0 Dest:1)
[    0.039023] IOAPIC[0]: Set routing entry (2-14 -> 0x52 -> IRQ 14 Mode:0 Active:0 Dest:1)
[    0.040023] IOAPIC[0]: Set routing entry (2-15 -> 0x62 -> IRQ 15 Mode:0 Active:0 Dest:1)
[    0.041019]  apic 2 pin 16 not connected
[    0.041999]  apic 2 pin 17 not connected
[    0.042999]  apic 2 pin 18 not connected
[    0.043999]  apic 2 pin 19 not connected
[    0.044999]  apic 2 pin 20 not connected
[    0.045999]  apic 2 pin 21 not connected
[    0.046768]  apic 2 pin 22 not connected
[    0.046998]  apic 2 pin 23 not connected
[    0.048150] ..TIMER: vector=0x51 apic1=0 pin1=2 apic2=-1 pin2=-1
[    0.048997] smpboot: CPU0: Intel Common KVM processor stepping 01
[    0.051290] Using local APIC timer interrupts.
[    0.051290] calibrating APIC timer ...
[    0.052991] ... lapic delta = 7250297
[    0.052991] ... PM-Timer delta = 415245
[    0.052991] APIC calibration not consistent with PM-Timer: 116ms instead of 100ms
[    0.052991] APIC delta adjusted to PM-Timer: 6249979 (7250297)
[    0.052991] TSC delta adjusted to PM-Timer: 319198292 (370286391)
[    0.052991] ..... delta 6249979
[    0.052991] ..... mult: 268475362
[    0.052991] ..... calibration result: 999996
[    0.052991] ..... CPU clock speed is 3191.0982 MHz.
[    0.052991] ..... host bus clock speed is 999.0996 MHz.
[    0.053104] Performance Events: unsupported Netburst CPU model 6 no PMU driver, software events only.
[    0.058036] CPU 1 irqstacks, hard=cd464000 soft=cd466000
[    0.059995] smpboot: Booting Node   0, Processors  #1 OK
[    0.001999] Initializing CPU#1
[    0.001999] kvm-clock: cpu 1, msr 0:dcbb601, secondary cpu clock
[    0.001999] masked ExtINT on CPU#1
[    0.001999] Disabled fast string operations
[    0.082880] Brought up 2 CPUs
[    0.082993] smpboot: Total of 2 processors activated (12767.85 BogoMIPS)
[    0.088110] atomic64 test passed for i586+ platform with CX8 and with SSE
[    0.090119] NET: Registered protocol family 16
[    0.092611] EISA bus registered
[    0.094367] ACPI: bus type pci registered
[    0.095061] dca service started, version 1.12.1
[    0.096991] PCI: PCI BIOS revision 2.10 entry at 0xffe77, last bus=0
[    0.097990] PCI: Using configuration type 1 for base access
[    0.109389] ACPI: Added _OSI(Module Device)
[    0.109990] ACPI: Added _OSI(Processor Device)
[    0.110989] ACPI: Added _OSI(3.0 _SCP Extensions)
[    0.111989] ACPI: Added _OSI(Processor Aggregator Device)
[    0.115585] ACPI: EC: Look up EC in DSDT
[    0.123540] ACPI: Interpreter enabled
[    0.123986] ACPI: (supports S0 S5)
[    0.126200] ACPI: Using IOAPIC for interrupt routing
[    0.135011] PCI: Using host bridge windows from ACPI; if necessary, use "pci=nocrs" and report a bug
[    0.137032] ACPI: PCI Root Bridge [PCI0] (domain 0000 [bus 00-ff])
[    0.138028] pci_root PNP0A03:00: fail to add MMCONFIG information, can't access extended PCI configuration space under this bridge.
[    0.140031] PCI host bridge to bus 0000:00
[    0.140989] pci_bus 0000:00: busn_res: [bus 00-ff] is inserted under domain [bus 00-ff]
[    0.142984] pci_bus 0000:00: root bus resource [bus 00-ff]
[    0.143986] pci_bus 0000:00: root bus resource [io  0x0000-0x0cf7]
[    0.144986] pci_bus 0000:00: root bus resource [io  0x0d00-0xffff]
[    0.146985] pci_bus 0000:00: root bus resource [mem 0x000a0000-0x000bffff]
[    0.147985] pci_bus 0000:00: root bus resource [mem 0xe0000000-0xfebfffff]
[    0.148984] pci_bus 0000:00: scanning bus
[    0.150042] pci 0000:00:00.0: [8086:1237] type 00 class 0x060000
[    0.151989] pci 0000:00:00.0: calling quirk_mmio_always_on+0x0/0x17
[    0.153437] pci 0000:00:01.0: [8086:7000] type 00 class 0x060100
[    0.155574] pci 0000:00:01.1: [8086:7010] type 00 class 0x010180
[    0.157337] pci 0000:00:01.1: reg 20: [io  0xc000-0xc00f]
[    0.158250] pci 0000:00:01.3: [8086:7113] type 00 class 0x068000
[    0.159997] pci 0000:00:01.3: calling acpi_pm_check_blacklist+0x0/0x6a
[    0.161455] pci 0000:00:01.3: calling quirk_piix4_acpi+0x0/0x200
[    0.162996] pci 0000:00:01.3: quirk: [io  0xb000-0xb03f] claimed by PIIX4 ACPI
[    0.163995] pci 0000:00:01.3: quirk: [io  0xb100-0xb10f] claimed by PIIX4 SMB
[    0.166033] pci 0000:00:01.3: calling pci_fixup_piix4_acpi+0x0/0x1d
[    0.167132] pci 0000:00:02.0: [1013:00b8] type 00 class 0x030000
[    0.170258] pci 0000:00:02.0: reg 10: [mem 0xf0000000-0xf1ffffff pref]
[    0.174255] pci 0000:00:02.0: reg 14: [mem 0xf2000000-0xf2000fff]
[    0.187251] pci 0000:00:02.0: reg 30: [mem 0xf2010000-0xf201ffff pref]
[    0.190136] pci 0000:00:03.0: [8086:100e] type 00 class 0x020000
[    0.191091] pci 0000:00:03.0: reg 10: [mem 0xf2020000-0xf203ffff]
[    0.192148] pci 0000:00:03.0: reg 14: [io  0xc040-0xc07f]
[    0.195292] pci 0000:00:03.0: reg 30: [mem 0xf2040000-0xf2047fff pref]
[    0.197099] pci 0000:00:04.0: [1af4:1001] type 00 class 0x010000
[    0.198104] pci 0000:00:04.0: reg 10: [io  0xc080-0xc0bf]
[    0.199067] pci 0000:00:04.0: reg 14: [mem 0xf2048000-0xf2048fff]
[    0.201793] pci 0000:00:05.0: [1af4:1001] type 00 class 0x010000
[    0.203144] pci 0000:00:05.0: reg 10: [io  0xc0c0-0xc0ff]
[    0.204059] pci 0000:00:05.0: reg 14: [mem 0xf2049000-0xf2049fff]
[    0.206575] pci 0000:00:06.0: [1af4:1001] type 00 class 0x010000
[    0.208013] pci 0000:00:06.0: reg 10: [io  0xc100-0xc13f]
[    0.209109] pci 0000:00:06.0: reg 14: [mem 0xf204a000-0xf204afff]
[    0.211349] pci 0000:00:07.0: [1af4:1001] type 00 class 0x010000
[    0.212102] pci 0000:00:07.0: reg 10: [io  0xc140-0xc17f]
[    0.214012] pci 0000:00:07.0: reg 14: [mem 0xf204b000-0xf204bfff]
[    0.216132] pci 0000:00:08.0: [1af4:1001] type 00 class 0x010000
[    0.217096] pci 0000:00:08.0: reg 10: [io  0xc180-0xc1bf]
[    0.218055] pci 0000:00:08.0: reg 14: [mem 0xf204c000-0xf204cfff]
[    0.220781] pci 0000:00:09.0: [1af4:1001] type 00 class 0x010000
[    0.222096] pci 0000:00:09.0: reg 10: [io  0xc1c0-0xc1ff]
[    0.223056] pci 0000:00:09.0: reg 14: [mem 0xf204d000-0xf204dfff]
[    0.225476] pci 0000:00:0a.0: [8086:25ab] type 00 class 0x088000
[    0.226100] pci 0000:00:0a.0: reg 10: [mem 0xf204e000-0xf204e00f]
[    0.229028] pci_bus 0000:00: fixups for bus
[    0.229859] pci_bus 0000:00: bus scan returning with max=00
[    0.230981] pci_bus 0000:00: on NUMA node 0
[    0.232061] ACPI: PCI Interrupt Routing Table [\_SB_.PCI0._PRT]
[    0.235258]  pci0000:00: Unable to request _OSC control (_OSC support mask: 0x1e)
[    0.255569] ACPI: PCI Interrupt Link [LNKA] (IRQs 5 *10 11)
[    0.257171] ACPI: PCI Interrupt Link [LNKB] (IRQs 5 *10 11)
[    0.258542] ACPI: PCI Interrupt Link [LNKC] (IRQs 5 10 *11)
[    0.260325] ACPI: PCI Interrupt Link [LNKD] (IRQs 5 10 *11)
[    0.262325] ACPI: bus type usb registered
[    0.263061] usbcore: registered new interface driver usbfs
[    0.263986] usbcore: registered new interface driver hub
[    0.266078] usbcore: registered new device driver usb
[    0.267109] Linux video capture interface: v2.00
[    0.268173] Advanced Linux Sound Architecture Driver Version 1.0.25.
[    0.269992] PCI: Using ACPI for IRQ routing
[    0.270974] PCI: pci_cache_line_size set to 64 bytes
[    0.272013] pci 0000:00:01.1: BAR 0: reserving [io  0x01f0-0x01f7 flags 0x110] (d=0, p=0)
[    0.272986] pci 0000:00:01.1: BAR 1: reserving [io  0x03f6 flags 0x110] (d=0, p=0)
[    0.274965] pci 0000:00:01.1: BAR 2: reserving [io  0x0170-0x0177 flags 0x110] (d=0, p=0)
[    0.276965] pci 0000:00:01.1: BAR 3: reserving [io  0x0376 flags 0x110] (d=0, p=0)
[    0.277966] pci 0000:00:01.1: BAR 4: reserving [io  0xc000-0xc00f flags 0x40101] (d=0, p=0)
[    0.279991] pci 0000:00:02.0: BAR 0: reserving [mem 0xf0000000-0xf1ffffff flags 0x42208] (d=0, p=0)
[    0.281965] pci 0000:00:02.0: BAR 1: reserving [mem 0xf2000000-0xf2000fff flags 0x40200] (d=0, p=0)
[    0.283980] pci 0000:00:03.0: BAR 0: reserving [mem 0xf2020000-0xf203ffff flags 0x40200] (d=0, p=0)
[    0.284965] pci 0000:00:03.0: BAR 1: reserving [io  0xc040-0xc07f flags 0x40101] (d=0, p=0)
[    0.286979] pci 0000:00:04.0: BAR 0: reserving [io  0xc080-0xc0bf flags 0x40101] (d=0, p=0)
[    0.288967] pci 0000:00:04.0: BAR 1: reserving [mem 0xf2048000-0xf2048fff flags 0x40200] (d=0, p=0)
[    0.290978] pci 0000:00:05.0: BAR 0: reserving [io  0xc0c0-0xc0ff flags 0x40101] (d=0, p=0)
[    0.292963] pci 0000:00:05.0: BAR 1: reserving [mem 0xf2049000-0xf2049fff flags 0x40200] (d=0, p=0)
[    0.293978] pci 0000:00:06.0: BAR 0: reserving [io  0xc100-0xc13f flags 0x40101] (d=0, p=0)
[    0.295962] pci 0000:00:06.0: BAR 1: reserving [mem 0xf204a000-0xf204afff flags 0x40200] (d=0, p=0)
[    0.297977] pci 0000:00:07.0: BAR 0: reserving [io  0xc140-0xc17f flags 0x40101] (d=0, p=0)
[    0.299962] pci 0000:00:07.0: BAR 1: reserving [mem 0xf204b000-0xf204bfff flags 0x40200] (d=0, p=0)
[    0.301977] pci 0000:00:08.0: BAR 0: reserving [io  0xc180-0xc1bf flags 0x40101] (d=0, p=0)
[    0.302963] pci 0000:00:08.0: BAR 1: reserving [mem 0xf204c000-0xf204cfff flags 0x40200] (d=0, p=0)
[    0.304976] pci 0000:00:09.0: BAR 0: reserving [io  0xc1c0-0xc1ff flags 0x40101] (d=0, p=0)
[    0.306961] pci 0000:00:09.0: BAR 1: reserving [mem 0xf204d000-0xf204dfff flags 0x40200] (d=0, p=0)
[    0.308976] pci 0000:00:0a.0: BAR 0: reserving [mem 0xf204e000-0xf204e00f flags 0x40200] (d=0, p=0)
[    0.311179] e820: reserve RAM buffer [mem 0x0009f400-0x0009ffff]
[    0.311964] e820: reserve RAM buffer [mem 0x0fffd000-0x0fffffff]
[    0.318142] NET: Registered protocol family 23
[    0.318982] Bluetooth: Core ver 2.16
[    0.319734] NET: Registered protocol family 31
[    0.319956] Bluetooth: HCI device and connection manager initialized
[    0.321968] Bluetooth: HCI socket layer initialized
[    0.322963] Bluetooth: L2CAP socket layer initialized
[    0.323973] Bluetooth: SCO socket layer initialized
[    0.326590] HPET: 3 timers in total, 0 timers will be used for per-cpu timer
[    0.327998] hpet0: at MMIO 0xfed00000, IRQs 2, 8, 0
[    0.329263] hpet0: 3 comparators, 64-bit 100.000000 MHz counter
[    0.337035] Switching to clocksource kvm-clock
[    0.339555] AppArmor: AppArmor Filesystem Enabled
[    0.340600] pnp: PnP ACPI init
[    0.341317] ACPI: bus type pnp registered
[    0.342248] pnp 00:00: [bus 00-ff]
[    0.347025] pnp 00:00: [io  0x0cf8-0x0cff]
[    0.347857] pnp 00:00: [io  0x0000-0x0cf7 window]
[    0.348835] pnp 00:00: [io  0x0d00-0xffff window]
[    0.349826] pnp 00:00: [mem 0x000a0000-0x000bffff window]
[    0.350983] pnp 00:00: [mem 0xe0000000-0xfebfffff window]
[    0.352157] pnp 00:00: Plug and Play ACPI device, IDs PNP0a03 (active)
[    0.353755] pnp 00:01: [io  0x0070-0x0071]
[    0.354664] pnp 00:01: [irq 8]
[    0.355371] pnp 00:01: [io  0x0072-0x0077]
[    0.356321] pnp 00:01: Plug and Play ACPI device, IDs PNP0b00 (active)
[    0.357718] pnp 00:02: [io  0x0060]
[    0.358494] pnp 00:02: [io  0x0064]
[    0.359268] pnp 00:02: [irq 1]
[    0.359978] pnp 00:02: Plug and Play ACPI device, IDs PNP0303 (active)
[    0.368280] pnp 00:03: [irq 12]
[    0.369006] pnp 00:03: Plug and Play ACPI device, IDs PNP0f13 (active)
[    0.370432] pnp 00:04: [io  0x03f2-0x03f5]
[    0.371332] pnp 00:04: [io  0x03f7]
[    0.372062] pnp 00:04: [irq 6]
[    0.372670] pnp 00:04: [dma 2]
[    0.373438] pnp 00:04: Plug and Play ACPI device, IDs PNP0700 (active)
[    0.375029] pnp 00:05: [io  0x0378-0x037f]
[    0.375884] pnp 00:05: [irq 7]
[    0.376626] pnp 00:05: Plug and Play ACPI device, IDs PNP0400 (active)
[    0.378230] pnp 00:06: [io  0x03f8-0x03ff]
[    0.379077] pnp 00:06: [irq 4]
[    0.379776] pnp 00:06: Plug and Play ACPI device, IDs PNP0501 (active)
[    0.381326] pnp 00:07: [mem 0xfed00000-0xfed003ff]
[    0.388308] pnp 00:07: Plug and Play ACPI device, IDs PNP0103 (active)
[    0.390096] pnp: PnP ACPI: found 8 devices
[    0.390981] ACPI: ACPI bus type pnp unregistered
[    0.431786] PM-Timer running at invalid rate: 115% of normal - aborting.
[    0.433321] pci_bus 0000:00: resource 4 [io  0x0000-0x0cf7]
[    0.434460] pci_bus 0000:00: resource 5 [io  0x0d00-0xffff]
[    0.435594] pci_bus 0000:00: resource 6 [mem 0x000a0000-0x000bffff]
[    0.436872] pci_bus 0000:00: resource 7 [mem 0xe0000000-0xfebfffff]
[    0.438264] NET: Registered protocol family 1
[    0.439279] pci 0000:00:00.0: calling quirk_natoma+0x0/0x4f
[    0.440438] pci 0000:00:00.0: Limiting direct PCI/PCI transfers
[    0.441654] pci 0000:00:00.0: calling quirk_passive_release+0x0/0xcb
[    0.452109] pci 0000:00:01.0: PIIX3: Enabling Passive Release
[    0.453384] pci 0000:00:01.0: calling quirk_isa_dma_hangs+0x0/0x52
[    0.454627] pci 0000:00:01.0: Activating ISA DMA hang workarounds
[    0.455985] pci 0000:00:02.0: calling pci_fixup_video+0x0/0xf4
[    0.457224] pci 0000:00:02.0: Boot video device
[    0.458146] pci 0000:00:03.0: calling quirk_e100_interrupt+0x0/0x23a
[    0.459560] PCI: CLS 0 bytes, default 64
[    0.460600] Unpacking initramfs...
[    3.139122] debug: unmapping init [mem 0xce73f000-0xcffeffff]
[    3.142810] kvm: no hardware support
[    3.148979] The force parameter has not been set to 1 so the Iris poweroff handler will not be installed.
[    3.150944] NatSemi SCx200 Driver
[    3.151863] audit: initializing netlink socket (disabled)
[    3.153081] type=2000 audit(1344084236.151:1): initialized
[    3.159403] fuse init (API version 7.19)
[    3.160456] msgmni has been set to 399
[    3.167328] NET: Registered protocol family 38
[    3.168603] progear_bl: ALI M7101 PMU not found.
[    3.169595] i2c-core: driver [adp8870_bl] using legacy suspend method
[    3.170868] i2c-core: driver [adp8870_bl] using legacy resume method
[    3.172243] rivafb_setup START
[    3.177064] usbcore: registered new interface driver udlfb
[    3.178227] usbcore: registered new interface driver smscufx
[    3.179493] input: Power Button as /devices/LNXSYSTM:00/LNXPWRBN:00/input/input0
[    3.180996] ACPI: Power Button [PWRF]
[    3.181871] pci_bus 0000:00: dev 01, created physical slot 1
[    3.183096] pci_bus 0000:00: dev 02, created physical slot 2
[    3.184323] pci_bus 0000:00: dev 03, created physical slot 3
[    3.185490] pci_bus 0000:00: dev 04, created physical slot 4
[    3.186646] pci_bus 0000:00: dev 05, created physical slot 5
[    3.187829] pci_bus 0000:00: dev 06, created physical slot 6
[    3.189043] pci_bus 0000:00: dev 07, created physical slot 7
[    3.193780] pci_bus 0000:00: dev 08, created physical slot 8
[    3.194988] pci_bus 0000:00: dev 09, created physical slot 9
[    3.196154] pci_bus 0000:00: dev 0a, created physical slot 10
[    3.197385] pci_bus 0000:00: dev 0b, created physical slot 11
[    3.198552] pci_bus 0000:00: dev 0c, created physical slot 12
[    3.212359] pci_bus 0000:00: dev 0d, created physical slot 13
[    3.213544] pci_bus 0000:00: dev 0e, created physical slot 14
[    3.214747] pci_bus 0000:00: dev 0f, created physical slot 15
[    3.215973] pci_bus 0000:00: dev 10, created physical slot 16
[    3.217158] pci_bus 0000:00: dev 11, created physical slot 17
[    3.218379] pci_bus 0000:00: dev 12, created physical slot 18
[    3.219654] pci_bus 0000:00: dev 13, created physical slot 19
[    3.221026] pci_bus 0000:00: dev 14, created physical slot 20
[    3.222258] pci_bus 0000:00: dev 15, created physical slot 21
[    3.229713] pci_bus 0000:00: dev 16, created physical slot 22
[    3.230948] pci_bus 0000:00: dev 17, created physical slot 23
[    3.232123] pci_bus 0000:00: dev 18, created physical slot 24
[    3.233345] pci_bus 0000:00: dev 19, created physical slot 25
[    3.234524] pci_bus 0000:00: dev 1a, created physical slot 26
[    3.235749] pci_bus 0000:00: dev 1b, created physical slot 27
[    3.236925] pci_bus 0000:00: dev 1c, created physical slot 28
[    3.243056] pci_bus 0000:00: dev 1d, created physical slot 29
[    3.244310] pci_bus 0000:00: dev 1e, created physical slot 30
[    3.245514] pci_bus 0000:00: dev 1f, created physical slot 31
[    3.250354] ioatdma: Intel(R) QuickData Technology Driver 4.00
[    3.276798] Serial: 8250/16550 driver, 4 ports, IRQ sharing disabled
[    3.333825] serial8250: ttyS0 at I/O 0x3f8 (irq = 4) is a 16550A
[    3.353589] DoubleTalk PC - not found
[    3.354521] Non-volatile memory driver v1.3
[    3.355521] scx200_gpio: no SCx200 gpio present
[    3.356464] platform pc8736x_gpio.0: NatSemi pc8736x GPIO Driver Initializing
[    3.357894] platform pc8736x_gpio.0: no device found
[    3.359821] nsc_gpio initializing
[    3.362220] smapi::smapi_init, ERROR invalid usSmapiID
[    3.364191] mwave: tp3780i::tp3780I_InitializeBoardData: Error: SMAPI is not available on this machine
[    3.368323] mwave: mwavedd::mwave_init: Error: Failed to initialize board data
[    3.371378] mwave: mwavedd::mwave_init: Error: Failed to initialize
[    3.374390] Linux agpgart interface v0.103
[    3.376285] ipmi message handler version 39.2
[    3.378144] IPMI Watchdog: driver initialized
[    3.380006] Hangcheck: starting hangcheck timer 0.9.1 (tick is 180 seconds, margin is 60 seconds).
[    3.384160] Hangcheck: Using getrawmonotonic().
[    3.386251] i2c-core: driver [apds9802als] using legacy suspend method
[    3.388483] i2c-core: driver [apds9802als] using legacy resume method
[    3.391410] i2c-core: driver [tsl2550] using legacy suspend method
[    3.394398] i2c-core: driver [tsl2550] using legacy resume method
[    3.396639] Driver for timberdale has been successfully registered.
[    3.399817] mtdoops: mtd device (mtddev=name/number) must be supplied
[    3.402906] NetSc520 flash device: 0x100000 at 0x200000
[    3.404898] Failed to ioremap_nocache
[    3.406581] scx200_docflash: NatSemi SCx200 DOCCS Flash Driver
[    3.457718] No recognised DiskOnChip devices found
[    3.473270] slram: not enough parameters.
[    3.474053] Ramix PMC551 PCI Mezzanine Ram Driver. (C) 1999,2000 Nortel Networks.
[    3.475491] pmc551: not detected
[    3.476184] usbcore: registered new interface driver alauda
[    3.565897] onenand_wait: timeout! ctrl=0x0000 intr=0x0000
[    3.567102] OneNAND Manufacturer: Samsung (0xec)
[    3.568067] OneNAND 16MB 1.8V 16-bit (0x04)
[    3.568956] OneNAND version = 0x001e
[    3.569647] Lock scheme is Continuous Lock
[    3.574589] Scanning device for bad blocks
[    3.575823] Creating 1 MTD partitions on "OneNAND simulator":
[    3.583335] 0x000000000000-0x000001000000 : "OneNAND simulator partition"
[    3.584817] HSI/SSI char device loaded
[    3.590044] libphy: Fixed MDIO Bus: probed
[    3.590822] arcnet loaded.
[    3.595483] arcnet: raw mode (`r') encapsulation support loaded.
[    3.596702] arcnet: cap mode (`c') encapsulation support loaded.
[    3.602030] vcan: Virtual CAN interface driver
[    3.606161] slcan: serial line CAN interface driver
[    3.607232] slcan: 10 dynamic interface channels.
[    3.613121] mkiss: AX.25 Multikiss, Hans Albas PE1AYX
[    3.614235] AX.25: bpqether driver version 004
[    3.619170] baycom_ser_hdx: (C) 1996-2000 Thomas Sailer, HB9JNX/AE4WA
[    3.619170] baycom_ser_hdx: version 0.10
[    3.625878] hdlcdrv: (C) 1996-2000 Thomas Sailer HB9JNX/AE4WA
[    3.631096] hdlcdrv: version 0.8
[    3.632274] airo(): Probing for PCI adapters
[    3.636358] airo(): Finished probing for PCI adapters
[    3.637483] usbcore: registered new interface driver kaweth
[    3.644904] pegasus: v0.6.14 (2006/09/27), Pegasus/Pegasus II USB Ethernet driver
[    3.646473] usbcore: registered new interface driver pegasus
[    3.651686] hso: /c/kernel-tests/src/linux/drivers/net/usb/hso.c: Option Wireless
[    3.657461] usbcore: registered new interface driver hso
[    3.658602] usbcore: registered new interface driver asix
[    3.663697] usbcore: registered new interface driver MOSCHIP usb-ethernet driver
[    3.669789] usbcore: registered new interface driver kalmia
[    3.673176] usbcore: registered new interface driver cx82310_eth
[    3.674461] usbcore: registered new interface driver cdc_ncm
[    3.676520] usbcore: registered new interface driver qmi_wwan
[    3.682893] ehci_hcd: USB 2.0 'Enhanced' Host Controller (EHCI) Driver
[    3.684357] ohci_hcd: USB 1.1 'Open' Host Controller (OHCI) Driver
[    3.685587] driver u132_hcd
[    3.692803] usbcore: registered new interface driver usblp
[    3.693973] usbcore: registered new interface driver cdc_wdm
[    3.695115] usbcore: registered new interface driver usbtmc
[    3.696282] usbcore: registered new interface driver mdc800
[    3.697384] mdc800: v0.7.5 (30/10/2000):USB Driver for Mustek MDC800 Digital Camera
[    3.698869] usbcore: registered new interface driver cypress_cy7c63
[    3.704048] usbcore: registered new interface driver cytherm
[    3.705214] usbcore: registered new interface driver emi62 - firmware loader
[    3.713435] driver ftdi-elan
[    3.722020] usbcore: registered new interface driver ftdi-elan
[    3.723241] usbcore: registered new interface driver idmouse
[    3.724362] usbcore: registered new interface driver usbled
[    3.725491] usbcore: registered new interface driver legousbtower
[    3.726707] usbcore: registered new interface driver trancevibrator
[    3.727992] usbcore: registered new interface driver usbsevseg
[    3.729155] usbcore: registered new interface driver yurex
[    3.730357] dummy_hcd dummy_hcd: USB Host+Gadget Emulator, driver 02 May 2005
[    3.731808] dummy_hcd dummy_hcd: Dummy host controller
[    3.742937] dummy_hcd dummy_hcd: new USB bus registered, assigned bus number 1
[    3.744630] hub 1-0:1.0: USB hub found
[    3.745443] hub 1-0:1.0: 1 port detected
[    3.746553] udc dummy_udc: registering UDC driver [g_ether]
[    3.747715]  gadget: using random self ethernet address
[    3.748762]  gadget: using random host ethernet address
[    3.749976] usb0: MAC b6:4b:55:73:cb:8e
[    3.750724] usb0: HOST MAC 56:4f:01:ee:5d:99
[    3.751603]  gadget: adding config #2 'RNDIS'/c1d49830
[    3.752652]  gadget: adding 'rndis'/c7fa39c0 to config 'RNDIS'/c1d49830
[    3.764025] rndis_register: configNr = 0
[    3.764776] rndis_set_param_medium: 0 0
[    3.765521]  gadget: RNDIS: super speed IN/ep-a OUT/ep-b NOTIFY/ep-c
[    3.766739]  gadget: cfg 2/c1d49830 speeds: super high full
[    3.773725]  gadget:   interface 0 = rndis/c7fa39c0
[    3.774694]  gadget:   interface 1 = rndis/c7fa39c0
[    3.775629]  gadget: adding config #1 'CDC Ethernet (ECM)'/c1d497c0
[    3.776865]  gadget: adding 'cdc_ethernet'/c7fa3b40 to config 'CDC Ethernet (ECM)'/c1d497c0
[    3.783311]  gadget: CDC Ethernet: super speed IN/ep-a OUT/ep-b NOTIFY/ep-c
[    3.784616]  gadget: cfg 1/c1d497c0 speeds: super high full
[    3.785701]  gadget:   interface 0 = cdc_ethernet/c7fa3b40
[    3.786753]  gadget:   interface 1 = cdc_ethernet/c7fa3b40
[    3.793853]  gadget: Ethernet Gadget, version: Memorial Day 2008
[    3.795115]  gadget: g_ether ready
[    3.795797] dummy_udc dummy_udc: binding gadget driver 'g_ether'
[    3.797020] dummy_udc dummy_udc: This device can perform faster if you connect it to a super-speed port...
[    3.798883] dummy_hcd dummy_hcd: port status 0x00010101 has changes
[    3.800385] i8042: PNP: PS/2 Controller [PNP0303:KBD,PNP0f13:MOU] at 0x60,0x64 irq 1,12
[    3.803756] serio: i8042 KBD port at 0x60,0x64 irq 1
[    3.804662] serio: i8042 AUX port at 0x60,0x64 irq 12
[    3.806091] usbcore: registered new interface driver xpad
[    3.807134] usbcore: registered new interface driver ati_remote2
[    3.808284] wistron_btns: System unknown
[    3.809465] rtc_cmos 00:01: rtc core: registered rtc_cmos as rtc0
[    3.816899] rtc0: alarms up to one day, 114 bytes nvram, hpet irqs
[    3.824228] input: AT Translated Set 2 keyboard as /devices/platform/i8042/serio0/input/input1
[    3.830505] usbcore: registered new interface driver i2c-diolan-u2c
[    3.834119] isa i2c-pca-isa.0: Please specify I/O base
[    3.836126] scx200_i2c: no SCx200 gpio pins available
[    3.837773] IR NEC protocol handler initialized
[    3.840265] IR RC6 protocol handler initialized
[    3.841730] IR JVC protocol handler initialized
[    3.844349] IR Sony protocol handler initialized
[    3.846160] IR MCE Keyboard/mouse protocol handler initialized
[    3.847905] saa7146: register extension 'budget dvb'
[    3.849854] saa7146: register extension 'budget_av'
[    3.853080] saa7146: register extension 'budget_patch dvb'
[    3.855005] saa7146: register extension 'av7110'
[    3.858143] usbcore: registered new interface driver ttusb-dec
[    3.859916] usbcore: registered new interface driver dvb_usb_dtt200u
[    3.862731] usbcore: registered new interface driver dvb_usb_nova_t_usb2
[    3.866256] usbcore: registered new interface driver dvb_usb_umt_010
[    3.869008] usbcore: registered new interface driver dvb_usb_gl861
[    3.869704] dummy_hcd dummy_hcd: port status 0x00010101 has changes
[    3.874139] usbcore: registered new interface driver dvb_usb_au6610
[    3.876922] usbcore: registered new interface driver dvb_usb_ttusb2
[    3.879128] usbcore: registered new interface driver dvb_usb_dib0700
[    3.882263] usbcore: registered new interface driver pctv452e
[    3.884895] usbcore: registered new interface driver dw2102
[    3.886690] usbcore: registered new interface driver dvb_usb_af9015
[    3.889488] usbcore: registered new interface driver cinergyT2
[    3.892146] usbcore: registered new interface driver dvb_usb_ce6230
[    3.894579] usbcore: registered new interface driver dvb_usb_friio
[    3.897948] usbcore: registered new interface driver dvb_usb_ec168
[    3.900082] usbcore: registered new interface driver dvb_usb_az6007
[    3.902598] usbcore: registered new interface driver dvb_usb_az6027
[    3.906019] usbcore: registered new interface driver LME2510C_DVB-S
[    3.908170] usbcore: registered new interface driver dvb_usb_af9035
[    3.910096] nGene PCIE bridge driver, Copyright (C) 2005-2007 Micronas
[    3.914299] Digital Devices PCIE bridge driver, Copyright (C) 2010-11 Digital Devices GmbH
[    3.916814] Driver for 1-wire Dallas network protocol.
[    3.920061] usbcore: registered new interface driver DS9490R
[    3.922080] DS1WM w1 busmaster driver - (c) 2004 Szabolcs Gyurko
[    3.924766] power_supply test_ac: power_supply_changed
[    3.926697] power_supply test_ac: power_supply_changed_work
[    3.929381] power_supply test_ac: power_supply_update_gen_leds 1
[    3.932162] power_supply test_battery: power_supply_changed
[    3.934446] power_supply test_battery: power_supply_changed_work
[    3.937175] power_supply test_battery: power_supply_update_bat_leds 2
[    3.939739] power_supply test_usb: power_supply_changed
[    3.942993] power_supply test_usb: power_supply_changed_work
[    3.944674] power_supply test_usb: power_supply_update_gen_leds 1
[    3.947925] usbcore: registered new interface driver pcwd_usb
[    3.950361] advantechwdt: WDT driver for Advantech single board computer initialising
[    3.954281] advantechwdt: initialized. timeout=60 sec (nowayout=1)
[    3.956403] alim7101_wdt: Steve Hill <steve-5X2ZMFkmWHHQXOPxS62xeg@public.gmane.org>
[    3.958966] alim7101_wdt: ALi M7101 PMU not present - WDT not set
[    3.960774] sp5100_tco: SP5100 TCO WatchDog Timer Driver v0.01
[    3.964110] sc520_wdt: cannot register miscdev on minor=130 (err=-16)
[    3.967224] ib700wdt: WDT driver for IB700 single board computer initialising
[    3.969576] ib700wdt: START method I/O 443 is not available
[    3.972189] ib700wdt: probe of ib700wdt failed with error -5
[    3.974740] wafer5823wdt: WDT driver for Wafer 5823 single board computer initialising
[    3.978110] wafer5823wdt: I/O address 0x0443 already in use
[    3.979850] i6300esb: Intel 6300ESB WatchDog Timer Driver v0.05
[    3.983952] i6300esb: cannot register miscdev on minor=130 (err=-16)
[    3.986162] i6300ESB timer: probe of 0000:00:0a.0 failed with error -16
[    3.988758] pc87413_wdt: Version 1.1 at io 0x2E
[    3.991235] pc87413_wdt: cannot register miscdev on minor=130 (err=-16)
[    3.994200] sbc60xxwdt: I/O address 0x0443 already in use
[    3.996027] cpu5wdt: misc_register failed
[    3.996882] w83627hf_wdt: WDT driver for the Winbond(TM) W83627HF/THF/HG/DHG Super I/O chip initialising
[    3.998730] w83627hf_wdt: Watchdog already running. Resetting timeout to 60 sec
[    4.000316] w83627hf_wdt: cannot register miscdev on minor=130 (err=-16)
[    4.001638] w83697ug_wdt: WDT driver for the Winbond(TM) W83697UG/UF Super I/O chip initialising
[    4.011533] w83697ug_wdt: No W83697UG/UF could be found
[    4.012602] w83877f_wdt: I/O address 0x0443 already in use
[    4.013724] machzwd: MachZ ZF-Logic Watchdog driver initializing
[    4.018882] machzwd: no ZF-Logic found
[    4.019648] Bluetooth: HCI UART driver ver 2.2
[    4.020575] Bluetooth: HCILL protocol initialized
[    4.025255] usbcore: registered new interface driver bfusb
[    4.026408] usbcore: registered new interface driver btusb
[    4.032050] Bluetooth: Generic Bluetooth SDIO driver ver 0.1
[    4.034476] usbcore: registered new interface driver ath3k
[    4.035620] sdhci: Secure Digital Host Controller Interface driver
[    4.036856] sdhci: Copyright(c) Pierre Ossman
[    4.037742] wbsd: Winbond W83L51xD SD/MMC card interface driver
[    4.044038] wbsd: Copyright(c) Pierre Ossman
[    4.045006] via_sdmmc: VIA SD/MMC Card Reader driver (C) 2008 VIA Technologies, Inc.
[    4.046553] VUB300 Driver rom wait states = 1C irqpoll timeout = 0400
[    4.054896] usbcore: registered new interface driver vub300
[    4.056133] usbcore: registered new interface driver ushc
[    4.057278] sdhci-pltfm: SDHCI platform and OF driver helper
[    4.058616] Driver for HIFN 795x crypto accelerator chip has been successfully registered.
[    4.060407] usbcore: registered new interface driver usbmouse
[    4.061956] msi_laptop: driver 0.5 successfully loaded
[    4.063111] hdaps: supported laptop not found!
[    4.064032] hdaps: driver init failed (ret=-19)!
[    4.065016] intel_oaktrail: Platform not recognized (You could try the module's force-parameter)Audio Excel DSP 16 init driver Copyright (C) Riccardo Facchetti 1995-98
[    4.068238] aedsp16: I/O, IRQ and DMA are mandatory
[    4.069245] ad1848/cs4248 codec driver Copyright (C) by Hannu Savolainen 1993-1996
[    4.070719] ad1848: No ISAPnP cards found, trying standard ones...
[    4.072027] Pro Audio Spectrum driver Copyright (C) by Hannu Savolainen 1993-1996
[    4.073524] I/O, IRQ, DMA and type are mandatory
[    4.074467] sb: Init: Starting Probe...
[    4.075297] sb: Init: Done
[    4.075824] MIDI Loopback device driver
[    4.077489] usbcore: registered new interface driver snd-usb-audio
[    4.078748] usbcore: registered new interface driver snd-ua101
[    4.079986] usbcore: registered new interface driver snd-usb-usx2y
[    4.081270] usbcore: registered new interface driver snd-usb-caiaq
[    4.082531] NET: Registered protocol family 26
[    4.083479] netem: version 1.3
[    4.083698]  gadget: resume
[    4.083707] dummy_hcd dummy_hcd: port status 0x00100503 has changes
[    4.085982] NET: Registered protocol family 17
[    4.098349] NET: Registered protocol family 11
[    4.099327] NET: Registered protocol family 3
[    4.100248] can: controller area network core (rev 20120528 abi 9)
[    4.101539] can: failed to create /proc/net/can . CONFIG_PROC_FS missing?
[    4.102993] NET: Registered protocol family 29
[    4.103880] can: broadcast manager protocol (rev 20120528 t)
[    4.105084] can: netlink gateway (rev 20101209)
[    4.106105] IrCOMM protocol (Dag Brattli)
[    4.125038] Bluetooth: RFCOMM TTY layer initialized
[    4.126152] Bluetooth: RFCOMM socket layer initialized
[    4.127271] Bluetooth: RFCOMM ver 1.11
[    4.128037] Bluetooth: BNEP (Ethernet Emulation) ver 1.3
[    4.132926] Bluetooth: BNEP filters: protocol multicast
[    4.134037] Bluetooth: HIDP (Human Interface Emulation) ver 1.2
[    4.135287] NET4: DECnet for Linux: V.2.5.68s (C) 1995-2003 Linux DECnet Project Team
[    4.142876] DECnet: Routing cache hash table of 1024 buckets, 8Kbytes
[    4.144280] NET: Registered protocol family 12
[    4.145221] 8021q: 802.1Q VLAN Support v1.8
[    4.146082] lib80211: common routines for IEEE802.11 drivers
[    4.147265] lib80211_crypt: registered algorithm 'NULL'
[    4.148330] lib80211_crypt: registered algorithm 'WEP'
[    4.152939] lib80211_crypt: registered algorithm 'CCMP'
[    4.154428] lib80211_crypt: registered algorithm 'TKIP'
[    4.155524] Key type dns_resolver registered
[    4.178343] batman_adv: B.A.T.M.A.N. advanced 2012.3.0 (compatibility version 14) loaded
[    4.181063] 
[    4.181063] printing PIC contents
[    4.182054] ... PIC  IMR: ffff
[    4.183042] ... PIC  IRR: 1013
[    4.193881] ... PIC  ISR: 0000
[    4.194530] ... PIC ELCR: 0c00
[    4.195159] printing local APIC contents on CPU#0/0:
[    4.196145] ... APIC ID:      00000000 (0)
[    4.196145] ... APIC VERSION: 00050014
[    4.196145] ... APIC TASKPRI: 00000000 (00)
[    4.196145] ... APIC PROCPRI: 00000000
[    4.196145] ... APIC LDR: 01000000
[    4.196145] ... APIC DFR: ffffffff
[    4.196145] ... APIC SPIV: 000001ff
[    4.196145] ... APIC ISR field:
[    4.196145] 0000000000000000000000000000000000000000000000000000000000000000
[    4.196145] ... APIC TMR field:
[    4.196145] 0000000000000000000000000000000000000000000000000000000000000000
[    4.196145] ... APIC IRR field:
[    4.196145] 0000000000000000000000000000000000000000000000000000000000008000
[    4.196145] ... APIC ESR: 00000000
[    4.196145] ... APIC ICR: 000008fd
[    4.196145] ... APIC ICR2: 02000000
[    4.196145] ... APIC LVTT: 000200ef
[    4.196145] ... APIC LVTPC: 00010000
[    4.196145] ... APIC LVT0: 00010700
[    4.196145] ... APIC LVT1: 00000400
[    4.196145] ... APIC LVTERR: 000000fe
[    4.196145] ... APIC TMICT: 0000f423
[    4.196145] ... APIC TMCCT: 00001099
[    4.196145] ... APIC TDCR: 00000003
[    4.196145] 
[    4.239519] number of MP IRQ sources: 15.
[    4.239697] usb 1-1: new high-speed USB device number 2 using dummy_hcd
[    4.241625] number of IO-APIC #2 registers: 24.
[    4.242549] testing the IO APIC.......................
[    4.246452] IO APIC #2......
[    4.247066] .... register #00: 00000000
[    4.247822] .......    : physical APIC id: 00
[    4.260113] .......    : Delivery Type: 0
[    4.260883] .......    : LTS          : 0
[    4.261656] .... register #01: 00170011
[    4.262432] .......     : max redirection entries: 17
[    4.263428] .......     : PRQ implemented: 0
[    4.264281] .......     : IO APIC version: 11
[    4.270892] .... register #02: 00000000
[    4.271633] .......     : arbitration: 00
[    4.272455] .... IRQ redirection table:
[    4.273266]  NR Dst Mask Trig IRR Pol Stat Dmod Deli Vect:
[    4.274407]  00 00  1    0    0   0   0    0    0    00
[    4.275489]  01 03  0    0    0   0   0    1    1    41
[    4.283077]  02 03  0    0    0   0   0    1    1    51
[    4.284142]  03 01  0    0    0   0   0    1    1    61
[    4.285221]  04 01  1    0    0   0   0    1    1    71
[    4.286265]  05 01  1    1    0   0   0    1    1    81
[    4.287315]  06 01  0    0    0   0   0    1    1    91
[    4.292901]  07 01  0    0    0   0   0    1    1    A1
[    4.293976]  08 01  0    0    0   0   0    1    1    B1
[    4.295024]  09 01  0    1    0   0   0    1    1    C1
[    4.296067]  0a 01  1    1    0   0   0    1    1    D1
[    4.297116]  0b 01  1    1    0   0   0    1    1    E1
[    4.303668]  0c 03  0    0    0   0   0    1    1    22
[    4.304750]  0d 01  0    0    0   0   0    1    1    42
[    4.305884]  0e 01  0    0    0   0   0    1    1    52
[    4.306943]  0f 01  0    0    0   0   0    1    1    62
[    4.312785]  10 00  1    0    0   0   0    0    0    00
[    4.313840]  11 00  1    0    0   0   0    0    0    00
[    4.314901]  12 00  1    0    0   0   0    0    0    00
[    4.315943]  13 00  1    0    0   0   0    0    0    00
[    4.316998]  14 00  1    0    0   0   0    0    0    00
[    4.322839]  15 00  1    0    0   0   0    0    0    00
[    4.323905]  16 00  1    0    0   0   0    0    0    00
[    4.324976]  17 00  1    0    0   0   0    0    0    00
[    4.326007] IRQ to pin mappings:
[    4.326620] IRQ0 -> 0:2
[    4.333002] IRQ1 -> 0:1
[    4.333549] IRQ3 [    4.333714]  gadget: resume
[    4.333720] dummy_hcd dummy_hcd: port status 0x00100503 has changes
-> 0:3
[    4.335858] IRQ4 -> 0:4
[    4.336457] IRQ5 -> 0:5
[    4.337011] IRQ6 -> 0:6
[    4.337527] IRQ7 -> 0:7
[    4.342872] IRQ8 -> 0:8
[    4.343424] IRQ9 -> 0:9
[    4.343976] IRQ10 -> 0:10
[    4.344526] IRQ11 -> 0:11
[    4.345122] IRQ12 -> 0:12
[    4.345667] IRQ13 -> 0:13
[    4.346281] IRQ14 -> 0:14
[    4.346809] IRQ15 -> 0:15
[    4.347384] .................................... done.
[    4.353164] Using IPI Shortcut mode
[    4.354010] registered taskstats version 1
[    4.355179] Key type encrypted registered
[    4.356294] IMA: No TPM chip found, activating TPM-bypass!
[    4.363792] dmaengine: __dma_request_channel: fail ((null))
[    4.365108] rtc_cmos 00:01: setting system clock to 2012-08-04 12:43:56 UTC (1344084236)
[    4.365871] BIOS EDD facility v0.16 2004-Jun-25, 0 devices found
[    4.365871] EDD information not available.
[    4.365871] ALSA device list:
[    4.365871]   No soundcards found.
[    4.365871] debug: unmapping init [mem 0xc1e72000-0xc1fb5fff]
[    4.365871] Write protecting the kernel text: 10152k
[    4.365871] Write protecting the kernel read-only data: 2272k
[    4.365871] dummy_udc dummy_udc: set_address = 2
[    4.365871]  gadget: high-speed config #1: CDC Ethernet (ECM)
[    4.365871] dummy_udc dummy_udc: enabled ep-c (ep3in-intr) maxpacket 16 stream disabled
[    4.365871]  gadget: init ecm
[    4.365871]  gadget: notify connect false
[    4.365871]  gadget: notify speed 425984000
/bin/sh: /proc/self/fd/9: No such file or directory
[    4.365871] BUG: unable to handle kernel paging request at c1f91ca2
[    4.365871] IP: [<c14be7c3>] usb_match_id+0x5b/0xcd
[    4.365871] *pde = 023dc067 *pte = 01f91162 
[    4.365871] Oops: 0000 [#1] SMP DEBUG_PAGEALLOC
[    4.365871] Pid: 17, comm: khubd Not tainted 3.6.0-rc1-00011-gf8cdda8 #1  
[    4.365871] EIP: 0060:[<c14be7c3>] EFLAGS: 00010246 CPU: 1
[    4.365871] EIP is at usb_match_id+0x5b/0xcd
[    4.365871] EAX: c6a0c800 EBX: c1f91ca0 ECX: c14be835 EDX: c1f91ca0
[    4.365871] ESI: c6a0c800 EDI: 00000000 EBP: cd4bfd6c ESP: cd4bfd64
[    4.365871]  DS: 007b ES: 007b FS: 00d8 GS: 0000 SS: 0068
[    4.365871] CR0: 8005003b CR2: c1f91ca2 CR3: 069f1000 CR4: 00000690
[    4.365871] DR0: 00000000 DR1: 00000000 DR2: 00000000 DR3: 00000000
[    4.365871] DR6: ffff0ff0 DR7: 00000400
[    4.365871] Process khubd (pid: 17, ti=cd4be000 task=cd4c8000 task.ti=cd4be000)
[    4.365871] Stack:
[    4.365871]  c1d42710 c6a0c800 cd4bfd7c c14be8b7 c6a0c81c c6a0c81c cd4bfd88 c13bc374
[    4.365871]  c1d42710 cd4bfd98 c13bd4b9 cd4bfda0 c6a0c81c cd4bfdb4 c13baa17 cd48976c
[    4.365871]  c695e1b8 c6a0c81c c1d36234 c6a0c81c cd4bfdc8 c13bcb4a c13bd49d c6a0c81c
[    4.365871] Call Trace:
[    4.365871]  [<c14be8b7>] usb_device_match+0x82/0xd7
[    4.365871]  [<c13bc374>] driver_match_device+0x32/0x4a
[    4.365871]  [<c13bd4b9>] __device_attach+0x1c/0x5b
[    4.365871]  [<c13baa17>] bus_for_each_drv+0x82/0x11e
[    4.365871]  [<c13bcb4a>] device_attach+0xb4/0xf8
[    4.365871]  [<c13bd49d>] ? __driver_attach+0xed/0xed
[    4.365871]  [<c13bad5d>] bus_probe_device+0x50/0x116
[    4.365871]  [<c13b858e>] device_add+0x849/0xaf9
[    4.365871]  [<c19e343f>] ? mutex_lock+0x39/0x6e
[    4.365871]  [<c14bd8f9>] usb_set_configuration+0xa07/0xa91
[    4.365871]  [<c14c9b41>] generic_probe+0xaa/0x109
[    4.365871]  [<c14bdc54>] usb_probe_device+0x1a/0x2a
[    4.365871]  [<c13bd16f>] driver_probe_device+0x180/0x3c1
[    4.365871]  [<c13bd4e2>] __device_attach+0x45/0x5b
[    4.365871]  [<c13baa17>] bus_for_each_drv+0x82/0x11e
[    4.365871]  [<c13bcb4a>] device_attach+0xb4/0xf8
[    4.365871]  [<c13bd49d>] ? __driver_attach+0xed/0xed
[    4.365871]  [<c13bad5d>] bus_probe_device+0x50/0x116
[    4.365871]  [<c13b858e>] device_add+0x849/0xaf9
[    4.365871]  [<c13917a3>] ? add_device_randomness+0xa1/0xb5
[    4.365871]  [<c14b0c21>] usb_new_device+0x329/0x488
[    4.365871]  [<c14b43cd>] hub_thread+0x1239/0x196e
[    4.365871]  [<c19e6546>] ? _raw_spin_unlock_irqrestore+0x66/0xab
[    4.365871]  [<c10c8d53>] ? abort_exclusive_wait+0xd6/0xd6
[    4.365871]  [<c10c7d81>] kthread+0xa2/0xb5
[    4.365871]  [<c14b3194>] ? usb_reset_device+0x217/0x217
[    4.365871]  [<c10c7cdf>] ? list_del_init+0x2f/0x2f
[    4.365871]  [<c19e7af6>] kernel_thread_helper+0x6/0xd
[    4.365871] Code: da 89 f0 e8 78 fe ff ff 83 05 18 14 1f c2 01 83 15 1c 14 1f c2 00 85 c0 75 7d 83 c3 18 83 05 20 14 1f c2 01 83 15 24 14 1f c2 00 <66> 83 7b 02 00 75 cd 83 05 28 14 1f c2 01 83 15 2c 14 1f c2 00
[    4.365871] EIP: [<c14be7c3>] usb_match_id+0x5b/0xcd SS:ESP 0068:cd4bfd64
[    4.365871] CR2: 00000000c1f91ca2
[    4.365871] ---[ end trace 7cd9bf43ffa9ba77 ]---
[    4.365871] tsc: Refined TSC clocksource calibration: 3191.998 MHz
/bin/sh: /proc/self/fd/9: No such file or directory
/bin/sh: /proc/self/fd/9: No such file or directory

--NzB8fVQJ5HfG6fxh
Content-Type: text/plain; charset=us-ascii
Content-Disposition: attachment; filename="config-3.6.0-rc1-00011-gf8cdda8"

#
# Automatically generated file; DO NOT EDIT.
# Linux/i386 3.6.0-rc1 Kernel Configuration
#
# CONFIG_64BIT is not set
CONFIG_X86_32=y
# CONFIG_X86_64 is not set
CONFIG_X86=y
CONFIG_INSTRUCTION_DECODER=y
CONFIG_OUTPUT_FORMAT="elf32-i386"
CONFIG_ARCH_DEFCONFIG="arch/x86/configs/i386_defconfig"
CONFIG_LOCKDEP_SUPPORT=y
CONFIG_STACKTRACE_SUPPORT=y
CONFIG_HAVE_LATENCYTOP_SUPPORT=y
CONFIG_MMU=y
# CONFIG_NEED_DMA_MAP_STATE is not set
CONFIG_NEED_SG_DMA_LENGTH=y
CONFIG_GENERIC_ISA_DMA=y
CONFIG_GENERIC_BUG=y
CONFIG_GENERIC_HWEIGHT=y
CONFIG_GENERIC_GPIO=y
CONFIG_ARCH_MAY_HAVE_PC_FDC=y
# CONFIG_RWSEM_GENERIC_SPINLOCK is not set
CONFIG_RWSEM_XCHGADD_ALGORITHM=y
CONFIG_GENERIC_CALIBRATE_DELAY=y
CONFIG_ARCH_HAS_CPU_RELAX=y
CONFIG_ARCH_HAS_DEFAULT_IDLE=y
CONFIG_ARCH_HAS_CACHE_LINE_SIZE=y
CONFIG_ARCH_HAS_CPU_AUTOPROBE=y
CONFIG_HAVE_SETUP_PER_CPU_AREA=y
CONFIG_NEED_PER_CPU_EMBED_FIRST_CHUNK=y
CONFIG_NEED_PER_CPU_PAGE_FIRST_CHUNK=y
CONFIG_ARCH_HIBERNATION_POSSIBLE=y
CONFIG_ARCH_SUSPEND_POSSIBLE=y
# CONFIG_ZONE_DMA32 is not set
# CONFIG_AUDIT_ARCH is not set
CONFIG_ARCH_SUPPORTS_OPTIMIZED_INLINING=y
CONFIG_ARCH_SUPPORTS_DEBUG_PAGEALLOC=y
CONFIG_X86_32_SMP=y
CONFIG_X86_HT=y
CONFIG_X86_32_LAZY_GS=y
CONFIG_ARCH_HWEIGHT_CFLAGS="-fcall-saved-ecx -fcall-saved-edx"
CONFIG_ARCH_SUPPORTS_UPROBES=y
CONFIG_DEFCONFIG_LIST="/lib/modules/$UNAME_RELEASE/.config"
CONFIG_CONSTRUCTORS=y
CONFIG_HAVE_IRQ_WORK=y
CONFIG_IRQ_WORK=y
CONFIG_BUILDTIME_EXTABLE_SORT=y

#
# General setup
#
# CONFIG_EXPERIMENTAL is not set
CONFIG_INIT_ENV_ARG_LIMIT=32
CONFIG_CROSS_COMPILE=""
CONFIG_LOCALVERSION=""
CONFIG_LOCALVERSION_AUTO=y
CONFIG_HAVE_KERNEL_GZIP=y
CONFIG_HAVE_KERNEL_BZIP2=y
CONFIG_HAVE_KERNEL_LZMA=y
CONFIG_HAVE_KERNEL_XZ=y
CONFIG_HAVE_KERNEL_LZO=y
# CONFIG_KERNEL_GZIP is not set
# CONFIG_KERNEL_BZIP2 is not set
# CONFIG_KERNEL_LZMA is not set
# CONFIG_KERNEL_XZ is not set
CONFIG_KERNEL_LZO=y
CONFIG_DEFAULT_HOSTNAME="(none)"
CONFIG_SYSVIPC=y
CONFIG_BSD_PROCESS_ACCT=y
CONFIG_BSD_PROCESS_ACCT_V3=y
CONFIG_FHANDLE=y
CONFIG_TASKSTATS=y
CONFIG_TASK_DELAY_ACCT=y
# CONFIG_TASK_XACCT is not set
CONFIG_AUDIT=y
CONFIG_AUDITSYSCALL=y
CONFIG_AUDIT_WATCH=y
CONFIG_AUDIT_TREE=y
# CONFIG_AUDIT_LOGINUID_IMMUTABLE is not set
CONFIG_HAVE_GENERIC_HARDIRQS=y

#
# IRQ subsystem
#
CONFIG_GENERIC_HARDIRQS=y
CONFIG_GENERIC_IRQ_PROBE=y
CONFIG_GENERIC_IRQ_SHOW=y
CONFIG_GENERIC_PENDING_IRQ=y
CONFIG_GENERIC_IRQ_CHIP=y
CONFIG_IRQ_DOMAIN=y
CONFIG_IRQ_DOMAIN_DEBUG=y
CONFIG_IRQ_FORCED_THREADING=y
CONFIG_SPARSE_IRQ=y
CONFIG_CLOCKSOURCE_WATCHDOG=y
CONFIG_KTIME_SCALAR=y
CONFIG_GENERIC_CLOCKEVENTS=y
CONFIG_GENERIC_CLOCKEVENTS_BUILD=y
CONFIG_GENERIC_CLOCKEVENTS_BROADCAST=y
CONFIG_GENERIC_CLOCKEVENTS_MIN_ADJUST=y
CONFIG_GENERIC_CMOS_UPDATE=y

#
# Timers subsystem
#
# CONFIG_NO_HZ is not set
# CONFIG_HIGH_RES_TIMERS is not set

#
# RCU Subsystem
#
CONFIG_TREE_RCU=y
# CONFIG_PREEMPT_RCU is not set
CONFIG_RCU_FANOUT=32
CONFIG_RCU_FANOUT_LEAF=16
# CONFIG_RCU_FANOUT_EXACT is not set
# CONFIG_TREE_RCU_TRACE is not set
CONFIG_IKCONFIG=y
CONFIG_LOG_BUF_SHIFT=17
CONFIG_HAVE_UNSTABLE_SCHED_CLOCK=y
# CONFIG_CGROUPS is not set
# CONFIG_CHECKPOINT_RESTORE is not set
CONFIG_NAMESPACES=y
# CONFIG_UTS_NS is not set
# CONFIG_IPC_NS is not set
# CONFIG_PID_NS is not set
CONFIG_NET_NS=y
# CONFIG_SCHED_AUTOGROUP is not set
# CONFIG_SYSFS_DEPRECATED is not set
CONFIG_RELAY=y
CONFIG_BLK_DEV_INITRD=y
CONFIG_INITRAMFS_SOURCE=""
CONFIG_RD_GZIP=y
# CONFIG_RD_BZIP2 is not set
# CONFIG_RD_LZMA is not set
# CONFIG_RD_XZ is not set
# CONFIG_RD_LZO is not set
CONFIG_CC_OPTIMIZE_FOR_SIZE=y
CONFIG_ANON_INODES=y
CONFIG_EXPERT=y
CONFIG_UID16=y
CONFIG_KALLSYMS=y
# CONFIG_KALLSYMS_ALL is not set
# CONFIG_HOTPLUG is not set
CONFIG_PRINTK=y
CONFIG_BUG=y
# CONFIG_ELF_CORE is not set
# CONFIG_PCSPKR_PLATFORM is not set
CONFIG_HAVE_PCSPKR_PLATFORM=y
CONFIG_BASE_FULL=y
CONFIG_FUTEX=y
# CONFIG_EPOLL is not set
# CONFIG_SIGNALFD is not set
# CONFIG_TIMERFD is not set
CONFIG_EVENTFD=y
# CONFIG_SHMEM is not set
# CONFIG_AIO is not set
CONFIG_EMBEDDED=y
CONFIG_HAVE_PERF_EVENTS=y
CONFIG_PERF_USE_VMALLOC=y

#
# Kernel Performance Events And Counters
#
CONFIG_PERF_EVENTS=y
CONFIG_DEBUG_PERF_USE_VMALLOC=y
CONFIG_VM_EVENT_COUNTERS=y
CONFIG_PCI_QUIRKS=y
CONFIG_SLUB_DEBUG=y
CONFIG_COMPAT_BRK=y
# CONFIG_SLAB is not set
CONFIG_SLUB=y
# CONFIG_SLOB is not set
# CONFIG_PROFILING is not set
CONFIG_HAVE_OPROFILE=y
CONFIG_OPROFILE_NMI_TIMER=y
# CONFIG_JUMP_LABEL is not set
CONFIG_HAVE_EFFICIENT_UNALIGNED_ACCESS=y
CONFIG_USER_RETURN_NOTIFIER=y
CONFIG_HAVE_IOREMAP_PROT=y
CONFIG_HAVE_KPROBES=y
CONFIG_HAVE_KRETPROBES=y
CONFIG_HAVE_OPTPROBES=y
CONFIG_HAVE_ARCH_TRACEHOOK=y
CONFIG_HAVE_DMA_ATTRS=y
CONFIG_HAVE_DMA_CONTIGUOUS=y
CONFIG_USE_GENERIC_SMP_HELPERS=y
CONFIG_GENERIC_SMP_IDLE_THREAD=y
CONFIG_HAVE_REGS_AND_STACK_ACCESS_API=y
CONFIG_HAVE_DMA_API_DEBUG=y
CONFIG_HAVE_HW_BREAKPOINT=y
CONFIG_HAVE_MIXED_BREAKPOINTS_REGS=y
CONFIG_HAVE_USER_RETURN_NOTIFIER=y
CONFIG_HAVE_PERF_EVENTS_NMI=y
CONFIG_HAVE_ARCH_JUMP_LABEL=y
CONFIG_ARCH_HAVE_NMI_SAFE_CMPXCHG=y
CONFIG_HAVE_ALIGNED_STRUCT_PAGE=y
CONFIG_HAVE_CMPXCHG_LOCAL=y
CONFIG_HAVE_CMPXCHG_DOUBLE=y
CONFIG_ARCH_WANT_IPC_PARSE_VERSION=y
CONFIG_HAVE_ARCH_SECCOMP_FILTER=y
CONFIG_SECCOMP_FILTER=y

#
# GCOV-based kernel profiling
#
CONFIG_GCOV_KERNEL=y
CONFIG_GCOV_PROFILE_ALL=y
CONFIG_HAVE_GENERIC_DMA_COHERENT=y
CONFIG_RT_MUTEXES=y
CONFIG_BASE_SMALL=0
# CONFIG_MODULES is not set
CONFIG_STOP_MACHINE=y
# CONFIG_BLOCK is not set
CONFIG_PREEMPT_NOTIFIERS=y
# CONFIG_INLINE_SPIN_TRYLOCK is not set
# CONFIG_INLINE_SPIN_TRYLOCK_BH is not set
# CONFIG_INLINE_SPIN_LOCK is not set
# CONFIG_INLINE_SPIN_LOCK_BH is not set
# CONFIG_INLINE_SPIN_LOCK_IRQ is not set
# CONFIG_INLINE_SPIN_LOCK_IRQSAVE is not set
# CONFIG_INLINE_SPIN_UNLOCK_BH is not set
CONFIG_INLINE_SPIN_UNLOCK_IRQ=y
# CONFIG_INLINE_SPIN_UNLOCK_IRQRESTORE is not set
# CONFIG_INLINE_READ_TRYLOCK is not set
# CONFIG_INLINE_READ_LOCK is not set
# CONFIG_INLINE_READ_LOCK_BH is not set
# CONFIG_INLINE_READ_LOCK_IRQ is not set
# CONFIG_INLINE_READ_LOCK_IRQSAVE is not set
CONFIG_INLINE_READ_UNLOCK=y
# CONFIG_INLINE_READ_UNLOCK_BH is not set
CONFIG_INLINE_READ_UNLOCK_IRQ=y
# CONFIG_INLINE_READ_UNLOCK_IRQRESTORE is not set
# CONFIG_INLINE_WRITE_TRYLOCK is not set
# CONFIG_INLINE_WRITE_LOCK is not set
# CONFIG_INLINE_WRITE_LOCK_BH is not set
# CONFIG_INLINE_WRITE_LOCK_IRQ is not set
# CONFIG_INLINE_WRITE_LOCK_IRQSAVE is not set
CONFIG_INLINE_WRITE_UNLOCK=y
# CONFIG_INLINE_WRITE_UNLOCK_BH is not set
CONFIG_INLINE_WRITE_UNLOCK_IRQ=y
# CONFIG_INLINE_WRITE_UNLOCK_IRQRESTORE is not set
CONFIG_MUTEX_SPIN_ON_OWNER=y
# CONFIG_FREEZER is not set

#
# Processor type and features
#
# CONFIG_ZONE_DMA is not set
CONFIG_SMP=y
# CONFIG_X86_MPPARSE is not set
# CONFIG_X86_BIGSMP is not set
# CONFIG_X86_EXTENDED_PLATFORM is not set
CONFIG_X86_32_IRIS=y
# CONFIG_SCHED_OMIT_FRAME_POINTER is not set
CONFIG_PARAVIRT_GUEST=y
# CONFIG_PARAVIRT_TIME_ACCOUNTING is not set
# CONFIG_XEN_PRIVILEGED_GUEST is not set
CONFIG_KVM_CLOCK=y
CONFIG_KVM_GUEST=y
# CONFIG_LGUEST_GUEST is not set
CONFIG_PARAVIRT=y
CONFIG_PARAVIRT_CLOCK=y
# CONFIG_PARAVIRT_DEBUG is not set
CONFIG_NO_BOOTMEM=y
# CONFIG_MEMTEST is not set
# CONFIG_M386 is not set
# CONFIG_M486 is not set
# CONFIG_M586 is not set
# CONFIG_M586TSC is not set
# CONFIG_M586MMX is not set
CONFIG_M686=y
# CONFIG_MPENTIUMII is not set
# CONFIG_MPENTIUMIII is not set
# CONFIG_MPENTIUMM is not set
# CONFIG_MPENTIUM4 is not set
# CONFIG_MK6 is not set
# CONFIG_MK7 is not set
# CONFIG_MK8 is not set
# CONFIG_MCRUSOE is not set
# CONFIG_MEFFICEON is not set
# CONFIG_MWINCHIPC6 is not set
# CONFIG_MWINCHIP3D is not set
# CONFIG_MELAN is not set
# CONFIG_MGEODEGX1 is not set
# CONFIG_MGEODE_LX is not set
# CONFIG_MCYRIXIII is not set
# CONFIG_MVIAC3_2 is not set
# CONFIG_MVIAC7 is not set
# CONFIG_MCORE2 is not set
# CONFIG_MATOM is not set
CONFIG_X86_GENERIC=y
CONFIG_X86_INTERNODE_CACHE_SHIFT=6
CONFIG_X86_CMPXCHG=y
CONFIG_X86_L1_CACHE_SHIFT=6
CONFIG_X86_XADD=y
# CONFIG_X86_PPRO_FENCE is not set
CONFIG_X86_WP_WORKS_OK=y
CONFIG_X86_INVLPG=y
CONFIG_X86_BSWAP=y
CONFIG_X86_POPAD_OK=y
CONFIG_X86_INTEL_USERCOPY=y
CONFIG_X86_USE_PPRO_CHECKSUM=y
CONFIG_X86_TSC=y
CONFIG_X86_CMPXCHG64=y
CONFIG_X86_CMOV=y
CONFIG_X86_MINIMUM_CPU_FAMILY=5
CONFIG_X86_DEBUGCTLMSR=y
CONFIG_PROCESSOR_SELECT=y
CONFIG_CPU_SUP_INTEL=y
# CONFIG_CPU_SUP_CYRIX_32 is not set
CONFIG_CPU_SUP_AMD=y
CONFIG_CPU_SUP_CENTAUR=y
CONFIG_CPU_SUP_TRANSMETA_32=y
# CONFIG_CPU_SUP_UMC_32 is not set
CONFIG_HPET_TIMER=y
CONFIG_HPET_EMULATE_RTC=y
# CONFIG_DMI is not set
# CONFIG_IOMMU_HELPER is not set
CONFIG_NR_CPUS=8
# CONFIG_SCHED_SMT is not set
CONFIG_SCHED_MC=y
CONFIG_IRQ_TIME_ACCOUNTING=y
# CONFIG_PREEMPT_NONE is not set
CONFIG_PREEMPT_VOLUNTARY=y
# CONFIG_PREEMPT is not set
CONFIG_PREEMPT_COUNT=y
CONFIG_X86_LOCAL_APIC=y
CONFIG_X86_IO_APIC=y
# CONFIG_X86_REROUTE_FOR_BROKEN_BOOT_IRQS is not set
# CONFIG_X86_MCE is not set
# CONFIG_VM86 is not set
# CONFIG_TOSHIBA is not set
# CONFIG_I8K is not set
# CONFIG_X86_REBOOTFIXUPS is not set
# CONFIG_MICROCODE is not set
CONFIG_X86_MSR=y
CONFIG_X86_CPUID=y
# CONFIG_NOHIGHMEM is not set
CONFIG_HIGHMEM4G=y
# CONFIG_HIGHMEM64G is not set
CONFIG_PAGE_OFFSET=0xC0000000
CONFIG_HIGHMEM=y
# CONFIG_ARCH_PHYS_ADDR_T_64BIT is not set
# CONFIG_ARCH_DMA_ADDR_T_64BIT is not set
CONFIG_ARCH_FLATMEM_ENABLE=y
CONFIG_ILLEGAL_POINTER_VALUE=0
CONFIG_FLATMEM=y
CONFIG_FLAT_NODE_MEM_MAP=y
CONFIG_HAVE_MEMBLOCK=y
CONFIG_HAVE_MEMBLOCK_NODE_MAP=y
CONFIG_ARCH_DISCARD_MEMBLOCK=y
CONFIG_PAGEFLAGS_EXTENDED=y
CONFIG_SPLIT_PTLOCK_CPUS=4
CONFIG_COMPACTION=y
CONFIG_MIGRATION=y
# CONFIG_PHYS_ADDR_T_64BIT is not set
CONFIG_ZONE_DMA_FLAG=0
CONFIG_VIRT_TO_BUS=y
CONFIG_MMU_NOTIFIER=y
CONFIG_KSM=y
CONFIG_DEFAULT_MMAP_MIN_ADDR=4096
CONFIG_TRANSPARENT_HUGEPAGE=y
# CONFIG_TRANSPARENT_HUGEPAGE_ALWAYS is not set
CONFIG_TRANSPARENT_HUGEPAGE_MADVISE=y
CONFIG_CROSS_MEMORY_ATTACH=y
# CONFIG_CLEANCACHE is not set
CONFIG_HIGHPTE=y
# CONFIG_X86_CHECK_BIOS_CORRUPTION is not set
CONFIG_X86_RESERVE_LOW=64
CONFIG_MATH_EMULATION=y
# CONFIG_MTRR is not set
# CONFIG_ARCH_RANDOM is not set
CONFIG_EFI=y
CONFIG_EFI_STUB=y
CONFIG_SECCOMP=y
# CONFIG_CC_STACKPROTECTOR is not set
# CONFIG_HZ_100 is not set
# CONFIG_HZ_250 is not set
# CONFIG_HZ_300 is not set
CONFIG_HZ_1000=y
CONFIG_HZ=1000
# CONFIG_SCHED_HRTICK is not set
CONFIG_KEXEC=y
CONFIG_CRASH_DUMP=y
CONFIG_PHYSICAL_START=0x1000000
# CONFIG_RELOCATABLE is not set
CONFIG_PHYSICAL_ALIGN=0x1000000
CONFIG_COMPAT_VDSO=y
# CONFIG_CMDLINE_BOOL is not set
CONFIG_ARCH_ENABLE_MEMORY_HOTPLUG=y

#
# Power management and ACPI options
#
# CONFIG_SUSPEND is not set
CONFIG_PM_RUNTIME=y
CONFIG_PM=y
# CONFIG_PM_DEBUG is not set
CONFIG_ACPI=y
# CONFIG_ACPI_EC_DEBUGFS is not set
CONFIG_ACPI_AC=y
CONFIG_ACPI_BATTERY=y
CONFIG_ACPI_BUTTON=y
CONFIG_ACPI_FAN=y
# CONFIG_ACPI_PROCESSOR is not set
# CONFIG_ACPI_CUSTOM_DSDT is not set
CONFIG_ACPI_BLACKLIST_YEAR=0
CONFIG_ACPI_DEBUG=y
CONFIG_ACPI_DEBUG_FUNC_TRACE=y
CONFIG_ACPI_PCI_SLOT=y
CONFIG_X86_PM_TIMER=y
CONFIG_ACPI_SBS=y
# CONFIG_ACPI_HED is not set
CONFIG_ACPI_CUSTOM_METHOD=y
CONFIG_ACPI_BGRT=y
# CONFIG_ACPI_APEI is not set
CONFIG_SFI=y

#
# CPU Frequency scaling
#
# CONFIG_CPU_FREQ is not set
# CONFIG_CPU_IDLE is not set
# CONFIG_ARCH_NEEDS_CPU_IDLE_COUPLED is not set

#
# Bus options (PCI etc.)
#
CONFIG_PCI=y
# CONFIG_PCI_GOBIOS is not set
# CONFIG_PCI_GOMMCONFIG is not set
# CONFIG_PCI_GODIRECT is not set
# CONFIG_PCI_GOOLPC is not set
CONFIG_PCI_GOANY=y
CONFIG_PCI_BIOS=y
CONFIG_PCI_DIRECT=y
CONFIG_PCI_MMCONFIG=y
CONFIG_PCI_OLPC=y
CONFIG_PCI_DOMAINS=y
CONFIG_PCIEPORTBUS=y
# CONFIG_PCIEAER is not set
CONFIG_PCIEASPM=y
CONFIG_PCIEASPM_DEBUG=y
# CONFIG_PCIEASPM_DEFAULT is not set
CONFIG_PCIEASPM_POWERSAVE=y
# CONFIG_PCIEASPM_PERFORMANCE is not set
CONFIG_ARCH_SUPPORTS_MSI=y
CONFIG_PCI_MSI=y
CONFIG_PCI_DEBUG=y
# CONFIG_PCI_REALLOC_ENABLE_AUTO is not set
CONFIG_PCI_STUB=y
CONFIG_HT_IRQ=y
CONFIG_PCI_ATS=y
# CONFIG_PCI_IOV is not set
# CONFIG_PCI_PRI is not set
CONFIG_PCI_PASID=y
CONFIG_PCI_LABEL=y
CONFIG_ISA_DMA_API=y
CONFIG_ISA=y
CONFIG_EISA=y
CONFIG_EISA_VLB_PRIMING=y
# CONFIG_EISA_PCI_EISA is not set
# CONFIG_EISA_VIRTUAL_ROOT is not set
CONFIG_EISA_NAMES=y
CONFIG_SCx200=y
CONFIG_SCx200HR_TIMER=y
CONFIG_OLPC=y
# CONFIG_OLPC_XO15_SCI is not set
# CONFIG_ALIX is not set
CONFIG_NET5501=y
CONFIG_AMD_NB=y
CONFIG_RAPIDIO=y
CONFIG_RAPIDIO_TSI721=y
CONFIG_RAPIDIO_DISC_TIMEOUT=30
CONFIG_RAPIDIO_ENABLE_RX_TX_PORTS=y
CONFIG_RAPIDIO_DMA_ENGINE=y
CONFIG_RAPIDIO_DEBUG=y
# CONFIG_RAPIDIO_TSI57X is not set
CONFIG_RAPIDIO_CPS_XX=y
CONFIG_RAPIDIO_TSI568=y
CONFIG_RAPIDIO_CPS_GEN2=y
# CONFIG_RAPIDIO_TSI500 is not set

#
# Executable file formats / Emulations
#
CONFIG_BINFMT_ELF=y
CONFIG_ARCH_BINFMT_ELF_RANDOMIZE_PIE=y
CONFIG_HAVE_AOUT=y
CONFIG_BINFMT_AOUT=y
CONFIG_BINFMT_MISC=y
CONFIG_HAVE_ATOMIC_IOMAP=y
CONFIG_HAVE_TEXT_POKE_SMP=y
CONFIG_NET=y

#
# Networking options
#
CONFIG_PACKET=y
CONFIG_UNIX=y
# CONFIG_UNIX_DIAG is not set
# CONFIG_NET_KEY is not set
# CONFIG_INET is not set
CONFIG_NETWORK_SECMARK=y
# CONFIG_NETFILTER is not set
# CONFIG_ATM is not set
CONFIG_STP=y
CONFIG_BRIDGE=y
CONFIG_VLAN_8021Q=y
# CONFIG_VLAN_8021Q_GVRP is not set
CONFIG_DECNET=y
CONFIG_LLC=y
CONFIG_LLC2=y
# CONFIG_IPX is not set
# CONFIG_ATALK is not set
# CONFIG_PHONET is not set
CONFIG_NET_SCHED=y

#
# Queueing/Scheduling
#
CONFIG_NET_SCH_CBQ=y
# CONFIG_NET_SCH_HTB is not set
# CONFIG_NET_SCH_HFSC is not set
CONFIG_NET_SCH_PRIO=y
CONFIG_NET_SCH_MULTIQ=y
# CONFIG_NET_SCH_RED is not set
# CONFIG_NET_SCH_SFB is not set
# CONFIG_NET_SCH_SFQ is not set
# CONFIG_NET_SCH_TEQL is not set
# CONFIG_NET_SCH_TBF is not set
CONFIG_NET_SCH_GRED=y
# CONFIG_NET_SCH_DSMARK is not set
CONFIG_NET_SCH_NETEM=y
CONFIG_NET_SCH_DRR=y
CONFIG_NET_SCH_MQPRIO=y
# CONFIG_NET_SCH_CHOKE is not set
# CONFIG_NET_SCH_QFQ is not set
CONFIG_NET_SCH_CODEL=y
CONFIG_NET_SCH_FQ_CODEL=y
# CONFIG_NET_SCH_PLUG is not set

#
# Classification
#
CONFIG_NET_CLS=y
# CONFIG_NET_CLS_BASIC is not set
CONFIG_NET_CLS_TCINDEX=y
CONFIG_NET_CLS_FW=y
# CONFIG_NET_CLS_U32 is not set
CONFIG_NET_CLS_RSVP=y
CONFIG_NET_CLS_RSVP6=y
CONFIG_NET_CLS_FLOW=y
CONFIG_NET_EMATCH=y
CONFIG_NET_EMATCH_STACK=32
CONFIG_NET_EMATCH_CMP=y
CONFIG_NET_EMATCH_NBYTE=y
# CONFIG_NET_EMATCH_U32 is not set
# CONFIG_NET_EMATCH_META is not set
# CONFIG_NET_EMATCH_TEXT is not set
# CONFIG_NET_EMATCH_CANID is not set
# CONFIG_NET_CLS_ACT is not set
# CONFIG_NET_CLS_IND is not set
CONFIG_NET_SCH_FIFO=y
# CONFIG_DCB is not set
CONFIG_DNS_RESOLVER=y
CONFIG_BATMAN_ADV=y
CONFIG_BATMAN_ADV_DEBUG=y
# CONFIG_OPENVSWITCH is not set
CONFIG_RPS=y
CONFIG_RFS_ACCEL=y
CONFIG_XPS=y
CONFIG_BQL=y

#
# Network testing
#
CONFIG_HAMRADIO=y

#
# Packet Radio protocols
#
CONFIG_AX25=y
CONFIG_AX25_DAMA_SLAVE=y
# CONFIG_NETROM is not set
CONFIG_ROSE=y

#
# AX.25 network device drivers
#
CONFIG_MKISS=y
# CONFIG_6PACK is not set
CONFIG_BPQETHER=y
# CONFIG_SCC is not set
# CONFIG_BAYCOM_SER_FDX is not set
CONFIG_BAYCOM_SER_HDX=y
# CONFIG_YAM is not set
CONFIG_CAN=y
# CONFIG_CAN_RAW is not set
CONFIG_CAN_BCM=y
CONFIG_CAN_GW=y

#
# CAN Device Drivers
#
CONFIG_CAN_VCAN=y
CONFIG_CAN_SLCAN=y
# CONFIG_CAN_DEV is not set
CONFIG_CAN_DEBUG_DEVICES=y
CONFIG_IRDA=y

#
# IrDA protocols
#
# CONFIG_IRLAN is not set
CONFIG_IRCOMM=y
# CONFIG_IRDA_ULTRA is not set

#
# IrDA options
#
CONFIG_IRDA_CACHE_LAST_LSAP=y
CONFIG_IRDA_FAST_RR=y
# CONFIG_IRDA_DEBUG is not set

#
# Infrared-port device drivers
#

#
# SIR device drivers
#
# CONFIG_IRTTY_SIR is not set

#
# Dongle support
#

#
# FIR device drivers
#
# CONFIG_USB_IRDA is not set
CONFIG_NSC_FIR=y
CONFIG_WINBOND_FIR=y
CONFIG_TOSHIBA_FIR=y
# CONFIG_SMC_IRCC_FIR is not set
CONFIG_VIA_FIR=y
CONFIG_BT=y
CONFIG_BT_RFCOMM=y
CONFIG_BT_RFCOMM_TTY=y
CONFIG_BT_BNEP=y
CONFIG_BT_BNEP_MC_FILTER=y
CONFIG_BT_BNEP_PROTO_FILTER=y
CONFIG_BT_HIDP=y

#
# Bluetooth device drivers
#
CONFIG_BT_HCIBTUSB=y
CONFIG_BT_HCIBTSDIO=y
CONFIG_BT_HCIUART=y
# CONFIG_BT_HCIUART_H4 is not set
# CONFIG_BT_HCIUART_BCSP is not set
# CONFIG_BT_HCIUART_ATH3K is not set
CONFIG_BT_HCIUART_LL=y
# CONFIG_BT_HCIUART_3WIRE is not set
# CONFIG_BT_HCIBCM203X is not set
# CONFIG_BT_HCIBPA10X is not set
CONFIG_BT_HCIBFUSB=y
# CONFIG_BT_HCIVHCI is not set
# CONFIG_BT_MRVL is not set
CONFIG_BT_ATH3K=y
CONFIG_WIRELESS=y
CONFIG_WIRELESS_EXT=y
CONFIG_WEXT_CORE=y
CONFIG_WEXT_SPY=y
CONFIG_WEXT_PRIV=y
# CONFIG_CFG80211 is not set
CONFIG_LIB80211=y
CONFIG_LIB80211_CRYPT_WEP=y
CONFIG_LIB80211_CRYPT_CCMP=y
CONFIG_LIB80211_CRYPT_TKIP=y
# CONFIG_LIB80211_DEBUG is not set

#
# CFG80211 needs to be enabled for MAC80211
#
# CONFIG_WIMAX is not set
CONFIG_RFKILL=y
CONFIG_RFKILL_LEDS=y
# CONFIG_RFKILL_INPUT is not set
# CONFIG_NET_9P is not set
# CONFIG_CAIF is not set

#
# Device Drivers
#

#
# Generic Driver Options
#
CONFIG_STANDALONE=y
CONFIG_PREVENT_FIRMWARE_BUILD=y
CONFIG_FW_LOADER=y
# CONFIG_FIRMWARE_IN_KERNEL is not set
CONFIG_EXTRA_FIRMWARE=""
# CONFIG_DEBUG_DRIVER is not set
# CONFIG_DEBUG_DEVRES is not set
# CONFIG_SYS_HYPERVISOR is not set
# CONFIG_GENERIC_CPU_DEVICES is not set
CONFIG_REGMAP=y
CONFIG_REGMAP_I2C=y
CONFIG_REGMAP_IRQ=y
# CONFIG_CONNECTOR is not set
CONFIG_MTD=y
# CONFIG_MTD_REDBOOT_PARTS is not set
CONFIG_MTD_CMDLINE_PARTS=y
# CONFIG_MTD_OF_PARTS is not set
CONFIG_MTD_AR7_PARTS=y

#
# User Modules And Translation Layers
#
# CONFIG_MTD_CHAR is not set
CONFIG_HAVE_MTD_OTP=y
CONFIG_MTD_OOPS=y

#
# RAM/ROM/Flash chip drivers
#
CONFIG_MTD_CFI=y
# CONFIG_MTD_JEDECPROBE is not set
CONFIG_MTD_GEN_PROBE=y
# CONFIG_MTD_CFI_ADV_OPTIONS is not set
CONFIG_MTD_MAP_BANK_WIDTH_1=y
CONFIG_MTD_MAP_BANK_WIDTH_2=y
CONFIG_MTD_MAP_BANK_WIDTH_4=y
# CONFIG_MTD_MAP_BANK_WIDTH_8 is not set
# CONFIG_MTD_MAP_BANK_WIDTH_16 is not set
# CONFIG_MTD_MAP_BANK_WIDTH_32 is not set
CONFIG_MTD_CFI_I1=y
CONFIG_MTD_CFI_I2=y
# CONFIG_MTD_CFI_I4 is not set
# CONFIG_MTD_CFI_I8 is not set
# CONFIG_MTD_CFI_INTELEXT is not set
# CONFIG_MTD_CFI_AMDSTD is not set
# CONFIG_MTD_CFI_STAA is not set
CONFIG_MTD_CFI_UTIL=y
CONFIG_MTD_RAM=y
# CONFIG_MTD_ROM is not set
# CONFIG_MTD_ABSENT is not set

#
# Mapping drivers for chip access
#
# CONFIG_MTD_COMPLEX_MAPPINGS is not set
# CONFIG_MTD_PHYSMAP is not set
# CONFIG_MTD_PHYSMAP_OF is not set
# CONFIG_MTD_SC520CDP is not set
CONFIG_MTD_NETSC520=y
# CONFIG_MTD_TS5500 is not set
CONFIG_MTD_SCx200_DOCFLASH=y
CONFIG_MTD_INTEL_VR_NOR=y
# CONFIG_MTD_PLATRAM is not set

#
# Self-contained MTD device drivers
#
CONFIG_MTD_PMC551=y
CONFIG_MTD_PMC551_BUGFIX=y
CONFIG_MTD_PMC551_DEBUG=y
CONFIG_MTD_SLRAM=y
# CONFIG_MTD_PHRAM is not set
# CONFIG_MTD_MTDRAM is not set

#
# Disk-On-Chip Device Drivers
#
# CONFIG_MTD_DOC2000 is not set
CONFIG_MTD_DOC2001=y
# CONFIG_MTD_DOC2001PLUS is not set
# CONFIG_MTD_DOCG3 is not set
CONFIG_MTD_DOCPROBE=y
CONFIG_MTD_DOCECC=y
# CONFIG_MTD_DOCPROBE_ADVANCED is not set
CONFIG_MTD_DOCPROBE_ADDRESS=0x0
CONFIG_MTD_NAND_ECC=y
CONFIG_MTD_NAND_ECC_SMC=y
CONFIG_MTD_NAND=y
# CONFIG_MTD_NAND_VERIFY_WRITE is not set
CONFIG_MTD_NAND_BCH=y
CONFIG_MTD_NAND_ECC_BCH=y
CONFIG_MTD_SM_COMMON=y
# CONFIG_MTD_NAND_MUSEUM_IDS is not set
CONFIG_MTD_NAND_DENALI=y
CONFIG_MTD_NAND_DENALI_SCRATCH_REG_ADDR=0xFF108018
CONFIG_MTD_NAND_IDS=y
CONFIG_MTD_NAND_RICOH=y
# CONFIG_MTD_NAND_CAFE is not set
CONFIG_MTD_NAND_CS553X=y
# CONFIG_MTD_NAND_NANDSIM is not set
CONFIG_MTD_NAND_PLATFORM=y
CONFIG_MTD_ALAUDA=y
CONFIG_MTD_ONENAND=y
CONFIG_MTD_ONENAND_VERIFY_WRITE=y
# CONFIG_MTD_ONENAND_GENERIC is not set
CONFIG_MTD_ONENAND_OTP=y
# CONFIG_MTD_ONENAND_2X_PROGRAM is not set
CONFIG_MTD_ONENAND_SIM=y

#
# LPDDR flash memory drivers
#
CONFIG_MTD_LPDDR=y
CONFIG_MTD_QINFO_PROBE=y
CONFIG_MTD_UBI=y
CONFIG_MTD_UBI_WL_THRESHOLD=4096
CONFIG_MTD_UBI_BEB_RESERVE=2
# CONFIG_MTD_UBI_GLUEBI is not set
CONFIG_OF=y

#
# Device Tree and Open Firmware support
#
# CONFIG_OF_SELFTEST is not set
CONFIG_OF_PROMTREE=y
CONFIG_OF_ADDRESS=y
CONFIG_OF_IRQ=y
CONFIG_OF_DEVICE=y
CONFIG_OF_I2C=y
CONFIG_OF_NET=y
CONFIG_OF_MDIO=y
CONFIG_OF_PCI=y
CONFIG_OF_PCI_IRQ=y
CONFIG_OF_MTD=y
# CONFIG_PARPORT is not set
CONFIG_PNP=y
CONFIG_PNP_DEBUG_MESSAGES=y

#
# Protocols
#
# CONFIG_ISAPNP is not set
CONFIG_PNPACPI=y

#
# Misc devices
#
CONFIG_SENSORS_LIS3LV02D=y
# CONFIG_AD525X_DPOT is not set
# CONFIG_PHANTOM is not set
CONFIG_INTEL_MID_PTI=y
CONFIG_SGI_IOC4=y
# CONFIG_ENCLOSURE_SERVICES is not set
# CONFIG_HP_ILO is not set
CONFIG_APDS9802ALS=y
# CONFIG_ISL29003 is not set
# CONFIG_ISL29020 is not set
CONFIG_SENSORS_TSL2550=y
# CONFIG_SENSORS_BH1780 is not set
# CONFIG_SENSORS_BH1770 is not set
# CONFIG_SENSORS_APDS990X is not set
# CONFIG_HMC6352 is not set
CONFIG_VMWARE_BALLOON=y
CONFIG_BMP085=y
CONFIG_BMP085_I2C=y
# CONFIG_PCH_PHUB is not set
# CONFIG_USB_SWITCH_FSA9480 is not set

#
# EEPROM support
#
CONFIG_EEPROM_AT24=y
CONFIG_EEPROM_LEGACY=y
# CONFIG_EEPROM_93CX6 is not set
CONFIG_CB710_CORE=y
CONFIG_CB710_DEBUG=y
CONFIG_CB710_DEBUG_ASSUMPTIONS=y

#
# Texas Instruments shared transport line discipline
#
# CONFIG_TI_ST is not set
CONFIG_SENSORS_LIS3_I2C=y

#
# Altera FPGA firmware download module
#
CONFIG_ALTERA_STAPL=y
CONFIG_HAVE_IDE=y

#
# SCSI device support
#
CONFIG_SCSI_MOD=y
# CONFIG_SCSI_DMA is not set
# CONFIG_SCSI_NETLINK is not set
CONFIG_FUSION=y
CONFIG_FUSION_MAX_SGE=128
CONFIG_FUSION_LOGGING=y

#
# IEEE 1394 (FireWire) support
#
CONFIG_FIREWIRE=y
CONFIG_FIREWIRE_OHCI=y
CONFIG_FIREWIRE_NOSY=y
# CONFIG_I2O is not set
# CONFIG_MACINTOSH_DRIVERS is not set
CONFIG_NETDEVICES=y
CONFIG_NET_CORE=y
CONFIG_DUMMY=y
# CONFIG_EQUALIZER is not set
CONFIG_MII=y
# CONFIG_NETCONSOLE is not set
# CONFIG_NETPOLL is not set
# CONFIG_NET_POLL_CONTROLLER is not set
# CONFIG_RIONET is not set
# CONFIG_TUN is not set
# CONFIG_VETH is not set
CONFIG_ARCNET=y
# CONFIG_ARCNET_1201 is not set
# CONFIG_ARCNET_1051 is not set
CONFIG_ARCNET_RAW=y
CONFIG_ARCNET_CAP=y
# CONFIG_ARCNET_COM90xx is not set
# CONFIG_ARCNET_COM90xxIO is not set
# CONFIG_ARCNET_RIM_I is not set
CONFIG_ARCNET_COM20020=y
# CONFIG_ARCNET_COM20020_ISA is not set
# CONFIG_ARCNET_COM20020_PCI is not set

#
# CAIF transport drivers
#
# CONFIG_ETHERNET is not set
# CONFIG_FDDI is not set
# CONFIG_NET_SB1000 is not set
CONFIG_PHYLIB=y

#
# MII PHY device drivers
#
CONFIG_AMD_PHY=y
CONFIG_MARVELL_PHY=y
CONFIG_DAVICOM_PHY=y
# CONFIG_QSEMI_PHY is not set
CONFIG_LXT_PHY=y
CONFIG_CICADA_PHY=y
CONFIG_VITESSE_PHY=y
# CONFIG_SMSC_PHY is not set
# CONFIG_BROADCOM_PHY is not set
CONFIG_BCM87XX_PHY=y
CONFIG_ICPLUS_PHY=y
# CONFIG_REALTEK_PHY is not set
CONFIG_NATIONAL_PHY=y
# CONFIG_STE10XP is not set
CONFIG_LSI_ET1011C_PHY=y
CONFIG_MICREL_PHY=y
CONFIG_FIXED_PHY=y
# CONFIG_MDIO_BITBANG is not set
# CONFIG_MDIO_BUS_MUX_GPIO is not set
# CONFIG_PPP is not set
# CONFIG_SLIP is not set

#
# USB Network Adapters
#
CONFIG_USB_KAWETH=y
CONFIG_USB_PEGASUS=y
CONFIG_USB_USBNET=y
CONFIG_USB_NET_AX8817X=y
# CONFIG_USB_NET_CDCETHER is not set
CONFIG_USB_NET_CDC_NCM=y
# CONFIG_USB_NET_DM9601 is not set
# CONFIG_USB_NET_SMSC75XX is not set
# CONFIG_USB_NET_SMSC95XX is not set
# CONFIG_USB_NET_GL620A is not set
# CONFIG_USB_NET_NET1080 is not set
CONFIG_USB_NET_MCS7830=y
# CONFIG_USB_NET_CDC_SUBSET is not set
# CONFIG_USB_NET_ZAURUS is not set
CONFIG_USB_NET_CX82310_ETH=y
CONFIG_USB_NET_KALMIA=y
CONFIG_USB_NET_QMI_WWAN=y
CONFIG_USB_HSO=y
# CONFIG_USB_NET_INT51X1 is not set
# CONFIG_USB_IPHETH is not set
# CONFIG_USB_SIERRA_NET is not set
CONFIG_WLAN=y
CONFIG_AIRO=y
# CONFIG_ATMEL is not set
# CONFIG_USB_ZD1201 is not set
CONFIG_HOSTAP=y
CONFIG_HOSTAP_FIRMWARE=y
CONFIG_HOSTAP_FIRMWARE_NVRAM=y
# CONFIG_HOSTAP_PLX is not set
# CONFIG_HOSTAP_PCI is not set
# CONFIG_WL_TI is not set

#
# Enable WiMAX (Networking options) to see the WiMAX drivers
#
# CONFIG_WAN is not set
# CONFIG_ISDN is not set

#
# Input device support
#
CONFIG_INPUT=y
CONFIG_INPUT_FF_MEMLESS=y
CONFIG_INPUT_POLLDEV=y
CONFIG_INPUT_SPARSEKMAP=y
# CONFIG_INPUT_MATRIXKMAP is not set

#
# Userland interfaces
#
# CONFIG_INPUT_MOUSEDEV is not set
# CONFIG_INPUT_JOYDEV is not set
# CONFIG_INPUT_EVDEV is not set
# CONFIG_INPUT_EVBUG is not set

#
# Input Device Drivers
#
CONFIG_INPUT_KEYBOARD=y
# CONFIG_KEYBOARD_ADP5588 is not set
# CONFIG_KEYBOARD_ADP5589 is not set
CONFIG_KEYBOARD_ATKBD=y
# CONFIG_KEYBOARD_QT1070 is not set
# CONFIG_KEYBOARD_LKKBD is not set
# CONFIG_KEYBOARD_GPIO is not set
# CONFIG_KEYBOARD_GPIO_POLLED is not set
# CONFIG_KEYBOARD_TCA6416 is not set
# CONFIG_KEYBOARD_TCA8418 is not set
# CONFIG_KEYBOARD_MATRIX is not set
# CONFIG_KEYBOARD_LM8323 is not set
# CONFIG_KEYBOARD_LM8333 is not set
# CONFIG_KEYBOARD_MAX7359 is not set
# CONFIG_KEYBOARD_MCS is not set
# CONFIG_KEYBOARD_MPR121 is not set
# CONFIG_KEYBOARD_NEWTON is not set
# CONFIG_KEYBOARD_OPENCORES is not set
# CONFIG_KEYBOARD_STOWAWAY is not set
# CONFIG_KEYBOARD_SUNKBD is not set
# CONFIG_KEYBOARD_STMPE is not set
# CONFIG_KEYBOARD_OMAP4 is not set
# CONFIG_KEYBOARD_TC3589X is not set
# CONFIG_KEYBOARD_TWL4030 is not set
# CONFIG_KEYBOARD_XTKBD is not set
# CONFIG_INPUT_MOUSE is not set
CONFIG_INPUT_JOYSTICK=y
CONFIG_JOYSTICK_ANALOG=y
# CONFIG_JOYSTICK_A3D is not set
# CONFIG_JOYSTICK_ADI is not set
# CONFIG_JOYSTICK_COBRA is not set
# CONFIG_JOYSTICK_GF2K is not set
CONFIG_JOYSTICK_GRIP=y
CONFIG_JOYSTICK_GRIP_MP=y
# CONFIG_JOYSTICK_GUILLEMOT is not set
# CONFIG_JOYSTICK_INTERACT is not set
CONFIG_JOYSTICK_SIDEWINDER=y
CONFIG_JOYSTICK_TMDC=y
# CONFIG_JOYSTICK_IFORCE is not set
CONFIG_JOYSTICK_WARRIOR=y
CONFIG_JOYSTICK_MAGELLAN=y
# CONFIG_JOYSTICK_SPACEORB is not set
CONFIG_JOYSTICK_SPACEBALL=y
CONFIG_JOYSTICK_STINGER=y
# CONFIG_JOYSTICK_TWIDJOY is not set
# CONFIG_JOYSTICK_ZHENHUA is not set
# CONFIG_JOYSTICK_AS5011 is not set
CONFIG_JOYSTICK_JOYDUMP=y
CONFIG_JOYSTICK_XPAD=y
# CONFIG_JOYSTICK_XPAD_FF is not set
# CONFIG_JOYSTICK_XPAD_LEDS is not set
# CONFIG_INPUT_TABLET is not set
# CONFIG_INPUT_TOUCHSCREEN is not set
CONFIG_INPUT_MISC=y
CONFIG_INPUT_88PM80X_ONKEY=y
CONFIG_INPUT_AD714X=y
CONFIG_INPUT_AD714X_I2C=y
CONFIG_INPUT_BMA150=y
# CONFIG_INPUT_MAX8925_ONKEY is not set
CONFIG_INPUT_MMA8450=y
# CONFIG_INPUT_MPU3050 is not set
# CONFIG_INPUT_APANEL is not set
# CONFIG_INPUT_GP2A is not set
CONFIG_INPUT_GPIO_TILT_POLLED=y
CONFIG_INPUT_WISTRON_BTNS=y
# CONFIG_INPUT_ATLAS_BTNS is not set
CONFIG_INPUT_ATI_REMOTE2=y
CONFIG_INPUT_KXTJ9=y
# CONFIG_INPUT_KXTJ9_POLLED_MODE is not set
# CONFIG_INPUT_POWERMATE is not set
CONFIG_INPUT_TWL4030_PWRBUTTON=y
# CONFIG_INPUT_TWL4030_VIBRA is not set
CONFIG_INPUT_TWL6040_VIBRA=y
# CONFIG_INPUT_UINPUT is not set
# CONFIG_INPUT_PCF50633_PMU is not set
CONFIG_INPUT_GPIO_ROTARY_ENCODER=y
CONFIG_INPUT_ADXL34X=y
# CONFIG_INPUT_ADXL34X_I2C is not set
CONFIG_INPUT_CMA3000=y
# CONFIG_INPUT_CMA3000_I2C is not set

#
# Hardware I/O ports
#
CONFIG_SERIO=y
CONFIG_SERIO_I8042=y
CONFIG_SERIO_SERPORT=y
CONFIG_SERIO_CT82C710=y
# CONFIG_SERIO_PCIPS2 is not set
CONFIG_SERIO_LIBPS2=y
# CONFIG_SERIO_RAW is not set
# CONFIG_SERIO_ALTERA_PS2 is not set
# CONFIG_SERIO_PS2MULT is not set
CONFIG_GAMEPORT=y
# CONFIG_GAMEPORT_NS558 is not set
CONFIG_GAMEPORT_L4=y
CONFIG_GAMEPORT_EMU10K1=y
# CONFIG_GAMEPORT_FM801 is not set

#
# Character devices
#
# CONFIG_VT is not set
CONFIG_UNIX98_PTYS=y
CONFIG_DEVPTS_MULTIPLE_INSTANCES=y
CONFIG_LEGACY_PTYS=y
CONFIG_LEGACY_PTY_COUNT=256
# CONFIG_SERIAL_NONSTANDARD is not set
# CONFIG_TRACE_SINK is not set
# CONFIG_DEVKMEM is not set

#
# Serial drivers
#
CONFIG_SERIAL_8250=y
CONFIG_SERIAL_8250_CONSOLE=y
CONFIG_FIX_EARLYCON_MEM=y
# CONFIG_SERIAL_8250_PCI is not set
# CONFIG_SERIAL_8250_PNP is not set
CONFIG_SERIAL_8250_NR_UARTS=4
CONFIG_SERIAL_8250_RUNTIME_UARTS=4
CONFIG_SERIAL_8250_EXTENDED=y
CONFIG_SERIAL_8250_MANY_PORTS=y
CONFIG_SERIAL_8250_FOURPORT=y
CONFIG_SERIAL_8250_ACCENT=y
CONFIG_SERIAL_8250_BOCA=y
CONFIG_SERIAL_8250_EXAR_ST16C554=y
CONFIG_SERIAL_8250_HUB6=y
# CONFIG_SERIAL_8250_SHARE_IRQ is not set
# CONFIG_SERIAL_8250_DETECT_IRQ is not set
CONFIG_SERIAL_8250_RSA=y
# CONFIG_SERIAL_8250_DW is not set

#
# Non-8250 serial port support
#
CONFIG_SERIAL_MFD_HSU=y
CONFIG_SERIAL_MFD_HSU_CONSOLE=y
CONFIG_SERIAL_UARTLITE=y
# CONFIG_SERIAL_UARTLITE_CONSOLE is not set
CONFIG_SERIAL_CORE=y
CONFIG_SERIAL_CORE_CONSOLE=y
# CONFIG_SERIAL_JSM is not set
# CONFIG_SERIAL_OF_PLATFORM is not set
CONFIG_SERIAL_TIMBERDALE=y
# CONFIG_SERIAL_ALTERA_JTAGUART is not set
# CONFIG_SERIAL_ALTERA_UART is not set
# CONFIG_SERIAL_PCH_UART is not set
CONFIG_SERIAL_XILINX_PS_UART=y
# CONFIG_SERIAL_XILINX_PS_UART_CONSOLE is not set
CONFIG_TTY_PRINTK=y
CONFIG_IPMI_HANDLER=y
CONFIG_IPMI_PANIC_EVENT=y
# CONFIG_IPMI_PANIC_STRING is not set
# CONFIG_IPMI_DEVICE_INTERFACE is not set
# CONFIG_IPMI_SI is not set
CONFIG_IPMI_WATCHDOG=y
# CONFIG_IPMI_POWEROFF is not set
CONFIG_HW_RANDOM=y
CONFIG_HW_RANDOM_TIMERIOMEM=y
CONFIG_HW_RANDOM_INTEL=y
CONFIG_HW_RANDOM_AMD=y
CONFIG_HW_RANDOM_GEODE=y
CONFIG_HW_RANDOM_VIA=y
CONFIG_NVRAM=y
CONFIG_DTLK=y
# CONFIG_R3964 is not set
# CONFIG_APPLICOM is not set
CONFIG_MWAVE=y
CONFIG_SCx200_GPIO=y
CONFIG_PC8736x_GPIO=y
CONFIG_NSC_GPIO=y
CONFIG_HPET=y
CONFIG_HPET_MMAP=y
CONFIG_HANGCHECK_TIMER=y
CONFIG_TCG_TPM=y
CONFIG_TCG_TIS=y
CONFIG_TCG_NSC=y
CONFIG_TCG_ATMEL=y
CONFIG_TCG_INFINEON=y
CONFIG_DEVPORT=y
CONFIG_I2C=y
CONFIG_I2C_BOARDINFO=y
# CONFIG_I2C_COMPAT is not set
# CONFIG_I2C_CHARDEV is not set
CONFIG_I2C_MUX=y

#
# Multiplexer I2C Chip support
#
# CONFIG_I2C_MUX_GPIO is not set
# CONFIG_I2C_HELPER_AUTO is not set
# CONFIG_I2C_SMBUS is not set

#
# I2C Algorithms
#
CONFIG_I2C_ALGOBIT=y
CONFIG_I2C_ALGOPCF=y
CONFIG_I2C_ALGOPCA=y

#
# I2C Hardware Bus support
#

#
# PC SMBus host controller drivers
#
CONFIG_I2C_ALI1535=y
CONFIG_I2C_ALI15X3=y
CONFIG_I2C_AMD756=y
# CONFIG_I2C_AMD8111 is not set
# CONFIG_I2C_I801 is not set
# CONFIG_I2C_ISCH is not set
# CONFIG_I2C_PIIX4 is not set
CONFIG_I2C_NFORCE2=y
# CONFIG_I2C_SIS5595 is not set
# CONFIG_I2C_SIS630 is not set
# CONFIG_I2C_SIS96X is not set
CONFIG_I2C_VIAPRO=y

#
# ACPI drivers
#
# CONFIG_I2C_SCMI is not set

#
# I2C system bus drivers (mostly embedded / system-on-chip)
#
CONFIG_I2C_DESIGNWARE_PCI=y
# CONFIG_I2C_EG20T is not set
CONFIG_I2C_GPIO=y
# CONFIG_I2C_INTEL_MID is not set
CONFIG_I2C_PCA_PLATFORM=y
CONFIG_I2C_PXA=y
CONFIG_I2C_PXA_PCI=y
CONFIG_I2C_SIMTEC=y

#
# External I2C/SMBus adapter drivers
#
CONFIG_I2C_DIOLAN_U2C=y
# CONFIG_I2C_PARPORT_LIGHT is not set
# CONFIG_I2C_TINY_USB is not set

#
# Other I2C/SMBus bus drivers
#
CONFIG_I2C_PCA_ISA=y
CONFIG_SCx200_I2C=y
CONFIG_SCx200_I2C_SCL=12
CONFIG_SCx200_I2C_SDA=13
CONFIG_SCx200_ACB=y
# CONFIG_I2C_DEBUG_CORE is not set
# CONFIG_I2C_DEBUG_ALGO is not set
# CONFIG_I2C_DEBUG_BUS is not set
# CONFIG_SPI is not set
CONFIG_HSI=y
CONFIG_HSI_BOARDINFO=y

#
# HSI clients
#
CONFIG_HSI_CHAR=y

#
# PPS support
#

#
# PPS generators support
#

#
# PTP clock support
#

#
# Enable Device Drivers -> PPS to see the PTP clock options.
#
CONFIG_ARCH_WANT_OPTIONAL_GPIOLIB=y
CONFIG_GPIOLIB=y
CONFIG_OF_GPIO=y
# CONFIG_DEBUG_GPIO is not set
CONFIG_GPIO_GENERIC=y

#
# Memory mapped GPIO drivers:
#
CONFIG_GPIO_GENERIC_PLATFORM=y
CONFIG_GPIO_IT8761E=y
# CONFIG_GPIO_SCH is not set
# CONFIG_GPIO_ICH is not set
CONFIG_GPIO_VX855=y

#
# I2C GPIO expanders:
#
# CONFIG_GPIO_ARIZONA is not set
# CONFIG_GPIO_MAX7300 is not set
# CONFIG_GPIO_MAX732X is not set
# CONFIG_GPIO_PCA953X is not set
# CONFIG_GPIO_PCF857X is not set
CONFIG_GPIO_SX150X=y
CONFIG_GPIO_STMPE=y
# CONFIG_GPIO_TC3589X is not set
CONFIG_GPIO_TPS65912=y
# CONFIG_GPIO_TWL4030 is not set
CONFIG_GPIO_WM8350=y
CONFIG_GPIO_ADP5588=y
CONFIG_GPIO_ADP5588_IRQ=y

#
# PCI GPIO expanders:
#
# CONFIG_GPIO_BT8XX is not set
CONFIG_GPIO_AMD8111=y
CONFIG_GPIO_LANGWELL=y
# CONFIG_GPIO_PCH is not set
CONFIG_GPIO_ML_IOH=y
# CONFIG_GPIO_SODAVILLE is not set
CONFIG_GPIO_TIMBERDALE=y
CONFIG_GPIO_RDC321X=y

#
# SPI GPIO expanders:
#
# CONFIG_GPIO_MCP23S08 is not set

#
# AC97 GPIO expanders:
#

#
# MODULbus GPIO expanders:
#
CONFIG_GPIO_JANZ_TTL=y
CONFIG_W1=y

#
# 1-wire Bus Masters
#
CONFIG_W1_MASTER_MATROX=y
CONFIG_W1_MASTER_DS2490=y
CONFIG_W1_MASTER_DS1WM=y
# CONFIG_W1_MASTER_GPIO is not set

#
# 1-wire Slaves
#
# CONFIG_W1_SLAVE_THERM is not set
CONFIG_W1_SLAVE_SMEM=y
# CONFIG_W1_SLAVE_DS2408 is not set
# CONFIG_W1_SLAVE_DS2423 is not set
CONFIG_W1_SLAVE_DS2431=y
# CONFIG_W1_SLAVE_DS2433 is not set
# CONFIG_W1_SLAVE_DS2760 is not set
# CONFIG_W1_SLAVE_DS2780 is not set
CONFIG_W1_SLAVE_DS2781=y
CONFIG_W1_SLAVE_DS28E04=y
# CONFIG_W1_SLAVE_BQ27000 is not set
CONFIG_POWER_SUPPLY=y
CONFIG_POWER_SUPPLY_DEBUG=y
CONFIG_PDA_POWER=y
CONFIG_MAX8925_POWER=y
# CONFIG_WM8350_POWER is not set
CONFIG_TEST_POWER=y
# CONFIG_BATTERY_DS2780 is not set
CONFIG_BATTERY_DS2781=y
# CONFIG_BATTERY_DS2782 is not set
# CONFIG_BATTERY_OLPC is not set
# CONFIG_BATTERY_SBS is not set
CONFIG_BATTERY_BQ27x00=y
# CONFIG_BATTERY_BQ27X00_I2C is not set
CONFIG_BATTERY_BQ27X00_PLATFORM=y
# CONFIG_BATTERY_DA9030 is not set
# CONFIG_BATTERY_MAX17040 is not set
CONFIG_BATTERY_MAX17042=y
# CONFIG_CHARGER_PCF50633 is not set
# CONFIG_CHARGER_ISP1704 is not set
CONFIG_CHARGER_MAX8903=y
# CONFIG_CHARGER_TWL4030 is not set
CONFIG_CHARGER_LP8727=y
# CONFIG_CHARGER_GPIO is not set
# CONFIG_CHARGER_SMB347 is not set
CONFIG_POWER_AVS=y
# CONFIG_HWMON is not set
CONFIG_THERMAL=y
CONFIG_WATCHDOG=y
CONFIG_WATCHDOG_CORE=y
CONFIG_WATCHDOG_NOWAYOUT=y

#
# Watchdog Device Drivers
#
# CONFIG_SOFT_WATCHDOG is not set
# CONFIG_WM8350_WATCHDOG is not set
CONFIG_TWL4030_WATCHDOG=y
# CONFIG_ACQUIRE_WDT is not set
CONFIG_ADVANTECH_WDT=y
# CONFIG_ALIM1535_WDT is not set
CONFIG_ALIM7101_WDT=y
CONFIG_SP5100_TCO=y
CONFIG_SC520_WDT=y
# CONFIG_SBC_FITPC2_WATCHDOG is not set
# CONFIG_EUROTECH_WDT is not set
CONFIG_IB700_WDT=y
CONFIG_IBMASR=y
CONFIG_WAFER_WDT=y
CONFIG_I6300ESB_WDT=y
CONFIG_IE6XX_WDT=y
# CONFIG_ITCO_WDT is not set
CONFIG_IT8712F_WDT=y
# CONFIG_HP_WATCHDOG is not set
# CONFIG_SC1200_WDT is not set
CONFIG_SCx200_WDT=y
CONFIG_PC87413_WDT=y
# CONFIG_NV_TCO is not set
CONFIG_60XX_WDT=y
# CONFIG_SBC8360_WDT is not set
# CONFIG_SBC7240_WDT is not set
CONFIG_CPU5_WDT=y
CONFIG_SMSC_SCH311X_WDT=y
# CONFIG_SMSC37B787_WDT is not set
CONFIG_VIA_WDT=y
CONFIG_W83627HF_WDT=y
# CONFIG_W83697HF_WDT is not set
CONFIG_W83697UG_WDT=y
CONFIG_W83877F_WDT=y
# CONFIG_W83977F_WDT is not set
CONFIG_MACHZ_WDT=y
# CONFIG_SBC_EPX_C3_WATCHDOG is not set

#
# ISA-based Watchdog Cards
#
CONFIG_PCWATCHDOG=y
# CONFIG_MIXCOMWD is not set
# CONFIG_WDT is not set

#
# PCI-based Watchdog Cards
#
CONFIG_PCIPCWATCHDOG=y
CONFIG_WDTPCI=y

#
# USB-based Watchdog Cards
#
CONFIG_USBPCWATCHDOG=y
CONFIG_SSB_POSSIBLE=y

#
# Sonics Silicon Backplane
#
# CONFIG_SSB is not set
CONFIG_BCMA_POSSIBLE=y

#
# Broadcom specific AMBA
#
CONFIG_BCMA=y
CONFIG_BCMA_HOST_PCI_POSSIBLE=y
# CONFIG_BCMA_HOST_PCI is not set
CONFIG_BCMA_DRIVER_GMAC_CMN=y
# CONFIG_BCMA_DEBUG is not set

#
# Multifunction device drivers
#
CONFIG_MFD_CORE=y
# CONFIG_MFD_88PM860X is not set
CONFIG_MFD_88PM800=y
# CONFIG_MFD_88PM805 is not set
# CONFIG_MFD_SM501 is not set
CONFIG_HTC_PASIC3=y
# CONFIG_HTC_I2CPLD is not set
# CONFIG_UCB1400_CORE is not set
# CONFIG_MFD_LM3533 is not set
# CONFIG_TPS6105X is not set
# CONFIG_TPS65010 is not set
CONFIG_TPS6507X=y
# CONFIG_MFD_TPS65217 is not set
# CONFIG_MFD_TPS65910 is not set
CONFIG_MFD_TPS65912=y
CONFIG_MFD_TPS65912_I2C=y
CONFIG_TWL4030_CORE=y
CONFIG_TWL4030_MADC=y
# CONFIG_MFD_TWL4030_AUDIO is not set
CONFIG_TWL6040_CORE=y
CONFIG_MFD_STMPE=y

#
# STMPE Interface Drivers
#
CONFIG_STMPE_I2C=y
CONFIG_MFD_TC3589X=y
# CONFIG_MFD_TMIO is not set
CONFIG_PMIC_DA903X=y
# CONFIG_MFD_DA9052_I2C is not set
# CONFIG_PMIC_ADP5520 is not set
CONFIG_MFD_MAX77686=y
# CONFIG_MFD_MAX77693 is not set
CONFIG_MFD_MAX8925=y
# CONFIG_MFD_MAX8997 is not set
CONFIG_MFD_MAX8998=y
CONFIG_MFD_SEC_CORE=y
CONFIG_MFD_ARIZONA=y
CONFIG_MFD_ARIZONA_I2C=y
CONFIG_MFD_WM5102=y
# CONFIG_MFD_WM5110 is not set
# CONFIG_MFD_WM8400 is not set
# CONFIG_MFD_WM831X_I2C is not set
CONFIG_MFD_WM8350=y
CONFIG_MFD_WM8350_I2C=y
# CONFIG_MFD_WM8994 is not set
CONFIG_MFD_PCF50633=y
CONFIG_PCF50633_ADC=y
# CONFIG_PCF50633_GPIO is not set
# CONFIG_MFD_MC13XXX_I2C is not set
CONFIG_ABX500_CORE=y
# CONFIG_AB3100_CORE is not set
# CONFIG_MFD_CS5535 is not set
CONFIG_MFD_TIMBERDALE=y
CONFIG_LPC_SCH=y
# CONFIG_LPC_ICH is not set
CONFIG_MFD_RDC321X=y
CONFIG_MFD_JANZ_CMODIO=y
CONFIG_MFD_VX855=y
CONFIG_MFD_WL1273_CORE=y
# CONFIG_MFD_TPS65090 is not set
CONFIG_MFD_AAT2870_CORE=y
# CONFIG_MFD_RC5T583 is not set
CONFIG_MFD_PALMAS=y
# CONFIG_REGULATOR is not set
CONFIG_MEDIA_SUPPORT=y

#
# Multimedia core support
#
CONFIG_MEDIA_CAMERA_SUPPORT=y
# CONFIG_MEDIA_ANALOG_TV_SUPPORT is not set
CONFIG_MEDIA_DIGITAL_TV_SUPPORT=y
# CONFIG_MEDIA_RADIO_SUPPORT is not set
CONFIG_MEDIA_RC_SUPPORT=y
CONFIG_VIDEO_DEV=y
CONFIG_VIDEO_V4L2_COMMON=y
CONFIG_DVB_CORE=y

#
# Media drivers
#
CONFIG_VIDEO_SAA7146=y
CONFIG_VIDEO_SAA7146_VV=y
CONFIG_RC_CORE=y
CONFIG_RC_MAP=y
CONFIG_RC_DECODERS=y
# CONFIG_LIRC is not set
CONFIG_IR_NEC_DECODER=y
# CONFIG_IR_RC5_DECODER is not set
CONFIG_IR_RC6_DECODER=y
CONFIG_IR_JVC_DECODER=y
CONFIG_IR_SONY_DECODER=y
# CONFIG_IR_RC5_SZ_DECODER is not set
# CONFIG_IR_SANYO_DECODER is not set
CONFIG_IR_MCE_KBD_DECODER=y
# CONFIG_RC_DEVICES is not set
CONFIG_MEDIA_TUNER_TDA18271=y
CONFIG_MEDIA_TUNER_MT2060=y
CONFIG_MEDIA_TUNER_MT2063=y
CONFIG_MEDIA_TUNER_MT2266=y
CONFIG_MEDIA_TUNER_MT2131=y
CONFIG_MEDIA_TUNER_QT1010=y
CONFIG_MEDIA_TUNER_XC2028=y
CONFIG_MEDIA_TUNER_XC5000=y
CONFIG_MEDIA_TUNER_XC4000=y
CONFIG_MEDIA_TUNER_MXL5005S=y
CONFIG_MEDIA_TUNER_MXL5007T=y
CONFIG_MEDIA_TUNER_MC44S803=y
CONFIG_MEDIA_TUNER_TDA18218=y
CONFIG_MEDIA_TUNER_FC0011=y
CONFIG_MEDIA_TUNER_TUA9001=y
CONFIG_VIDEO_V4L2=y
CONFIG_VIDEOBUF_GEN=y
CONFIG_VIDEOBUF_DMA_SG=y
# CONFIG_VIDEO_CAPTURE_DRIVERS is not set
CONFIG_V4L_MEM2MEM_DRIVERS=y
# CONFIG_VIDEO_MEM2MEM_TESTDEV is not set
CONFIG_DVB_MAX_ADAPTERS=8
# CONFIG_DVB_DYNAMIC_MINORS is not set
CONFIG_DVB_CAPTURE_DRIVERS=y

#
# Supported SAA7146 based PCI Adapters
#
CONFIG_TTPCI_EEPROM=y
CONFIG_DVB_AV7110=y
CONFIG_DVB_AV7110_OSD=y
CONFIG_DVB_BUDGET_CORE=y
CONFIG_DVB_BUDGET=y
# CONFIG_DVB_BUDGET_CI is not set
CONFIG_DVB_BUDGET_AV=y
CONFIG_DVB_BUDGET_PATCH=y

#
# Supported USB Adapters
#
CONFIG_DVB_USB=y
# CONFIG_DVB_USB_DEBUG is not set
# CONFIG_DVB_USB_A800 is not set
# CONFIG_DVB_USB_DIBUSB_MB is not set
# CONFIG_DVB_USB_DIBUSB_MC is not set
CONFIG_DVB_USB_DIB0700=y
CONFIG_DVB_USB_UMT_010=y
# CONFIG_DVB_USB_CXUSB is not set
# CONFIG_DVB_USB_M920X is not set
CONFIG_DVB_USB_GL861=y
CONFIG_DVB_USB_AU6610=y
# CONFIG_DVB_USB_DIGITV is not set
# CONFIG_DVB_USB_VP7045 is not set
# CONFIG_DVB_USB_VP702X is not set
# CONFIG_DVB_USB_GP8PSK is not set
CONFIG_DVB_USB_NOVA_T_USB2=y
CONFIG_DVB_USB_TTUSB2=y
CONFIG_DVB_USB_DTT200U=y
# CONFIG_DVB_USB_OPERA1 is not set
CONFIG_DVB_USB_PCTV452E=y
CONFIG_DVB_USB_DW2102=y
CONFIG_DVB_USB_CINERGY_T2=y
# CONFIG_DVB_USB_ANYSEE is not set
# CONFIG_DVB_USB_DTV5100 is not set
CONFIG_DVB_USB_AF9015=y
CONFIG_DVB_USB_CE6230=y
CONFIG_DVB_USB_FRIIO=y
CONFIG_DVB_USB_EC168=y
CONFIG_DVB_USB_AZ6007=y
CONFIG_DVB_USB_AZ6027=y
CONFIG_DVB_USB_LME2510=y
# CONFIG_DVB_USB_TECHNISAT_USB2 is not set
# CONFIG_DVB_USB_IT913X is not set
# CONFIG_DVB_USB_MXL111SF is not set
CONFIG_DVB_USB_AF9035=y
# CONFIG_DVB_TTUSB_BUDGET is not set
CONFIG_DVB_TTUSB_DEC=y
# CONFIG_SMS_SIANO_MDTV is not set

#
# Supported FlexCopII (B2C2) Adapters
#
# CONFIG_DVB_B2C2_FLEXCOP is not set

#
# Supported BT878 Adapters
#

#
# Supported Pluto2 Adapters
#
# CONFIG_DVB_PLUTO2 is not set

#
# Supported SDMC DM1105 Adapters
#
# CONFIG_DVB_DM1105 is not set

#
# Supported FireWire (IEEE 1394) Adapters
#
# CONFIG_DVB_FIREDTV is not set

#
# Supported Earthsoft PT1 Adapters
#
CONFIG_DVB_PT1=y

#
# Supported Mantis Adapters
#
# CONFIG_MANTIS_CORE is not set

#
# Supported nGene Adapters
#
CONFIG_DVB_NGENE=y

#
# Supported ddbridge ('Octopus') Adapters
#
CONFIG_DVB_DDBRIDGE=y

#
# Supported DVB Frontends
#
# CONFIG_DVB_FE_CUSTOMISE is not set

#
# Multistandard (satellite) frontends
#
CONFIG_DVB_STB0899=y
CONFIG_DVB_STB6100=y
CONFIG_DVB_STV090x=y
CONFIG_DVB_STV6110x=y

#
# Multistandard (cable + terrestrial) frontends
#
CONFIG_DVB_DRXK=y
CONFIG_DVB_TDA18271C2DD=y

#
# DVB-S (satellite) frontends
#
CONFIG_DVB_MT312=y
CONFIG_DVB_ZL10039=y
CONFIG_DVB_S5H1420=y
CONFIG_DVB_STV0288=y
CONFIG_DVB_STB6000=y
CONFIG_DVB_STV0299=y
CONFIG_DVB_STV6110=y
CONFIG_DVB_STV0900=y
CONFIG_DVB_TDA8083=y
CONFIG_DVB_TDA10086=y
CONFIG_DVB_TDA8261=y
CONFIG_DVB_VES1X93=y
CONFIG_DVB_TDA826X=y
CONFIG_DVB_TUA6100=y
CONFIG_DVB_CX24116=y
CONFIG_DVB_SI21XX=y
CONFIG_DVB_DS3000=y

#
# DVB-T (terrestrial) frontends
#
CONFIG_DVB_SP8870=y
CONFIG_DVB_L64781=y
CONFIG_DVB_TDA1004X=y
CONFIG_DVB_MT352=y
CONFIG_DVB_ZL10353=y
CONFIG_DVB_DIB3000MC=y
CONFIG_DVB_DIB7000M=y
CONFIG_DVB_DIB7000P=y
CONFIG_DVB_AF9013=y
CONFIG_DVB_EC100=y

#
# DVB-C (cable) frontends
#
CONFIG_DVB_VES1820=y
CONFIG_DVB_TDA10021=y
CONFIG_DVB_TDA10023=y
CONFIG_DVB_STV0297=y

#
# ATSC (North American/Korean Terrestrial/Cable DTV) frontends
#
CONFIG_DVB_LGDT330X=y
