Path: news.gmane.org!not-for-mail
From: Fengguang Wu <fengguang.wu@intel.com>
Newsgroups: gmane.linux.kernel,gmane.linux.file-systems
Subject: Re: mq: INFO: possible circular locking dependency detected
Date: Wed, 8 Aug 2012 15:54:39 +0800
Lines: 4146
Approved: news@gmane.org
Message-ID: <20120808075439.GA20645@localhost>
References: <501D0093.2090108@gmail.com>
 <20120805170856.GC8954@localhost>
 <20120807050412.GA23960@localhost>
 <20120807063955.GX23464@ZenIV.linux.org.uk>
 <20120808071738.GA20090@localhost>
NNTP-Posting-Host: plane.gmane.org
Mime-Version: 1.0
Content-Type: multipart/mixed; boundary="WIyZ46R2i8wDzkSu"
X-Trace: dough.gmane.org 1344412531 4992 80.91.229.3 (8 Aug 2012 07:55:31 GMT)
X-Complaints-To: usenet@dough.gmane.org
NNTP-Posting-Date: Wed, 8 Aug 2012 07:55:31 +0000 (UTC)
Cc: Sasha Levin <levinsasha928@gmail.com>,
	"linux-kernel@vger.kernel.org" <linux-kernel@vger.kernel.org>,
	Dave Jones <davej@redhat.com>,
	Kamal Mostafa <kamal@canonical.com>,
	"Peter M. Petrakis" <peter.petrakis@canonical.com>,
	Dann Frazier <dann.frazier@canonical.com>,
	Massimo Morana <massimo.morana@canonical.com>,
	Jan Kara <jack@suse.cz>, linux-fsdevel@vger.kernel.org
To: Al Viro <viro@ZenIV.linux.org.uk>
Original-X-From: linux-kernel-owner@vger.kernel.org Wed Aug 08 09:55:27 2012
Return-path: <linux-kernel-owner@vger.kernel.org>
Envelope-to: glk-linux-kernel-3@plane.gmane.org
Original-Received: from vger.kernel.org ([209.132.180.67])
	by plane.gmane.org with esmtp (Exim 4.69)
	(envelope-from <linux-kernel-owner@vger.kernel.org>)
	id 1Sz16w-0007NV-56
	for glk-linux-kernel-3@plane.gmane.org; Wed, 08 Aug 2012 09:55:23 +0200
Original-Received: (majordomo@vger.kernel.org) by vger.kernel.org via listexpand
	id S932339Ab2HHHzH (ORCPT <rfc822;glk-linux-kernel-3@m.gmane.org>);
	Wed, 8 Aug 2012 03:55:07 -0400
Original-Received: from mga11.intel.com ([192.55.52.93]:11647 "EHLO mga11.intel.com"
	rhost-flags-OK-OK-OK-OK) by vger.kernel.org with ESMTP
	id S1752069Ab2HHHy5 (ORCPT <rfc822;linux-kernel@vger.kernel.org>);
	Wed, 8 Aug 2012 03:54:57 -0400
Original-Received: from fmsmga001.fm.intel.com ([10.253.24.23])
  by fmsmga102.fm.intel.com with ESMTP; 08 Aug 2012 00:54:55 -0700
X-ExtLoop1: 1
X-IronPort-AV: E=Sophos;i="4.77,730,1336374000"; 
   d="scan'208";a="194492929"
Original-Received: from unknown (HELO wfg-t420.sh.intel.com) ([10.255.20.183])
  by fmsmga001.fm.intel.com with ESMTP; 08 Aug 2012 00:54:41 -0700
Original-Received: from wfg by wfg-t420.sh.intel.com with local (Exim 4.77)
	(envelope-from <fengguang.wu@intel.com>)
	id 1Sz16F-0005Nv-HZ; Wed, 08 Aug 2012 15:54:39 +0800
Content-Disposition: inline
In-Reply-To: <20120808071738.GA20090@localhost>
User-Agent: Mutt/1.5.21 (2010-09-15)
Original-Sender: linux-kernel-owner@vger.kernel.org
Precedence: bulk
List-ID: <linux-kernel.vger.kernel.org>
X-Mailing-List: linux-kernel@vger.kernel.org
Xref: news.gmane.org gmane.linux.kernel:1339879 gmane.linux.file-systems:66453
Archived-At: <http://permalink.gmane.org/gmane.linux.kernel/1339879>


--WIyZ46R2i8wDzkSu
Content-Type: text/plain; charset=us-ascii
Content-Disposition: inline

On Wed, Aug 08, 2012 at 03:17:38PM +0800, Fengguang Wu wrote:
> On Tue, Aug 07, 2012 at 07:39:55AM +0100, Al Viro wrote:
> > On Tue, Aug 07, 2012 at 01:04:12PM +0800, Fengguang Wu wrote:
> > 
> > > FYI, here is a different back trace on that commit.
> > > 
> > > [    3.255043] ======================================================
> > > [    3.255052] [ INFO: possible circular locking dependency detected ]
> > > [    3.255052] 3.5.0-rc6-bisect-00355-geb04c28 #4 Not tainted         
> > > [    3.255052] -------------------------------------------------------
> > > [    3.255052] init/1 is trying to acquire lock:
> > > [    3.255052]  (&mm->mmap_sem){++++++}, at: [<ffffffff81180d00>] might_fault+0x70/0xe0
> > > [    3.255052]
> > > [    3.255052] but task is already holding lock:
> > > [    3.255052]  (&sb->s_type->i_mutex_key){+.+.+.}, at: [<ffffffff811d191e>] vfs_readdir+0x6e/0x130
> > 
> > Do you see any similar with the _next_ commit?
> 
> Stress tests show that the next commit is free from both the "circular
> locking dependency" issues.

Sorry.. but this still remains for commit 5d37e9e6("fs: Skip atime
update on frozen filesystem"):

[  175.588560] [ INFO: possible circular locking dependency detected ]
[  175.588560] 3.5.0-rc6-bisect-00356-g5d37e9e6 #46 Not tainted
[  175.588560] -------------------------------------------------------
[  175.588560] trinity-child0/493 is trying to acquire lock:
[  175.588560]  (&sb->s_type->i_mutex_key#14){+.+.+.}, at: [<ffffffff811cc4fe>] vfs_unlink+0x6e/0x1d0
[  175.588560] 
[  175.588560] but task is already holding lock:
[  175.588560]  (sb_writers#11){.+.+.+}, at: [<ffffffff811e40af>] mnt_want_write+0x2f/0x90
[  175.588560] 
[  175.588560] which lock already depends on the new lock.

Thanks,
Fengguang

--WIyZ46R2i8wDzkSu
Content-Type: text/plain; charset=us-ascii
Content-Disposition: attachment; filename="dmesg-kvm_bisect-waimea-9373-2012-08-08-15-50-49-3.5.0-rc6-bisect-00356-g5d37e9e6-46"

[    0.000000] Initializing cgroup subsys cpu
[    0.000000] Linux version 3.5.0-rc6-bisect-00356-g5d37e9e6 (wfg@bee) (gcc version 4.7.1 (Debian 4.7.1-5) ) #46 Wed Aug 8 15:37:41 CST 2012
[    0.000000] Command line: bisect-reboot x86_64-randconfig hung_task_panic=1 trinity=5m log_buf_len=8M ignore_loglevel debug sched_debug apic=debug dynamic_printk sysrq_always_enabled panic=10  prompt_ramdisk=0 console=ttyS0,115200 console=tty0 vga=normal  root=/dev/ram0 rw BOOT_IMAGE=x86_64/vmlinuz-bisect
[    0.000000] Disabled fast string operations
[    0.000000] e820: BIOS-provided physical RAM map:
[    0.000000] BIOS-e820: [mem 0x0000000000000000-0x000000000009f3ff] usable
[    0.000000] BIOS-e820: [mem 0x000000000009f400-0x000000000009ffff] reserved
[    0.000000] BIOS-e820: [mem 0x00000000000f0000-0x00000000000fffff] reserved
[    0.000000] BIOS-e820: [mem 0x0000000000100000-0x000000000fffcfff] usable
[    0.000000] BIOS-e820: [mem 0x000000000fffd000-0x000000000fffffff] reserved
[    0.000000] BIOS-e820: [mem 0x00000000fffbc000-0x00000000ffffffff] reserved
[    0.000000] debug: ignoring loglevel setting.
[    0.000000] NX (Execute Disable) protection: active
[    0.000000] DMI 2.4 present.
[    0.000000] DMI: Bochs Bochs, BIOS Bochs 01/01/2007
[    0.000000] e820: update [mem 0x00000000-0x0000ffff] usable ==> reserved
[    0.000000] e820: remove [mem 0x000a0000-0x000fffff] usable
[    0.000000] No AGP bridge found
[    0.000000] e820: last_pfn = 0xfffd max_arch_pfn = 0x400000000
[    0.000000] MTRR default type: write-back
[    0.000000] MTRR fixed ranges enabled:
[    0.000000]   00000-9FFFF write-back
[    0.000000]   A0000-BFFFF uncachable
[    0.000000]   C0000-FFFFF write-protect
[    0.000000] MTRR variable ranges enabled:
[    0.000000]   0 base 00E0000000 mask FFE0000000 uncachable
[    0.000000]   1 disabled
[    0.000000]   2 disabled
[    0.000000]   3 disabled
[    0.000000]   4 disabled
[    0.000000]   5 disabled
[    0.000000]   6 disabled
[    0.000000]   7 disabled
[    0.000000] x86 PAT enabled: cpu 0, old 0x70106, new 0x7010600070106
[    0.000000] Scan for SMP in [mem 0x00000000-0x000003ff]
[    0.000000] Scan for SMP in [mem 0x0009fc00-0x0009ffff]
[    0.000000] Scan for SMP in [mem 0x000f0000-0x000fffff]
[    0.000000] found SMP MP-table at [mem 0x000f8860-0x000f886f] mapped at [ffff8800000f8860]
[    0.000000]   mpc: f8870-f898c
[    0.000000] initial memory mapped: [mem 0x00000000-0x1fffffff]
[    0.000000] Base memory trampoline at [ffff880000099000] 99000 size 24576
[    0.000000] init_memory_mapping: [mem 0x00000000-0x0fffcfff]
[    0.000000]  [mem 0x00000000-0x0fdfffff] page 2M
[    0.000000]  [mem 0x0fe00000-0x0fffcfff] page 4k
[    0.000000] kernel direct mapping tables up to 0xfffcfff @ [mem 0x0e854000-0x0e8d5fff]
[    0.000000] log_buf_len: 8388608
[    0.000000] early log buf free: 128228(97%)
[    0.000000] RAMDISK: [mem 0x0e8d6000-0x0ffeffff]
[    0.000000] kvm-clock: Using msrs 12 and 11
[    0.000000] kvm-clock: cpu 0, msr 0:2bdadc1, boot clock
[    0.000000] Zone ranges:
[    0.000000]   DMA      [mem 0x00010000-0x00ffffff]
[    0.000000]   DMA32    [mem 0x01000000-0xffffffff]
[    0.000000]   Normal   empty
[    0.000000] Movable zone start for each node
[    0.000000] Early memory node ranges
[    0.000000]   node   0: [mem 0x00010000-0x0009efff]
[    0.000000]   node   0: [mem 0x00100000-0x0fffcfff]
[    0.000000] On node 0 totalpages: 65420
[    0.000000]   DMA zone: 64 pages used for memmap
[    0.000000]   DMA zone: 6 pages reserved
[    0.000000]   DMA zone: 3913 pages, LIFO batch:0
[    0.000000]   DMA32 zone: 960 pages used for memmap
[    0.000000]   DMA32 zone: 60477 pages, LIFO batch:15
[    0.000000] SFI: Simple Firmware Interface v0.81 http://simplefirmware.org
[    0.000000] Intel MultiProcessor Specification v1.4
[    0.000000]   mpc: f8870-f898c
[    0.000000] MPTABLE: OEM ID: BOCHSCPU
[    0.000000] MPTABLE: Product ID: 0.1         
[    0.000000] MPTABLE: APIC at: 0xFEE00000
[    0.000000] mapped APIC to ffffffffff5fb000 (        fee00000)
[    0.000000] Processor #0 (Bootup-CPU)
[    0.000000] Processor #1
[    0.000000] ACPI: NR_CPUS/possible_cpus limit of 1 reached.  Processor 1/0x1 ignored.
[    0.000000] Bus #0 is PCI   
[    0.000000] Bus #1 is ISA   
[    0.000000] IOAPIC[0]: apic_id 2, version 17, address 0xfec00000, GSI 0-23
[    0.000000] Int: type 0, pol 1, trig 0, bus 00, IRQ 04, APIC ID 2, APIC INT 09
[    0.000000] Int: type 0, pol 1, trig 0, bus 00, IRQ 0c, APIC ID 2, APIC INT 0b
[    0.000000] Int: type 0, pol 1, trig 0, bus 00, IRQ 10, APIC ID 2, APIC INT 0b
[    0.000000] Int: type 0, pol 1, trig 0, bus 00, IRQ 14, APIC ID 2, APIC INT 0a
[    0.000000] Int: type 0, pol 1, trig 0, bus 00, IRQ 18, APIC ID 2, APIC INT 0a
[    0.000000] Int: type 0, pol 1, trig 0, bus 00, IRQ 1c, APIC ID 2, APIC INT 0b
[    0.000000] Int: type 0, pol 1, trig 0, bus 00, IRQ 20, APIC ID 2, APIC INT 0b
[    0.000000] Int: type 0, pol 1, trig 0, bus 00, IRQ 24, APIC ID 2, APIC INT 0a
[    0.000000] Int: type 0, pol 0, trig 0, bus 01, IRQ 00, APIC ID 2, APIC INT 02
[    0.000000] Int: type 0, pol 0, trig 0, bus 01, IRQ 01, APIC ID 2, APIC INT 01
[    0.000000] Int: type 0, pol 0, trig 0, bus 01, IRQ 03, APIC ID 2, APIC INT 03
[    0.000000] Int: type 0, pol 0, trig 0, bus 01, IRQ 04, APIC ID 2, APIC INT 04
[    0.000000] Int: type 0, pol 0, trig 0, bus 01, IRQ 05, APIC ID 2, APIC INT 05
[    0.000000] Int: type 0, pol 0, trig 0, bus 01, IRQ 06, APIC ID 2, APIC INT 06
[    0.000000] Int: type 0, pol 0, trig 0, bus 01, IRQ 07, APIC ID 2, APIC INT 07
[    0.000000] Int: type 0, pol 0, trig 0, bus 01, IRQ 08, APIC ID 2, APIC INT 08
[    0.000000] Int: type 0, pol 0, trig 0, bus 01, IRQ 0c, APIC ID 2, APIC INT 0c
[    0.000000] Int: type 0, pol 0, trig 0, bus 01, IRQ 0d, APIC ID 2, APIC INT 0d
[    0.000000] Int: type 0, pol 0, trig 0, bus 01, IRQ 0e, APIC ID 2, APIC INT 0e
[    0.000000] Int: type 0, pol 0, trig 0, bus 01, IRQ 0f, APIC ID 2, APIC INT 0f
[    0.000000] Lint: type 3, pol 0, trig 0, bus 01, IRQ 00, APIC ID 0, APIC LINT 00
[    0.000000] Lint: type 1, pol 0, trig 0, bus 01, IRQ 00, APIC ID 0, APIC LINT 01
[    0.000000] Processors: 1
[    0.000000] mapped IOAPIC to ffffffffff5fa000 (fec00000)
[    0.000000] nr_irqs_gsi: 40
[    0.000000] e820: [mem 0x10000000-0xfffbbfff] available for PCI devices
[    0.000000] Booting paravirtualized kernel on KVM
[    0.000000] pcpu-alloc: s0 r0 d32768 u32768 alloc=1*32768
[    0.000000] pcpu-alloc: [0] 0 
[    0.000000] Built 1 zonelists in Zone order, mobility grouping on.  Total pages: 64390
[    0.000000] Kernel command line: bisect-reboot x86_64-randconfig hung_task_panic=1 trinity=5m log_buf_len=8M ignore_loglevel debug sched_debug apic=debug dynamic_printk sysrq_always_enabled panic=10  prompt_ramdisk=0 console=ttyS0,115200 console=tty0 vga=normal  root=/dev/ram0 rw BOOT_IMAGE=x86_64/vmlinuz-bisect
[    0.000000] sysrq: sysrq always enabled.
[    0.000000] PID hash table entries: 1024 (order: 1, 8192 bytes)
[    0.000000] Dentry cache hash table entries: 32768 (order: 6, 262144 bytes)
[    0.000000] Inode-cache hash table entries: 16384 (order: 5, 131072 bytes)
[    0.000000] __ex_table already sorted, skipping sort
[    0.000000] Checking aperture...
[    0.000000] No AGP bridge found
[    0.000000] Memory: 168724k/262132k available (20146k kernel code, 452k absent, 92956k reserved, 17170k data, 696k init)
[    0.000000] SLUB: Genslabs=15, HWalign=64, Order=0-3, MinObjects=0, CPUs=1, Nodes=1
[    0.000000] NR_IRQS:4352 nr_irqs:256 16
[    0.000000] Console: colour VGA+ 80x25
[    0.000000] console [tty0] enabled
[    0.000000] console [ttyS0] enabled
[    0.000000] Lock dependency validator: Copyright (c) 2006 Red Hat, Inc., Ingo Molnar
[    0.000000] ... MAX_LOCKDEP_SUBCLASSES:  8
[    0.000000] ... MAX_LOCK_DEPTH:          48
[    0.000000] ... MAX_LOCKDEP_KEYS:        8191
[    0.000000] ... CLASSHASH_SIZE:          4096
[    0.000000] ... MAX_LOCKDEP_ENTRIES:     16384
[    0.000000] ... MAX_LOCKDEP_CHAINS:      32768
[    0.000000] ... CHAINHASH_SIZE:          16384
[    0.000000]  memory used by lock dependency info: 6367 kB
[    0.000000]  per task-struct memory footprint: 2688 bytes
[    0.000000] ODEBUG: 9 of 9 active objects replaced
[    0.000000] Detected 3300.196 MHz processor.
[    0.003333] Calibrating delay loop (skipped) preset value.. 6603.40 BogoMIPS (lpj=11000653)
[    0.003333] pid_max: default: 32768 minimum: 301
[    0.003333] Mount-cache hash table entries: 256
[    0.003953] Initializing cgroup subsys devices
[    0.004753] Initializing cgroup subsys freezer
[    0.005544] Initializing cgroup subsys net_cls
[    0.006674] Initializing cgroup subsys blkio
[    0.007540] Disabled fast string operations
[    0.008326] mce: CPU supports 10 MCE banks
[    0.009102] CPU: Intel Common KVM processor stepping 01
[    0.013212] Performance Events: unsupported Netburst CPU model 6 no PMU driver, software events only.
[    0.015567] Getting VERSION: 50014
[    0.016679] Getting VERSION: 50014
[    0.017295] Getting ID: 0
[    0.017885] Getting ID: ff000000
[    0.018538] Getting LVT0: 8700
[    0.019144] Getting LVT1: 8400
[    0.019823] enabled ExtINT on CPU#0
[    0.020663] ENABLING IO-APIC IRQs
[    0.021398] init IO_APIC IRQs
[    0.022011]  apic 2 pin 0 not connected
[    0.022729] IOAPIC[0]: Set routing entry (2-1 -> 0x31 -> IRQ 1 Mode:0 Active:0 Dest:1)
[    0.023355] IOAPIC[0]: Set routing entry (2-2 -> 0x30 -> IRQ 0 Mode:0 Active:0 Dest:1)
[    0.024742] IOAPIC[0]: Set routing entry (2-3 -> 0x33 -> IRQ 3 Mode:0 Active:0 Dest:1)
[    0.030034] IOAPIC[0]: Set routing entry (2-4 -> 0x34 -> IRQ 4 Mode:0 Active:0 Dest:1)
[    0.031463] IOAPIC[0]: Set routing entry (2-5 -> 0x35 -> IRQ 5 Mode:0 Active:0 Dest:1)
[    0.032831] IOAPIC[0]: Set routing entry (2-6 -> 0x36 -> IRQ 6 Mode:0 Active:0 Dest:1)
[    0.033361] IOAPIC[0]: Set routing entry (2-7 -> 0x37 -> IRQ 7 Mode:0 Active:0 Dest:1)
[    0.034733] IOAPIC[0]: Set routing entry (2-8 -> 0x38 -> IRQ 8 Mode:0 Active:0 Dest:1)
[    0.036689] IOAPIC[0]: Set routing entry (2-9 -> 0x29 -> IRQ 33 Mode:1 Active:0 Dest:1)
[    0.038124] IOAPIC[0]: Set routing entry (2-10 -> 0x41 -> IRQ 34 Mode:1 Active:0 Dest:1)
[    0.040019] IOAPIC[0]: Set routing entry (2-11 -> 0x49 -> IRQ 35 Mode:1 Active:0 Dest:1)
[    0.041498] IOAPIC[0]: Set routing entry (2-12 -> 0x3c -> IRQ 12 Mode:0 Active:0 Dest:1)
[    0.042890] IOAPIC[0]: Set routing entry (2-13 -> 0x3d -> IRQ 13 Mode:0 Active:0 Dest:1)
[    0.043354] IOAPIC[0]: Set routing entry (2-14 -> 0x3e -> IRQ 14 Mode:0 Active:0 Dest:1)
[    0.044798] IOAPIC[0]: Set routing entry (2-15 -> 0x3f -> IRQ 15 Mode:0 Active:0 Dest:1)
[    0.046682]  apic 2 pin 16 not connected
[    0.047383]  apic 2 pin 17 not connected
[    0.048127]  apic 2 pin 18 not connected
[    0.048867]  apic 2 pin 19 not connected
[    0.050002]  apic 2 pin 20 not connected
[    0.050784]  apic 2 pin 21 not connected
[    0.051528]  apic 2 pin 22 not connected
[    0.052271]  apic 2 pin 23 not connected
[    0.053487] ..TIMER: vector=0x30 apic1=0 pin1=2 apic2=-1 pin2=-1
[    0.054936] Using local APIC timer interrupts.
[    0.054936] calibrating APIC timer ...
[    0.059996] ... lapic delta = 6249547
[    0.059996] ..... delta 6249547
[    0.059996] ..... mult: 268433501
[    0.059996] ..... calibration result: 3333091
[    0.059996] ..... CPU clock speed is 3300.0668 MHz.
[    0.059996] ..... host bus clock speed is 1000.0091 MHz.
[    0.059996] ... verify APIC timer
[    0.170650] ... jiffies delta = 30
[    0.171600] ... jiffies result ok
[    0.172954] devtmpfs: initialized
[    0.173322] atomic64 test passed for x86-64 platform with CX8 and with SSE
[    0.173610] dummy: 
[    0.174431] NET: Registered protocol family 16
[    0.177036] dca service started, version 1.12.1
[    0.178200] PCI: Using configuration type 1 for base access
[    0.190348] bio: create slab <bio-0> at 0
[    0.191922] vgaarb: loaded
[    0.193110] SCSI subsystem initialized
[    0.193402] libata version 3.00 loaded.
[    0.194568] usbcore: registered new interface driver usbfs
[    0.196681] usbcore: registered new interface driver hub
[    0.198062] usbcore: registered new device driver usb
[    0.199557] pps_core: LinuxPPS API ver. 1 registered
[    0.199992] pps_core: Software ver. 5.3.6 - Copyright 2005-2007 Rodolfo Giometti <giometti@linux.it>
[    0.203436] Advanced Linux Sound Architecture Driver Version 1.0.25.
[    0.205020] PCI: Probing PCI hardware
[    0.206054] PCI: root bus 00: using default resources
[    0.206659] PCI: Probing PCI hardware (bus 00)
[    0.207912] PCI host bridge to bus 0000:00
[    0.209046] pci_bus 0000:00: root bus resource [io  0x0000-0xffff]
[    0.209993] pci_bus 0000:00: root bus resource [mem 0x00000000-0xffffffffff]
[    0.211742] pci_bus 0000:00: scanning bus
[    0.213394] pci 0000:00:00.0: [8086:1237] type 00 class 0x060000
[    0.214930] pci 0000:00:00.0: calling quirk_mmio_always_on+0x0/0x11
[    0.217003] pci 0000:00:01.0: [8086:7000] type 00 class 0x060100
[    0.219078] pci 0000:00:01.1: [8086:7010] type 00 class 0x010180
[    0.220276] pci 0000:00:01.1: reg 20: [io  0xc000-0xc00f]
[    0.223440] pci 0000:00:01.3: [8086:7113] type 00 class 0x068000
[    0.225404] pci 0000:00:01.3: calling quirk_piix4_acpi+0x0/0x1b7
[    0.226669] pci 0000:00:01.3: quirk: [io  0xb000-0xb03f] claimed by PIIX4 ACPI
[    0.228651] pci 0000:00:01.3: quirk: [io  0xb100-0xb10f] claimed by PIIX4 SMB
[    0.230036] pci 0000:00:01.3: calling pci_fixup_piix4_acpi+0x0/0x17
[    0.231891] pci 0000:00:02.0: [1013:00b8] type 00 class 0x030000
[    0.236716] pci 0000:00:02.0: reg 10: [mem 0xf0000000-0xf1ffffff pref]
[    0.239462] pci 0000:00:02.0: reg 14: [mem 0xf2000000-0xf2000fff]
[    0.246148] pci 0000:00:02.0: reg 30: [mem 0xf2010000-0xf201ffff pref]
[    0.246905] pci 0000:00:03.0: [8086:100e] type 00 class 0x020000
[    0.250108] pci 0000:00:03.0: reg 10: [mem 0xf2020000-0xf203ffff]
[    0.251801] pci 0000:00:03.0: reg 14: [io  0xc040-0xc07f]
[    0.253978] pci 0000:00:03.0: reg 30: [mem 0xf2040000-0xf2047fff pref]
[    0.255878] pci 0000:00:04.0: [1af4:1001] type 00 class 0x010000
[    0.256781] pci 0000:00:04.0: reg 10: [io  0xc080-0xc0bf]
[    0.258364] pci 0000:00:04.0: reg 14: [mem 0xf2048000-0xf2048fff]
[    0.260614] pci 0000:00:05.0: [1af4:1001] type 00 class 0x010000
[    0.262353] pci 0000:00:05.0: reg 10: [io  0xc0c0-0xc0ff]
[    0.263390] pci 0000:00:05.0: reg 14: [mem 0xf2049000-0xf2049fff]
[    0.267049] pci 0000:00:06.0: [1af4:1001] type 00 class 0x010000
[    0.268740] pci 0000:00:06.0: reg 10: [io  0xc100-0xc13f]
[    0.270059] pci 0000:00:06.0: reg 14: [mem 0xf204a000-0xf204afff]
[    0.272330] pci 0000:00:07.0: [1af4:1001] type 00 class 0x010000
[    0.273460] pci 0000:00:07.0: reg 10: [io  0xc140-0xc17f]
[    0.275002] pci 0000:00:07.0: reg 14: [mem 0xf204b000-0xf204bfff]
[    0.277256] pci 0000:00:08.0: [1af4:1001] type 00 class 0x010000
[    0.279012] pci 0000:00:08.0: reg 10: [io  0xc180-0xc1bf]
[    0.280055] pci 0000:00:08.0: reg 14: [mem 0xf204c000-0xf204cfff]
[    0.283774] pci 0000:00:09.0: [1af4:1001] type 00 class 0x010000
[    0.285543] pci 0000:00:09.0: reg 10: [io  0xc1c0-0xc1ff]
[    0.286725] pci 0000:00:09.0: reg 14: [mem 0xf204d000-0xf204dfff]
[    0.288974] pci 0000:00:0a.0: [8086:25ab] type 00 class 0x088000
[    0.290074] pci 0000:00:0a.0: reg 10: [mem 0xf204e000-0xf204e00f]
[    0.293339] pci_bus 0000:00: fixups for bus
[    0.294509] pci_bus 0000:00: bus scan returning with max=00
[    0.296483] vgaarb: device added: PCI:0000:00:02.0,decodes=io+mem,owns=io+mem,locks=none
[    0.297035] pci 0000:00:01.0: PIIX/ICH IRQ router [8086:7000]
[    0.300021] PCI: pci_cache_line_size set to 64 bytes
[    0.301421] pci 0000:00:01.1: BAR 0: reserving [io  0x01f0-0x01f7 flags 0x110] (d=0, p=0)
[    0.303328] pci 0000:00:01.1: BAR 1: reserving [io  0x03f6 flags 0x110] (d=0, p=0)
[    0.305459] pci 0000:00:01.1: BAR 2: reserving [io  0x0170-0x0177 flags 0x110] (d=0, p=0)
[    0.306654] pci 0000:00:01.1: BAR 3: reserving [io  0x0376 flags 0x110] (d=0, p=0)
[    0.309987] pci 0000:00:01.1: BAR 4: reserving [io  0xc000-0xc00f flags 0x40101] (d=0, p=0)
[    0.312292] pci 0000:00:02.0: BAR 0: reserving [mem 0xf0000000-0xf1ffffff flags 0x42208] (d=0, p=0)
[    0.313324] pci 0000:00:02.0: BAR 1: reserving [mem 0xf2000000-0xf2000fff flags 0x40200] (d=0, p=0)
[    0.316666] pci 0000:00:03.0: BAR 0: reserving [mem 0xf2020000-0xf203ffff flags 0x40200] (d=0, p=0)
[    0.319986] pci 0000:00:03.0: BAR 1: reserving [io  0xc040-0xc07f flags 0x40101] (d=0, p=0)
[    0.322259] pci 0000:00:04.0: BAR 0: reserving [io  0xc080-0xc0bf flags 0x40101] (d=0, p=0)
[    0.323320] pci 0000:00:04.0: BAR 1: reserving [mem 0xf2048000-0xf2048fff flags 0x40200] (d=0, p=0)
[    0.326665] pci 0000:00:05.0: BAR 0: reserving [io  0xc0c0-0xc0ff flags 0x40101] (d=0, p=0)
[    0.328933] pci 0000:00:05.0: BAR 1: reserving [mem 0xf2049000-0xf2049fff flags 0x40200] (d=0, p=0)
[    0.330000] pci 0000:00:06.0: BAR 0: reserving [io  0xc100-0xc13f flags 0x40101] (d=0, p=0)
[    0.333319] pci 0000:00:06.0: BAR 1: reserving [mem 0xf204a000-0xf204afff flags 0x40200] (d=0, p=0)
[    0.336664] pci 0000:00:07.0: BAR 0: reserving [io  0xc140-0xc17f flags 0x40101] (d=0, p=0)
[    0.338925] pci 0000:00:07.0: BAR 1: reserving [mem 0xf204b000-0xf204bfff flags 0x40200] (d=0, p=0)
[    0.339998] pci 0000:00:08.0: BAR 0: reserving [io  0xc180-0xc1bf flags 0x40101] (d=0, p=0)
[    0.343318] pci 0000:00:08.0: BAR 1: reserving [mem 0xf204c000-0xf204cfff flags 0x40200] (d=0, p=0)
[    0.345766] pci 0000:00:09.0: BAR 0: reserving [io  0xc1c0-0xc1ff flags 0x40101] (d=0, p=0)
[    0.346651] pci 0000:00:09.0: BAR 1: reserving [mem 0xf204d000-0xf204dfff flags 0x40200] (d=0, p=0)
[    0.350002] pci 0000:00:0a.0: BAR 0: reserving [mem 0xf204e000-0xf204e00f flags 0x40200] (d=0, p=0)
[    0.352398] e820: reserve RAM buffer [mem 0x0009f400-0x0009ffff]
[    0.353321] e820: reserve RAM buffer [mem 0x0fffd000-0x0fffffff]
[    0.356912] irda_init()
[    0.357738] NET: Registered protocol family 23
[    0.359611] cfg80211: Calling CRDA to update world regulatory domain
[    0.360086] nfc: nfc_init: NFC Core ver 0.1
[    0.361291] NET: Registered protocol family 39
[    0.363741] Switching to clocksource kvm-clock
[    0.392437] FS-Cache: Loaded
[    0.397418] pci_bus 0000:00: resource 4 [io  0x0000-0xffff]
[    0.398519] pci_bus 0000:00: resource 5 [mem 0x00000000-0xffffffffff]
[    0.400079] NET: Registered protocol family 1
[    0.401272] pci 0000:00:00.0: calling quirk_natoma+0x0/0x40
[    0.402715] pci 0000:00:00.0: Limiting direct PCI/PCI transfers
[    0.404230] pci 0000:00:00.0: calling quirk_passive_release+0x0/0xf0
[    0.405813] pci 0000:00:01.0: PIIX3: Enabling Passive Release
[    0.407294] pci 0000:00:01.0: calling quirk_isa_dma_hangs+0x0/0x43
[    0.408875] pci 0000:00:01.0: Activating ISA DMA hang workarounds
[    0.410485] pci 0000:00:02.0: calling pci_fixup_video+0x0/0xf7
[    0.411995] pci 0000:00:02.0: Boot video device
[    0.413227] pci 0000:00:03.0: calling quirk_e100_interrupt+0x0/0x1e0
[    0.414948] PCI: CLS 0 bytes, default 64
[    0.418593] Unpacking initramfs...
[    1.076188] Freeing initrd memory: 23656k freed
[    1.082066] platform rtc_cmos: registered platform RTC device (no PNP device found)
[    1.084932] cryptomgr_test (17) used greatest stack depth: 6424 bytes left
[    1.086657] camellia-x86_64: performance on this CPU would be suboptimal: disabling camellia-x86_64.
[    1.089058] twofish-x86_64-3way: performance on this CPU would be suboptimal: disabling twofish-x86_64-3way.
[    1.092252] Initializing RT-Tester: OK
[    1.093810] HugeTLB registered 2 MB page size, pre-allocated 0 pages
[    1.102497] VFS: Disk quotas dquot_6.5.2
[    1.103678] Dquot-cache hash table entries: 512 (order 0, 4096 bytes)
[    1.107143] OCFS2 1.5.0
[    1.108106] ocfs2: Registered cluster interface o2cb
[    1.109372] OCFS2 DLMFS 1.5.0
[    1.110393] OCFS2 User DLM kernel interface loaded
[    1.111672] OCFS2 Node Manager 1.5.0
[    1.114093] OCFS2 DLM 1.5.0
[    1.115855] Btrfs loaded
[    1.117505] GFS2 installed
[    1.118324] msgmni has been set to 375
[    1.121839] Block layer SCSI generic (bsg) driver version 0.4 loaded (major 250)
[    1.123801] io scheduler noop registered (default)
[    1.125053] list_sort_test: start testing list_sort()
[    1.126753] pci_hotplug: PCI Hot Plug PCI Core version: 0.5
[    1.128344] i2c-core: driver [adp8860_bl] using legacy suspend method
[    1.129899] i2c-core: driver [adp8860_bl] using legacy resume method
[    1.131507] i2c-core: driver [adp8870_bl] using legacy suspend method
[    1.133073] i2c-core: driver [adp8870_bl] using legacy resume method
[    1.135037] vmlfb: initializing
[    1.135985] Could not find Carillo Ranch MCH device.
[    1.137307] no IO addresses supplied
[    1.138359] hgafb: HGA card not detected.
[    1.139453] hgafb: probe of hgafb.0 failed with error -22
[    1.140959] usbcore: registered new interface driver udlfb
[    1.142812] kworker/u:0 (73) used greatest stack depth: 5736 bytes left
[    1.144647] uvesafb: failed to execute /sbin/v86d
[    1.145888] uvesafb: make sure that the v86d helper is installed and executable
[    1.147799] uvesafb: Getting VBE info block failed (eax=0x4f00, err=-2)
[    1.149454] uvesafb: vbe_init() failed with -22
[    1.150615] uvesafb: probe of uvesafb.0 failed with error -22
[    1.152258] ioatdma: Intel(R) QuickData Technology Driver 4.00
[    1.177784] r3964: Philips r3964 Driver $Revision: 1.10 $
[    1.179204] Serial: 8250/16550 driver, 4 ports, IRQ sharing enabled
[    1.206043] serial8250: ttyS0 at I/O 0x3f8 (irq = 4) is a 16550A
[    1.208714] Applicom driver: $Id: ac.c,v 1.30 2000/03/22 16:03:57 dwmw2 Exp $
[    1.210510] ac.o: No PCI boards found.
[    1.211525] ac.o: For an ISA board you must supply memory and irq parameters.
[    1.213292] Linux agpgart interface v0.103
[    1.214960] [drm] Initialized drm 1.1.0 20060810
[    1.216506] i2c-core: driver [ch7006] using legacy suspend method
[    1.217994] i2c-core: driver [ch7006] using legacy resume method
[    1.219665] lkdtm: No crash points registered, enable through debugfs
[    1.221443] i2c-core: driver [apds9802als] using legacy suspend method
[    1.223041] i2c-core: driver [apds9802als] using legacy resume method
[    1.224686] i2c-core: driver [isl29003] using legacy suspend method
[    1.226216] i2c-core: driver [isl29003] using legacy resume method
[    1.227790] i2c-core: driver [tsl2550] using legacy suspend method
[    1.229293] i2c-core: driver [tsl2550] using legacy resume method
[    1.230912] i2c-core: driver [fsa9480] using legacy suspend method
[    1.232471] i2c-core: driver [fsa9480] using legacy resume method
[    1.234482] Loading iSCSI transport class v2.0-870.
[    1.236001] rdac: device handler registered
[    1.237149] hp_sw: device handler registered
[    1.238258] alua: device handler registered
[    1.239627] fnic: Cisco FCoE HBA Driver, ver 1.5.0.2
[    1.241113] bnx2fc: Broadcom NetXtreme II FCoE Driver bnx2fc v1.0.11 (Apr 24, 2012)
[    1.243580] aic94xx: Adaptec aic94xx SAS/SATA driver version 1.0.3 loaded
[    1.245315] isci: Intel(R) C600 SAS Controller Driver - version 1.1.0
[    1.247012] scsi: <fdomain> Detection failed (no card)
[    1.248415] iscsi: registered transport (qla4xxx)
[    1.249659] QLogic iSCSI HBA Driver
[    1.250623] Brocade BFA FC/FCOE SCSI driver - version: 3.0.23.0
[    1.252155] megasas: 00.00.06.15-rc1 Mon. Mar. 19 17:00:00 PDT 2012
[    1.253736] GDT-HA: Storage RAID Controller Driver. Version: 3.05
[    1.255359] 3ware 9000 Storage Controller device driver for Linux v2.26.02.014.
[    1.257348] LSI 3ware SAS/SATA-RAID Controller device driver for Linux v3.26.02.000.
[    1.259339] RocketRAID 3xxx/4xxx Controller driver v1.6 (090910)
[    1.260868] stex: Promise SuperTrak EX Driver version: 4.6.0000.4
[    1.262473] Broadcom NetXtreme II iSCSI Driver bnx2i v2.7.2.2 (Apr 25, 2012)
[    1.264013] iscsi: registered transport (bnx2i)
[    1.265005] iscsi: registered transport (be2iscsi)
[    1.266105] st: Version 20101219, fixed bufsize 32768, s/g segs 256
[    1.267407] osst :I: Tape driver with OnStream support version 0.99.4
[    1.267407] osst :I: $Id: osst.c,v 1.73 2005/01/01 21:13:34 wriede Exp $
[    1.270467] eql: Equalizer2002: Simon Janes (simon@ncm.com) and David S. Miller (davem@redhat.com)
[    1.273054] tun: Universal TUN/TAP device driver, 1.6
[    1.274111] tun: (C) 1999-2004 Max Krasnyansky <maxk@qualcomm.com>
[    1.275469] ipddp.c:v0.01 8/28/97 Bradford W. Johnson <johns393@maroon.tc.umn.edu>
[    1.277177] ipddp0: Appletalk-IP Encap. mode by Bradford W. Johnson <johns393@maroon.tc.umn.edu>
[    1.279114] cnic: Broadcom NetXtreme II CNIC Driver cnic v2.5.10 (March 21, 2012)
[    1.280969] e1000: Intel(R) PRO/1000 Network Driver - version 7.3.21-k8-NAPI
[    1.282353] e1000: Copyright (c) 1999-2006 Intel Corporation.
[    1.283590] querying PCI -> IRQ mapping bus:0, slot:3, pin:0.
[    1.284817] IOAPIC[0]: Set routing entry (2-11 -> 0x49 -> IRQ 35 Mode:1 Active:0 Dest:1)
[    1.286525] e1000 0000:00:03.0: PCI->APIC IRQ transform: INT A -> IRQ 35
[    1.287863] e1000 0000:00:03.0: enabling bus mastering
[    1.288944] e1000 0000:00:03.0: setting latency timer to 64
[    1.606312] e1000 0000:00:03.0: eth0: (PCI:33MHz:32-bit) 00:00:00:00:00:ff
[    1.607793] e1000 0000:00:03.0: eth0: Intel(R) PRO/1000 Network Connection
[    1.609193] igb: Intel(R) Gigabit Ethernet Network Driver - version 3.4.7-k
[    1.610580] igb: Copyright (c) 2007-2012 Intel Corporation.
[    1.611819] ixgbevf: Intel(R) 10 Gigabit PCI Express Virtual Function Network Driver - version 2.6.0-k
[    1.613692] ixgbevf: Copyright (c) 2009 - 2012 Intel Corporation.
[    1.615044] ixgb: Intel(R) PRO/10GbE Network Driver - version 1.0.135-k2-NAPI
[    1.616434] ixgb: Copyright (c) 1999-2008 Intel Corporation.
[    1.617781] tlan: ThunderLAN driver v1.17
[    1.618736] tlan: 0 devices installed, PCI: 0  EISA: 0
[    1.619871] usbcore: registered new interface driver irda-usb
[    1.621075] usbcore: registered new interface driver stir4200
[    1.622366] w83977af_init()
[    1.623066] w83977af_open()
[    1.623787] w83977af_probe()
[    1.624615] w83977af_probe(), Wrong chip version
[    1.625490] w83977af_probe()
[    1.626502] w83977af_probe(), Wrong chip version
[    1.627847] usbcore: registered new interface driver ksdazzle-sir
[    1.629381] SLIP: version 0.8.4-NET3.019-NEWTTY (dynamic channels, max=256).
[    1.630799] airo(): Probing for PCI adapters
[    1.631785] airo(): Finished probing for PCI adapters
[    1.632821] Loaded prism54 driver, version 1.2
[    1.633876] usbcore: registered new interface driver rndis_wlan
[    1.635129] usbcore: registered new interface driver catc
[    1.636256] usbcore: registered new interface driver kaweth
[    1.637465] usbcore: registered new interface driver rtl8150
[    1.638680] usbcore: registered new interface driver cdc_ether
[    1.639897] usbcore: registered new interface driver smsc75xx
[    1.641153] usbcore: registered new interface driver gl620a
[    1.642322] usbcore: registered new interface driver plusb
[    1.643535] usbcore: registered new interface driver rndis_host
[    1.644860] usbcore: registered new interface driver cdc_subset
[    1.646093] usbcore: registered new interface driver MOSCHIP usb-ethernet driver
[    1.647778] usbcore: registered new interface driver kalmia
[    1.648976] usbcore: registered new interface driver ipheth
[    1.650103] usbcore: registered new interface driver sierra_net
[    1.651324] usbcore: registered new interface driver qmi_wwan
[    1.652585] Fusion MPT base driver 3.04.20
[    1.653719] Copyright (c) 1999-2008 LSI Corporation
[    1.655000] Fusion MPT SPI Host driver 3.04.20
[    1.656101] Fusion MPT FC Host driver 3.04.20
[    1.657158] Fusion MPT SAS Host driver 3.04.20
[    1.658167] Fusion MPT misc device (ioctl) driver 3.04.20
[    1.659439] mptctl: Registered with Fusion MPT base driver
[    1.660558] mptctl: /dev/mptctl @ (major,minor=10,220)
[    1.661823] Generic UIO driver for PCI 2.3 devices version: 0.01.0
[    1.663221] ehci_hcd: USB 2.0 'Enhanced' Host Controller (EHCI) Driver
[    1.664630] ohci_hcd: USB 1.1 'Open' Host Controller (OHCI) Driver
[    1.665928] driver u132_hcd
[    1.667166] usbcore: registered new interface driver wusb-cbaf
[    1.668368] usbcore: registered new interface driver usblp
[    1.669499] usbcore: registered new interface driver cdc_wdm
[    1.670693] usbcore: registered new interface driver usbtmc
[    1.671879] usbcore: registered new interface driver libusual
[    1.673073] usbcore: registered new interface driver mdc800
[    1.674213] mdc800: v0.7.5 (30/10/2000):USB Driver for Mustek MDC800 Digital Camera
[    1.675845] usbcore: registered new interface driver microtekX6
[    1.677082] usbcore: registered new interface driver adutux
[    1.678352] usbcore: registered new interface driver appledisplay
[    1.679598] usbcore: registered new interface driver cytherm
[    1.680846] usbcore: registered new interface driver emi62 - firmware loader
[    1.682298] driver ftdi-elan
[    1.683205] usbcore: registered new interface driver ftdi-elan
[    1.684571] usbcore: registered new interface driver iowarrior
[    1.685935] usbcore: registered new interface driver isight_firmware
[    1.687369] usbcore: registered new interface driver usblcd
[    1.688630] usbcore: registered new interface driver legousbtower
[    1.692761] usbcore: registered new interface driver rio500
[    1.694009] usbcore: registered new interface driver trancevibrator
[    1.695378] usbcore: registered new interface driver usbsevseg
[    1.696633] usbcore: registered new interface driver sisusb
[    1.698821] serio: i8042 KBD port at 0x60,0x64 irq 1
[    1.699947] serio: i8042 AUX port at 0x60,0x64 irq 12
[    1.755818] mousedev: PS/2 mouse device common for all mice
[    1.757087] usbcore: registered new interface driver appletouch
[    1.758398] usbcore: registered new interface driver wacom
[    1.759940] rtc_cmos rtc_cmos: rtc core: registered rtc_cmos as rtc0
[    1.761215] rtc0: alarms up to one day, 114 bytes nvram
[    1.762750] rtc-test rtc-test.0: rtc core: registered test as rtc1
[    1.764119] rtc-test rtc-test.1: rtc core: registered test as rtc2
[    1.765465] i2c /dev entries driver
[    1.766569] usbcore: registered new interface driver i2c-diolan-u2c
[    1.767788] Driver for 1-wire Dallas network protocol.
[    1.768935] usbcore: registered new interface driver DS9490R
[    1.770165] power_supply test_ac: uevent
[    1.771002] power_supply test_ac: POWER_SUPPLY_NAME=test_ac
[    1.772151] power_supply test_ac: prop ONLINE=1
[    1.773146] power_supply test_ac: power_supply_changed
[    1.774272] power_supply test_battery: uevent
[    1.775170] power_supply test_battery: POWER_SUPPLY_NAME=test_battery
[    1.776360] power_supply test_battery: prop STATUS=Discharging
[    1.777514] power_supply test_battery: prop CHARGE_TYPE=Fast
[    1.778646] power_supply test_battery: prop HEALTH=Good
[    1.779722] power_supply test_battery: prop PRESENT=1
[    1.780710] power_supply test_battery: prop TECHNOLOGY=Li-ion
[    1.781838] power_supply test_battery: prop CHARGE_FULL_DESIGN=100
[    1.783004] power_supply test_battery: prop CHARGE_FULL=100
[    1.784079] power_supply test_battery: prop CHARGE_NOW=50
[    1.785166] power_supply test_battery: prop CAPACITY=50
[    1.786159] power_supply test_battery: prop CAPACITY_LEVEL=Normal
[    1.787292] power_supply test_battery: prop TIME_TO_EMPTY_AVG=3600
[    1.788546] power_supply test_battery: prop TIME_TO_FULL_NOW=3600
[    1.789700] power_supply test_battery: prop MODEL_NAME=Test battery
[    1.790880] power_supply test_battery: prop MANUFACTURER=Linux
[    1.791999] power_supply test_battery: prop SERIAL_NUMBER=3.5.0-rc6-bisect-00356-g5d37e9e6
[    1.793613] power_supply test_battery: power_supply_changed
[    1.794765] i2c-core: driver [max17040] using legacy suspend method
[    1.795936] i2c-core: driver [max17040] using legacy resume method
[    1.797369] f71882fg: Not a Fintek device
[    1.798268] f71882fg: Not a Fintek device
[    1.799560] sch56xx_common: Unsupported device id: 0xff
[    1.800603] sch56xx_common: Unsupported device id: 0xff
[    1.802071] usbcore: registered new interface driver pcwd_usb
[    1.803211] acquirewdt: WDT driver for Acquire single board computer initialising
[    1.804901] acquirewdt: I/O address 0x0043 already in use
[    1.805943] acquirewdt: probe of acquirewdt failed with error -5
[    1.807186] ib700wdt: WDT driver for IB700 single board computer initialising
[    1.809204] input: AT Translated Set 2 keyboard as /devices/platform/i8042/serio0/input/input0
[    1.811122] power_supply test_ac: power_supply_changed_work
[    1.812193] power_supply test_ac: power_supply_update_gen_leds 1
[    1.813329] power_supply test_ac: uevent
[    1.814128] power_supply test_ac: POWER_SUPPLY_NAME=test_ac
[    1.815193] power_supply test_ac: prop ONLINE=1
[    1.816093] power_supply test_battery: power_supply_changed_work
[    1.817225] power_supply test_battery: power_supply_update_bat_leds 2
[    1.818488] power_supply test_battery: uevent
[    1.819378] power_supply test_battery: POWER_SUPPLY_NAME=test_battery
[    1.820594] power_supply test_battery: prop STATUS=Discharging
[    1.821729] power_supply test_battery: prop CHARGE_TYPE=Fast
[    1.822793] power_supply test_battery: prop HEALTH=Good
[    1.823812] power_supply test_battery: prop PRESENT=1
[    1.824821] power_supply test_battery: prop TECHNOLOGY=Li-ion
[    1.825896] power_supply test_battery: prop CHARGE_FULL_DESIGN=100
[    1.827099] power_supply test_battery: prop CHARGE_FULL=100
[    1.828156] power_supply test_battery: prop CHARGE_NOW=50
[    1.829175] power_supply test_battery: prop CAPACITY=50
[    1.830184] power_supply test_battery: prop CAPACITY_LEVEL=Normal
[    1.831344] power_supply test_battery: prop TIME_TO_EMPTY_AVG=3600
[    1.832502] power_supply test_battery: prop TIME_TO_FULL_NOW=3600
[    1.833699] power_supply test_battery: prop MODEL_NAME=Test battery
[    1.834981] power_supply test_battery: prop MANUFACTURER=Linux
[    1.836083] power_supply test_battery: prop SERIAL_NUMBER=3.5.0-rc6-bisect-00356-g5d37e9e6
[    1.837797] wafer5823wdt: WDT driver for Wafer 5823 single board computer initialising
[    1.839433] wafer5823wdt: I/O address 0x0443 already in use
[    1.840540] i6300esb: Intel 6300ESB WatchDog Timer Driver v0.05
[    1.841859] i6300esb: cannot register miscdev on minor=130 (err=-16)
[    1.843081] i6300ESB timer: probe of 0000:00:0a.0 failed with error -16
[    1.844319] iTCO_wdt: Intel TCO WatchDog Timer Driver v1.07
[    1.845453] iTCO_vendor_support: vendor-support=0
[    1.846454] sc1200wdt: build 20020303
[    1.847220] sc1200wdt: io parameter must be specified
[    1.848302] nv_tco: NV TCO WatchDog Timer Driver v0.01
[    1.849472] cpu5wdt: misc_register failed
[    1.850293] smsc37b787_wdt: SMsC 37B787 watchdog component driver 1.1 initialising...
[    1.852936] smsc37b787_wdt: Unable to register miscdev on minor 130
[    1.854153] w83627hf_wdt: WDT driver for the Winbond(TM) W83627HF/THF/HG/DHG Super I/O chip initialising
[    1.856036] w83627hf_wdt: Watchdog already running. Resetting timeout to 60 sec
[    1.857547] w83627hf_wdt: cannot register miscdev on minor=130 (err=-16)
[    1.858804] w83697ug_wdt: WDT driver for the Winbond(TM) W83697UG/UF Super I/O chip initialising
[    1.860519] w83697ug_wdt: No W83697UG/UF could be found
[    1.861571] w83977f_wdt: driver v1.00
[    1.862333] w83977f_wdt: cannot register miscdev on minor=130 (err=-16)
[    1.863659] sbc_epx_c3: cannot register miscdev on minor=130 (err=-16)
[    1.865014] EDAC MC: Ver: 2.1.0
[    1.865970] EDAC DEBUG: edac_sysfs_setup_mc_kset: edac_sysfs_setup_mc_kset()
[    1.867348] EDAC DEBUG: edac_sysfs_setup_mc_kset: edac_sysfs_setup_mc_kset() Registered '.../edac/mc' kobject
[    1.869356] EDAC DEBUG: i5000_init: MC: /c/wfg/linux/drivers/edac/i5000_edac.c: i5000_init()
[    1.871068] EDAC DEBUG: i7300_init: MC: /c/wfg/linux/drivers/edac/i7300_edac.c: i7300_init()
[    1.872785] EDAC DEBUG: i82975x_init: i82975x pci_get_device fail
[    1.874014] EDAC DEBUG: x38_init: x38 pci_get_device fail
[    1.875262] leds_ss4200: no LED devices found
[    1.877149] usbcore: registered new interface driver usbhid
[    1.878332] usbhid: USB HID core driver
[    1.879285] usbip_core: USB/IP Core v1.0.0
[    1.880220] usbcore: registered new interface driver asus-oled
[    1.881377] usbcore: registered new interface driver r8712u
[    1.882490] usbcore: registered new interface driver tranzport
[    1.883631] usbcore: registered new interface driver alphatrack
[    1.884808] usbcore: registered new interface driver line6usb
[    1.885966] VME User Space Access Driver
[    1.886804] vme_user: No cards, skipping registration
[    1.888635] Loading crystalhd 0.9.27
[    1.889681] logger: created 256K log 'log_main'
[    1.890700] logger: created 256K log 'log_events'
[    1.891765] logger: created 256K log 'log_radio'
[    1.892780] logger: created 256K log 'log_system'
[    1.894026] ozwpan ozwpan: Ozmo Devices WPAN
[    1.894980] ozwpan ozwpan: new USB bus registered, assigned bus number 1
[    1.896782] hub 1-0:1.0: USB hub found
[    1.897666] hub 1-0:1.0: 8 ports detected
[    1.898849] usbcore: registered new interface driver gdm_wimax
[    1.900083] hdaps: supported laptop not found!
[    1.901021] hdaps: driver init failed (ret=-19)!
[    1.903025] ALSA mpu401.c:110 specify port
[    1.903906] snd_mpu401: probe of snd_mpu401.0 failed with error -22
[    1.905214] pktgen: Packet Generator for packet performance testing. Version: 2.74
[    1.906921] NET: Registered protocol family 26
[    1.907881] Simple TC action Loaded
[    1.908757] netem: version 1.3
[    1.909536] NET: Registered protocol family 15
[    1.910517] NET: Registered protocol family 5
[    1.911686] IrCOMM protocol (Dag Brattli)
[    1.913988] NET: Registered protocol family 35
[    1.915044] lib80211: common routines for IEEE802.11 drivers
[    1.916143] lib80211_crypt: registered algorithm 'NULL'
[    1.917170] lib80211_crypt: registered algorithm 'WEP'
[    1.918205] lib80211_crypt: registered algorithm 'CCMP'
[    1.919230] lib80211_crypt: registered algorithm 'TKIP'
[    1.920257] 9pnet: Installing 9P2000 support
[    1.921166] NET: Registered protocol family 36
[    1.922217] batman_adv: B.A.T.M.A.N. advanced 2012.2.0 (compatibility version 14) loaded
[    1.924206] 
[    1.924206] printing PIC contents
[    1.925289] ... PIC  IMR: fffb
[    1.925983] ... PIC  IRR: 1013
[    1.926694] ... PIC  ISR: 0000
[    1.927377] ... PIC ELCR: 0c00
[    1.928124] printing local APIC contents on CPU#0/0:
[    1.929105] ... APIC ID:      00000000 (0)
[    1.929978] ... APIC VERSION: 00050014
[    1.930805] ... APIC TASKPRI: 00000000 (00)
[    1.931446] ... APIC PROCPRI: 00000000
[    1.931446] ... APIC LDR: 01000000
[    1.931446] ... APIC DFR: ffffffff
[    1.931446] ... APIC SPIV: 000001ff
[    1.931446] ... APIC ISR field:
[    1.931446] 0000000000000000000000000000000000000000000000000000000000000000
[    1.931446] ... APIC TMR field:
[    1.931446] 0000000000000000000000000000000000000000000000000000000000000000
[    1.931446] ... APIC IRR field:
[    1.931446] 0000000000000000000000000000000000000000000000000000000000008000
[    1.931446] ... APIC ESR: 00000000
[    1.931446] ... APIC ICR: 00000831
[    1.931446] ... APIC ICR2: 01000000
[    1.931446] ... APIC LVTT: 000200ef
[    1.931446] ... APIC LVTPC: 00010000
[    1.931446] ... APIC LVT0: 00010700
[    1.931446] ... APIC LVT1: 00000400
[    1.931446] ... APIC LVTERR: 000000fe
[    1.931446] ... APIC TMICT: 00032dbe
[    1.931446] ... APIC TMCCT: 00019805
[    1.931446] ... APIC TDCR: 00000003
[    1.931446] 
[    1.955160] number of MP IRQ sources: 20.
[    1.956080] number of IO-APIC #2 registers: 24.
[    1.957104] testing the IO APIC.......................
[    1.958284] 
[    1.958777] IO APIC #2......
[    1.959538] .... register #00: 00000000
[    1.960523] .......    : physical APIC id: 00
[    1.961522] .......    : Delivery Type: 0
[    1.962381] .......    : LTS          : 0
[    1.963310] .... register #01: 00170011
[    1.964242] .......     : max redirection entries: 17
[    1.965363] .......     : PRQ implemented: 0
[    1.966343] .......     : IO APIC version: 11
[    1.967329] .... register #02: 00000000
[    1.968246] .......     : arbitration: 00
[    1.969142] .... IRQ redirection table:
[    1.970040]  NR Dst Mask Trig IRR Pol Stat Dmod Deli Vect:
[    1.971214]  00 00  1    0    0   0   0    0    0    00
[    1.972485]  01 01  0    0    0   0   0    1    1    31
[    1.973719]  02 01  0    0    0   0   0    1    1    30
[    1.974970]  03 01  0    0    0   0   0    1    1    33
[    1.976196]  04 01  1    0    0   0   0    1    1    34
[    1.977470]  05 01  0    0    0   0   0    1    1    35
[    1.978690]  06 01  0    0    0   0   0    1    1    36
[    1.979910]  07 01  0    0    0   0   0    1    1    37
[    1.981132]  08 01  0    0    0   0   0    1    1    38
[    1.982361]  09 01  1    1    0   0   0    1    1    29
[    1.983622]  0a 01  1    1    0   0   0    1    1    41
[    1.984832]  0b 01  1    1    0   0   0    1    1    49
[    1.986033]  0c 01  0    0    0   0   0    1    1    3C
[    1.987236]  0d 01  0    0    0   0   0    1    1    3D
[    1.988496]  0e 01  0    0    0   0   0    1    1    3E
[    1.989705]  0f 01  0    0    0   0   0    1    1    3F
[    1.990944]  10 00  1    0    0   0   0    0    0    00
[    1.992122]  11 00  1    0    0   0   0    0    0    00
[    1.993322]  12 00  1    0    0   0   0    0    0    00
[    1.994520]  13 00  1    0    0   0   0    0    0    00
[    1.995694]  14 00  1    0    0   0   0    0    0    00
[    1.996852]  15 00  1    0    0   0   0    0    0    00
[    1.998037]  16 00  1    0    0   0   0    0    0    00
[    1.999231]  17 00  1    0    0   0   0    0    0    00
[    2.000387] IRQ to pin mappings:
[    2.001134] IRQ0 -> 0:2
[    2.001968] IRQ1 -> 0:1
[    2.002773] IRQ3 -> 0:3
[    2.003583] IRQ4 -> 0:4
[    2.004365] IRQ5 -> 0:5
[    2.005203] IRQ6 -> 0:6
[    2.005998] IRQ7 -> 0:7
[    2.006776] IRQ8 -> 0:8
[    2.007586] IRQ12 -> 0:12
[    2.008404] IRQ13 -> 0:13
[    2.009248] IRQ14 -> 0:14
[    2.010056] IRQ15 -> 0:15
[    2.010892] IRQ33 -> 0:9
[    2.011730] IRQ34 -> 0:10
[    2.012564] IRQ35 -> 0:11
[    2.013391] .................................... done.
[    2.014830] registered taskstats version 1
[    2.016594] console [netcon0] enabled
[    2.017489] netconsole: network logging started
[    2.018613] rtc_cmos rtc_cmos: setting system clock to 2012-08-08 07:47:40 UTC (1344412060)
[    2.020456] ALSA device list:
[    2.021139]   No soundcards found.
[    2.023438] Freeing unused kernel memory: 696k freed
[    2.039745] hostname (106) used greatest stack depth: 5632 bytes left
[    2.069712] mountall (112) used greatest stack depth: 5472 bytes left
[    2.126624] init: Failed to create pty - disabling logging for job
[    2.128120] init: Temporary process spawn error: No such file or directory
[    2.145902] init: Failed to create pty - disabling logging for job
[    2.147560] init: Temporary process spawn error: No such file or directory
[    2.183645] init: Failed to create pty - disabling logging for job
[    2.185309] init: Temporary process spawn error: No such file or directory
[    2.189923] init: Failed to create pty - disabling logging for job
[    2.191601] init: Temporary process spawn error: No such file or directory
[    2.247076] 00-header (153) used greatest stack depth: 5344 bytes left
[    2.259386] init: Failed to create pty - disabling logging for job
[    2.261075] init: Temporary process spawn error: No such file or directory
[    2.268538] init: Failed to create pty - disabling logging for job
[    2.270116] init: Temporary process spawn error: No such file or directory
[    2.282109] 99-footer (169) used greatest stack depth: 5024 bytes left
[    2.289369] init: Failed to create pty - disabling logging for job
[    2.291023] init: Temporary process spawn error: No such file or directory
[    2.302321] udevd[173]: starting version 175
[    2.308328] init: Failed to create pty - disabling logging for job
[    2.309969] init: Temporary process spawn error: No such file or directory
[    2.321573] init: Failed to create pty - disabling logging for job
[    2.323164] init: Temporary process spawn error: No such file or directory
[    2.336030] init: Failed to create pty - disabling logging for job
[    2.337716] init: Temporary process spawn error: No such file or directory
[    2.363574] init: Failed to create pty - disabling logging for job
[    2.365537] init: Temporary process spawn error: No such file or directory
[    2.378556] init: Failed to create pty - disabling logging for job
[    2.380159] init: Temporary process spawn error: No such file or directory
[    2.391664] init: plymouth-log main process (181) terminated with status 1
[    2.495111] power_supply test_ac: uevent
[    2.496207] power_supply test_ac: POWER_SUPPLY_NAME=test_ac
[    2.497639] power_supply test_ac: prop ONLINE=1
[    2.508052] power_supply test_battery: uevent
[    2.509218] power_supply test_battery: POWER_SUPPLY_NAME=test_battery
[    2.510823] power_supply test_battery: prop STATUS=Discharging
[    2.512322] power_supply test_battery: prop CHARGE_TYPE=Fast
[    2.513772] power_supply test_battery: prop HEALTH=Good
[    2.515142] power_supply test_battery: prop PRESENT=1
[    2.516461] power_supply test_battery: prop TECHNOLOGY=Li-ion
[    2.517914] power_supply test_battery: prop CHARGE_FULL_DESIGN=100
[    2.519455] power_supply test_battery: prop CHARGE_FULL=100
[    2.520856] power_supply test_battery: prop CHARGE_NOW=50
[    2.522255] power_supply test_battery: prop CAPACITY=50
[    2.523591] power_supply test_battery: prop CAPACITY_LEVEL=Normal
[    2.525023] power_supply test_battery: prop TIME_TO_EMPTY_AVG=3600
[    2.526239] power_supply test_battery: prop TIME_TO_FULL_NOW=3600
[    2.527773] power_supply test_battery: prop MODEL_NAME=Test battery
[    2.529348] power_supply test_battery: prop MANUFACTURER=Linux
[    2.530821] power_supply test_battery: prop SERIAL_NUMBER=3.5.0-rc6-bisect-00356-g5d37e9e6
[    2.798791] init: Failed to create pty - disabling logging for job
[    2.800440] init: Temporary process spawn error: No such file or directory
[    2.808271] init: Failed to create pty - disabling logging for job
[    2.809840] init: Temporary process spawn error: No such file or directory
[    2.813512] power_supply test_ac: uevent
[    2.814611] power_supply test_ac: POWER_SUPPLY_NAME=test_ac
[    2.816072] power_supply test_ac: prop ONLINE=1
[    2.849803] power_supply test_ac: uevent
[    2.850902] power_supply test_ac: POWER_SUPPLY_NAME=test_ac
[    2.852320] power_supply test_ac: prop ONLINE=1
[    2.878170] power_supply test_ac: uevent
[    2.879216] power_supply test_ac: POWER_SUPPLY_NAME=test_ac
[    2.880668] power_supply test_ac: prop ONLINE=1
[    2.910999] power_supply test_battery: uevent
[    2.912197] power_supply test_battery: POWER_SUPPLY_NAME=test_battery
[    2.913787] power_supply test_battery: prop STATUS=Discharging
[    2.915266] power_supply test_battery: prop CHARGE_TYPE=Fast
[    2.916743] power_supply test_battery: prop HEALTH=Good
[    2.918075] power_supply test_battery: prop PRESENT=1
[    2.919375] power_supply test_battery: prop TECHNOLOGY=Li-ion
[    2.920822] power_supply test_battery: prop CHARGE_FULL_DESIGN=100
[    2.922385] power_supply test_battery: prop CHARGE_FULL=100
[    2.923780] power_supply test_battery: prop CHARGE_NOW=50
[    2.925129] power_supply test_battery: prop CAPACITY=50
[    2.926463] power_supply test_battery: prop CAPACITY_LEVEL=Normal
[    2.927981] power_supply test_battery: prop TIME_TO_EMPTY_AVG=3600
[    2.929500] power_supply test_battery: prop TIME_TO_FULL_NOW=3600
[    2.930987] power_supply test_battery: prop MODEL_NAME=Test battery
[    2.932586] power_supply test_battery: prop MANUFACTURER=Linux
[    2.934003] power_supply test_battery: prop SERIAL_NUMBER=3.5.0-rc6-bisect-00356-g5d37e9e6
[    2.942509] init: Failed to create pty - disabling logging for job
[    2.944085] init: Temporary process spawn error: No such file or directory
[    2.965984] init: Failed to create pty - disabling logging for job
[    2.967611] init: Temporary process spawn error: No such file or directory
[    2.972672] ip (259) used greatest stack depth: 4912 bytes left
[    3.043316] init: failsafe main process (257) killed by TERM signal
[    3.081757] power_supply test_battery: uevent
[    3.082865] power_supply test_battery: POWER_SUPPLY_NAME=test_battery
[    3.084109] power_supply test_battery: prop STATUS=Discharging
[    3.085533] power_supply test_battery: prop CHARGE_TYPE=Fast
[    3.086929] power_supply test_battery: prop HEALTH=Good
[    3.088327] power_supply test_battery: prop PRESENT=1
[    3.089590] power_supply test_battery: prop TECHNOLOGY=Li-ion
[    3.090860] power_supply test_battery: prop CHARGE_FULL_DESIGN=100
[    3.091876] power_supply test_battery: prop CHARGE_FULL=100
[    3.092812] power_supply test_battery: prop CHARGE_NOW=50
[    3.093969] power_supply test_battery: prop CAPACITY=50
[    3.095299] power_supply test_battery: prop CAPACITY_LEVEL=Normal
[    3.096773] power_supply test_battery: prop TIME_TO_EMPTY_AVG=3600
[    3.098035] power_supply test_battery: prop TIME_TO_FULL_NOW=3600
[    3.099024] power_supply test_battery: prop MODEL_NAME=Test battery
[    3.100035] power_supply test_battery: prop MANUFACTURER=Linux
[    3.103819] power_supply test_battery: prop SERIAL_NUMBER=3.5.0-rc6-bisect-00356-g5d37e9e6
[    3.172235] init: Failed to create pty - disabling logging for job
[    3.173835] init: Temporary process spawn error: No such file or directory
[    3.198173] init: Failed to create pty - disabling logging for job
[    3.199819] init: Temporary process spawn error: No such file or directory
[    3.217440] init: Failed to create pty - disabling logging for job
[    3.227220] init: Temporary process spawn error: No such file or directory
[    3.240797] init: Failed to create pty - disabling logging for job
[    3.253060] init: Temporary process spawn error: No such file or directory
[    3.264054] init: Failed to create pty - disabling logging for job
[    3.276176] init: Temporary process spawn error: No such file or directory
Kernel tests: Boot OK!
[    3.483845] power_supply test_battery: uevent
[    3.485068] power_supply test_battery: POWER_SUPPLY_NAME=test_battery
[    3.486729] power_supply test_battery: prop STATUS=Discharging
[    3.488219] power_supply test_battery: prop CHARGE_TYPE=Fast
[    3.489609] power_supply test_battery: prop HEALTH=Good
[    3.491241] power_supply test_battery: prop PRESENT=1
[    3.492487] power_supply test_battery: prop TECHNOLOGY=Li-ion
[    3.493951] power_supply test_battery: prop CHARGE_FULL_DESIGN=100
[    3.495386] power_supply test_battery: prop CHARGE_FULL=100
[    3.496895] power_supply test_battery: prop CHARGE_NOW=50
[    3.498320] power_supply test_battery: prop CAPACITY=50
[    3.499579] power_supply test_battery: prop CAPACITY_LEVEL=Normal
[    3.500996] power_supply test_battery: prop TIME_TO_EMPTY_AVG=3600
[    3.502461] power_supply test_battery: prop TIME_TO_FULL_NOW=3600
[    3.504136] power_supply test_battery: prop MODEL_NAME=Test battery
[    3.505864] power_supply test_battery: prop MANUFACTURER=Linux
[    3.507480] power_supply test_battery: prop SERIAL_NUMBER=3.5.0-rc6-bisect-00356-g5d37e9e6
[    4.642355] init: Failed to create pty - disabling logging for job
[    4.643893] init: Temporary process spawn error: No such file or directory
[    4.669651] init: udev-fallback-graphics main process (337) terminated with status 1
[    4.681677] init: Failed to create pty - disabling logging for job
[    4.683233] init: Temporary process spawn error: No such file or directory
[    4.699589] init: Failed to create pty - disabling logging for job
[    4.701168] init: Temporary process spawn error: No such file or directory
[    4.715208] init: Failed to create pty - disabling logging for job
[    4.716780] init: Temporary process spawn error: No such file or directory
[    4.741406] init: plymouth-splash main process (342) terminated with status 1
[    4.764990] init: networking main process (344) terminated with status 1
[   24.785571] warning: process `trinity-child0' used the deprecated sysctl system call with 
[   45.873963] trinity-child0 (365): Using mlock ulimits for SHM_HUGETLB is deprecated
[  175.588145] 
[  175.588560] ======================================================
[  175.588560] [ INFO: possible circular locking dependency detected ]
[  175.588560] 3.5.0-rc6-bisect-00356-g5d37e9e6 #46 Not tainted
[  175.588560] -------------------------------------------------------
[  175.588560] trinity-child0/493 is trying to acquire lock:
[  175.588560]  (&sb->s_type->i_mutex_key#14){+.+.+.}, at: [<ffffffff811cc4fe>] vfs_unlink+0x6e/0x1d0
[  175.588560] 
[  175.588560] but task is already holding lock:
[  175.588560]  (sb_writers#11){.+.+.+}, at: [<ffffffff811e40af>] mnt_want_write+0x2f/0x90
[  175.588560] 
[  175.588560] which lock already depends on the new lock.
[  175.588560] 
[  175.588560] 
[  175.588560] the existing dependency chain (in reverse order) is:
[  175.588560] 
-> #1 (sb_writers#11){.+.+.+}:
[  175.588560]        [<ffffffff810d9bdd>] __lock_acquire+0xe0d/0x1210
[  175.588560]        [<ffffffff810da0d0>] lock_acquire+0xf0/0x1e0
[  175.588560]        [<ffffffff811ba242>] __sb_start_write+0x102/0x270
[  175.588560]        [<ffffffff811e40af>] mnt_want_write+0x2f/0x90
[  175.588560]        [<ffffffff815d7350>] do_create+0x90/0x1c0
[  175.588560]        [<ffffffff815d8e39>] sys_mq_open+0x309/0x370
[  175.588560]        [<ffffffff823a8937>] system_call_fastpath+0x16/0x1b
[  175.588560] 
-> #0 (&sb->s_type->i_mutex_key#14){+.+.+.}:
[  175.588560]        [<ffffffff810d52c0>] check_prev_add+0xae0/0xb10
[  175.588560]        [<ffffffff810d9bdd>] __lock_acquire+0xe0d/0x1210
[  175.588560]        [<ffffffff810da0d0>] lock_acquire+0xf0/0x1e0
[  175.588560]        [<ffffffff823a2a08>] __mutex_lock_common+0x68/0x690
[  175.588560]        [<ffffffff823a3087>] mutex_lock_nested+0x57/0x70
[  175.588560]        [<ffffffff811cc4fe>] vfs_unlink+0x6e/0x1d0
[  175.588560]        [<ffffffff815d9038>] sys_mq_unlink+0x198/0x1e0
[  175.588560]        [<ffffffff823a8937>] system_call_fastpath+0x16/0x1b
[  175.588560] 
[  175.588560] other info that might help us debug this:
[  175.588560] 
[  175.588560]  Possible unsafe locking scenario:
[  175.588560] 
[  175.588560]        CPU0                    CPU1
[  175.588560]        ----                    ----
[  175.588560]   lock(sb_writers#11);
[  175.588560]                                lock(&sb->s_type->i_mutex_key#14);
[  175.588560]                                lock(sb_writers#11);
[  175.588560]   lock(&sb->s_type->i_mutex_key#14);
[  175.588560] 
[  175.588560]  *** DEADLOCK ***
[  175.588560] 
[  175.588560] 2 locks held by trinity-child0/493:
[  175.588560]  #0:  (&sb->s_type->i_mutex_key#13/1){+.+.+.}, at: [<ffffffff815d8f12>] sys_mq_unlink+0x72/0x1e0
[  175.588560]  #1:  (sb_writers#11){.+.+.+}, at: [<ffffffff811e40af>] mnt_want_write+0x2f/0x90
[  175.588560] 
[  175.588560] stack backtrace:
[  175.588560] Pid: 493, comm: trinity-child0 Not tainted 3.5.0-rc6-bisect-00356-g5d37e9e6 #46
[  175.588560] Call Trace:
[  175.588560]  [<ffffffff8237660e>] print_circular_bug+0x32a/0x342
[  175.588560]  [<ffffffff810d52c0>] check_prev_add+0xae0/0xb10
[  175.588560]  [<ffffffff810d9bdd>] __lock_acquire+0xe0d/0x1210
[  175.588560]  [<ffffffff810da0d0>] lock_acquire+0xf0/0x1e0
[  175.588560]  [<ffffffff811cc4fe>] ? vfs_unlink+0x6e/0x1d0
[  175.588560]  [<ffffffff823a2a08>] __mutex_lock_common+0x68/0x690
[  175.588560]  [<ffffffff811cc4fe>] ? vfs_unlink+0x6e/0x1d0
[  175.588560]  [<ffffffff811c4d3b>] ? generic_permission+0x1eb/0x450
[  175.588560]  [<ffffffff811cc4fe>] ? vfs_unlink+0x6e/0x1d0
[  175.588560]  [<ffffffff811c4fe5>] ? __inode_permission+0x45/0x190
[  175.588560]  [<ffffffff823a3087>] mutex_lock_nested+0x57/0x70
[  175.588560]  [<ffffffff811cc4fe>] vfs_unlink+0x6e/0x1d0
[  175.588560]  [<ffffffff815d9038>] sys_mq_unlink+0x198/0x1e0
[  175.588560]  [<ffffffff823a8937>] system_call_fastpath+0x16/0x1b

--WIyZ46R2i8wDzkSu
Content-Type: text/plain; charset=us-ascii
Content-Disposition: attachment; filename=".config"

#
# Automatically generated file; DO NOT EDIT.
# Linux/x86_64 3.5.0-rc6 Kernel Configuration
#
CONFIG_64BIT=y
# CONFIG_X86_32 is not set
CONFIG_X86_64=y
CONFIG_X86=y
CONFIG_INSTRUCTION_DECODER=y
CONFIG_OUTPUT_FORMAT="elf64-x86-64"
CONFIG_ARCH_DEFCONFIG="arch/x86/configs/x86_64_defconfig"
CONFIG_LOCKDEP_SUPPORT=y
CONFIG_STACKTRACE_SUPPORT=y
CONFIG_HAVE_LATENCYTOP_SUPPORT=y
CONFIG_MMU=y
CONFIG_NEED_DMA_MAP_STATE=y
CONFIG_NEED_SG_DMA_LENGTH=y
CONFIG_GENERIC_ISA_DMA=y
CONFIG_GENERIC_BUG=y
CONFIG_GENERIC_BUG_RELATIVE_POINTERS=y
CONFIG_GENERIC_HWEIGHT=y
CONFIG_ARCH_MAY_HAVE_PC_FDC=y
# CONFIG_RWSEM_GENERIC_SPINLOCK is not set
CONFIG_RWSEM_XCHGADD_ALGORITHM=y
CONFIG_GENERIC_CALIBRATE_DELAY=y
CONFIG_ARCH_HAS_CPU_RELAX=y
CONFIG_ARCH_HAS_DEFAULT_IDLE=y
CONFIG_ARCH_HAS_CACHE_LINE_SIZE=y
CONFIG_ARCH_HAS_CPU_AUTOPROBE=y
CONFIG_HAVE_SETUP_PER_CPU_AREA=y
CONFIG_NEED_PER_CPU_EMBED_FIRST_CHUNK=y
CONFIG_NEED_PER_CPU_PAGE_FIRST_CHUNK=y
CONFIG_ARCH_HIBERNATION_POSSIBLE=y
CONFIG_ARCH_SUSPEND_POSSIBLE=y
CONFIG_ZONE_DMA32=y
CONFIG_AUDIT_ARCH=y
CONFIG_ARCH_SUPPORTS_OPTIMIZED_INLINING=y
CONFIG_ARCH_SUPPORTS_DEBUG_PAGEALLOC=y
CONFIG_ARCH_HWEIGHT_CFLAGS="-fcall-saved-rdi -fcall-saved-rsi -fcall-saved-rdx -fcall-saved-rcx -fcall-saved-r8 -fcall-saved-r9 -fcall-saved-r10 -fcall-saved-r11"
CONFIG_ARCH_SUPPORTS_UPROBES=y
CONFIG_DEFCONFIG_LIST="/lib/modules/$UNAME_RELEASE/.config"
CONFIG_CONSTRUCTORS=y
CONFIG_HAVE_IRQ_WORK=y
CONFIG_IRQ_WORK=y
CONFIG_BUILDTIME_EXTABLE_SORT=y

#
# General setup
#
CONFIG_EXPERIMENTAL=y
CONFIG_BROKEN_ON_SMP=y
CONFIG_INIT_ENV_ARG_LIMIT=32
CONFIG_CROSS_COMPILE=""
CONFIG_LOCALVERSION=""
CONFIG_LOCALVERSION_AUTO=y
CONFIG_HAVE_KERNEL_GZIP=y
CONFIG_HAVE_KERNEL_BZIP2=y
CONFIG_HAVE_KERNEL_LZMA=y
CONFIG_HAVE_KERNEL_XZ=y
CONFIG_HAVE_KERNEL_LZO=y
# CONFIG_KERNEL_GZIP is not set
CONFIG_KERNEL_BZIP2=y
# CONFIG_KERNEL_LZMA is not set
# CONFIG_KERNEL_XZ is not set
# CONFIG_KERNEL_LZO is not set
CONFIG_DEFAULT_HOSTNAME="(none)"
CONFIG_SWAP=y
CONFIG_SYSVIPC=y
CONFIG_SYSVIPC_SYSCTL=y
CONFIG_POSIX_MQUEUE=y
CONFIG_POSIX_MQUEUE_SYSCTL=y
CONFIG_BSD_PROCESS_ACCT=y
# CONFIG_BSD_PROCESS_ACCT_V3 is not set
CONFIG_FHANDLE=y
CONFIG_TASKSTATS=y
CONFIG_TASK_DELAY_ACCT=y
CONFIG_TASK_XACCT=y
CONFIG_TASK_IO_ACCOUNTING=y
# CONFIG_AUDIT is not set
CONFIG_HAVE_GENERIC_HARDIRQS=y

#
# IRQ subsystem
#
CONFIG_GENERIC_HARDIRQS=y
CONFIG_GENERIC_IRQ_PROBE=y
CONFIG_GENERIC_IRQ_SHOW=y
CONFIG_IRQ_DOMAIN=y
# CONFIG_IRQ_DOMAIN_DEBUG is not set
CONFIG_IRQ_FORCED_THREADING=y
CONFIG_SPARSE_IRQ=y
CONFIG_CLOCKSOURCE_WATCHDOG=y
CONFIG_ARCH_CLOCKSOURCE_DATA=y
CONFIG_GENERIC_TIME_VSYSCALL=y
CONFIG_GENERIC_CLOCKEVENTS=y
CONFIG_GENERIC_CLOCKEVENTS_BUILD=y
CONFIG_GENERIC_CLOCKEVENTS_BROADCAST=y
CONFIG_GENERIC_CLOCKEVENTS_MIN_ADJUST=y
CONFIG_GENERIC_CMOS_UPDATE=y

#
# Timers subsystem
#
# CONFIG_NO_HZ is not set
# CONFIG_HIGH_RES_TIMERS is not set

#
# RCU Subsystem
#
CONFIG_TINY_RCU=y
# CONFIG_PREEMPT_RCU is not set
# CONFIG_TREE_RCU_TRACE is not set
CONFIG_IKCONFIG=y
# CONFIG_IKCONFIG_PROC is not set
CONFIG_LOG_BUF_SHIFT=17
CONFIG_HAVE_UNSTABLE_SCHED_CLOCK=y
CONFIG_CGROUPS=y
# CONFIG_CGROUP_DEBUG is not set
CONFIG_CGROUP_FREEZER=y
CONFIG_CGROUP_DEVICE=y
# CONFIG_CPUSETS is not set
# CONFIG_CGROUP_CPUACCT is not set
# CONFIG_RESOURCE_COUNTERS is not set
# CONFIG_CGROUP_PERF is not set
CONFIG_CGROUP_SCHED=y
CONFIG_FAIR_GROUP_SCHED=y
# CONFIG_CFS_BANDWIDTH is not set
CONFIG_RT_GROUP_SCHED=y
CONFIG_BLK_CGROUP=y
# CONFIG_DEBUG_BLK_CGROUP is not set
# CONFIG_CHECKPOINT_RESTORE is not set
CONFIG_NAMESPACES=y
CONFIG_UTS_NS=y
# CONFIG_IPC_NS is not set
CONFIG_PID_NS=y
CONFIG_NET_NS=y
CONFIG_SCHED_AUTOGROUP=y
# CONFIG_SYSFS_DEPRECATED is not set
CONFIG_RELAY=y
CONFIG_BLK_DEV_INITRD=y
CONFIG_INITRAMFS_SOURCE=""
CONFIG_RD_GZIP=y
CONFIG_RD_BZIP2=y
CONFIG_RD_LZMA=y
CONFIG_RD_XZ=y
CONFIG_RD_LZO=y
# CONFIG_CC_OPTIMIZE_FOR_SIZE is not set
CONFIG_SYSCTL=y
CONFIG_ANON_INODES=y
# CONFIG_EXPERT is not set
CONFIG_UID16=y
# CONFIG_SYSCTL_SYSCALL is not set
CONFIG_KALLSYMS=y
CONFIG_KALLSYMS_ALL=y
CONFIG_HOTPLUG=y
CONFIG_PRINTK=y
CONFIG_BUG=y
CONFIG_ELF_CORE=y
CONFIG_PCSPKR_PLATFORM=y
CONFIG_HAVE_PCSPKR_PLATFORM=y
CONFIG_BASE_FULL=y
CONFIG_FUTEX=y
CONFIG_EPOLL=y
CONFIG_SIGNALFD=y
CONFIG_TIMERFD=y
CONFIG_EVENTFD=y
CONFIG_SHMEM=y
CONFIG_AIO=y
# CONFIG_EMBEDDED is not set
CONFIG_HAVE_PERF_EVENTS=y
CONFIG_PERF_USE_VMALLOC=y

#
# Kernel Performance Events And Counters
#
CONFIG_PERF_EVENTS=y
CONFIG_DEBUG_PERF_USE_VMALLOC=y
CONFIG_VM_EVENT_COUNTERS=y
CONFIG_PCI_QUIRKS=y
CONFIG_SLUB_DEBUG=y
# CONFIG_COMPAT_BRK is not set
# CONFIG_SLAB is not set
CONFIG_SLUB=y
CONFIG_PROFILING=y
CONFIG_TRACEPOINTS=y
# CONFIG_OPROFILE is not set
CONFIG_HAVE_OPROFILE=y
CONFIG_OPROFILE_NMI_TIMER=y
CONFIG_JUMP_LABEL=y
CONFIG_UPROBES=y
CONFIG_HAVE_EFFICIENT_UNALIGNED_ACCESS=y
CONFIG_HAVE_IOREMAP_PROT=y
CONFIG_HAVE_KPROBES=y
CONFIG_HAVE_KRETPROBES=y
CONFIG_HAVE_OPTPROBES=y
CONFIG_HAVE_ARCH_TRACEHOOK=y
CONFIG_HAVE_DMA_ATTRS=y
CONFIG_GENERIC_SMP_IDLE_THREAD=y
CONFIG_HAVE_REGS_AND_STACK_ACCESS_API=y
CONFIG_HAVE_DMA_API_DEBUG=y
CONFIG_HAVE_HW_BREAKPOINT=y
CONFIG_HAVE_MIXED_BREAKPOINTS_REGS=y
CONFIG_HAVE_USER_RETURN_NOTIFIER=y
CONFIG_HAVE_PERF_EVENTS_NMI=y
CONFIG_HAVE_ARCH_JUMP_LABEL=y
CONFIG_ARCH_HAVE_NMI_SAFE_CMPXCHG=y
CONFIG_HAVE_ALIGNED_STRUCT_PAGE=y
CONFIG_HAVE_CMPXCHG_LOCAL=y
CONFIG_HAVE_CMPXCHG_DOUBLE=y
CONFIG_ARCH_WANT_OLD_COMPAT_IPC=y
CONFIG_HAVE_ARCH_SECCOMP_FILTER=y
CONFIG_SECCOMP_FILTER=y

#
# GCOV-based kernel profiling
#
CONFIG_GCOV_KERNEL=y
CONFIG_GCOV_PROFILE_ALL=y
# CONFIG_HAVE_GENERIC_DMA_COHERENT is not set
CONFIG_SLABINFO=y
CONFIG_RT_MUTEXES=y
CONFIG_BASE_SMALL=0
# CONFIG_MODULES is not set
CONFIG_BLOCK=y
CONFIG_BLK_DEV_BSG=y
CONFIG_BLK_DEV_BSGLIB=y
# CONFIG_BLK_DEV_INTEGRITY is not set
# CONFIG_BLK_DEV_THROTTLING is not set

#
# Partition Types
#
CONFIG_PARTITION_ADVANCED=y
# CONFIG_ACORN_PARTITION is not set
CONFIG_OSF_PARTITION=y
CONFIG_AMIGA_PARTITION=y
CONFIG_ATARI_PARTITION=y
# CONFIG_MAC_PARTITION is not set
CONFIG_MSDOS_PARTITION=y
CONFIG_BSD_DISKLABEL=y
CONFIG_MINIX_SUBPARTITION=y
CONFIG_SOLARIS_X86_PARTITION=y
# CONFIG_UNIXWARE_DISKLABEL is not set
CONFIG_LDM_PARTITION=y
CONFIG_LDM_DEBUG=y
CONFIG_SGI_PARTITION=y
CONFIG_ULTRIX_PARTITION=y
CONFIG_SUN_PARTITION=y
CONFIG_KARMA_PARTITION=y
# CONFIG_EFI_PARTITION is not set
CONFIG_SYSV68_PARTITION=y
CONFIG_BLOCK_COMPAT=y

#
# IO Schedulers
#
CONFIG_IOSCHED_NOOP=y
# CONFIG_IOSCHED_DEADLINE is not set
# CONFIG_IOSCHED_CFQ is not set
CONFIG_DEFAULT_NOOP=y
CONFIG_DEFAULT_IOSCHED="noop"
# CONFIG_INLINE_SPIN_TRYLOCK is not set
# CONFIG_INLINE_SPIN_TRYLOCK_BH is not set
# CONFIG_INLINE_SPIN_LOCK is not set
# CONFIG_INLINE_SPIN_LOCK_BH is not set
# CONFIG_INLINE_SPIN_LOCK_IRQ is not set
# CONFIG_INLINE_SPIN_LOCK_IRQSAVE is not set
CONFIG_UNINLINE_SPIN_UNLOCK=y
# CONFIG_INLINE_SPIN_UNLOCK_BH is not set
# CONFIG_INLINE_SPIN_UNLOCK_IRQ is not set
# CONFIG_INLINE_SPIN_UNLOCK_IRQRESTORE is not set
# CONFIG_INLINE_READ_TRYLOCK is not set
# CONFIG_INLINE_READ_LOCK is not set
# CONFIG_INLINE_READ_LOCK_BH is not set
# CONFIG_INLINE_READ_LOCK_IRQ is not set
# CONFIG_INLINE_READ_LOCK_IRQSAVE is not set
# CONFIG_INLINE_READ_UNLOCK is not set
# CONFIG_INLINE_READ_UNLOCK_BH is not set
# CONFIG_INLINE_READ_UNLOCK_IRQ is not set
# CONFIG_INLINE_READ_UNLOCK_IRQRESTORE is not set
# CONFIG_INLINE_WRITE_TRYLOCK is not set
# CONFIG_INLINE_WRITE_LOCK is not set
# CONFIG_INLINE_WRITE_LOCK_BH is not set
# CONFIG_INLINE_WRITE_LOCK_IRQ is not set
# CONFIG_INLINE_WRITE_LOCK_IRQSAVE is not set
# CONFIG_INLINE_WRITE_UNLOCK is not set
# CONFIG_INLINE_WRITE_UNLOCK_BH is not set
# CONFIG_INLINE_WRITE_UNLOCK_IRQ is not set
# CONFIG_INLINE_WRITE_UNLOCK_IRQRESTORE is not set
# CONFIG_MUTEX_SPIN_ON_OWNER is not set
CONFIG_FREEZER=y

#
# Processor type and features
#
CONFIG_ZONE_DMA=y
# CONFIG_SMP is not set
CONFIG_X86_MPPARSE=y
# CONFIG_X86_EXTENDED_PLATFORM is not set
CONFIG_X86_SUPPORTS_MEMORY_FAILURE=y
CONFIG_SCHED_OMIT_FRAME_POINTER=y
CONFIG_PARAVIRT_GUEST=y
# CONFIG_PARAVIRT_TIME_ACCOUNTING is not set
# CONFIG_XEN is not set
# CONFIG_XEN_PRIVILEGED_GUEST is not set
CONFIG_KVM_CLOCK=y
CONFIG_KVM_GUEST=y
CONFIG_PARAVIRT=y
CONFIG_PARAVIRT_CLOCK=y
# CONFIG_PARAVIRT_DEBUG is not set
CONFIG_NO_BOOTMEM=y
# CONFIG_MEMTEST is not set
# CONFIG_MK8 is not set
# CONFIG_MPSC is not set
# CONFIG_MCORE2 is not set
# CONFIG_MATOM is not set
CONFIG_GENERIC_CPU=y
CONFIG_X86_INTERNODE_CACHE_SHIFT=6
CONFIG_X86_CMPXCHG=y
CONFIG_X86_L1_CACHE_SHIFT=6
CONFIG_X86_XADD=y
CONFIG_X86_WP_WORKS_OK=y
CONFIG_X86_TSC=y
CONFIG_X86_CMPXCHG64=y
CONFIG_X86_CMOV=y
CONFIG_X86_MINIMUM_CPU_FAMILY=64
CONFIG_X86_DEBUGCTLMSR=y
CONFIG_CPU_SUP_INTEL=y
CONFIG_CPU_SUP_AMD=y
CONFIG_CPU_SUP_CENTAUR=y
CONFIG_HPET_TIMER=y
CONFIG_HPET_EMULATE_RTC=y
CONFIG_DMI=y
CONFIG_GART_IOMMU=y
# CONFIG_CALGARY_IOMMU is not set
CONFIG_SWIOTLB=y
CONFIG_IOMMU_HELPER=y
CONFIG_NR_CPUS=1
CONFIG_IRQ_TIME_ACCOUNTING=y
CONFIG_PREEMPT_NONE=y
# CONFIG_PREEMPT_VOLUNTARY is not set
# CONFIG_PREEMPT is not set
CONFIG_PREEMPT_COUNT=y
CONFIG_X86_LOCAL_APIC=y
CONFIG_X86_IO_APIC=y
# CONFIG_X86_REROUTE_FOR_BROKEN_BOOT_IRQS is not set
CONFIG_X86_MCE=y
# CONFIG_X86_MCE_INTEL is not set
# CONFIG_X86_MCE_AMD is not set
# CONFIG_X86_MCE_INJECT is not set
CONFIG_I8K=y
# CONFIG_MICROCODE is not set
CONFIG_X86_MSR=y
CONFIG_X86_CPUID=y
CONFIG_ARCH_PHYS_ADDR_T_64BIT=y
CONFIG_ARCH_DMA_ADDR_T_64BIT=y
CONFIG_DIRECT_GBPAGES=y
CONFIG_ARCH_SPARSEMEM_ENABLE=y
CONFIG_ARCH_SPARSEMEM_DEFAULT=y
CONFIG_ARCH_SELECT_MEMORY_MODEL=y
CONFIG_ILLEGAL_POINTER_VALUE=0xdead000000000000
CONFIG_SELECT_MEMORY_MODEL=y
CONFIG_SPARSEMEM_MANUAL=y
CONFIG_SPARSEMEM=y
CONFIG_HAVE_MEMORY_PRESENT=y
CONFIG_SPARSEMEM_EXTREME=y
CONFIG_SPARSEMEM_VMEMMAP_ENABLE=y
CONFIG_SPARSEMEM_ALLOC_MEM_MAP_TOGETHER=y
# CONFIG_SPARSEMEM_VMEMMAP is not set
CONFIG_HAVE_MEMBLOCK=y
CONFIG_HAVE_MEMBLOCK_NODE_MAP=y
CONFIG_ARCH_DISCARD_MEMBLOCK=y
# CONFIG_MEMORY_HOTPLUG is not set
CONFIG_PAGEFLAGS_EXTENDED=y
CONFIG_SPLIT_PTLOCK_CPUS=999999
CONFIG_COMPACTION=y
CONFIG_MIGRATION=y
CONFIG_PHYS_ADDR_T_64BIT=y
CONFIG_ZONE_DMA_FLAG=1
CONFIG_BOUNCE=y
CONFIG_VIRT_TO_BUS=y
# CONFIG_KSM is not set
CONFIG_DEFAULT_MMAP_MIN_ADDR=4096
CONFIG_ARCH_SUPPORTS_MEMORY_FAILURE=y
# CONFIG_MEMORY_FAILURE is not set
# CONFIG_TRANSPARENT_HUGEPAGE is not set
CONFIG_CROSS_MEMORY_ATTACH=y
CONFIG_NEED_PER_CPU_KM=y
CONFIG_CLEANCACHE=y
# CONFIG_FRONTSWAP is not set
CONFIG_X86_CHECK_BIOS_CORRUPTION=y
# CONFIG_X86_BOOTPARAM_MEMORY_CORRUPTION_CHECK is not set
CONFIG_X86_RESERVE_LOW=64
CONFIG_MTRR=y
# CONFIG_MTRR_SANITIZER is not set
CONFIG_X86_PAT=y
CONFIG_ARCH_USES_PG_UNCACHED=y
CONFIG_ARCH_RANDOM=y
CONFIG_SECCOMP=y
CONFIG_CC_STACKPROTECTOR=y
# CONFIG_HZ_100 is not set
# CONFIG_HZ_250 is not set
CONFIG_HZ_300=y
# CONFIG_HZ_1000 is not set
CONFIG_HZ=300
# CONFIG_SCHED_HRTICK is not set
# CONFIG_KEXEC is not set
CONFIG_CRASH_DUMP=y
CONFIG_PHYSICAL_START=0x1000000
# CONFIG_RELOCATABLE is not set
CONFIG_PHYSICAL_ALIGN=0x1000000
CONFIG_COMPAT_VDSO=y
# CONFIG_CMDLINE_BOOL is not set
CONFIG_ARCH_ENABLE_MEMORY_HOTPLUG=y

#
# Power management and ACPI options
#
CONFIG_SUSPEND=y
CONFIG_SUSPEND_FREEZER=y
# CONFIG_HIBERNATION is not set
CONFIG_PM_SLEEP=y
# CONFIG_PM_AUTOSLEEP is not set
# CONFIG_PM_WAKELOCKS is not set
# CONFIG_PM_RUNTIME is not set
CONFIG_PM=y
CONFIG_PM_DEBUG=y
# CONFIG_PM_ADVANCED_DEBUG is not set
CONFIG_PM_TEST_SUSPEND=y
CONFIG_CAN_PM_TRACE=y
# CONFIG_PM_TRACE_RTC is not set
# CONFIG_ACPI is not set
CONFIG_SFI=y

#
# CPU Frequency scaling
#
CONFIG_CPU_FREQ=y
CONFIG_CPU_FREQ_TABLE=y
CONFIG_CPU_FREQ_STAT=y
# CONFIG_CPU_FREQ_STAT_DETAILS is not set
CONFIG_CPU_FREQ_DEFAULT_GOV_PERFORMANCE=y
# CONFIG_CPU_FREQ_DEFAULT_GOV_USERSPACE is not set
# CONFIG_CPU_FREQ_DEFAULT_GOV_ONDEMAND is not set
# CONFIG_CPU_FREQ_DEFAULT_GOV_CONSERVATIVE is not set
CONFIG_CPU_FREQ_GOV_PERFORMANCE=y
# CONFIG_CPU_FREQ_GOV_POWERSAVE is not set
CONFIG_CPU_FREQ_GOV_USERSPACE=y
CONFIG_CPU_FREQ_GOV_ONDEMAND=y
CONFIG_CPU_FREQ_GOV_CONSERVATIVE=y

#
# x86 CPU frequency scaling drivers
#
# CONFIG_X86_P4_CLOCKMOD is not set

#
# shared options
#
# CONFIG_X86_SPEEDSTEP_LIB is not set
# CONFIG_CPU_IDLE is not set

#
# Memory power savings
#
CONFIG_I7300_IDLE_IOAT_CHANNEL=y
CONFIG_I7300_IDLE=y

#
# Bus options (PCI etc.)
#
CONFIG_PCI=y
CONFIG_PCI_DIRECT=y
CONFIG_PCI_DOMAINS=y
# CONFIG_PCI_CNB20LE_QUIRK is not set
# CONFIG_PCIEPORTBUS is not set
CONFIG_ARCH_SUPPORTS_MSI=y
CONFIG_PCI_MSI=y
CONFIG_PCI_DEBUG=y
CONFIG_PCI_REALLOC_ENABLE_AUTO=y
# CONFIG_PCI_STUB is not set
# CONFIG_HT_IRQ is not set
CONFIG_PCI_ATS=y
CONFIG_PCI_IOV=y
# CONFIG_PCI_PRI is not set
CONFIG_PCI_PASID=y
CONFIG_PCI_LABEL=y
CONFIG_ISA_DMA_API=y
CONFIG_AMD_NB=y
# CONFIG_PCCARD is not set
CONFIG_HOTPLUG_PCI=y
# CONFIG_HOTPLUG_PCI_FAKE is not set
# CONFIG_HOTPLUG_PCI_CPCI is not set
# CONFIG_HOTPLUG_PCI_SHPC is not set
CONFIG_RAPIDIO=y
CONFIG_RAPIDIO_DISC_TIMEOUT=30
# CONFIG_RAPIDIO_ENABLE_RX_TX_PORTS is not set
CONFIG_RAPIDIO_DMA_ENGINE=y
# CONFIG_RAPIDIO_DEBUG is not set
# CONFIG_RAPIDIO_TSI57X is not set
CONFIG_RAPIDIO_CPS_XX=y
# CONFIG_RAPIDIO_TSI568 is not set
CONFIG_RAPIDIO_CPS_GEN2=y
# CONFIG_RAPIDIO_TSI500 is not set

#
# Executable file formats / Emulations
#
CONFIG_BINFMT_ELF=y
CONFIG_COMPAT_BINFMT_ELF=y
CONFIG_ARCH_BINFMT_ELF_RANDOMIZE_PIE=y
CONFIG_CORE_DUMP_DEFAULT_ELF_HEADERS=y
# CONFIG_HAVE_AOUT is not set
CONFIG_BINFMT_MISC=y
CONFIG_IA32_EMULATION=y
CONFIG_IA32_AOUT=y
# CONFIG_X86_X32 is not set
CONFIG_COMPAT=y
CONFIG_COMPAT_FOR_U64_ALIGNMENT=y
CONFIG_SYSVIPC_COMPAT=y
CONFIG_KEYS_COMPAT=y
CONFIG_HAVE_TEXT_POKE_SMP=y
CONFIG_X86_DEV_DMA_OPS=y
CONFIG_NET=y
CONFIG_COMPAT_NETLINK_MESSAGES=y

#
# Networking options
#
# CONFIG_PACKET is not set
CONFIG_UNIX=y
CONFIG_UNIX_DIAG=y
CONFIG_XFRM=y
CONFIG_XFRM_ALGO=y
# CONFIG_XFRM_SUB_POLICY is not set
# CONFIG_XFRM_MIGRATE is not set
CONFIG_NET_KEY=y
# CONFIG_NET_KEY_MIGRATE is not set
# CONFIG_INET is not set
CONFIG_NETWORK_SECMARK=y
# CONFIG_NETWORK_PHY_TIMESTAMPING is not set
# CONFIG_NETFILTER is not set
# CONFIG_ATM is not set
# CONFIG_BRIDGE is not set
CONFIG_NET_DSA=y
CONFIG_NET_DSA_TAG_DSA=y
# CONFIG_NET_DSA_TAG_EDSA is not set
# CONFIG_NET_DSA_TAG_TRAILER is not set
# CONFIG_VLAN_8021Q is not set
# CONFIG_DECNET is not set
CONFIG_LLC=y
CONFIG_LLC2=y
# CONFIG_IPX is not set
CONFIG_ATALK=y
CONFIG_DEV_APPLETALK=y
CONFIG_IPDDP=y
CONFIG_IPDDP_ENCAP=y
# CONFIG_IPDDP_DECAP is not set
# CONFIG_X25 is not set
CONFIG_LAPB=y
# CONFIG_WAN_ROUTER is not set
CONFIG_PHONET=y
CONFIG_IEEE802154=y
# CONFIG_MAC802154 is not set
CONFIG_NET_SCHED=y

#
# Queueing/Scheduling
#
# CONFIG_NET_SCH_CBQ is not set
CONFIG_NET_SCH_HTB=y
CONFIG_NET_SCH_HFSC=y
CONFIG_NET_SCH_PRIO=y
CONFIG_NET_SCH_MULTIQ=y
CONFIG_NET_SCH_RED=y
CONFIG_NET_SCH_SFB=y
CONFIG_NET_SCH_SFQ=y
# CONFIG_NET_SCH_TEQL is not set
# CONFIG_NET_SCH_TBF is not set
# CONFIG_NET_SCH_GRED is not set
# CONFIG_NET_SCH_DSMARK is not set
CONFIG_NET_SCH_NETEM=y
CONFIG_NET_SCH_DRR=y
CONFIG_NET_SCH_MQPRIO=y
CONFIG_NET_SCH_CHOKE=y
CONFIG_NET_SCH_QFQ=y
CONFIG_NET_SCH_CODEL=y
# CONFIG_NET_SCH_FQ_CODEL is not set
CONFIG_NET_SCH_INGRESS=y
CONFIG_NET_SCH_PLUG=y

#
# Classification
#
CONFIG_NET_CLS=y
# CONFIG_NET_CLS_BASIC is not set
# CONFIG_NET_CLS_TCINDEX is not set
CONFIG_NET_CLS_FW=y
# CONFIG_NET_CLS_U32 is not set
# CONFIG_NET_CLS_RSVP is not set
# CONFIG_NET_CLS_RSVP6 is not set
CONFIG_NET_CLS_FLOW=y
CONFIG_NET_CLS_CGROUP=y
# CONFIG_NET_EMATCH is not set
CONFIG_NET_CLS_ACT=y
# CONFIG_NET_ACT_POLICE is not set
# CONFIG_NET_ACT_GACT is not set
# CONFIG_NET_ACT_MIRRED is not set
CONFIG_NET_ACT_NAT=y
# CONFIG_NET_ACT_PEDIT is not set
CONFIG_NET_ACT_SIMP=y
CONFIG_NET_ACT_SKBEDIT=y
# CONFIG_NET_CLS_IND is not set
CONFIG_NET_SCH_FIFO=y
CONFIG_DCB=y
# CONFIG_DNS_RESOLVER is not set
CONFIG_BATMAN_ADV=y
CONFIG_BATMAN_ADV_DEBUG=y
# CONFIG_OPENVSWITCH is not set
# CONFIG_NETPRIO_CGROUP is not set
CONFIG_BQL=y

#
# Network testing
#
CONFIG_NET_PKTGEN=y
CONFIG_HAMRADIO=y

#
# Packet Radio protocols
#
# CONFIG_AX25 is not set
# CONFIG_CAN is not set
CONFIG_IRDA=y

#
# IrDA protocols
#
CONFIG_IRLAN=y
CONFIG_IRCOMM=y
# CONFIG_IRDA_ULTRA is not set

#
# IrDA options
#
CONFIG_IRDA_CACHE_LAST_LSAP=y
# CONFIG_IRDA_FAST_RR is not set
CONFIG_IRDA_DEBUG=y

#
# Infrared-port device drivers
#

#
# SIR device drivers
#
CONFIG_IRTTY_SIR=y

#
# Dongle support
#
# CONFIG_DONGLE is not set
# CONFIG_KINGSUN_DONGLE is not set
CONFIG_KSDAZZLE_DONGLE=y
# CONFIG_KS959_DONGLE is not set

#
# FIR device drivers
#
CONFIG_USB_IRDA=y
CONFIG_SIGMATEL_FIR=y
CONFIG_NSC_FIR=y
CONFIG_WINBOND_FIR=y
CONFIG_SMC_IRCC_FIR=y
# CONFIG_ALI_FIR is not set
# CONFIG_VLSI_FIR is not set
CONFIG_VIA_FIR=y
# CONFIG_MCS_FIR is not set
# CONFIG_BT is not set
CONFIG_WIRELESS=y
CONFIG_WIRELESS_EXT=y
CONFIG_WEXT_CORE=y
CONFIG_WEXT_PROC=y
CONFIG_WEXT_SPY=y
CONFIG_WEXT_PRIV=y
CONFIG_CFG80211=y
# CONFIG_NL80211_TESTMODE is not set
# CONFIG_CFG80211_DEVELOPER_WARNINGS is not set
# CONFIG_CFG80211_REG_DEBUG is not set
CONFIG_CFG80211_DEFAULT_PS=y
CONFIG_CFG80211_DEBUGFS=y
# CONFIG_CFG80211_INTERNAL_REGDB is not set
CONFIG_CFG80211_WEXT=y
# CONFIG_WIRELESS_EXT_SYSFS is not set
CONFIG_LIB80211=y
CONFIG_LIB80211_CRYPT_WEP=y
CONFIG_LIB80211_CRYPT_CCMP=y
CONFIG_LIB80211_CRYPT_TKIP=y
CONFIG_LIB80211_DEBUG=y
# CONFIG_MAC80211 is not set
CONFIG_WIMAX=y
CONFIG_WIMAX_DEBUG_LEVEL=8
# CONFIG_RFKILL is not set
# CONFIG_RFKILL_REGULATOR is not set
CONFIG_NET_9P=y
# CONFIG_NET_9P_VIRTIO is not set
# CONFIG_NET_9P_DEBUG is not set
# CONFIG_CAIF is not set
CONFIG_NFC=y
CONFIG_NFC_NCI=y
CONFIG_NFC_HCI=y
CONFIG_NFC_SHDLC=y
# CONFIG_NFC_LLCP is not set

#
# Near Field Communication (NFC) devices
#
# CONFIG_PN544_NFC is not set
# CONFIG_PN544_HCI_NFC is not set
# CONFIG_NFC_PN533 is not set
CONFIG_HAVE_BPF_JIT=y

#
# Device Drivers
#

#
# Generic Driver Options
#
CONFIG_UEVENT_HELPER_PATH=""
CONFIG_DEVTMPFS=y
# CONFIG_DEVTMPFS_MOUNT is not set
CONFIG_STANDALONE=y
CONFIG_PREVENT_FIRMWARE_BUILD=y
CONFIG_FW_LOADER=y
# CONFIG_FIRMWARE_IN_KERNEL is not set
CONFIG_EXTRA_FIRMWARE=""
# CONFIG_DEBUG_DRIVER is not set
# CONFIG_DEBUG_DEVRES is not set
# CONFIG_SYS_HYPERVISOR is not set
# CONFIG_GENERIC_CPU_DEVICES is not set
CONFIG_REGMAP=y
CONFIG_REGMAP_I2C=y
CONFIG_REGMAP_SPI=y
CONFIG_REGMAP_IRQ=y
CONFIG_DMA_SHARED_BUFFER=y
CONFIG_CONNECTOR=y
# CONFIG_PROC_EVENTS is not set
# CONFIG_MTD is not set
# CONFIG_PARPORT is not set
CONFIG_BLK_DEV=y
# CONFIG_BLK_DEV_FD is not set
# CONFIG_BLK_DEV_PCIESSD_MTIP32XX is not set
# CONFIG_BLK_CPQ_DA is not set
# CONFIG_BLK_CPQ_CISS_DA is not set
# CONFIG_BLK_DEV_DAC960 is not set
# CONFIG_BLK_DEV_UMEM is not set
# CONFIG_BLK_DEV_COW_COMMON is not set
# CONFIG_BLK_DEV_LOOP is not set

#
# DRBD disabled because PROC_FS, INET or CONNECTOR not selected
#
# CONFIG_BLK_DEV_NBD is not set
# CONFIG_BLK_DEV_NVME is not set
# CONFIG_BLK_DEV_SX8 is not set
# CONFIG_BLK_DEV_UB is not set
# CONFIG_BLK_DEV_RAM is not set
# CONFIG_CDROM_PKTCDVD is not set
# CONFIG_ATA_OVER_ETH is not set
# CONFIG_VIRTIO_BLK is not set
# CONFIG_BLK_DEV_HD is not set

#
# Misc devices
#
CONFIG_SENSORS_LIS3LV02D=y
CONFIG_AD525X_DPOT=y
# CONFIG_AD525X_DPOT_I2C is not set
CONFIG_AD525X_DPOT_SPI=y
# CONFIG_IBM_ASM is not set
# CONFIG_PHANTOM is not set
# CONFIG_INTEL_MID_PTI is not set
# CONFIG_SGI_IOC4 is not set
CONFIG_TIFM_CORE=y
CONFIG_TIFM_7XX1=y
CONFIG_ICS932S401=y
CONFIG_ENCLOSURE_SERVICES=y
CONFIG_HP_ILO=y
CONFIG_APDS9802ALS=y
CONFIG_ISL29003=y
# CONFIG_ISL29020 is not set
CONFIG_SENSORS_TSL2550=y
CONFIG_SENSORS_BH1780=y
# CONFIG_SENSORS_BH1770 is not set
# CONFIG_SENSORS_APDS990X is not set
CONFIG_HMC6352=y
# CONFIG_DS1682 is not set
CONFIG_TI_DAC7512=y
# CONFIG_VMWARE_BALLOON is not set
CONFIG_BMP085=y
# CONFIG_BMP085_I2C is not set
CONFIG_BMP085_SPI=y
# CONFIG_PCH_PHUB is not set
CONFIG_USB_SWITCH_FSA9480=y
# CONFIG_C2PORT is not set

#
# EEPROM support
#
# CONFIG_EEPROM_AT24 is not set
# CONFIG_EEPROM_AT25 is not set
CONFIG_EEPROM_LEGACY=y
# CONFIG_EEPROM_MAX6875 is not set
CONFIG_EEPROM_93CX6=y
# CONFIG_EEPROM_93XX46 is not set
# CONFIG_CB710_CORE is not set

#
# Texas Instruments shared transport line discipline
#
CONFIG_SENSORS_LIS3_SPI=y
# CONFIG_SENSORS_LIS3_I2C is not set

#
# Altera FPGA firmware download module
#
CONFIG_ALTERA_STAPL=y
CONFIG_INTEL_MEI=y
CONFIG_HAVE_IDE=y
# CONFIG_IDE is not set

#
# SCSI device support
#
CONFIG_SCSI_MOD=y
# CONFIG_RAID_ATTRS is not set
CONFIG_SCSI=y
CONFIG_SCSI_DMA=y
CONFIG_SCSI_TGT=y
CONFIG_SCSI_NETLINK=y
CONFIG_SCSI_PROC_FS=y

#
# SCSI support type (disk, tape, CD-ROM)
#
# CONFIG_BLK_DEV_SD is not set
CONFIG_CHR_DEV_ST=y
CONFIG_CHR_DEV_OSST=y
# CONFIG_BLK_DEV_SR is not set
CONFIG_CHR_DEV_SG=y
# CONFIG_CHR_DEV_SCH is not set
# CONFIG_SCSI_ENCLOSURE is not set
# CONFIG_SCSI_MULTI_LUN is not set
# CONFIG_SCSI_CONSTANTS is not set
# CONFIG_SCSI_LOGGING is not set
# CONFIG_SCSI_SCAN_ASYNC is not set

#
# SCSI Transports
#
CONFIG_SCSI_SPI_ATTRS=y
CONFIG_SCSI_FC_ATTRS=y
CONFIG_SCSI_FC_TGT_ATTRS=y
CONFIG_SCSI_ISCSI_ATTRS=y
CONFIG_SCSI_SAS_ATTRS=y
CONFIG_SCSI_SAS_LIBSAS=y
CONFIG_SCSI_SAS_ATA=y
CONFIG_SCSI_SAS_HOST_SMP=y
CONFIG_SCSI_SRP_ATTRS=y
# CONFIG_SCSI_SRP_TGT_ATTRS is not set
CONFIG_SCSI_LOWLEVEL=y
CONFIG_ISCSI_BOOT_SYSFS=y
CONFIG_SCSI_BNX2_ISCSI=y
CONFIG_SCSI_BNX2X_FCOE=y
CONFIG_BE2ISCSI=y
# CONFIG_BLK_DEV_3W_XXXX_RAID is not set
# CONFIG_SCSI_HPSA is not set
CONFIG_SCSI_3W_9XXX=y
CONFIG_SCSI_3W_SAS=y
# CONFIG_SCSI_ACARD is not set
# CONFIG_SCSI_AACRAID is not set
CONFIG_SCSI_AIC7XXX=y
CONFIG_AIC7XXX_CMDS_PER_DEVICE=32
CONFIG_AIC7XXX_RESET_DELAY_MS=5000
# CONFIG_AIC7XXX_DEBUG_ENABLE is not set
CONFIG_AIC7XXX_DEBUG_MASK=0
# CONFIG_AIC7XXX_REG_PRETTY_PRINT is not set
CONFIG_SCSI_AIC7XXX_OLD=y
# CONFIG_SCSI_AIC79XX is not set
CONFIG_SCSI_AIC94XX=y
CONFIG_AIC94XX_DEBUG=y
CONFIG_SCSI_MVSAS=y
CONFIG_SCSI_MVSAS_DEBUG=y
CONFIG_SCSI_MVSAS_TASKLET=y
CONFIG_SCSI_MVUMI=y
# CONFIG_SCSI_DPT_I2O is not set
CONFIG_SCSI_ADVANSYS=y
# CONFIG_SCSI_ARCMSR is not set
# CONFIG_MEGARAID_NEWGEN is not set
# CONFIG_MEGARAID_LEGACY is not set
CONFIG_MEGARAID_SAS=y
# CONFIG_SCSI_MPT2SAS is not set
# CONFIG_SCSI_UFSHCD is not set
CONFIG_SCSI_HPTIOP=y
# CONFIG_SCSI_BUSLOGIC is not set
# CONFIG_VMWARE_PVSCSI is not set
CONFIG_LIBFC=y
CONFIG_LIBFCOE=y
CONFIG_FCOE=y
CONFIG_FCOE_FNIC=y
# CONFIG_SCSI_DMX3191D is not set
# CONFIG_SCSI_EATA is not set
CONFIG_SCSI_FUTURE_DOMAIN=y
CONFIG_SCSI_GDTH=y
CONFIG_SCSI_ISCI=y
# CONFIG_SCSI_IPS is not set
# CONFIG_SCSI_INITIO is not set
CONFIG_SCSI_INIA100=y
CONFIG_SCSI_STEX=y
CONFIG_SCSI_SYM53C8XX_2=y
CONFIG_SCSI_SYM53C8XX_DMA_ADDRESSING_MODE=1
CONFIG_SCSI_SYM53C8XX_DEFAULT_TAGS=16
CONFIG_SCSI_SYM53C8XX_MAX_TAGS=64
CONFIG_SCSI_SYM53C8XX_MMIO=y
# CONFIG_SCSI_IPR is not set
CONFIG_SCSI_QLOGIC_1280=y
# CONFIG_SCSI_QLA_FC is not set
CONFIG_SCSI_QLA_ISCSI=y
# CONFIG_SCSI_LPFC is not set
# CONFIG_SCSI_DC395x is not set
# CONFIG_SCSI_DC390T is not set
# CONFIG_SCSI_DEBUG is not set
CONFIG_SCSI_PMCRAID=y
# CONFIG_SCSI_PM8001 is not set
# CONFIG_SCSI_SRP is not set
CONFIG_SCSI_BFA_FC=y
# CONFIG_SCSI_VIRTIO is not set
CONFIG_SCSI_DH=y
CONFIG_SCSI_DH_RDAC=y
CONFIG_SCSI_DH_HP_SW=y
# CONFIG_SCSI_DH_EMC is not set
CONFIG_SCSI_DH_ALUA=y
CONFIG_SCSI_OSD_INITIATOR=y
# CONFIG_SCSI_OSD_ULD is not set
CONFIG_SCSI_OSD_DPRINT_SENSE=1
CONFIG_SCSI_OSD_DEBUG=y
CONFIG_ATA=y
# CONFIG_ATA_NONSTANDARD is not set
CONFIG_ATA_VERBOSE_ERROR=y
# CONFIG_SATA_PMP is not set

#
# Controllers with non-SFF native interface
#
# CONFIG_SATA_AHCI is not set
CONFIG_SATA_AHCI_PLATFORM=y
CONFIG_SATA_INIC162X=y
# CONFIG_SATA_ACARD_AHCI is not set
# CONFIG_SATA_SIL24 is not set
CONFIG_ATA_SFF=y

#
# SFF controllers with custom DMA interface
#
# CONFIG_PDC_ADMA is not set
# CONFIG_SATA_QSTOR is not set
CONFIG_SATA_SX4=y
# CONFIG_ATA_BMDMA is not set

#
# PIO-only SFF controllers
#
CONFIG_PATA_CMD640_PCI=y
CONFIG_PATA_MPIIX=y
CONFIG_PATA_NS87410=y
CONFIG_PATA_OPTI=y
# CONFIG_PATA_RZ1000 is not set

#
# Generic fallback / legacy drivers
#
# CONFIG_PATA_LEGACY is not set
# CONFIG_MD is not set
# CONFIG_TARGET_CORE is not set
CONFIG_FUSION=y
CONFIG_FUSION_SPI=y
CONFIG_FUSION_FC=y
CONFIG_FUSION_SAS=y
CONFIG_FUSION_MAX_SGE=128
CONFIG_FUSION_CTL=y
# CONFIG_FUSION_LOGGING is not set

#
# IEEE 1394 (FireWire) support
#
CONFIG_FIREWIRE=y
# CONFIG_FIREWIRE_OHCI is not set
CONFIG_FIREWIRE_SBP2=y
# CONFIG_FIREWIRE_NOSY is not set
# CONFIG_I2O is not set
CONFIG_MACINTOSH_DRIVERS=y
# CONFIG_MAC_EMUMOUSEBTN is not set
CONFIG_NETDEVICES=y
CONFIG_NET_CORE=y
CONFIG_DUMMY=y
CONFIG_EQUALIZER=y
# CONFIG_NET_FC is not set
CONFIG_MII=y
# CONFIG_IEEE802154_DRIVERS is not set
CONFIG_IFB=y
# CONFIG_NET_TEAM is not set
CONFIG_MACVLAN=y
# CONFIG_MACVTAP is not set
CONFIG_NETCONSOLE=y
# CONFIG_NETCONSOLE_DYNAMIC is not set
CONFIG_NETPOLL=y
# CONFIG_NETPOLL_TRAP is not set
CONFIG_NET_POLL_CONTROLLER=y
# CONFIG_RIONET is not set
CONFIG_TUN=y
CONFIG_VETH=y
# CONFIG_VIRTIO_NET is not set
# CONFIG_ARCNET is not set

#
# CAIF transport drivers
#

#
# Distributed Switch Architecture drivers
#
CONFIG_NET_DSA_MV88E6XXX=y
# CONFIG_NET_DSA_MV88E6060 is not set
CONFIG_NET_DSA_MV88E6XXX_NEED_PPU=y
CONFIG_NET_DSA_MV88E6131=y
# CONFIG_NET_DSA_MV88E6123_61_65 is not set
CONFIG_ETHERNET=y
CONFIG_MDIO=y
CONFIG_NET_VENDOR_3COM=y
CONFIG_VORTEX=y
# CONFIG_TYPHOON is not set
# CONFIG_NET_VENDOR_ADAPTEC is not set
CONFIG_NET_VENDOR_ALTEON=y
# CONFIG_ACENIC is not set
CONFIG_NET_VENDOR_AMD=y
# CONFIG_AMD8111_ETH is not set
# CONFIG_PCNET32 is not set
CONFIG_NET_VENDOR_ATHEROS=y
# CONFIG_ATL2 is not set
# CONFIG_ATL1 is not set
# CONFIG_ATL1E is not set
CONFIG_ATL1C=y
CONFIG_NET_VENDOR_BROADCOM=y
CONFIG_B44=y
CONFIG_B44_PCI_AUTOSELECT=y
CONFIG_B44_PCICORE_AUTOSELECT=y
CONFIG_B44_PCI=y
CONFIG_BNX2=y
CONFIG_CNIC=y
CONFIG_TIGON3=y
# CONFIG_BNX2X is not set
# CONFIG_NET_VENDOR_BROCADE is not set
CONFIG_NET_CALXEDA_XGMAC=y
CONFIG_NET_VENDOR_CHELSIO=y
CONFIG_CHELSIO_T1=y
# CONFIG_CHELSIO_T1_1G is not set
CONFIG_CHELSIO_T4=y
CONFIG_CHELSIO_T4VF=y
# CONFIG_DNET is not set
# CONFIG_NET_VENDOR_DEC is not set
# CONFIG_NET_VENDOR_DLINK is not set
# CONFIG_NET_VENDOR_EXAR is not set
CONFIG_NET_VENDOR_HP=y
# CONFIG_HP100 is not set
CONFIG_NET_VENDOR_INTEL=y
# CONFIG_E100 is not set
CONFIG_E1000=y
# CONFIG_E1000E is not set
CONFIG_IGB=y
# CONFIG_IGB_DCA is not set
# CONFIG_IGB_PTP is not set
# CONFIG_IGBVF is not set
CONFIG_IXGB=y
CONFIG_IXGBEVF=y
# CONFIG_NET_VENDOR_I825XX is not set
CONFIG_IP1000=y
# CONFIG_JME is not set
# CONFIG_NET_VENDOR_MARVELL is not set
CONFIG_NET_VENDOR_MICREL=y
CONFIG_KS8842=y
CONFIG_KS8851=y
# CONFIG_KS8851_MLL is not set
CONFIG_KSZ884X_PCI=y
CONFIG_NET_VENDOR_MICROCHIP=y
# CONFIG_ENC28J60 is not set
# CONFIG_FEALNX is not set
# CONFIG_NET_VENDOR_NATSEMI is not set
CONFIG_NET_VENDOR_NVIDIA=y
# CONFIG_FORCEDETH is not set
# CONFIG_NET_VENDOR_OKI is not set
# CONFIG_ETHOC is not set
# CONFIG_NET_PACKET_ENGINE is not set
CONFIG_NET_VENDOR_QLOGIC=y
# CONFIG_QLA3XXX is not set
# CONFIG_QLCNIC is not set
CONFIG_QLGE=y
# CONFIG_NETXEN_NIC is not set
# CONFIG_NET_VENDOR_REALTEK is not set
CONFIG_NET_VENDOR_RDC=y
# CONFIG_R6040 is not set
# CONFIG_NET_VENDOR_SEEQ is not set
CONFIG_NET_VENDOR_SILAN=y
# CONFIG_SC92031 is not set
# CONFIG_NET_VENDOR_SIS is not set
# CONFIG_NET_VENDOR_SMSC is not set
# CONFIG_NET_VENDOR_STMICRO is not set
# CONFIG_NET_VENDOR_SUN is not set
# CONFIG_NET_VENDOR_TEHUTI is not set
CONFIG_NET_VENDOR_TI=y
CONFIG_TLAN=y
CONFIG_NET_VENDOR_VIA=y
# CONFIG_VIA_RHINE is not set
# CONFIG_VIA_VELOCITY is not set
# CONFIG_NET_VENDOR_WIZNET is not set
# CONFIG_FDDI is not set
CONFIG_PHYLIB=y

#
# MII PHY device drivers
#
CONFIG_AMD_PHY=y
CONFIG_MARVELL_PHY=y
# CONFIG_DAVICOM_PHY is not set
# CONFIG_QSEMI_PHY is not set
# CONFIG_LXT_PHY is not set
# CONFIG_CICADA_PHY is not set
# CONFIG_VITESSE_PHY is not set
# CONFIG_SMSC_PHY is not set
CONFIG_BROADCOM_PHY=y
# CONFIG_ICPLUS_PHY is not set
CONFIG_REALTEK_PHY=y
CONFIG_NATIONAL_PHY=y
CONFIG_STE10XP=y
CONFIG_LSI_ET1011C_PHY=y
CONFIG_MICREL_PHY=y
# CONFIG_FIXED_PHY is not set
CONFIG_MDIO_BITBANG=y
# CONFIG_MICREL_KS8995MA is not set
# CONFIG_PPP is not set
CONFIG_SLIP=y
CONFIG_SLHC=y
CONFIG_SLIP_COMPRESSED=y
# CONFIG_SLIP_SMART is not set
# CONFIG_SLIP_MODE_SLIP6 is not set

#
# USB Network Adapters
#
CONFIG_USB_CATC=y
CONFIG_USB_KAWETH=y
# CONFIG_USB_PEGASUS is not set
CONFIG_USB_RTL8150=y
CONFIG_USB_USBNET=y
# CONFIG_USB_NET_AX8817X is not set
CONFIG_USB_NET_CDCETHER=y
# CONFIG_USB_NET_CDC_EEM is not set
# CONFIG_USB_NET_CDC_NCM is not set
# CONFIG_USB_NET_DM9601 is not set
CONFIG_USB_NET_SMSC75XX=y
# CONFIG_USB_NET_SMSC95XX is not set
CONFIG_USB_NET_GL620A=y
# CONFIG_USB_NET_NET1080 is not set
CONFIG_USB_NET_PLUSB=y
CONFIG_USB_NET_MCS7830=y
CONFIG_USB_NET_RNDIS_HOST=y
CONFIG_USB_NET_CDC_SUBSET=y
# CONFIG_USB_ALI_M5632 is not set
CONFIG_USB_AN2720=y
# CONFIG_USB_BELKIN is not set
# CONFIG_USB_ARMLINUX is not set
# CONFIG_USB_EPSON2888 is not set
# CONFIG_USB_KC2190 is not set
# CONFIG_USB_NET_ZAURUS is not set
# CONFIG_USB_NET_CX82310_ETH is not set
CONFIG_USB_NET_KALMIA=y
CONFIG_USB_NET_QMI_WWAN=y
# CONFIG_USB_NET_INT51X1 is not set
# CONFIG_USB_CDC_PHONET is not set
CONFIG_USB_IPHETH=y
CONFIG_USB_SIERRA_NET=y
# CONFIG_USB_VL600 is not set
CONFIG_WLAN=y
CONFIG_AIRO=y
# CONFIG_ATMEL is not set
CONFIG_PRISM54=y
# CONFIG_USB_ZD1201 is not set
CONFIG_USB_NET_RNDIS_WLAN=y
# CONFIG_ATH_COMMON is not set
CONFIG_BRCMUTIL=y
CONFIG_BRCMFMAC=y
# CONFIG_BRCMFMAC_USB is not set
CONFIG_BRCMDBG=y
CONFIG_HOSTAP=y
# CONFIG_HOSTAP_FIRMWARE is not set
# CONFIG_HOSTAP_PLX is not set
CONFIG_HOSTAP_PCI=y
# CONFIG_IPW2100 is not set
# CONFIG_IPW2200 is not set
# CONFIG_LIBERTAS is not set
# CONFIG_HERMES is not set
CONFIG_WL_TI=y
# CONFIG_MWIFIEX is not set

#
# WiMAX Wireless Broadband devices
#

#
# Enable MMC support to see WiMAX SDIO drivers
#
# CONFIG_WIMAX_I2400M_USB is not set
# CONFIG_WAN is not set
# CONFIG_ISDN is not set

#
# Input device support
#
CONFIG_INPUT=y
CONFIG_INPUT_FF_MEMLESS=y
CONFIG_INPUT_POLLDEV=y
# CONFIG_INPUT_SPARSEKMAP is not set
CONFIG_INPUT_MATRIXKMAP=y

#
# Userland interfaces
#
CONFIG_INPUT_MOUSEDEV=y
CONFIG_INPUT_MOUSEDEV_PSAUX=y
CONFIG_INPUT_MOUSEDEV_SCREEN_X=1024
CONFIG_INPUT_MOUSEDEV_SCREEN_Y=768
CONFIG_INPUT_JOYDEV=y
# CONFIG_INPUT_EVDEV is not set
# CONFIG_INPUT_EVBUG is not set

#
# Input Device Drivers
#
CONFIG_INPUT_KEYBOARD=y
CONFIG_KEYBOARD_ADP5520=y
CONFIG_KEYBOARD_ADP5588=y
# CONFIG_KEYBOARD_ADP5589 is not set
CONFIG_KEYBOARD_ATKBD=y
CONFIG_KEYBOARD_QT1070=y
# CONFIG_KEYBOARD_QT2160 is not set
# CONFIG_KEYBOARD_LKKBD is not set
CONFIG_KEYBOARD_TCA6416=y
# CONFIG_KEYBOARD_TCA8418 is not set
# CONFIG_KEYBOARD_LM8323 is not set
# CONFIG_KEYBOARD_LM8333 is not set
# CONFIG_KEYBOARD_MAX7359 is not set
CONFIG_KEYBOARD_MCS=y
# CONFIG_KEYBOARD_MPR121 is not set
# CONFIG_KEYBOARD_NEWTON is not set
CONFIG_KEYBOARD_OPENCORES=y
# CONFIG_KEYBOARD_STOWAWAY is not set
# CONFIG_KEYBOARD_SUNKBD is not set
# CONFIG_KEYBOARD_STMPE is not set
CONFIG_KEYBOARD_OMAP4=y
# CONFIG_KEYBOARD_TWL4030 is not set
# CONFIG_KEYBOARD_XTKBD is not set
CONFIG_INPUT_MOUSE=y
# CONFIG_MOUSE_PS2 is not set
# CONFIG_MOUSE_SERIAL is not set
CONFIG_MOUSE_APPLETOUCH=y
# CONFIG_MOUSE_BCM5974 is not set
CONFIG_MOUSE_VSXXXAA=y
CONFIG_MOUSE_SYNAPTICS_I2C=y
# CONFIG_MOUSE_SYNAPTICS_USB is not set
# CONFIG_INPUT_JOYSTICK is not set
CONFIG_INPUT_TABLET=y
# CONFIG_TABLET_USB_ACECAD is not set
# CONFIG_TABLET_USB_AIPTEK is not set
# CONFIG_TABLET_USB_GTCO is not set
# CONFIG_TABLET_USB_HANWANG is not set
# CONFIG_TABLET_USB_KBTAB is not set
CONFIG_TABLET_USB_WACOM=y
# CONFIG_INPUT_TOUCHSCREEN is not set
# CONFIG_INPUT_MISC is not set

#
# Hardware I/O ports
#
CONFIG_SERIO=y
CONFIG_SERIO_I8042=y
# CONFIG_SERIO_SERPORT is not set
# CONFIG_SERIO_CT82C710 is not set
CONFIG_SERIO_PCIPS2=y
CONFIG_SERIO_LIBPS2=y
CONFIG_SERIO_RAW=y
CONFIG_SERIO_ALTERA_PS2=y
# CONFIG_SERIO_PS2MULT is not set
CONFIG_GAMEPORT=y
CONFIG_GAMEPORT_NS558=y
# CONFIG_GAMEPORT_L4 is not set
CONFIG_GAMEPORT_EMU10K1=y
# CONFIG_GAMEPORT_FM801 is not set

#
# Character devices
#
CONFIG_VT=y
CONFIG_CONSOLE_TRANSLATIONS=y
CONFIG_VT_CONSOLE=y
CONFIG_VT_CONSOLE_SLEEP=y
CONFIG_HW_CONSOLE=y
CONFIG_VT_HW_CONSOLE_BINDING=y
CONFIG_UNIX98_PTYS=y
CONFIG_DEVPTS_MULTIPLE_INSTANCES=y
CONFIG_LEGACY_PTYS=y
CONFIG_LEGACY_PTY_COUNT=256
# CONFIG_SERIAL_NONSTANDARD is not set
# CONFIG_NOZOMI is not set
# CONFIG_N_GSM is not set
# CONFIG_TRACE_SINK is not set
CONFIG_DEVKMEM=y

#
# Serial drivers
#
CONFIG_SERIAL_8250=y
CONFIG_SERIAL_8250_CONSOLE=y
CONFIG_FIX_EARLYCON_MEM=y
CONFIG_SERIAL_8250_PCI=y
CONFIG_SERIAL_8250_NR_UARTS=4
CONFIG_SERIAL_8250_RUNTIME_UARTS=4
CONFIG_SERIAL_8250_EXTENDED=y
CONFIG_SERIAL_8250_MANY_PORTS=y
CONFIG_SERIAL_8250_SHARE_IRQ=y
# CONFIG_SERIAL_8250_DETECT_IRQ is not set
CONFIG_SERIAL_8250_RSA=y

#
# Non-8250 serial port support
#
# CONFIG_SERIAL_MAX3100 is not set
# CONFIG_SERIAL_MAX3107 is not set
CONFIG_SERIAL_MFD_HSU=y
CONFIG_SERIAL_MFD_HSU_CONSOLE=y
CONFIG_SERIAL_CORE=y
CONFIG_SERIAL_CORE_CONSOLE=y
CONFIG_SERIAL_JSM=y
CONFIG_SERIAL_TIMBERDALE=y
# CONFIG_SERIAL_ALTERA_JTAGUART is not set
CONFIG_SERIAL_ALTERA_UART=y
CONFIG_SERIAL_ALTERA_UART_MAXPORTS=4
CONFIG_SERIAL_ALTERA_UART_BAUDRATE=115200
# CONFIG_SERIAL_ALTERA_UART_CONSOLE is not set
CONFIG_SERIAL_PCH_UART=y
# CONFIG_SERIAL_PCH_UART_CONSOLE is not set
# CONFIG_SERIAL_XILINX_PS_UART is not set
CONFIG_HVC_DRIVER=y
CONFIG_VIRTIO_CONSOLE=y
# CONFIG_IPMI_HANDLER is not set
CONFIG_HW_RANDOM=y
CONFIG_HW_RANDOM_TIMERIOMEM=y
# CONFIG_HW_RANDOM_INTEL is not set
CONFIG_HW_RANDOM_AMD=y
# CONFIG_HW_RANDOM_VIA is not set
# CONFIG_HW_RANDOM_VIRTIO is not set
# CONFIG_NVRAM is not set
CONFIG_R3964=y
CONFIG_APPLICOM=y
# CONFIG_MWAVE is not set
CONFIG_RAW_DRIVER=y
CONFIG_MAX_RAW_DEVS=256
# CONFIG_HANGCHECK_TIMER is not set
# CONFIG_TCG_TPM is not set
# CONFIG_TELCLOCK is not set
CONFIG_DEVPORT=y
CONFIG_I2C=y
CONFIG_I2C_BOARDINFO=y
# CONFIG_I2C_COMPAT is not set
CONFIG_I2C_CHARDEV=y
# CONFIG_I2C_MUX is not set
# CONFIG_I2C_HELPER_AUTO is not set
# CONFIG_I2C_SMBUS is not set

#
# I2C Algorithms
#
CONFIG_I2C_ALGOBIT=y
# CONFIG_I2C_ALGOPCF is not set
# CONFIG_I2C_ALGOPCA is not set

#
# I2C Hardware Bus support
#

#
# PC SMBus host controller drivers
#
CONFIG_I2C_ALI1535=y
CONFIG_I2C_ALI1563=y
CONFIG_I2C_ALI15X3=y
CONFIG_I2C_AMD756=y
# CONFIG_I2C_AMD756_S4882 is not set
CONFIG_I2C_AMD8111=y
# CONFIG_I2C_I801 is not set
# CONFIG_I2C_ISCH is not set
# CONFIG_I2C_PIIX4 is not set
# CONFIG_I2C_NFORCE2 is not set
# CONFIG_I2C_SIS5595 is not set
CONFIG_I2C_SIS630=y
# CONFIG_I2C_SIS96X is not set
CONFIG_I2C_VIA=y
CONFIG_I2C_VIAPRO=y

#
# I2C system bus drivers (mostly embedded / system-on-chip)
#
# CONFIG_I2C_DESIGNWARE_PCI is not set
CONFIG_I2C_EG20T=y
# CONFIG_I2C_INTEL_MID is not set
CONFIG_I2C_OCORES=y
# CONFIG_I2C_PCA_PLATFORM is not set
# CONFIG_I2C_PXA_PCI is not set
CONFIG_I2C_SIMTEC=y
# CONFIG_I2C_XILINX is not set

#
# External I2C/SMBus adapter drivers
#
CONFIG_I2C_DIOLAN_U2C=y
# CONFIG_I2C_PARPORT_LIGHT is not set
# CONFIG_I2C_TAOS_EVM is not set
# CONFIG_I2C_TINY_USB is not set

#
# Other I2C/SMBus bus drivers
#
# CONFIG_I2C_DEBUG_CORE is not set
CONFIG_I2C_DEBUG_ALGO=y
# CONFIG_I2C_DEBUG_BUS is not set
CONFIG_SPI=y
CONFIG_SPI_DEBUG=y
CONFIG_SPI_MASTER=y

#
# SPI Master Controller Drivers
#
# CONFIG_SPI_ALTERA is not set
# CONFIG_SPI_BITBANG is not set
# CONFIG_SPI_PXA2XX_PCI is not set
# CONFIG_SPI_TOPCLIFF_PCH is not set
# CONFIG_SPI_XILINX is not set
# CONFIG_SPI_DESIGNWARE is not set

#
# SPI Protocol Masters
#
CONFIG_SPI_SPIDEV=y
CONFIG_SPI_TLE62X0=y
# CONFIG_HSI is not set

#
# PPS support
#
CONFIG_PPS=y
CONFIG_PPS_DEBUG=y
# CONFIG_NTP_PPS is not set

#
# PPS clients support
#
# CONFIG_PPS_CLIENT_KTIMER is not set
# CONFIG_PPS_CLIENT_LDISC is not set
CONFIG_PPS_CLIENT_GPIO=y

#
# PPS generators support
#

#
# PTP clock support
#
# CONFIG_PTP_1588_CLOCK is not set
CONFIG_ARCH_WANT_OPTIONAL_GPIOLIB=y
# CONFIG_GPIOLIB is not set
CONFIG_W1=y
CONFIG_W1_CON=y

#
# 1-wire Bus Masters
#
# CONFIG_W1_MASTER_MATROX is not set
CONFIG_W1_MASTER_DS2490=y
CONFIG_W1_MASTER_DS2482=y
# CONFIG_W1_MASTER_DS1WM is not set

#
# 1-wire Slaves
#
CONFIG_W1_SLAVE_THERM=y
CONFIG_W1_SLAVE_SMEM=y
# CONFIG_W1_SLAVE_DS2408 is not set
CONFIG_W1_SLAVE_DS2423=y
CONFIG_W1_SLAVE_DS2431=y
# CONFIG_W1_SLAVE_DS2433 is not set
# CONFIG_W1_SLAVE_DS2760 is not set
CONFIG_W1_SLAVE_DS2780=y
CONFIG_W1_SLAVE_DS2781=y
# CONFIG_W1_SLAVE_BQ27000 is not set
CONFIG_POWER_SUPPLY=y
CONFIG_POWER_SUPPLY_DEBUG=y
CONFIG_PDA_POWER=y
# CONFIG_WM831X_BACKUP is not set
# CONFIG_WM831X_POWER is not set
CONFIG_WM8350_POWER=y
CONFIG_TEST_POWER=y
CONFIG_BATTERY_DS2780=y
CONFIG_BATTERY_DS2781=y
CONFIG_BATTERY_DS2782=y
# CONFIG_BATTERY_SBS is not set
# CONFIG_BATTERY_BQ27x00 is not set
CONFIG_BATTERY_MAX17040=y
# CONFIG_BATTERY_MAX17042 is not set
CONFIG_CHARGER_ISP1704=y
# CONFIG_CHARGER_MAX8903 is not set
# CONFIG_CHARGER_TWL4030 is not set
CONFIG_CHARGER_LP8727=y
# CONFIG_CHARGER_MANAGER is not set
# CONFIG_CHARGER_SMB347 is not set
CONFIG_HWMON=y
CONFIG_HWMON_VID=y
CONFIG_HWMON_DEBUG_CHIP=y

#
# Native drivers
#
# CONFIG_SENSORS_ABITUGURU is not set
# CONFIG_SENSORS_ABITUGURU3 is not set
# CONFIG_SENSORS_AD7314 is not set
# CONFIG_SENSORS_AD7414 is not set
# CONFIG_SENSORS_AD7418 is not set
CONFIG_SENSORS_ADCXX=y
# CONFIG_SENSORS_ADM1021 is not set
CONFIG_SENSORS_ADM1025=y
CONFIG_SENSORS_ADM1026=y
CONFIG_SENSORS_ADM1029=y
CONFIG_SENSORS_ADM1031=y
# CONFIG_SENSORS_ADM9240 is not set
# CONFIG_SENSORS_ADT7411 is not set
# CONFIG_SENSORS_ADT7462 is not set
CONFIG_SENSORS_ADT7470=y
# CONFIG_SENSORS_ADT7475 is not set
# CONFIG_SENSORS_ASC7621 is not set
CONFIG_SENSORS_K8TEMP=y
# CONFIG_SENSORS_K10TEMP is not set
# CONFIG_SENSORS_FAM15H_POWER is not set
# CONFIG_SENSORS_ASB100 is not set
# CONFIG_SENSORS_ATXP1 is not set
# CONFIG_SENSORS_DS620 is not set
# CONFIG_SENSORS_DS1621 is not set
CONFIG_SENSORS_I5K_AMB=y
# CONFIG_SENSORS_F71805F is not set
CONFIG_SENSORS_F71882FG=y
CONFIG_SENSORS_F75375S=y
CONFIG_SENSORS_FSCHMD=y
CONFIG_SENSORS_G760A=y
# CONFIG_SENSORS_GL518SM is not set
CONFIG_SENSORS_GL520SM=y
CONFIG_SENSORS_CORETEMP=y
# CONFIG_SENSORS_IT87 is not set
CONFIG_SENSORS_JC42=y
# CONFIG_SENSORS_LINEAGE is not set
