Path: news.gmane.org!not-for-mail
From: Fengguang Wu <fengguang.wu@intel.com>
Newsgroups: gmane.linux.kernel
Subject: suspicious RCU usage in copy_namespaces()
Date: Sat, 11 Aug 2012 17:19:20 +0800
Lines: 3897
Approved: news@gmane.org
Message-ID: <20120811091920.GA8117@localhost>
NNTP-Posting-Host: plane.gmane.org
Mime-Version: 1.0
Content-Type: multipart/mixed; boundary="2oS5YaxWCcQjTEyO"
X-Trace: dough.gmane.org 1344676832 1058 80.91.229.3 (11 Aug 2012 09:20:32 GMT)
X-Complaints-To: usenet@dough.gmane.org
NNTP-Posting-Date: Sat, 11 Aug 2012 09:20:32 +0000 (UTC)
Cc: Serge Hallyn <serge.hallyn@canonical.com>,
	linux-kernel@vger.kernel.org
To: "Eric W. Biederman" <ebiederm@xmission.com>
Original-X-From: linux-kernel-owner@vger.kernel.org Sat Aug 11 11:20:31 2012
Return-path: <linux-kernel-owner@vger.kernel.org>
Envelope-to: glk-linux-kernel-3@plane.gmane.org
Original-Received: from vger.kernel.org ([209.132.180.67])
	by plane.gmane.org with esmtp (Exim 4.69)
	(envelope-from <linux-kernel-owner@vger.kernel.org>)
	id 1T07rw-0004qo-UW
	for glk-linux-kernel-3@plane.gmane.org; Sat, 11 Aug 2012 11:20:30 +0200
Original-Received: (majordomo@vger.kernel.org) by vger.kernel.org via listexpand
	id S1753248Ab2HKJTa (ORCPT <rfc822;glk-linux-kernel-3@m.gmane.org>);
	Sat, 11 Aug 2012 05:19:30 -0400
Original-Received: from mga01.intel.com ([192.55.52.88]:47335 "EHLO mga01.intel.com"
	rhost-flags-OK-OK-OK-OK) by vger.kernel.org with ESMTP
	id S1752927Ab2HKJTY (ORCPT <rfc822;linux-kernel@vger.kernel.org>);
	Sat, 11 Aug 2012 05:19:24 -0400
Original-Received: from fmsmga001.fm.intel.com ([10.253.24.23])
  by fmsmga101.fm.intel.com with ESMTP; 11 Aug 2012 02:19:23 -0700
X-ExtLoop1: 1
X-IronPort-AV: E=Sophos;i="4.77,749,1336374000"; 
   d="scan'208";a="197599823"
Original-Received: from unknown (HELO wfg-t420.sh.intel.com) ([10.255.20.199])
  by fmsmga001.fm.intel.com with ESMTP; 11 Aug 2012 02:19:21 -0700
Original-Received: from wfg by wfg-t420.sh.intel.com with local (Exim 4.77)
	(envelope-from <fengguang.wu@intel.com>)
	id 1T07qq-00027l-KV; Sat, 11 Aug 2012 17:19:20 +0800
Content-Disposition: inline
User-Agent: Heirloom mailx 12.5 6/20/10
Original-Sender: linux-kernel-owner@vger.kernel.org
Precedence: bulk
List-ID: <linux-kernel.vger.kernel.org>
X-Mailing-List: linux-kernel@vger.kernel.org
Xref: news.gmane.org gmane.linux.kernel:1341539
Archived-At: <http://permalink.gmane.org/gmane.linux.kernel/1341539>


--2oS5YaxWCcQjTEyO
Content-Type: text/plain; charset=us-ascii
Content-Disposition: inline

Hi Eric,

The below warning shows up since commit

tree:   git://git.kernel.org/pub/scm/linux/kernel/git/ebiederm/user-namespace.git userns-always-map-user-v45
head:   38a0b1b84f5f613ff4e01fffda27f87d4cb2b649
commit: 928ccdb582292cec4552bbf5831f7d374ff60269  userns: Allow unprivileged users to create new namespaces

[    0.053560] ===============================
[    0.054000] [ INFO: suspicious RCU usage. ]
[    0.055001] 3.6.0-rc1-00116-g48de0c9 #176 Not tainted
[    0.055999] -------------------------------
[    0.057001] /c/kernel-tests/src/linux/kernel/nsproxy.c:126 suspicious rcu_dereference_check() usage!
[    0.057999] 
[    0.057999] other info that might help us debug this:
[    0.057999] 
[    0.058999] 
[    0.058999] rcu_scheduler_active = 1, debug_locks = 1
[    0.059998] no locks held by swapper/0.
[    0.060998] 
[    0.060998] stack backtrace:
[    0.061999] Pid: 0, comm: swapper Not tainted 3.6.0-rc1-00116-g48de0c9 #176
[    0.062999] Call Trace:
[    0.063532]  [<b1047586>] lockdep_rcu_suspicious+0xba/0xc3
[    0.064004]  [<b103218e>] copy_namespaces+0x59/0x1fd
[    0.066002]  [<b101792b>] copy_process.part.49+0xec6/0xf02
[    0.067002]  [<b1011f51>] ? kvm_clock_read+0x18/0x26
[    0.068004]  [<b1488949>] ? start_kernel+0x304/0x304
[    0.069000]  [<b1017a49>] do_fork+0xc6/0x23d
[    0.070000]  [<b104698b>] ? trace_hardirqs_off+0xb/0xd
[    0.071001]  [<b1037fc0>] ? local_clock+0x36/0x4e
[    0.072003]  [<b120ab99>] ? _raw_spin_unlock_irqrestore+0x39/0x4f
[    0.073053]  [<b1488949>] ? start_kernel+0x304/0x304
[    0.074002]  [<b1006826>] kernel_thread+0x72/0x7a
[    0.074999]  [<b1488949>] ? start_kernel+0x304/0x304
[    0.076001]  [<b120fc5c>] ? common_interrupt+0x3c/0x3c
[    0.077000]  [<b11fc816>] rest_init+0x1a/0x112
[    0.077999]  [<b1488944>] start_kernel+0x2ff/0x304
[    0.079000]  [<b14882c2>] i386_start_kernel+0x78/0x7d
[    0.080376] Performance Events: unsupported Netburst CPU model 6 no PMU driver, software events only.
[    0.086440] device: 'platform': device_add

Thanks,
Fengguang

--2oS5YaxWCcQjTEyO
Content-Type: text/plain; charset=us-ascii
Content-Disposition: attachment; filename="dmesg-kvm-ironlake-audio-3924-2012-08-11-08-16-05-3.6.0-rc1-00116-g48de0c9-176"

[    0.000000] Initializing cgroup subsys cpuset
[    0.000000] Initializing cgroup subsys cpu
[    0.000000] Linux version 3.6.0-rc1-00116-g48de0c9 (kbuild@bee) (gcc version 4.7.1 (Debian 4.7.1-6) ) #176 Sat Aug 11 08:15:12 CST 2012
[    0.000000] KERNEL supported cpus:
[    0.000000]   Intel GenuineIntel
[    0.000000]   Transmeta GenuineTMx86
[    0.000000]   Transmeta TransmetaCPU
[    0.000000]   UMC UMC UMC UMC
[    0.000000] Disabled fast string operations
[    0.000000] e820: BIOS-provided physical RAM map:
[    0.000000] BIOS-e820: [mem 0x0000000000000000-0x000000000009f3ff] usable
[    0.000000] BIOS-e820: [mem 0x000000000009f400-0x000000000009ffff] reserved
[    0.000000] BIOS-e820: [mem 0x00000000000f0000-0x00000000000fffff] reserved
[    0.000000] BIOS-e820: [mem 0x0000000000100000-0x000000000fffcfff] usable
[    0.000000] BIOS-e820: [mem 0x000000000fffd000-0x000000000fffffff] reserved
[    0.000000] BIOS-e820: [mem 0x00000000fffbc000-0x00000000ffffffff] reserved
[    0.000000] debug: ignoring loglevel setting.
[    0.000000] Notice: NX (Execute Disable) protection cannot be enabled: non-PAE kernel!
[    0.000000] DMI 2.4 present.
[    0.000000] DMI: Bochs Bochs, BIOS Bochs 01/01/2007
[    0.000000] Hypervisor detected: KVM
[    0.000000] e820: update [mem 0x00000000-0x0000ffff] usable ==> reserved
[    0.000000] e820: remove [mem 0x000a0000-0x000fffff] usable
[    0.000000] e820: last_pfn = 0xfffd max_arch_pfn = 0x100000
[    0.000000] initial memory mapped: [mem 0x00000000-0x01ffffff]
[    0.000000] Base memory trampoline at [b009b000] 9b000 size 16384
[    0.000000] init_memory_mapping: [mem 0x00000000-0x0fffcfff]
[    0.000000]  [mem 0x00000000-0x003fffff] page 4k
[    0.000000]  [mem 0x00400000-0x0fbfffff] page 2M
[    0.000000]  [mem 0x0fc00000-0x0fffcfff] page 4k
[    0.000000] kernel direct mapping tables up to 0xfffcfff @ [mem 0x01ffa000-0x01ffffff]
[    0.000000] log_buf_len: 8388608
[    0.000000] early log buf free: 129128(98%)
[    0.000000] RAMDISK: [mem 0x0e73f000-0x0ffeffff]
[    0.000000] ACPI: RSDP 000f8810 00014 (v00 BOCHS )
[    0.000000] ACPI: RSDT 0fffde10 00034 (v01 BOCHS  BXPCRSDT 00000001 BXPC 00000001)
[    0.000000] ACPI: FACP 0ffffe40 00074 (v01 BOCHS  BXPCFACP 00000001 BXPC 00000001)
[    0.000000] ACPI: DSDT 0fffdfd0 01E22 (v01   BXPC   BXDSDT 00000001 INTL 20090123)
[    0.000000] ACPI: FACS 0ffffe00 00040
[    0.000000] ACPI: SSDT 0fffdf80 00044 (v01 BOCHS  BXPCSSDT 00000001 BXPC 00000001)
[    0.000000] ACPI: APIC 0fffde90 0007A (v01 BOCHS  BXPCAPIC 00000001 BXPC 00000001)
[    0.000000] ACPI: HPET 0fffde50 00038 (v01 BOCHS  BXPCHPET 00000001 BXPC 00000001)
[    0.000000] 0MB HIGHMEM available.
[    0.000000] 255MB LOWMEM available.
[    0.000000]   mapped low ram: 0 - 0fffd000
[    0.000000]   low ram: 0 - 0fffd000
[    0.000000] kvm-clock: Using msrs 12 and 11
[    0.000000] kvm-clock: cpu 0, msr 0:1326c21, boot clock
[    0.000000] Zone ranges:
[    0.000000]   Normal   [mem 0x00010000-0x0fffcfff]
[    0.000000]   HighMem  empty
[    0.000000] Movable zone start for each node
[    0.000000] Early memory node ranges
[    0.000000]   node   0: [mem 0x00010000-0x0009efff]
[    0.000000]   node   0: [mem 0x00100000-0x0fffcfff]
[    0.000000] On node 0 totalpages: 65420
[    0.000000] free_area_init_node: node 0, pgdat b14809e0, node_mem_map bdd3f200
[    0.000000]   Normal zone: 512 pages used for memmap
[    0.000000]   Normal zone: 0 pages reserved
[    0.000000]   Normal zone: 64908 pages, LIFO batch:15
[    0.000000] ACPI: PM-Timer IO Port: 0xb008
[    0.000000] ACPI: HPET id: 0x8086a201 base: 0xfed00000
[    0.000000] PM: Registered nosave memory: 000000000009f000 - 00000000000a0000
[    0.000000] PM: Registered nosave memory: 00000000000a0000 - 00000000000f0000
[    0.000000] PM: Registered nosave memory: 00000000000f0000 - 0000000000100000
[    0.000000] e820: [mem 0x10000000-0xfffbbfff] available for PCI devices
[    0.000000] Booting paravirtualized kernel on KVM
[    0.000000] pcpu-alloc: s0 r0 d32768 u32768 alloc=1*32768
[    0.000000] pcpu-alloc: [0] 0 
[    0.000000] Built 1 zonelists in Zone order, mobility grouping on.  Total pages: 64908
[    0.000000] Kernel command line: trinity=2m hung_task_panic=1 branch=userns/userns-always-map-user-v45 log_buf_len=8M ignore_loglevel debug sched_debug apic=debug dynamic_printk sysrq_always_enabled panic=10  prompt_ramdisk=0 console=ttyS0,115200 console=tty0 vga=normal  root=/dev/ram0 rw link=vmlinuz-2012-08-11-08-15-24-userns:userns-always-map-user-v45:38a0b1b-48de0c9-i386-randconfig-b761-1-ironlake-audio BOOT_IMAGE=kernel-tests/kernels/i386-randconfig-b761/48de0c9/vmlinuz-3.6.0-rc1-00116-g48de0c9
[    0.000000] sysrq: sysrq always enabled.
[    0.000000] PID hash table entries: 1024 (order: 0, 4096 bytes)
[    0.000000] Dentry cache hash table entries: 32768 (order: 5, 131072 bytes)
[    0.000000] Inode-cache hash table entries: 16384 (order: 4, 65536 bytes)
[    0.000000] __ex_table already sorted, skipping sort
[    0.000000] Initializing CPU#0
[    0.000000] Initializing HighMem for node 0 (00000000:00000000)
[    0.000000] Memory: 215144k/262132k available (2112k kernel code, 46536k reserved, 2523k data, 304k init, 0k highmem)
[    0.000000] virtual kernel memory layout:
[    0.000000]     fixmap  : 0xfffe3000 - 0xfffff000   ( 112 kB)
[    0.000000]     pkmap   : 0xff800000 - 0xffc00000   (4096 kB)
[    0.000000]     vmalloc : 0xc07fd000 - 0xff7fe000   (1008 MB)
[    0.000000]     lowmem  : 0xb0000000 - 0xbfffd000   ( 255 MB)
[    0.000000]       .init : 0xb1488000 - 0xb14d4000   ( 304 kB)
[    0.000000]       .data : 0xb1210342 - 0xb1487080   (2523 kB)
[    0.000000]       .text : 0xb1000000 - 0xb1210342   (2112 kB)
[    0.000000] Checking if this processor honours the WP bit even in supervisor mode...Ok.
[    0.000000] SLUB: Genslabs=15, HWalign=128, Order=0-3, MinObjects=0, CPUs=1, Nodes=1
[    0.000000] NR_IRQS:16 nr_irqs:16 16
[    0.000000] CPU 0 irqstacks, hard=bd808000 soft=bd80a000
[    0.000000] console [ttyS0] enabled
[    0.000000] Lock dependency validator: Copyright (c) 2006 Red Hat, Inc., Ingo Molnar
[    0.000000] ... MAX_LOCKDEP_SUBCLASSES:  8
[    0.000000] ... MAX_LOCK_DEPTH:          48
[    0.000000] ... MAX_LOCKDEP_KEYS:        8191
[    0.000000] ... CLASSHASH_SIZE:          4096
[    0.000000] ... MAX_LOCKDEP_ENTRIES:     16384
[    0.000000] ... MAX_LOCKDEP_CHAINS:      32768
[    0.000000] ... CHAINHASH_SIZE:          16384
[    0.000000]  memory used by lock dependency info: 3823 kB
[    0.000000]  per task-struct memory footprint: 1920 bytes
[    0.000000] ------------------------
[    0.000000] | Locking API testsuite:
[    0.000000] ----------------------------------------------------------------------------
[    0.000000]                                  | spin |wlock |rlock |mutex | wsem | rsem |
[    0.000000]   --------------------------------------------------------------------------
[    0.000000]                      A-A deadlock:  ok  |  ok  |  ok  |  ok  |  ok  |  ok  |
[    0.000000]                  A-B-B-A deadlock:  ok  |  ok  |  ok  |  ok  |  ok  |  ok  |
[    0.000000]              A-B-B-C-C-A deadlock:  ok  |  ok  |  ok  |  ok  |  ok  |  ok  |
[    0.000000]              A-B-C-A-B-C deadlock:  ok  |  ok  |  ok  |  ok  |  ok  |  ok  |
[    0.000000]          A-B-B-C-C-D-D-A deadlock:  ok  |  ok  |  ok  |  ok  |  ok  |  ok  |
[    0.000000]          A-B-C-D-B-D-D-A deadlock:  ok  |  ok  |  ok  |  ok  |  ok  |  ok  |
[    0.000000]          A-B-C-D-B-C-D-A deadlock:  ok  |  ok  |  ok  |  ok  |  ok  |  ok  |
[    0.000000]                     double unlock:  ok  |  ok  |  ok  |  ok  |  ok  |  ok  |
[    0.000000]                   initialize held:  ok  |  ok  |  ok  |  ok  |  ok  |  ok  |
[    0.000000]                  bad unlock order:  ok  |  ok  |  ok  |  ok  |  ok  |  ok  |
[    0.000000]   --------------------------------------------------------------------------
[    0.000000]               recursive read-lock:             |  ok  |             |  ok  |
[    0.000000]            recursive read-lock #2:             |  ok  |             |  ok  |
[    0.000000]             mixed read-write-lock:             |  ok  |             |  ok  |
[    0.000000]             mixed write-read-lock:             |  ok  |             |  ok  |
[    0.000000]   --------------------------------------------------------------------------
[    0.000000]      hard-irqs-on + irq-safe-A/12:  ok  |  ok  |  ok  |
[    0.000000]      soft-irqs-on + irq-safe-A/12:  ok  |  ok  |  ok  |
[    0.000000]      hard-irqs-on + irq-safe-A/21:  ok  |  ok  |  ok  |
[    0.000000]      soft-irqs-on + irq-safe-A/21:  ok  |  ok  |  ok  |
[    0.000000]        sirq-safe-A => hirqs-on/12:  ok  |  ok  |  ok  |
[    0.000000]        sirq-safe-A => hirqs-on/21:  ok  |  ok  |  ok  |
[    0.000000]          hard-safe-A + irqs-on/12:  ok  |  ok  |  ok  |
[    0.000000]          soft-safe-A + irqs-on/12:  ok  |  ok  |  ok  |
[    0.000000]          hard-safe-A + irqs-on/21:  ok  |  ok  |  ok  |
[    0.000000]          soft-safe-A + irqs-on/21:  ok  |  ok  |  ok  |
[    0.000000]     hard-safe-A + unsafe-B #1/123:  ok  |  ok  |  ok  |
[    0.000000]     soft-safe-A + unsafe-B #1/123:  ok  |  ok  |  ok  |
[    0.000000]     hard-safe-A + unsafe-B #1/132:  ok  |  ok  |  ok  |
[    0.000000]     soft-safe-A + unsafe-B #1/132:  ok  |  ok  |  ok  |
[    0.000000]     hard-safe-A + unsafe-B #1/213:  ok  |  ok  |  ok  |
[    0.000000]     soft-safe-A + unsafe-B #1/213:  ok  |  ok  |  ok  |
[    0.000000]     hard-safe-A + unsafe-B #1/231:  ok  |  ok  |  ok  |
[    0.000000]     soft-safe-A + unsafe-B #1/231:  ok  |  ok  |  ok  |
[    0.000000]     hard-safe-A + unsafe-B #1/312:  ok  |  ok  |  ok  |
[    0.000000]     soft-safe-A + unsafe-B #1/312:  ok  |  ok  |  ok  |
[    0.000000]     hard-safe-A + unsafe-B #1/321:  ok  |  ok  |  ok  |
[    0.000000]     soft-safe-A + unsafe-B #1/321:  ok  |  ok  |  ok  |
[    0.000000]     hard-safe-A + unsafe-B #2/123:  ok  |  ok  |  ok  |
[    0.000000]     soft-safe-A + unsafe-B #2/123:  ok  |  ok  |  ok  |
[    0.000000]     hard-safe-A + unsafe-B #2/132:  ok  |  ok  |  ok  |
[    0.000000]     soft-safe-A + unsafe-B #2/132:  ok  |  ok  |  ok  |
[    0.000000]     hard-safe-A + unsafe-B #2/213:  ok  |  ok  |  ok  |
[    0.000000]     soft-safe-A + unsafe-B #2/213:  ok  |  ok  |  ok  |
[    0.000000]     hard-safe-A + unsafe-B #2/231:  ok  |  ok  |  ok  |
[    0.000000]     soft-safe-A + unsafe-B #2/231:  ok  |  ok  |  ok  |
[    0.000000]     hard-safe-A + unsafe-B #2/312:  ok  |  ok  |  ok  |
[    0.000000]     soft-safe-A + unsafe-B #2/312:  ok  |  ok  |  ok  |
[    0.000000]     hard-safe-A + unsafe-B #2/321:  ok  |  ok  |  ok  |
[    0.000000]     soft-safe-A + unsafe-B #2/321:  ok  |  ok  |  ok  |
[    0.000000]       hard-irq lock-inversion/123:  ok  |  ok  |  ok  |
[    0.000000]       soft-irq lock-inversion/123:  ok  |  ok  |  ok  |
[    0.000000]       hard-irq lock-inversion/132:  ok  |  ok  |  ok  |
[    0.000000]       soft-irq lock-inversion/132:  ok  |  ok  |  ok  |
[    0.000000]       hard-irq lock-inversion/213:  ok  |  ok  |  ok  |
[    0.000000]       soft-irq lock-inversion/213:  ok  |  ok  |  ok  |
[    0.000000]       hard-irq lock-inversion/231:  ok  |  ok  |  ok  |
[    0.000000]       soft-irq lock-inversion/231:  ok  |  ok  |  ok  |
[    0.000000]       hard-irq lock-inversion/312:  ok  |  ok  |  ok  |
[    0.000000]       soft-irq lock-inversion/312:  ok  |  ok  |  ok  |
[    0.000000]       hard-irq lock-inversion/321:  ok  |  ok  |  ok  |
[    0.000000]       soft-irq lock-inversion/321:  ok  |  ok  |  ok  |
[    0.000000]       hard-irq read-recursion/123:  ok  |
[    0.000000]       soft-irq read-recursion/123:  ok  |
[    0.000000]       hard-irq read-recursion/132:  ok  |
[    0.000000]       soft-irq read-recursion/132:  ok  |
[    0.000000]       hard-irq read-recursion/213:  ok  |
[    0.000000]       soft-irq read-recursion/213:  ok  |
[    0.000000]       hard-irq read-recursion/231:  ok  |
[    0.000000]       soft-irq read-recursion/231:  ok  |
[    0.000000]       hard-irq read-recursion/312:  ok  |
[    0.000000]       soft-irq read-recursion/312:  ok  |
[    0.000000]       hard-irq read-recursion/321:  ok  |
[    0.000000]       soft-irq read-recursion/321:  ok  |
[    0.000000] -------------------------------------------------------
[    0.000000] Good, all 218 testcases passed! |
[    0.000000] ---------------------------------
[    0.000000] hpet clockevent registered
[    0.000000] tsc: Detected 3191.964 MHz processor
[    0.001999] Calibrating delay loop (skipped) preset value.. 6383.92 BogoMIPS (lpj=3191964)
[    0.002563] pid_max: default: 4096 minimum: 301
[    0.004844] Mount-cache hash table entries: 512
[    0.007670] Initializing cgroup subsys cpuacct
[    0.008008] Initializing cgroup subsys perf_event
[    0.010060] Disabled fast string operations
[    0.011040] Last level iTLB entries: 4KB 0, 2MB 0, 4MB 0
[    0.011040] Last level dTLB entries: 4KB 0, 2MB 0, 4MB 0
[    0.011040] tlb_flushall_shift is 0x6
[    0.012006] CPU: Intel Common KVM processor stepping 01
[    0.016610] ACPI: Core revision 20120711
[    0.052329] ACPI: setting ELCR to 0200 (from 0c00)
[    0.053249] 
[    0.053560] ===============================
[    0.054000] [ INFO: suspicious RCU usage. ]
[    0.055001] 3.6.0-rc1-00116-g48de0c9 #176 Not tainted
[    0.055999] -------------------------------
[    0.057001] /c/kernel-tests/src/linux/kernel/nsproxy.c:126 suspicious rcu_dereference_check() usage!
[    0.057999] 
[    0.057999] other info that might help us debug this:
[    0.057999] 
[    0.058999] 
[    0.058999] rcu_scheduler_active = 1, debug_locks = 1
[    0.059998] no locks held by swapper/0.
[    0.060998] 
[    0.060998] stack backtrace:
[    0.061999] Pid: 0, comm: swapper Not tainted 3.6.0-rc1-00116-g48de0c9 #176
[    0.062999] Call Trace:
[    0.063532]  [<b1047586>] lockdep_rcu_suspicious+0xba/0xc3
[    0.064004]  [<b103218e>] copy_namespaces+0x59/0x1fd
[    0.066002]  [<b101792b>] copy_process.part.49+0xec6/0xf02
[    0.067002]  [<b1011f51>] ? kvm_clock_read+0x18/0x26
[    0.068004]  [<b1488949>] ? start_kernel+0x304/0x304
[    0.069000]  [<b1017a49>] do_fork+0xc6/0x23d
[    0.070000]  [<b104698b>] ? trace_hardirqs_off+0xb/0xd
[    0.071001]  [<b1037fc0>] ? local_clock+0x36/0x4e
[    0.072003]  [<b120ab99>] ? _raw_spin_unlock_irqrestore+0x39/0x4f
[    0.073053]  [<b1488949>] ? start_kernel+0x304/0x304
[    0.074002]  [<b1006826>] kernel_thread+0x72/0x7a
[    0.074999]  [<b1488949>] ? start_kernel+0x304/0x304
[    0.076001]  [<b120fc5c>] ? common_interrupt+0x3c/0x3c
[    0.077000]  [<b11fc816>] rest_init+0x1a/0x112
[    0.077999]  [<b1488944>] start_kernel+0x2ff/0x304
[    0.079000]  [<b14882c2>] i386_start_kernel+0x78/0x7d
[    0.080376] Performance Events: unsupported Netburst CPU model 6 no PMU driver, software events only.
[    0.086440] device: 'platform': device_add
[    0.087072] PM: Adding info for No Bus:platform
[    0.088196] bus: 'platform': registered
[    0.089139] bus: 'cpu': registered
[    0.090021] device: 'cpu': device_add
[    0.091120] PM: Adding info for No Bus:cpu
[    0.093161] device class 'regulator': registering
[    0.094340] Registering platform device 'reg-dummy'. Parent at platform
[    0.095004] device: 'reg-dummy': device_add
[    0.096079] bus: 'platform': add device reg-dummy
[    0.097082] PM: Adding info for platform:reg-dummy
[    0.098059] bus: 'platform': add driver reg-dummy
[    0.099034] bus: 'platform': driver_probe_device: matched device reg-dummy with driver reg-dummy
[    0.099995] bus: 'platform': really_probe: probing driver reg-dummy with device reg-dummy
[    0.101995] device: 'regulator.0': device_add
[    0.103355] PM: Adding info for No Bus:regulator.0
[    0.104184] dummy: 
[    0.105192] driver: 'reg-dummy': driver_bound: bound to device 'reg-dummy'
[    0.107028] bus: 'platform': really_probe: bound device reg-dummy to driver reg-dummy
[    0.109589] NET: Registered protocol family 16
[    0.110156] device class 'bdi': registering
[    0.112056] device class 'gpio': registering
[    0.113089] device class 'pci_bus': registering
[    0.114243] bus: 'pci': registered
[    0.115017] device: 'rapidio': device_add
[    0.116087] PM: Adding info for No Bus:rapidio
[    0.117137] bus: 'rapidio': registered
[    0.118003] device class 'tty': registering
[    0.119337] bus: 'spi': registered
[    0.119991] device class 'spi_master': registering
[    0.122338] ACPI: bus type pci registered
[    0.122992] device class 'dma': registering
[    0.124990] PCI: PCI BIOS revision 2.10 entry at 0xffe77, last bus=0
[    0.125990] PCI: Using configuration type 1 for base access
[    0.127082] device: 'cpu0': device_add
[    0.128023] bus: 'cpu': add device cpu0
[    0.129043] PM: Adding info for cpu:cpu0
[    0.136241] device: 'default': device_add
[    0.137291] PM: Adding info for No Bus:default
[    0.139060] bio: create slab <bio-0> at 0
[    0.140290] device class 'block': registering
[    0.141417] ACPI: Added _OSI(Module Device)
[    0.142001] ACPI: Added _OSI(Processor Device)
[    0.143002] ACPI: Added _OSI(3.0 _SCP Extensions)
[    0.144000] ACPI: Added _OSI(Processor Aggregator Device)
[    0.149172] ACPI: EC: Look up EC in DSDT
[    0.237352] ACPI: Interpreter enabled
[    0.237976] ACPI: (supports S0 S3 S4 S5)
[    0.240089] ACPI: Using PIC for interrupt routing
[    0.241173] bus: 'acpi': registered
[    0.241975] bus: 'acpi': add driver power
[    0.243356] device: 'LNXSYSTM:00': device_add
[    0.244976] bus: 'acpi': add device LNXSYSTM:00
[    0.246041] PM: Adding info for acpi:LNXSYSTM:00
[    0.247424] device: 'LNXCPU:00': device_add
[    0.248997] bus: 'acpi': add device LNXCPU:00
[    0.250101] PM: Adding info for acpi:LNXCPU:00
[    0.251358] device: 'LNXCPU:01': device_add
[    0.252010] bus: 'acpi': add device LNXCPU:01
[    0.253995] PM: Adding info for acpi:LNXCPU:01
[    0.256224] device: 'device:00': device_add
[    0.257028] bus: 'acpi': add device device:00
[    0.258038] PM: Adding info for acpi:device:00
[    0.261266] device: 'PNP0A03:00': device_add
[    0.262007] bus: 'acpi': add device PNP0A03:00
[    0.263037] PM: Adding info for acpi:PNP0A03:00
[    0.265857] device: 'device:01': device_add
[    0.266008] bus: 'acpi': add device device:01
[    0.268041] PM: Adding info for acpi:device:01
[    0.270603] device: 'device:02': device_add
[    0.271006] bus: 'acpi': add device device:02
[    0.272035] PM: Adding info for acpi:device:02
[    0.275107] device: 'device:03': device_add
[    0.276005] bus: 'acpi': add device device:03
[    0.277088] PM: Adding info for acpi:device:03
[    0.279594] device: 'device:04': device_add
[    0.280021] bus: 'acpi': add device device:04
[    0.281043] PM: Adding info for acpi:device:04
[    0.284237] device: 'device:05': device_add
[    0.285060] bus: 'acpi': add device device:05
[    0.286078] PM: Adding info for acpi:device:05
[    0.288748] device: 'device:06': device_add
[    0.289020] bus: 'acpi': add device device:06
[    0.290033] PM: Adding info for acpi:device:06
[    0.293307] device: 'device:07': device_add
[    0.294003] bus: 'acpi': add device device:07
[    0.295032] PM: Adding info for acpi:device:07
[    0.297688] device: 'device:08': device_add
[    0.298015] bus: 'acpi': add device device:08
[    0.299047] PM: Adding info for acpi:device:08
[    0.302207] device: 'device:09': device_add
[    0.303008] bus: 'acpi': add device device:09
[    0.304030] PM: Adding info for acpi:device:09
[    0.306533] device: 'device:0a': device_add
[    0.307015] bus: 'acpi': add device device:0a
[    0.308060] PM: Adding info for acpi:device:0a
[    0.311258] device: 'device:0b': device_add
[    0.312001] bus: 'acpi': add device device:0b
[    0.313029] PM: Adding info for acpi:device:0b
[    0.315652] device: 'device:0c': device_add
[    0.316000] bus: 'acpi': add device device:0c
[    0.317044] PM: Adding info for acpi:device:0c
[    0.320478] device: 'device:0d': device_add
[    0.320997] bus: 'acpi': add device device:0d
[    0.322027] PM: Adding info for acpi:device:0d
[    0.324996] device: 'device:0e': device_add
[    0.325977] bus: 'acpi': add device device:0e
[    0.327035] PM: Adding info for acpi:device:0e
[    0.329453] device: 'device:0f': device_add
[    0.330010] bus: 'acpi': add device device:0f
[    0.331041] PM: Adding info for acpi:device:0f
[    0.334096] device: 'device:10': device_add
[    0.334997] bus: 'acpi': add device device:10
[    0.336074] PM: Adding info for acpi:device:10
[    0.338608] device: 'device:11': device_add
[    0.339004] bus: 'acpi': add device device:11
[    0.340026] PM: Adding info for acpi:device:11
[    0.343249] device: 'device:12': device_add
[    0.343996] bus: 'acpi': add device device:12
[    0.345025] PM: Adding info for acpi:device:12
[    0.347728] device: 'device:13': device_add
[    0.348009] bus: 'acpi': add device device:13
[    0.349024] PM: Adding info for acpi:device:13
[    0.351359] device: 'device:14': device_add
[    0.351994] bus: 'acpi': add device device:14
[    0.353047] PM: Adding info for acpi:device:14
[    0.355759] device: 'device:15': device_add
[    0.356011] bus: 'acpi': add device device:15
[    0.357023] PM: Adding info for acpi:device:15
[    0.360338] device: 'device:16': device_add
[    0.360994] bus: 'acpi': add device device:16
[    0.362021] PM: Adding info for acpi:device:16
[    0.364611] device: 'device:17': device_add
[    0.364991] bus: 'acpi': add device device:17
[    0.366036] PM: Adding info for acpi:device:17
[    0.369262] device: 'device:18': device_add
[    0.369991] bus: 'acpi': add device device:18
[    0.371030] PM: Adding info for acpi:device:18
[    0.373682] device: 'device:19': device_add
[    0.374000] bus: 'acpi': add device device:19
[    0.375035] PM: Adding info for acpi:device:19
[    0.378430] device: 'device:1a': device_add
[    0.378989] bus: 'acpi': add device device:1a
[    0.380018] PM: Adding info for acpi:device:1a
[    0.382719] device: 'device:1b': device_add
[    0.382989] bus: 'acpi': add device device:1b
[    0.384035] PM: Adding info for acpi:device:1b
[    0.387242] device: 'device:1c': device_add
[    0.388037] bus: 'acpi': add device device:1c
[    0.389067] PM: Adding info for acpi:device:1c
[    0.391703] device: 'device:1d': device_add
[    0.391992] bus: 'acpi': add device device:1d
[    0.393027] PM: Adding info for acpi:device:1d
[    0.396243] device: 'device:1e': device_add
[    0.396988] bus: 'acpi': add device device:1e
[    0.398016] PM: Adding info for acpi:device:1e
[    0.400774] device: 'device:1f': device_add
[    0.401003] bus: 'acpi': add device device:1f
[    0.402032] PM: Adding info for acpi:device:1f
[    0.406004] device: 'device:20': device_add
[    0.407017] bus: 'acpi': add device device:20
[    0.408016] PM: Adding info for acpi:device:20
[    0.410476] device: 'device:21': device_add
[    0.410984] bus: 'acpi': add device device:21
[    0.412023] PM: Adding info for acpi:device:21
[    0.414728] device: 'PNP0B00:00': device_add
[    0.414983] bus: 'acpi': add device PNP0B00:00
[    0.416035] PM: Adding info for acpi:PNP0B00:00
[    0.419743] device: 'PNP0303:00': device_add
[    0.419982] bus: 'acpi': add device PNP0303:00
[    0.421028] PM: Adding info for acpi:PNP0303:00
[    0.424645] device: 'PNP0F13:00': device_add
[    0.424997] bus: 'acpi': add device PNP0F13:00
[    0.426021] PM: Adding info for acpi:PNP0F13:00
[    0.429733] device: 'PNP0700:00': device_add
[    0.429991] bus: 'acpi': add device PNP0700:00
[    0.431013] PM: Adding info for acpi:PNP0700:00
[    0.438236] device: 'PNP0400:00': device_add
[    0.439043] bus: 'acpi': add device PNP0400:00
[    0.440014] PM: Adding info for acpi:PNP0400:00
[    0.445000] device: 'PNP0501:00': device_add
[    0.445979] bus: 'acpi': add device PNP0501:00
[    0.447079] PM: Adding info for acpi:PNP0501:00
[    0.450635] device: 'device:22': device_add
[    0.450999] bus: 'acpi': add device device:22
[    0.452011] PM: Adding info for acpi:device:22
[    0.455569] device: 'PNP0103:00': device_add
[    0.455987] bus: 'acpi': add device PNP0103:00
[    0.457008] PM: Adding info for acpi:PNP0103:00
[    0.462109] device: 'PNP0C0F:00': device_add
[    0.462993] bus: 'acpi': add device PNP0C0F:00
[    0.464008] PM: Adding info for acpi:PNP0C0F:00
[    0.467986] device: 'PNP0C0F:01': device_add
[    0.468894] bus: 'acpi': add device PNP0C0F:01
[    0.469014] PM: Adding info for acpi:PNP0C0F:01
[    0.472681] device: 'PNP0C0F:02': device_add
[    0.472976] bus: 'acpi': add device PNP0C0F:02
[    0.474037] PM: Adding info for acpi:PNP0C0F:02
[    0.478476] device: 'PNP0C0F:03': device_add
[    0.478985] bus: 'acpi': add device PNP0C0F:03
[    0.480003] PM: Adding info for acpi:PNP0C0F:03
[    0.482556] device: 'device:23': device_add
[    0.482975] bus: 'acpi': add device device:23
[    0.484014] PM: Adding info for acpi:device:23
[    0.485123] device: 'LNXPWRBN:00': device_add
[    0.485968] bus: 'acpi': add device LNXPWRBN:00
[    0.486994] PM: Adding info for acpi:LNXPWRBN:00
[    0.488380] bus: 'acpi': add driver ec
[    0.489202] PCI: Ignoring host bridge windows from ACPI; if necessary, use "pci=use_crs" and report a bug
[    0.489937] bus: 'acpi': add driver pci_root
[    0.490972] bus: 'acpi': driver_probe_device: matched device PNP0A03:00 with driver pci_root
[    0.491935] bus: 'acpi': really_probe: probing driver pci_root with device PNP0A03:00
[    0.493208] ACPI: PCI Root Bridge [PCI0] (domain 0000 [bus 00-ff])
[    0.495036] pci_root PNP0A03:00: host bridge window [io  0x0000-0x0cf7] (ignored)
[    0.495939] pci_root PNP0A03:00: host bridge window [io  0x0d00-0xffff] (ignored)
[    0.496935] pci_root PNP0A03:00: host bridge window [mem 0x000a0000-0x000bffff] (ignored)
[    0.497935] pci_root PNP0A03:00: host bridge window [mem 0xe0000000-0xfebfffff] (ignored)
[    0.498959] PCI: root bus 00: using default resources
[    0.499973] pci_root PNP0A03:00: fail to add MMCONFIG information, can't access extended PCI configuration space under this bridge.
[    0.501010] device: 'pci0000:00': device_add
[    0.502044] PM: Adding info for No Bus:pci0000:00
[    0.502978] device: '0000:00': device_add
[    0.504120] PM: Adding info for No Bus:0000:00
[    0.505010] PCI host bridge to bus 0000:00
[    0.505948] pci_bus 0000:00: busn_res: [bus 00-ff] is inserted under domain [bus 00-ff]
[    0.506931] pci_bus 0000:00: root bus resource [bus 00-ff]
[    0.507939] pci_bus 0000:00: root bus resource [io  0x0000-0xffff]
[    0.508939] pci_bus 0000:00: root bus resource [mem 0x00000000-0xffffffff]
[    0.509942] pci_bus 0000:00: scanning bus
[    0.511033] pci 0000:00:00.0: [8086:1237] type 00 class 0x060000
[    0.511938] pci 0000:00:00.0: calling quirk_mmio_always_on+0x0/0x9
[    0.514269] pci 0000:00:01.0: [8086:7000] type 00 class 0x060100
[    0.515482] pci 0000:00:01.1: [8086:7010] type 00 class 0x010180
[    0.516349] pci 0000:00:01.1: reg 20: [io  0xc000-0xc00f]
[    0.517247] pci 0000:00:01.3: [8086:7113] type 00 class 0x068000
[    0.517942] pci 0000:00:01.3: calling acpi_pm_check_blacklist+0x0/0x33
[    0.520107] pci 0000:00:01.3: calling quirk_piix4_acpi+0x0/0x130
[    0.520941] pci 0000:00:01.3: quirk: [io  0xb000-0xb03f] claimed by PIIX4 ACPI
[    0.521938] pci 0000:00:01.3: quirk: [io  0xb100-0xb10f] claimed by PIIX4 SMB
[    0.522970] pci 0000:00:01.3: calling pci_fixup_piix4_acpi+0x0/0xf
[    0.524102] pci 0000:00:02.0: [1013:00b8] type 00 class 0x030000
[    0.526241] pci 0000:00:02.0: reg 10: [mem 0xf0000000-0xf1ffffff pref]
[    0.528714] pci 0000:00:02.0: reg 14: [mem 0xf2000000-0xf2000fff]
[    0.536260] pci 0000:00:02.0: reg 30: [mem 0xf2010000-0xf201ffff pref]
[    0.538381] pci 0000:00:03.0: [8086:100e] type 00 class 0x020000
[    0.539032] pci 0000:00:03.0: reg 10: [mem 0xf2020000-0xf203ffff]
[    0.540032] pci 0000:00:03.0: reg 14: [io  0xc040-0xc07f]
[    0.542318] pci 0000:00:03.0: reg 30: [mem 0xf2040000-0xf2047fff pref]
[    0.543232] pci 0000:00:04.0: [1af4:1001] type 00 class 0x010000
[    0.544027] pci 0000:00:04.0: reg 10: [io  0xc080-0xc0bf]
[    0.544997] pci 0000:00:04.0: reg 14: [mem 0xf2048000-0xf2048fff]
[    0.547238] pci 0000:00:05.0: [1af4:1001] type 00 class 0x010000
[    0.548049] pci 0000:00:05.0: reg 10: [io  0xc0c0-0xc0ff]
[    0.548994] pci 0000:00:05.0: reg 14: [mem 0xf2049000-0xf2049fff]
[    0.550573] pci 0000:00:06.0: [1af4:1001] type 00 class 0x010000
[    0.551027] pci 0000:00:06.0: reg 10: [io  0xc100-0xc13f]
[    0.552016] pci 0000:00:06.0: reg 14: [mem 0xf204a000-0xf204afff]
[    0.554304] pci 0000:00:07.0: [1af4:1001] type 00 class 0x010000
[    0.554915] pci 0000:00:07.0: reg 10: [io  0xc140-0xc17f]
[    0.555027] pci 0000:00:07.0: reg 14: [mem 0xf204b000-0xf204bfff]
[    0.556545] pci 0000:00:08.0: [1af4:1001] type 00 class 0x010000
[    0.557025] pci 0000:00:08.0: reg 10: [io  0xc180-0xc1bf]
[    0.557994] pci 0000:00:08.0: reg 14: [mem 0xf204c000-0xf204cfff]
[    0.560342] pci 0000:00:09.0: [1af4:1001] type 00 class 0x010000
[    0.561039] pci 0000:00:09.0: reg 10: [io  0xc1c0-0xc1ff]
[    0.562001] pci 0000:00:09.0: reg 14: [mem 0xf204d000-0xf204dfff]
[    0.563499] pci 0000:00:0a.0: [8086:25ab] type 00 class 0x088000
[    0.564012] pci 0000:00:0a.0: reg 10: [mem 0xf204e000-0xf204e00f]
[    0.566531] pci_bus 0000:00: fixups for bus
[    0.566930] pci_bus 0000:00: bus scan returning with max=00
[    0.567925] pci_bus 0000:00: on NUMA node 0
[    0.568553] ACPI: PCI Interrupt Routing Table [\_SB_.PCI0._PRT]
[    0.587589]  pci0000:00: Unable to request _OSC control (_OSC support mask: 0x08)
[    0.587958] device: '0000:00:00.0': device_add
[    0.604455] bus: 'pci': add device 0000:00:00.0
[    0.605179] PM: Adding info for pci:0000:00:00.0
[    0.606073] device: '0000:00:01.0': device_add
[    0.621635] bus: 'pci': add device 0000:00:01.0
[    0.622078] PM: Adding info for pci:0000:00:01.0
[    0.622950] device: '0000:00:01.1': device_add
[    0.638922] bus: 'pci': add device 0000:00:01.1
[    0.639824] PM: Adding info for pci:0000:00:01.1
[    0.639978] device: '0000:00:01.3': device_add
[    0.656421] bus: 'pci': add device 0000:00:01.3
[    0.657080] PM: Adding info for pci:0000:00:01.3
[    0.657952] device: '0000:00:02.0': device_add
[    0.673921] bus: 'pci': add device 0000:00:02.0
[    0.674769] PM: Adding info for pci:0000:00:02.0
[    0.674942] device: '0000:00:03.0': device_add
[    0.691095] bus: 'pci': add device 0000:00:03.0
[    0.692010] PM: Adding info for pci:0000:00:03.0
[    0.692721] device: '0000:00:04.0': device_add
[    0.708263] bus: 'pci': add device 0000:00:04.0
[    0.709108] PM: Adding info for pci:0000:00:04.0
[    0.709906] device: '0000:00:05.0': device_add
[    0.725355] bus: 'pci': add device 0000:00:05.0
[    0.726101] PM: Adding info for pci:0000:00:05.0
[    0.726936] device: '0000:00:06.0': device_add
[    0.742481] bus: 'pci': add device 0000:00:06.0
[    0.743070] PM: Adding info for pci:0000:00:06.0
[    0.743938] device: '0000:00:07.0': device_add
[    0.759641] bus: 'pci': add device 0000:00:07.0
[    0.760047] PM: Adding info for pci:0000:00:07.0
[    0.760928] device: '0000:00:08.0': device_add
[    0.781978] bus: 'pci': add device 0000:00:08.0
[    0.782991] PM: Adding info for pci:0000:00:08.0
[    0.783952] device: '0000:00:09.0': device_add
[    0.806532] bus: 'pci': add device 0000:00:09.0
[    0.807973] PM: Adding info for pci:0000:00:09.0
[    0.808959] device: '0000:00:0a.0': device_add
[    0.834771] bus: 'pci': add device 0000:00:0a.0
[    0.836028] PM: Adding info for pci:0000:00:0a.0
[    0.836949] driver: 'PNP0A03:00': driver_bound: bound to device 'pci_root'
[    0.837899] bus: 'acpi': really_probe: bound device PNP0A03:00 to driver pci_root
[    0.839057] bus: 'acpi': add driver pci_link
[    0.839872] bus: 'acpi': driver_probe_device: matched device PNP0C0F:00 with driver pci_link
[    0.839885] bus: 'acpi': really_probe: probing driver pci_link with device PNP0C0F:00
[    0.843068] ACPI: PCI Interrupt Link [LNKA] (IRQs 5 *10 11)
[    0.845091] driver: 'PNP0C0F:00': driver_bound: bound to device 'pci_link'
[    0.845887] bus: 'acpi': really_probe: bound device PNP0C0F:00 to driver pci_link
[    0.846888] bus: 'acpi': driver_probe_device: matched device PNP0C0F:01 with driver pci_link
[    0.847882] bus: 'acpi': really_probe: probing driver pci_link with device PNP0C0F:01
[    0.850786] ACPI: PCI Interrupt Link [LNKB] (IRQs 5 *10 11)
[    0.851965] driver: 'PNP0C0F:01': driver_bound: bound to device 'pci_link'
[    0.852885] bus: 'acpi': really_probe: bound device PNP0C0F:01 to driver pci_link
[    0.853888] bus: 'acpi': driver_probe_device: matched device PNP0C0F:02 with driver pci_link
[    0.854880] bus: 'acpi': really_probe: probing driver pci_link with device PNP0C0F:02
[    0.858286] ACPI: PCI Interrupt Link [LNKC] (IRQs 5 10 *11)
[    0.860093] driver: 'PNP0C0F:02': driver_bound: bound to device 'pci_link'
[    0.860883] bus: 'acpi': really_probe: bound device PNP0C0F:02 to driver pci_link
[    0.861886] bus: 'acpi': driver_probe_device: matched device PNP0C0F:03 with driver pci_link
[    0.862879] bus: 'acpi': really_probe: probing driver pci_link with device PNP0C0F:03
[    0.865531] ACPI: PCI Interrupt Link [LNKD] (IRQs 5 10 *11)
[    0.867392] driver: 'PNP0C0F:03': driver_bound: bound to device 'pci_link'
[    0.867881] bus: 'acpi': really_probe: bound device PNP0C0F:03 to driver pci_link
[    0.870128] bus: 'pnp': registered
[    0.870828] device class 'misc': registering
[    0.872069] device: 'vga_arbiter': device_add
[    0.873137] PM: Adding info for No Bus:vga_arbiter
[    0.874086] vgaarb: device added: PCI:0000:00:02.0,decodes=io+mem,owns=io+mem,locks=none
[    0.875037] vgaarb: loaded
[    0.875876] vgaarb: bridge control possible 0000:00:02.0
[    0.876894] bus: 'spi': add driver ezx-pcap
[    0.878178] bus: 'serio': registered
[    0.878881] device class 'input': registering
[    0.879962] device class 'rtc': registering
[    0.880965] device class 'power_supply': registering
[    0.882029] device class 'watchdog': registering
[    0.882954] device class 'devfreq': registering
[    0.883938] PCI: Using ACPI for IRQ routing
[    0.884883] PCI: pci_cache_line_size set to 64 bytes
[    0.885971] pci 0000:00:01.1: BAR 0: reserving [io  0x01f0-0x01f7 flags 0x110] (d=0, p=0)
[    0.886886] pci 0000:00:01.1: BAR 1: reserving [io  0x03f6 flags 0x110] (d=0, p=0)
[    0.887878] pci 0000:00:01.1: BAR 2: reserving [io  0x0170-0x0177 flags 0x110] (d=0, p=0)
[    0.889877] pci 0000:00:01.1: BAR 3: reserving [io  0x0376 flags 0x110] (d=0, p=0)
[    0.890886] pci 0000:00:01.1: BAR 4: reserving [io  0xc000-0xc00f flags 0x40101] (d=0, p=0)
[    0.891945] pci 0000:00:02.0: BAR 0: reserving [mem 0xf0000000-0xf1ffffff flags 0x42208] (d=0, p=0)
[    0.892886] pci 0000:00:02.0: BAR 1: reserving [mem 0xf2000000-0xf2000fff flags 0x40200] (d=0, p=0)
[    0.893921] pci 0000:00:03.0: BAR 0: reserving [mem 0xf2020000-0xf203ffff flags 0x40200] (d=0, p=0)
[    0.894878] pci 0000:00:03.0: BAR 1: reserving [io  0xc040-0xc07f flags 0x40101] (d=0, p=0)
[    0.895915] pci 0000:00:04.0: BAR 0: reserving [io  0xc080-0xc0bf flags 0x40101] (d=0, p=0)
[    0.896877] pci 0000:00:04.0: BAR 1: reserving [mem 0xf2048000-0xf2048fff flags 0x40200] (d=0, p=0)
[    0.897924] pci 0000:00:05.0: BAR 0: reserving [io  0xc0c0-0xc0ff flags 0x40101] (d=0, p=0)
[    0.898883] pci 0000:00:05.0: BAR 1: reserving [mem 0xf2049000-0xf2049fff flags 0x40200] (d=0, p=0)
[    0.899912] pci 0000:00:06.0: BAR 0: reserving [io  0xc100-0xc13f flags 0x40101] (d=0, p=0)
[    0.900876] pci 0000:00:06.0: BAR 1: reserving [mem 0xf204a000-0xf204afff flags 0x40200] (d=0, p=0)
[    0.901916] pci 0000:00:07.0: BAR 0: reserving [io  0xc140-0xc17f flags 0x40101] (d=0, p=0)
[    0.902876] pci 0000:00:07.0: BAR 1: reserving [mem 0xf204b000-0xf204bfff flags 0x40200] (d=0, p=0)
[    0.904979] pci 0000:00:08.0: BAR 0: reserving [io  0xc180-0xc1bf flags 0x40101] (d=0, p=0)
[    0.905876] pci 0000:00:08.0: BAR 1: reserving [mem 0xf204c000-0xf204cfff flags 0x40200] (d=0, p=0)
[    0.906910] pci 0000:00:09.0: BAR 0: reserving [io  0xc1c0-0xc1ff flags 0x40101] (d=0, p=0)
[    0.907875] pci 0000:00:09.0: BAR 1: reserving [mem 0xf204d000-0xf204dfff flags 0x40200] (d=0, p=0)
[    0.908931] pci 0000:00:0a.0: BAR 0: reserving [mem 0xf204e000-0xf204e00f flags 0x40200] (d=0, p=0)
[    0.911188] e820: reserve RAM buffer [mem 0x0009f400-0x0009ffff]
[    0.911898] e820: reserve RAM buffer [mem 0x0fffd000-0x0fffffff]
[    0.913892] device class 'net': registering
[    0.915140] device: 'lo': device_add
[    0.916588] PM: Adding info for No Bus:lo
[    0.918595] hpet0: at MMIO 0xfed00000, IRQs 2, 8, 0
[    0.919161] hpet0: 3 comparators, 64-bit 100.000000 MHz counter
[    0.921881] Switching to clocksource kvm-clock
[    0.923651] bus: 'pnp': add driver system
[    0.924697] pnp: PnP ACPI init
[    0.925508] device: 'pnp0': device_add
[    0.926539] PM: Adding info for No Bus:pnp0
[    0.927506] ACPI: bus type pnp registered
[    0.928861] pnp 00:00: [bus 00-ff]
[    0.929690] pnp 00:00: [io  0x0cf8-0x0cff]
[    0.930734] pnp 00:00: [io  0x0000-0x0cf7 window]
[    0.931856] pnp 00:00: [io  0x0d00-0xffff window]
[    0.932945] pnp 00:00: [mem 0x000a0000-0x000bffff window]
[    0.934190] pnp 00:00: [mem 0xe0000000-0xfebfffff window]
[    0.935454] device: '00:00': device_add
[    0.936557] bus: 'pnp': add device 00:00
[    0.937674] PM: Adding info for pnp:00:00
[    0.938785] pnp 00:00: Plug and Play ACPI device, IDs PNP0a03 (active)
[    0.942226] pnp 00:01: [io  0x0070-0x0071]
[    0.943235] pnp 00:01: [irq 8]
[    0.943910] pnp 00:01: [io  0x0072-0x0077]
[    0.944951] device: '00:01': device_add
[    0.946636] bus: 'pnp': add device 00:01
[    0.947704] PM: Adding info for pnp:00:01
[    0.948684] pnp 00:01: Plug and Play ACPI device, IDs PNP0b00 (active)
[    0.950924] pnp 00:02: [io  0x0060]
[    0.951867] pnp 00:02: [io  0x0064]
[    0.952771] pnp 00:02: [irq 1]
[    0.953546] device: '00:02': device_add
[    0.954704] bus: 'pnp': add device 00:02
[    0.955727] PM: Adding info for pnp:00:02
[    0.956641] pnp 00:02: Plug and Play ACPI device, IDs PNP0303 (active)
[    0.959030] pnp 00:03: [irq 12]
[    0.959816] device: '00:03': device_add
[    0.960893] bus: 'pnp': add device 00:03
[    0.961959] PM: Adding info for pnp:00:03
[    0.963119] pnp 00:03: Plug and Play ACPI device, IDs PNP0f13 (active)
[    0.964031] pnp 00:04: [io  0x03f2-0x03f5]
[    0.966130] pnp 00:04: [io  0x03f7]
[    0.966908] pnp 00:04: [irq 6]
[    0.967742] pnp 00:04: [dma 2]
[    0.968531] device: '00:04': device_add
[    0.969667] bus: 'pnp': add device 00:04
[    0.970822] PM: Adding info for pnp:00:04
[    0.971944] pnp 00:04: Plug and Play ACPI device, IDs PNP0700 (active)
[    0.974877] pnp 00:05: [io  0x0378-0x037f]
[    0.975883] pnp 00:05: [irq 7]
[    0.976675] device: '00:05': device_add
[    0.977781] bus: 'pnp': add device 00:05
[    0.978925] PM: Adding info for pnp:00:05
[    0.979991] pnp 00:05: Plug and Play ACPI device, IDs PNP0400 (active)
[    0.983212] pnp 00:06: [io  0x03f8-0x03ff]
[    0.984228] pnp 00:06: [irq 4]
[    0.984940] device: '00:06': device_add
[    0.986243] bus: 'pnp': add device 00:06
[    0.987417] PM: Adding info for pnp:00:06
[    0.988537] pnp 00:06: Plug and Play ACPI device, IDs PNP0501 (active)
[    0.991694] pnp 00:07: [mem 0xfed00000-0xfed003ff]
[    0.992874] device: '00:07': device_add
[    0.994167] bus: 'pnp': add device 00:07
[    0.995275] PM: Adding info for pnp:00:07
[    0.996354] pnp 00:07: Plug and Play ACPI device, IDs PNP0103 (active)
[    1.001744] pnp: PnP ACPI: found 8 devices
[    1.002866] ACPI: ACPI bus type pnp unregistered
[    1.003953] device class 'mem': registering
[    1.004995] device: 'mem': device_add
[    1.006142] PM: Adding info for No Bus:mem
[    1.007258] device: 'null': device_add
[    1.008245] PM: Adding info for No Bus:null
[    1.009419] device: 'port': device_add
[    1.010630] PM: Adding info for No Bus:port
[    1.011827] device: 'zero': device_add
[    1.012911] PM: Adding info for No Bus:zero
[    1.014050] device: 'full': device_add
[    1.015107] PM: Adding info for No Bus:full
[    1.016204] device: 'random': device_add
[    1.017241] PM: Adding info for No Bus:random
[    1.018613] device: 'urandom': device_add
[    1.019762] PM: Adding info for No Bus:urandom
[    1.020879] device: 'kmsg': device_add
[    1.022118] PM: Adding info for No Bus:kmsg
[    1.023228] device: 'oldmem': device_add
[    1.024233] PM: Adding info for No Bus:oldmem
[    1.025361] device: 'tty': device_add
[    1.026519] PM: Adding info for No Bus:tty
[    1.027634] device: 'console': device_add
[    1.028853] PM: Adding info for No Bus:console
[    1.065434] pci_bus 0000:00: resource 4 [io  0x0000-0xffff]
[    1.066824] pci_bus 0000:00: resource 5 [mem 0x00000000-0xffffffff]
[    1.068504] NET: Registered protocol family 2
[    1.070468] TCP established hash table entries: 8192 (order: 4, 65536 bytes)
[    1.072372] TCP bind hash table entries: 8192 (order: 6, 360448 bytes)
[    1.075271] TCP: Hash tables configured (established 8192 bind 8192)
[    1.076851] TCP: reno registered
[    1.077728] UDP hash table entries: 128 (order: 1, 12288 bytes)
[    1.079205] UDP-Lite hash table entries: 128 (order: 1, 12288 bytes)
[    1.080941] NET: Registered protocol family 1
[    1.082180] pci 0000:00:00.0: calling quirk_natoma+0x0/0x25
[    1.083477] pci 0000:00:00.0: Limiting direct PCI/PCI transfers
[    1.084785] pci 0000:00:00.0: calling quirk_passive_release+0x0/0x71
[    1.086336] pci 0000:00:01.0: PIIX3: Enabling Passive Release
[    1.087660] pci 0000:00:01.0: calling quirk_isa_dma_hangs+0x0/0x28
[    1.088996] pci 0000:00:01.0: Activating ISA DMA hang workarounds
[    1.090619] pci 0000:00:02.0: calling pci_fixup_video+0x0/0x94
[    1.092032] pci 0000:00:02.0: Boot video device
[    1.093126] pci 0000:00:03.0: calling quirk_e100_interrupt+0x0/0x14e
[    1.094802] PCI: CLS 0 bytes, default 64
[    1.096602] Unpacking initramfs...
[    2.718487] Freeing initrd memory: 25284k freed
[    2.842515] DMA-API: preallocated 32768 debug entries
[    2.843290] DMA-API: debugging enabled by kernel config
[    2.844427] Registering platform device 'pcspkr'. Parent at platform
[    2.845422] device: 'pcspkr': device_add
[    2.846234] bus: 'platform': add device pcspkr
[    2.846939] PM: Adding info for platform:pcspkr
[    2.847929] bus: 'acpi': add driver olpc-xo15-sci
[    2.848884] device: 'snapshot': device_add
[    2.849663] PM: Adding info for No Bus:snapshot
[    2.850520] bus: 'clocksource': registered
[    2.851176] device: 'clocksource': device_add
[    2.851877] PM: Adding info for No Bus:clocksource
[    2.852672] device: 'clocksource0': device_add
[    2.853413] bus: 'clocksource': add device clocksource0
[    2.854244] PM: Adding info for clocksource:clocksource0
[    2.855114] bus: 'platform': add driver alarmtimer
[    2.856115] Registering platform device 'alarmtimer'. Parent at platform
[    2.857218] device: 'alarmtimer': device_add
[    2.857857] bus: 'platform': add device alarmtimer
[    2.858695] PM: Adding info for platform:alarmtimer
[    2.859525] bus: 'platform': driver_probe_device: matched device alarmtimer with driver alarmtimer
[    2.860857] bus: 'platform': really_probe: probing driver alarmtimer with device alarmtimer
[    2.862180] driver: 'alarmtimer': driver_bound: bound to device 'alarmtimer'
[    2.863235] bus: 'platform': really_probe: bound device alarmtimer to driver alarmtimer
[    2.864497] audit: initializing netlink socket (disabled)
[    2.865425] type=2000 audit(1344644152.864:1): initialized
[    2.879832] Kprobe smoke test started
[    2.885241] Kprobe smoke test passed successfully
[    2.886430] bus: 'event_source': registered
[    2.887096] device: 'breakpoint': device_add
[    2.887719] bus: 'event_source': add device breakpoint
[    2.888631] PM: Adding info for event_source:breakpoint
[    2.889556] device: 'software': device_add
[    2.890215] bus: 'event_source': add device software
[    2.890981] PM: Adding info for event_source:software
[    2.923231] VFS: Disk quotas dquot_6.5.2
[    2.924201] Dquot-cache hash table entries: 1024 (order 0, 4096 bytes)
[    2.925256] msgmni has been set to 469
[    2.927124] device class 'bsg': registering
[    2.927796] Block layer SCSI generic (bsg) driver version 0.4 loaded (major 252)
[    2.928906] io scheduler noop registered (default)
[    2.930892] crc32: CRC_LE_BITS = 8, CRC_BE BITS = 8
[    2.931709] crc32: self tests passed, processed 225944 bytes in 558326 nsec
[    2.933384] crc32c: CRC_LE_BITS = 8
[    2.933858] crc32c: self tests passed, processed 225944 bytes in 258049 nsec
[    2.934999] bus: 'acpi': add driver hardware_error_device
[    2.936071] GHES: HEST is not enabled!
[    2.936784] Serial: 8250/16550 driver, 4 ports, IRQ sharing disabled
[    2.937841] Registering platform device 'serial8250'. Parent at platform
[    2.938930] device: 'serial8250': device_add
[    2.939679] bus: 'platform': add device serial8250
[    2.940507] PM: Adding info for platform:serial8250
[    2.963682] serial8250: ttyS0 at I/O 0x3f8 (irq = 4) is a 16550A
[    2.964677] device: 'ttyS0': device_add
[    2.965479] PM: Adding info for No Bus:ttyS0
[    2.966505] device: 'ttyS1': device_add
[    2.967244] PM: Adding info for No Bus:ttyS1
[    2.968133] device: 'ttyS2': device_add
[    2.968784] PM: Adding info for No Bus:ttyS2
[    2.969661] device: 'ttyS3': device_add
[    2.970441] PM: Adding info for No Bus:ttyS3
[    2.971187] bus: 'platform': add driver serial8250
[    2.971932] bus: 'platform': driver_probe_device: matched device serial8250 with driver serial8250
[    2.973266] bus: 'platform': really_probe: probing driver serial8250 with device serial8250
[    2.974601] driver: 'serial8250': driver_bound: bound to device 'serial8250'
[    2.975756] bus: 'platform': really_probe: bound device serial8250 to driver serial8250
[    2.977159] bus: 'pnp': add driver serial
[    2.977794] bus: 'pnp': driver_probe_device: matched device 00:06 with driver serial
[    2.978961] bus: 'pnp': really_probe: probing driver serial with device 00:06
[    2.980164] device: 'ttyS0': device_unregister
[    2.980808] PM: Removing info for No Bus:ttyS0
[    2.982369] device: 'ttyS0': device_create_release
[    3.005462] 00:06: ttyS0 at I/O 0x3f8 (irq = 4) is a 16550A
[    3.006729] device: 'ttyS0': device_add
[    3.007581] PM: Adding info for No Bus:ttyS0
[    3.008386] driver: '00:06': driver_bound: bound to device 'serial'
[    3.009390] bus: 'pnp': really_probe: bound device 00:06 to driver serial
[    3.010566] bus: 'pci': add driver serial
[    3.011351] device: 'hpet': device_add
[    3.011970] PM: Adding info for No Bus:hpet
[    3.012701] bus: 'acpi': add driver hpet
[    3.013411] bus: 'acpi': driver_probe_device: matched device PNP0103:00 with driver hpet
[    3.014633] bus: 'acpi': really_probe: probing driver hpet with device PNP0103:00
[    3.016067] hpet: probe of PNP0103:00 rejects match -19
[    3.017113] kgdb: Registered I/O driver kgdbts.
[    3.018096] kgdbts:RUN hw breakpoint test

Entering kdb (current=0xbd860000, pid 1) due to Keyboard Entry
kdb> [    3.020009] kgdbts:RUN hw write breakpoint test
[    3.020810] kgdbts:RUN access write breakpoint test
[    3.021731] kgdbts:RUN plant and detach test
[    3.022504] kgdbts:RUN sw breakpoint test
[    3.023181] kgdbts:RUN bad memory access test
[    3.023873] kgdbts:RUN singlestep test 1000 iterations
[    3.024792] kgdbts:RUN singlestep [0/1000]
[    3.032839] kgdbts:RUN singlestep [100/1000]
[    3.040807] kgdbts:RUN singlestep [200/1000]
[    3.048781] kgdbts:RUN singlestep [300/1000]
[    3.056776] kgdbts:RUN singlestep [400/1000]
[    3.064581] kgdbts:RUN singlestep [500/1000]
[    3.072417] kgdbts:RUN singlestep [600/1000]
[    3.082793] kgdbts:RUN singlestep [700/1000]
[    3.093935] kgdbts:RUN singlestep [800/1000]
[    3.105192] kgdbts:RUN singlestep [900/1000]
[    3.116173] kgdbts:RUN do_fork for 100 breakpoints
[    3.117452] bus: 'pnp': add driver i8042 kbd
[    3.118452] bus: 'pnp': driver_probe_device: matched device 00:02 with driver i8042 kbd
[    3.120098] bus: 'pnp': really_probe: probing driver i8042 kbd with device 00:02
[    3.121702] driver: '00:02': driver_bound: bound to device 'i8042 kbd'
[    3.123062] bus: 'pnp': really_probe: bound device 00:02 to driver i8042 kbd
[    3.124617] bus: 'pnp': add driver i8042 aux
[    3.125603] bus: 'pnp': driver_probe_device: matched device 00:03 with driver i8042 aux
[    3.127233] bus: 'pnp': really_probe: probing driver i8042 aux with device 00:03
[    3.128823] driver: '00:03': driver_bound: bound to device 'i8042 aux'
[    3.130290] bus: 'pnp': really_probe: bound device 00:03 to driver i8042 aux
[    3.131805] i8042: PNP: PS/2 Controller [PNP0303:KBD,PNP0f13:MOU] at 0x60,0x64 irq 1,12
[    3.133509] Registering platform device 'i8042'. Parent at platform
[    3.134836] device: 'i8042': device_add
[    3.135749] bus: 'platform': add device i8042
[    3.136779] PM: Adding info for platform:i8042
[    3.137800] bus: 'platform': add driver i8042
[    3.138689] bus: 'platform': driver_probe_device: matched device i8042 with driver i8042
[    3.140378] bus: 'platform': really_probe: probing driver i8042 with device i8042
[    3.142945] serio: i8042 KBD port at 0x60,0x64 irq 1
[    3.144123] serio: i8042 AUX port at 0x60,0x64 irq 12
[    3.145240] driver: 'i8042': driver_bound: bound to device 'i8042'
[    3.146571] bus: 'platform': really_probe: bound device i8042 to driver i8042
[    3.148117] bus: 'serio': add driver atkbd
[    3.149118] cpuidle: using governor ladder
[    3.149947] bus: 'platform': add driver olpc-ec
[    3.151026] device class 'extcon': registering
[    3.152505] device: 'cpu_dma_latency': device_add
[    3.153394] PM: Adding info for No Bus:cpu_dma_latency
[    3.154347] device: 'network_latency': device_add
[    3.155137] PM: Adding info for No Bus:network_latency
[    3.156072] device: 'network_throughput': device_add
[    3.157121] PM: Adding info for No Bus:network_throughput
[    3.159983] hd: no drives specified - use hd=cyl,head,sectors on kernel command line
[    3.161562] bus: 'platform': add driver charger-manager
[    3.162115] ### of_selftest(): No testcase data in device tree; not running tests
[    3.162115] Freeing unused kernel memory: 304k freed
modprobe: FATAL: Could not load /lib/modules/3.6.0-rc1-00116-g48de0c9/modules.dep: No such file or directory

[    3.180783] device: 'serio0': device_add
[    3.181687] bus: 'serio': add device serio0
[    3.182521] PM: Adding info for serio:serio0
[    3.183228] bus: 'serio': driver_probe_device: matched device serio0 with driver atkbd
[    3.184547] bus: 'serio': really_probe: probing driver atkbd with device serio0
[    3.186474] device: 'input0': device_add
[    3.186719] PM: Adding info for No Bus:input0
[    3.186719] input: AT Translated Set 2 keyboard as /devices/platform/i8042/serio0/input/input0
[    3.189425] driver: 'serio0': driver_bound: bound to device 'atkbd'
[    3.190488] bus: 'serio': really_probe: bound device serio0 to driver atkbd
[    3.191598] device: 'serio1': device_add
[    3.192330] bus: 'serio': add device serio1
[    3.193001] PM: Adding info for serio:serio1
[    3.193795] bus: 'serio': driver_probe_device: matched device serio1 with driver atkbd
[    3.195036] bus: 'serio': really_probe: probing driver atkbd with device serio1
[    3.196574] atkbd: probe of serio1 rejects match -19
[    3.197424] bus: 'serio': driver_probe_device: matched device serio1 with driver atkbd
[    3.198616] bus: 'serio': really_probe: probing driver atkbd with device serio1
[    3.200037] atkbd: probe of serio1 rejects match -19
modprobe: FATAL: Could not load /lib/modules/3.6.0-rc1-00116-g48de0c9/modules.dep: No such file or directory

modprobe: FATAL: Could not load /lib/modules/3.6.0-rc1-00116-g48de0c9/modules.dep: No such file or directory

modprobe: FATAL: Could not load /lib/modules/3.6.0-rc1-00116-g48de0c9/modules.dep: No such file or directory

modprobe: FATAL: Could not load /lib/modules/3.6.0-rc1-00116-g48de0c9/modules.dep: No such file or directory

modprobe: FATAL: Could not load /lib/modules/3.6.0-rc1-00116-g48de0c9/modules.dep: No such file or directory

modprobe: FATAL: Could not load /lib/modules/3.6.0-rc1-00116-g48de0c9/modules.dep: No such file or directory

modprobe: FATAL: Could not load /lib/modules/3.6.0-rc1-00116-g48de0c9/modules.dep: No such file or directory

modprobe: FATAL: Could not load /lib/modules/3.6.0-rc1-00116-g48de0c9/modules.dep: No such file or directory

modprobe: FATAL: Could not load /lib/modules/3.6.0-rc1-00116-g48de0c9/modules.dep: No such file or directory

/bin/sh: /proc/self/fd/9: No such file or directory
modprobe: FATAL: Could not load /lib/modules/3.6.0-rc1-00116-g48de0c9/modules.dep: No such file or directory

modprobe: FATAL: Could not load /lib/modules/3.6.0-rc1-00116-g48de0c9/modules.dep: No such file or directory

/bin/sh: /proc/self/fd/9: No such file or directory
/bin/sh: /proc/self/fd/9: No such file or directory
[    3.848166] tsc: Refined TSC clocksource calibration: 3191.996 MHz

--2oS5YaxWCcQjTEyO
Content-Type: text/plain; charset=us-ascii
Content-Disposition: attachment; filename="config-3.6.0-rc1-00116-g48de0c9"

#
# Automatically generated file; DO NOT EDIT.
# Linux/i386 3.6.0-rc1 Kernel Configuration
#
# CONFIG_64BIT is not set
CONFIG_X86_32=y
# CONFIG_X86_64 is not set
CONFIG_X86=y
CONFIG_INSTRUCTION_DECODER=y
CONFIG_OUTPUT_FORMAT="elf32-i386"
CONFIG_ARCH_DEFCONFIG="arch/x86/configs/i386_defconfig"
CONFIG_LOCKDEP_SUPPORT=y
CONFIG_STACKTRACE_SUPPORT=y
CONFIG_HAVE_LATENCYTOP_SUPPORT=y
CONFIG_MMU=y
CONFIG_NEED_DMA_MAP_STATE=y
CONFIG_NEED_SG_DMA_LENGTH=y
CONFIG_GENERIC_ISA_DMA=y
CONFIG_GENERIC_BUG=y
CONFIG_GENERIC_HWEIGHT=y
CONFIG_GENERIC_GPIO=y
CONFIG_ARCH_MAY_HAVE_PC_FDC=y
# CONFIG_RWSEM_GENERIC_SPINLOCK is not set
CONFIG_RWSEM_XCHGADD_ALGORITHM=y
CONFIG_GENERIC_CALIBRATE_DELAY=y
CONFIG_ARCH_HAS_CPU_RELAX=y
CONFIG_ARCH_HAS_DEFAULT_IDLE=y
CONFIG_ARCH_HAS_CACHE_LINE_SIZE=y
CONFIG_ARCH_HAS_CPU_AUTOPROBE=y
CONFIG_HAVE_SETUP_PER_CPU_AREA=y
CONFIG_NEED_PER_CPU_EMBED_FIRST_CHUNK=y
CONFIG_NEED_PER_CPU_PAGE_FIRST_CHUNK=y
CONFIG_ARCH_HIBERNATION_POSSIBLE=y
CONFIG_ARCH_SUSPEND_POSSIBLE=y
# CONFIG_ZONE_DMA32 is not set
# CONFIG_AUDIT_ARCH is not set
CONFIG_ARCH_SUPPORTS_OPTIMIZED_INLINING=y
CONFIG_ARCH_SUPPORTS_DEBUG_PAGEALLOC=y
CONFIG_ARCH_HWEIGHT_CFLAGS="-fcall-saved-ecx -fcall-saved-edx"
CONFIG_ARCH_SUPPORTS_UPROBES=y
CONFIG_DEFCONFIG_LIST="/lib/modules/$UNAME_RELEASE/.config"
CONFIG_HAVE_IRQ_WORK=y
CONFIG_IRQ_WORK=y
CONFIG_BUILDTIME_EXTABLE_SORT=y

#
# General setup
#
CONFIG_EXPERIMENTAL=y
CONFIG_BROKEN_ON_SMP=y
CONFIG_INIT_ENV_ARG_LIMIT=32
CONFIG_CROSS_COMPILE=""
CONFIG_LOCALVERSION=""
CONFIG_LOCALVERSION_AUTO=y
CONFIG_HAVE_KERNEL_GZIP=y
CONFIG_HAVE_KERNEL_BZIP2=y
CONFIG_HAVE_KERNEL_LZMA=y
CONFIG_HAVE_KERNEL_XZ=y
CONFIG_HAVE_KERNEL_LZO=y
# CONFIG_KERNEL_GZIP is not set
# CONFIG_KERNEL_BZIP2 is not set
# CONFIG_KERNEL_LZMA is not set
# CONFIG_KERNEL_XZ is not set
CONFIG_KERNEL_LZO=y
CONFIG_DEFAULT_HOSTNAME="(none)"
CONFIG_SWAP=y
CONFIG_SYSVIPC=y
CONFIG_POSIX_MQUEUE=y
CONFIG_BSD_PROCESS_ACCT=y
# CONFIG_BSD_PROCESS_ACCT_V3 is not set
# CONFIG_FHANDLE is not set
# CONFIG_TASKSTATS is not set
CONFIG_AUDIT=y
CONFIG_AUDITSYSCALL=y
CONFIG_AUDIT_WATCH=y
CONFIG_AUDIT_TREE=y
# CONFIG_AUDIT_LOGINUID_IMMUTABLE is not set
CONFIG_HAVE_GENERIC_HARDIRQS=y

#
# IRQ subsystem
#
CONFIG_GENERIC_HARDIRQS=y
CONFIG_GENERIC_IRQ_PROBE=y
CONFIG_GENERIC_IRQ_SHOW=y
CONFIG_IRQ_DOMAIN=y
# CONFIG_IRQ_DOMAIN_DEBUG is not set
CONFIG_IRQ_FORCED_THREADING=y
CONFIG_SPARSE_IRQ=y
CONFIG_CLOCKSOURCE_WATCHDOG=y
CONFIG_KTIME_SCALAR=y
CONFIG_GENERIC_CLOCKEVENTS=y
CONFIG_GENERIC_CLOCKEVENTS_BUILD=y
CONFIG_GENERIC_CLOCKEVENTS_MIN_ADJUST=y
CONFIG_GENERIC_CMOS_UPDATE=y

#
# Timers subsystem
#
CONFIG_TICK_ONESHOT=y
# CONFIG_NO_HZ is not set
CONFIG_HIGH_RES_TIMERS=y

#
# RCU Subsystem
#
CONFIG_TINY_RCU=y
# CONFIG_PREEMPT_RCU is not set
# CONFIG_TREE_RCU_TRACE is not set
CONFIG_IKCONFIG=y
CONFIG_LOG_BUF_SHIFT=17
CONFIG_HAVE_UNSTABLE_SCHED_CLOCK=y
CONFIG_CGROUPS=y
# CONFIG_CGROUP_DEBUG is not set
# CONFIG_CGROUP_FREEZER is not set
# CONFIG_CGROUP_DEVICE is not set
CONFIG_CPUSETS=y
# CONFIG_PROC_PID_CPUSET is not set
CONFIG_CGROUP_CPUACCT=y
CONFIG_RESOURCE_COUNTERS=y
# CONFIG_MEMCG is not set
CONFIG_CGROUP_PERF=y
CONFIG_CGROUP_SCHED=y
CONFIG_FAIR_GROUP_SCHED=y
# CONFIG_CFS_BANDWIDTH is not set
# CONFIG_RT_GROUP_SCHED is not set
# CONFIG_BLK_CGROUP is not set
CONFIG_CHECKPOINT_RESTORE=y
CONFIG_NAMESPACES=y
CONFIG_UTS_NS=y
# CONFIG_IPC_NS is not set
# CONFIG_USER_NS is not set
CONFIG_PID_NS=y
# CONFIG_NET_NS is not set
CONFIG_SCHED_AUTOGROUP=y
# CONFIG_SYSFS_DEPRECATED is not set
# CONFIG_RELAY is not set
CONFIG_BLK_DEV_INITRD=y
CONFIG_INITRAMFS_SOURCE=""
CONFIG_RD_GZIP=y
# CONFIG_RD_BZIP2 is not set
# CONFIG_RD_LZMA is not set
# CONFIG_RD_XZ is not set
# CONFIG_RD_LZO is not set
CONFIG_CC_OPTIMIZE_FOR_SIZE=y
CONFIG_ANON_INODES=y
CONFIG_EXPERT=y
# CONFIG_UID16 is not set
CONFIG_KALLSYMS=y
CONFIG_KALLSYMS_ALL=y
CONFIG_HOTPLUG=y
CONFIG_PRINTK=y
CONFIG_BUG=y
CONFIG_ELF_CORE=y
CONFIG_PCSPKR_PLATFORM=y
CONFIG_HAVE_PCSPKR_PLATFORM=y
# CONFIG_BASE_FULL is not set
CONFIG_FUTEX=y
# CONFIG_EPOLL is not set
# CONFIG_SIGNALFD is not set
# CONFIG_TIMERFD is not set
CONFIG_EVENTFD=y
# CONFIG_SHMEM is not set
# CONFIG_AIO is not set
CONFIG_EMBEDDED=y
CONFIG_HAVE_PERF_EVENTS=y
CONFIG_PERF_USE_VMALLOC=y

#
# Kernel Performance Events And Counters
#
CONFIG_PERF_EVENTS=y
CONFIG_DEBUG_PERF_USE_VMALLOC=y
# CONFIG_VM_EVENT_COUNTERS is not set
CONFIG_PCI_QUIRKS=y
CONFIG_SLUB_DEBUG=y
# CONFIG_COMPAT_BRK is not set
# CONFIG_SLAB is not set
CONFIG_SLUB=y
# CONFIG_SLOB is not set
CONFIG_PROFILING=y
# CONFIG_OPROFILE is not set
CONFIG_HAVE_OPROFILE=y
CONFIG_OPROFILE_NMI_TIMER=y
CONFIG_KPROBES=y
# CONFIG_JUMP_LABEL is not set
CONFIG_OPTPROBES=y
CONFIG_HAVE_EFFICIENT_UNALIGNED_ACCESS=y
CONFIG_KRETPROBES=y
CONFIG_HAVE_IOREMAP_PROT=y
CONFIG_HAVE_KPROBES=y
CONFIG_HAVE_KRETPROBES=y
CONFIG_HAVE_OPTPROBES=y
CONFIG_HAVE_ARCH_TRACEHOOK=y
CONFIG_HAVE_DMA_ATTRS=y
CONFIG_HAVE_DMA_CONTIGUOUS=y
CONFIG_GENERIC_SMP_IDLE_THREAD=y
CONFIG_HAVE_REGS_AND_STACK_ACCESS_API=y
CONFIG_HAVE_DMA_API_DEBUG=y
CONFIG_HAVE_HW_BREAKPOINT=y
CONFIG_HAVE_MIXED_BREAKPOINTS_REGS=y
CONFIG_HAVE_USER_RETURN_NOTIFIER=y
CONFIG_HAVE_PERF_EVENTS_NMI=y
CONFIG_HAVE_ARCH_JUMP_LABEL=y
CONFIG_ARCH_HAVE_NMI_SAFE_CMPXCHG=y
CONFIG_HAVE_ALIGNED_STRUCT_PAGE=y
CONFIG_HAVE_CMPXCHG_LOCAL=y
CONFIG_HAVE_CMPXCHG_DOUBLE=y
CONFIG_ARCH_WANT_IPC_PARSE_VERSION=y
CONFIG_HAVE_ARCH_SECCOMP_FILTER=y

#
# GCOV-based kernel profiling
#
# CONFIG_GCOV_KERNEL is not set
CONFIG_HAVE_GENERIC_DMA_COHERENT=y
CONFIG_RT_MUTEXES=y
CONFIG_BASE_SMALL=1
CONFIG_MODULES=y
# CONFIG_MODULE_FORCE_LOAD is not set
CONFIG_MODULE_UNLOAD=y
# CONFIG_MODULE_FORCE_UNLOAD is not set
CONFIG_MODVERSIONS=y
# CONFIG_MODULE_SRCVERSION_ALL is not set
CONFIG_BLOCK=y
# CONFIG_LBDAF is not set
CONFIG_BLK_DEV_BSG=y
CONFIG_BLK_DEV_BSGLIB=y
# CONFIG_BLK_DEV_INTEGRITY is not set

#
# Partition Types
#
CONFIG_PARTITION_ADVANCED=y
# CONFIG_ACORN_PARTITION is not set
# CONFIG_OSF_PARTITION is not set
CONFIG_AMIGA_PARTITION=y
# CONFIG_ATARI_PARTITION is not set
CONFIG_MAC_PARTITION=y
# CONFIG_MSDOS_PARTITION is not set
# CONFIG_LDM_PARTITION is not set
CONFIG_SGI_PARTITION=y
CONFIG_ULTRIX_PARTITION=y
# CONFIG_SUN_PARTITION is not set
# CONFIG_KARMA_PARTITION is not set
CONFIG_EFI_PARTITION=y
# CONFIG_SYSV68_PARTITION is not set

#
# IO Schedulers
#
CONFIG_IOSCHED_NOOP=y
# CONFIG_IOSCHED_DEADLINE is not set
# CONFIG_IOSCHED_CFQ is not set
CONFIG_DEFAULT_NOOP=y
CONFIG_DEFAULT_IOSCHED="noop"
# CONFIG_INLINE_SPIN_TRYLOCK is not set
# CONFIG_INLINE_SPIN_TRYLOCK_BH is not set
# CONFIG_INLINE_SPIN_LOCK is not set
# CONFIG_INLINE_SPIN_LOCK_BH is not set
# CONFIG_INLINE_SPIN_LOCK_IRQ is not set
# CONFIG_INLINE_SPIN_LOCK_IRQSAVE is not set
CONFIG_UNINLINE_SPIN_UNLOCK=y
# CONFIG_INLINE_SPIN_UNLOCK_BH is not set
# CONFIG_INLINE_SPIN_UNLOCK_IRQ is not set
# CONFIG_INLINE_SPIN_UNLOCK_IRQRESTORE is not set
# CONFIG_INLINE_READ_TRYLOCK is not set
# CONFIG_INLINE_READ_LOCK is not set
# CONFIG_INLINE_READ_LOCK_BH is not set
# CONFIG_INLINE_READ_LOCK_IRQ is not set
# CONFIG_INLINE_READ_LOCK_IRQSAVE is not set
# CONFIG_INLINE_READ_UNLOCK is not set
# CONFIG_INLINE_READ_UNLOCK_BH is not set
# CONFIG_INLINE_READ_UNLOCK_IRQ is not set
# CONFIG_INLINE_READ_UNLOCK_IRQRESTORE is not set
# CONFIG_INLINE_WRITE_TRYLOCK is not set
# CONFIG_INLINE_WRITE_LOCK is not set
# CONFIG_INLINE_WRITE_LOCK_BH is not set
# CONFIG_INLINE_WRITE_LOCK_IRQ is not set
# CONFIG_INLINE_WRITE_LOCK_IRQSAVE is not set
# CONFIG_INLINE_WRITE_UNLOCK is not set
# CONFIG_INLINE_WRITE_UNLOCK_BH is not set
# CONFIG_INLINE_WRITE_UNLOCK_IRQ is not set
# CONFIG_INLINE_WRITE_UNLOCK_IRQRESTORE is not set
# CONFIG_MUTEX_SPIN_ON_OWNER is not set
CONFIG_FREEZER=y

#
# Processor type and features
#
# CONFIG_ZONE_DMA is not set
# CONFIG_SMP is not set
# CONFIG_X86_EXTENDED_PLATFORM is not set
CONFIG_X86_32_IRIS=m
# CONFIG_SCHED_OMIT_FRAME_POINTER is not set
CONFIG_PARAVIRT_GUEST=y
# CONFIG_PARAVIRT_TIME_ACCOUNTING is not set
# CONFIG_XEN_PRIVILEGED_GUEST is not set
CONFIG_KVM_CLOCK=y
CONFIG_KVM_GUEST=y
# CONFIG_LGUEST_GUEST is not set
CONFIG_PARAVIRT=y
CONFIG_PARAVIRT_CLOCK=y
# CONFIG_PARAVIRT_DEBUG is not set
CONFIG_NO_BOOTMEM=y
CONFIG_MEMTEST=y
# CONFIG_M386 is not set
# CONFIG_M486 is not set
# CONFIG_M586 is not set
# CONFIG_M586TSC is not set
# CONFIG_M586MMX is not set
CONFIG_M686=y
# CONFIG_MPENTIUMII is not set
# CONFIG_MPENTIUMIII is not set
# CONFIG_MPENTIUMM is not set
# CONFIG_MPENTIUM4 is not set
# CONFIG_MK6 is not set
# CONFIG_MK7 is not set
# CONFIG_MK8 is not set
# CONFIG_MCRUSOE is not set
# CONFIG_MEFFICEON is not set
# CONFIG_MWINCHIPC6 is not set
# CONFIG_MWINCHIP3D is not set
# CONFIG_MELAN is not set
# CONFIG_MGEODEGX1 is not set
# CONFIG_MGEODE_LX is not set
# CONFIG_MCYRIXIII is not set
# CONFIG_MVIAC3_2 is not set
# CONFIG_MVIAC7 is not set
# CONFIG_MCORE2 is not set
# CONFIG_MATOM is not set
# CONFIG_X86_GENERIC is not set
CONFIG_X86_INTERNODE_CACHE_SHIFT=5
CONFIG_X86_CMPXCHG=y
CONFIG_X86_L1_CACHE_SHIFT=5
CONFIG_X86_XADD=y
CONFIG_X86_PPRO_FENCE=y
CONFIG_X86_WP_WORKS_OK=y
CONFIG_X86_INVLPG=y
CONFIG_X86_BSWAP=y
CONFIG_X86_POPAD_OK=y
CONFIG_X86_USE_PPRO_CHECKSUM=y
CONFIG_X86_TSC=y
CONFIG_X86_CMPXCHG64=y
CONFIG_X86_CMOV=y
CONFIG_X86_MINIMUM_CPU_FAMILY=5
CONFIG_X86_DEBUGCTLMSR=y
CONFIG_PROCESSOR_SELECT=y
CONFIG_CPU_SUP_INTEL=y
# CONFIG_CPU_SUP_CYRIX_32 is not set
# CONFIG_CPU_SUP_AMD is not set
# CONFIG_CPU_SUP_CENTAUR is not set
CONFIG_CPU_SUP_TRANSMETA_32=y
CONFIG_CPU_SUP_UMC_32=y
CONFIG_HPET_TIMER=y
CONFIG_DMI=y
# CONFIG_IOMMU_HELPER is not set
CONFIG_NR_CPUS=1
# CONFIG_IRQ_TIME_ACCOUNTING is not set
CONFIG_PREEMPT_NONE=y
# CONFIG_PREEMPT_VOLUNTARY is not set
# CONFIG_PREEMPT is not set
CONFIG_PREEMPT_COUNT=y
# CONFIG_X86_UP_APIC is not set
# CONFIG_X86_MCE is not set
# CONFIG_VM86 is not set
CONFIG_TOSHIBA=m
# CONFIG_I8K is not set
CONFIG_X86_REBOOTFIXUPS=y
# CONFIG_MICROCODE is not set
CONFIG_X86_MSR=m
CONFIG_X86_CPUID=m
# CONFIG_NOHIGHMEM is not set
CONFIG_HIGHMEM4G=y
# CONFIG_HIGHMEM64G is not set
# CONFIG_VMSPLIT_3G is not set
CONFIG_VMSPLIT_3G_OPT=y
# CONFIG_VMSPLIT_2G is not set
# CONFIG_VMSPLIT_2G_OPT is not set
# CONFIG_VMSPLIT_1G is not set
CONFIG_PAGE_OFFSET=0xB0000000
CONFIG_HIGHMEM=y
# CONFIG_ARCH_PHYS_ADDR_T_64BIT is not set
# CONFIG_ARCH_DMA_ADDR_T_64BIT is not set
CONFIG_ARCH_FLATMEM_ENABLE=y
CONFIG_ARCH_SPARSEMEM_ENABLE=y
CONFIG_ARCH_SELECT_MEMORY_MODEL=y
CONFIG_ILLEGAL_POINTER_VALUE=0
CONFIG_SELECT_MEMORY_MODEL=y
CONFIG_FLATMEM_MANUAL=y
# CONFIG_SPARSEMEM_MANUAL is not set
CONFIG_FLATMEM=y
CONFIG_FLAT_NODE_MEM_MAP=y
CONFIG_SPARSEMEM_STATIC=y
CONFIG_HAVE_MEMBLOCK=y
CONFIG_HAVE_MEMBLOCK_NODE_MAP=y
CONFIG_ARCH_DISCARD_MEMBLOCK=y
CONFIG_PAGEFLAGS_EXTENDED=y
CONFIG_SPLIT_PTLOCK_CPUS=999999
# CONFIG_COMPACTION is not set
# CONFIG_PHYS_ADDR_T_64BIT is not set
CONFIG_ZONE_DMA_FLAG=0
CONFIG_BOUNCE=y
CONFIG_VIRT_TO_BUS=y
CONFIG_KSM=y
CONFIG_DEFAULT_MMAP_MIN_ADDR=4096
# CONFIG_TRANSPARENT_HUGEPAGE is not set
CONFIG_CROSS_MEMORY_ATTACH=y
CONFIG_NEED_PER_CPU_KM=y
CONFIG_CLEANCACHE=y
# CONFIG_FRONTSWAP is not set
# CONFIG_HIGHPTE is not set
# CONFIG_X86_CHECK_BIOS_CORRUPTION is not set
CONFIG_X86_RESERVE_LOW=64
# CONFIG_MATH_EMULATION is not set
# CONFIG_MTRR is not set
CONFIG_ARCH_RANDOM=y
# CONFIG_EFI is not set
# CONFIG_SECCOMP is not set
CONFIG_CC_STACKPROTECTOR=y
# CONFIG_HZ_100 is not set
# CONFIG_HZ_250 is not set
# CONFIG_HZ_300 is not set
CONFIG_HZ_1000=y
CONFIG_HZ=1000
CONFIG_SCHED_HRTICK=y
# CONFIG_KEXEC is not set
CONFIG_CRASH_DUMP=y
CONFIG_PHYSICAL_START=0x1000000
# CONFIG_RELOCATABLE is not set
CONFIG_PHYSICAL_ALIGN=0x1000000
# CONFIG_COMPAT_VDSO is not set
# CONFIG_CMDLINE_BOOL is not set
CONFIG_ARCH_ENABLE_MEMORY_HOTPLUG=y

#
# Power management and ACPI options
#
CONFIG_SUSPEND=y
CONFIG_SUSPEND_FREEZER=y
CONFIG_HIBERNATE_CALLBACKS=y
CONFIG_HIBERNATION=y
CONFIG_PM_STD_PARTITION=""
CONFIG_PM_SLEEP=y
CONFIG_PM_AUTOSLEEP=y
# CONFIG_PM_WAKELOCKS is not set
# CONFIG_PM_RUNTIME is not set
CONFIG_PM=y
# CONFIG_PM_DEBUG is not set
CONFIG_ACPI=y
CONFIG_ACPI_SLEEP=y
CONFIG_ACPI_EC_DEBUGFS=m
# CONFIG_ACPI_AC is not set
# CONFIG_ACPI_BATTERY is not set
CONFIG_ACPI_BUTTON=m
CONFIG_ACPI_VIDEO=m
CONFIG_ACPI_FAN=m
# CONFIG_ACPI_DOCK is not set
CONFIG_ACPI_PROCESSOR=m
CONFIG_ACPI_PROCESSOR_AGGREGATOR=m
# CONFIG_ACPI_THERMAL is not set
# CONFIG_ACPI_CUSTOM_DSDT is not set
CONFIG_ACPI_BLACKLIST_YEAR=0
CONFIG_ACPI_DEBUG=y
# CONFIG_ACPI_DEBUG_FUNC_TRACE is not set
CONFIG_ACPI_PCI_SLOT=m
CONFIG_X86_PM_TIMER=y
CONFIG_ACPI_CONTAINER=m
CONFIG_ACPI_SBS=m
CONFIG_ACPI_HED=y
# CONFIG_ACPI_CUSTOM_METHOD is not set
# CONFIG_ACPI_BGRT is not set
CONFIG_ACPI_APEI=y
CONFIG_ACPI_APEI_GHES=y
CONFIG_ACPI_APEI_EINJ=m
# CONFIG_ACPI_APEI_ERST_DEBUG is not set
# CONFIG_SFI is not set
# CONFIG_APM is not set

#
# CPU Frequency scaling
#
# CONFIG_CPU_FREQ is not set
CONFIG_CPU_IDLE=y
CONFIG_CPU_IDLE_GOV_LADDER=y
# CONFIG_ARCH_NEEDS_CPU_IDLE_COUPLED is not set
CONFIG_INTEL_IDLE=y

#
# Bus options (PCI etc.)
#
CONFIG_PCI=y
# CONFIG_PCI_GOBIOS is not set
# CONFIG_PCI_GOMMCONFIG is not set
# CONFIG_PCI_GODIRECT is not set
# CONFIG_PCI_GOOLPC is not set
CONFIG_PCI_GOANY=y
CONFIG_PCI_BIOS=y
CONFIG_PCI_DIRECT=y
CONFIG_PCI_MMCONFIG=y
CONFIG_PCI_OLPC=y
CONFIG_PCI_DOMAINS=y
CONFIG_PCI_CNB20LE_QUIRK=y
# CONFIG_PCIEPORTBUS is not set
# CONFIG_ARCH_SUPPORTS_MSI is not set
CONFIG_PCI_DEBUG=y
CONFIG_PCI_REALLOC_ENABLE_AUTO=y
CONFIG_PCI_STUB=m
CONFIG_PCI_ATS=y
CONFIG_PCI_IOV=y
# CONFIG_PCI_PRI is not set
# CONFIG_PCI_PASID is not set
# CONFIG_PCI_IOAPIC is not set
CONFIG_PCI_LABEL=y
CONFIG_ISA_DMA_API=y
# CONFIG_ISA is not set
# CONFIG_SCx200 is not set
CONFIG_OLPC=y
CONFIG_OLPC_XO15_SCI=y
CONFIG_ALIX=y
CONFIG_NET5501=y
# CONFIG_GEOS is not set
CONFIG_PCCARD=m
# CONFIG_PCMCIA is not set
CONFIG_CARDBUS=y

#
# PC-card bridges
#
# CONFIG_YENTA is not set
# CONFIG_HOTPLUG_PCI is not set
CONFIG_RAPIDIO=y
CONFIG_RAPIDIO_DISC_TIMEOUT=30
# CONFIG_RAPIDIO_ENABLE_RX_TX_PORTS is not set
CONFIG_RAPIDIO_DMA_ENGINE=y
# CONFIG_RAPIDIO_DEBUG is not set
CONFIG_RAPIDIO_TSI57X=y
# CONFIG_RAPIDIO_CPS_XX is not set
CONFIG_RAPIDIO_TSI568=y
CONFIG_RAPIDIO_CPS_GEN2=y
CONFIG_RAPIDIO_TSI500=y

#
# Executable file formats / Emulations
#
CONFIG_BINFMT_ELF=y
CONFIG_ARCH_BINFMT_ELF_RANDOMIZE_PIE=y
# CONFIG_CORE_DUMP_DEFAULT_ELF_HEADERS is not set
CONFIG_HAVE_AOUT=y
CONFIG_BINFMT_AOUT=m
CONFIG_BINFMT_MISC=m
CONFIG_HAVE_ATOMIC_IOMAP=y
CONFIG_HAVE_TEXT_POKE_SMP=y
CONFIG_NET=y

#
# Networking options
#
CONFIG_PACKET=m
CONFIG_UNIX=y
# CONFIG_UNIX_DIAG is not set
CONFIG_XFRM=y
CONFIG_XFRM_ALGO=m
# CONFIG_XFRM_USER is not set
CONFIG_XFRM_SUB_POLICY=y
# CONFIG_XFRM_MIGRATE is not set
CONFIG_XFRM_IPCOMP=m
# CONFIG_NET_KEY is not set
CONFIG_INET=y
CONFIG_IP_MULTICAST=y
# CONFIG_IP_ADVANCED_ROUTER is not set
CONFIG_IP_ROUTE_CLASSID=y
CONFIG_IP_PNP=y
CONFIG_IP_PNP_DHCP=y
CONFIG_IP_PNP_BOOTP=y
CONFIG_IP_PNP_RARP=y
# CONFIG_NET_IPIP is not set
CONFIG_NET_IPGRE_DEMUX=m
# CONFIG_NET_IPGRE is not set
CONFIG_IP_MROUTE=y
# CONFIG_IP_PIMSM_V1 is not set
# CONFIG_IP_PIMSM_V2 is not set
CONFIG_ARPD=y
# CONFIG_SYN_COOKIES is not set
# CONFIG_NET_IPVTI is not set
# CONFIG_INET_AH is not set
# CONFIG_INET_ESP is not set
CONFIG_INET_IPCOMP=m
CONFIG_INET_XFRM_TUNNEL=m
CONFIG_INET_TUNNEL=m
# CONFIG_INET_XFRM_MODE_TRANSPORT is not set
CONFIG_INET_XFRM_MODE_TUNNEL=m
# CONFIG_INET_XFRM_MODE_BEET is not set
# CONFIG_INET_LRO is not set
CONFIG_INET_DIAG=m
CONFIG_INET_TCP_DIAG=m
# CONFIG_INET_UDP_DIAG is not set
CONFIG_TCP_CONG_ADVANCED=y
# CONFIG_TCP_CONG_BIC is not set
# CONFIG_TCP_CONG_CUBIC is not set
CONFIG_TCP_CONG_WESTWOOD=m
# CONFIG_TCP_CONG_HTCP is not set
CONFIG_TCP_CONG_HSTCP=m
CONFIG_TCP_CONG_HYBLA=m
# CONFIG_TCP_CONG_VEGAS is not set
# CONFIG_TCP_CONG_SCALABLE is not set
CONFIG_TCP_CONG_LP=m
CONFIG_TCP_CONG_VENO=m
# CONFIG_TCP_CONG_YEAH is not set
CONFIG_TCP_CONG_ILLINOIS=m
CONFIG_DEFAULT_RENO=y
CONFIG_DEFAULT_TCP_CONG="reno"
# CONFIG_TCP_MD5SIG is not set
# CONFIG_IPV6 is not set
# CONFIG_NETWORK_SECMARK is not set
CONFIG_NETWORK_PHY_TIMESTAMPING=y
# CONFIG_NETFILTER is not set
CONFIG_IP_DCCP=m
CONFIG_INET_DCCP_DIAG=m

#
# DCCP CCIDs Configuration (EXPERIMENTAL)
#
# CONFIG_IP_DCCP_CCID2_DEBUG is not set
# CONFIG_IP_DCCP_CCID3 is not set

#
# DCCP Kernel Hacking
#
# CONFIG_IP_DCCP_DEBUG is not set
# CONFIG_IP_SCTP is not set
CONFIG_RDS=m
# CONFIG_RDS_RDMA is not set
# CONFIG_RDS_TCP is not set
CONFIG_RDS_DEBUG=y
# CONFIG_TIPC is not set
CONFIG_ATM=m
# CONFIG_ATM_CLIP is not set
# CONFIG_ATM_LANE is not set
CONFIG_ATM_BR2684=m
CONFIG_ATM_BR2684_IPFILTER=y
CONFIG_L2TP=m
# CONFIG_L2TP_DEBUGFS is not set
CONFIG_L2TP_V3=y
# CONFIG_L2TP_IP is not set
# CONFIG_L2TP_ETH is not set
CONFIG_STP=m
CONFIG_GARP=m
CONFIG_BRIDGE=m
# CONFIG_BRIDGE_IGMP_SNOOPING is not set
CONFIG_NET_DSA=m
# CONFIG_NET_DSA_TAG_DSA is not set
# CONFIG_NET_DSA_TAG_EDSA is not set
# CONFIG_NET_DSA_TAG_TRAILER is not set
CONFIG_VLAN_8021Q=m
CONFIG_VLAN_8021Q_GVRP=y
# CONFIG_DECNET is not set
CONFIG_LLC=m
# CONFIG_LLC2 is not set
# CONFIG_IPX is not set
# CONFIG_ATALK is not set
CONFIG_X25=m
CONFIG_LAPB=m
# CONFIG_WAN_ROUTER is not set
CONFIG_PHONET=m
CONFIG_IEEE802154=m
CONFIG_MAC802154=m
CONFIG_NET_SCHED=y

#
# Queueing/Scheduling
#
# CONFIG_NET_SCH_CBQ is not set
CONFIG_NET_SCH_HTB=m
# CONFIG_NET_SCH_HFSC is not set
# CONFIG_NET_SCH_ATM is not set
# CONFIG_NET_SCH_PRIO is not set
# CONFIG_NET_SCH_MULTIQ is not set
# CONFIG_NET_SCH_RED is not set
CONFIG_NET_SCH_SFB=m
CONFIG_NET_SCH_SFQ=m
CONFIG_NET_SCH_TEQL=m
CONFIG_NET_SCH_TBF=m
# CONFIG_NET_SCH_GRED is not set
CONFIG_NET_SCH_DSMARK=m
# CONFIG_NET_SCH_NETEM is not set
CONFIG_NET_SCH_DRR=m
# CONFIG_NET_SCH_MQPRIO is not set
# CONFIG_NET_SCH_CHOKE is not set
CONFIG_NET_SCH_QFQ=m
CONFIG_NET_SCH_CODEL=m
# CONFIG_NET_SCH_FQ_CODEL is not set
CONFIG_NET_SCH_PLUG=m

#
# Classification
#
CONFIG_NET_CLS=y
CONFIG_NET_CLS_BASIC=m
CONFIG_NET_CLS_TCINDEX=m
CONFIG_NET_CLS_ROUTE4=m
CONFIG_NET_CLS_FW=m
CONFIG_NET_CLS_U32=m
CONFIG_CLS_U32_PERF=y
CONFIG_CLS_U32_MARK=y
CONFIG_NET_CLS_RSVP=m
CONFIG_NET_CLS_RSVP6=m
# CONFIG_NET_CLS_FLOW is not set
# CONFIG_NET_CLS_CGROUP is not set
CONFIG_NET_EMATCH=y
CONFIG_NET_EMATCH_STACK=32
CONFIG_NET_EMATCH_CMP=m
# CONFIG_NET_EMATCH_NBYTE is not set
# CONFIG_NET_EMATCH_U32 is not set
CONFIG_NET_EMATCH_META=m
CONFIG_NET_EMATCH_TEXT=m
# CONFIG_NET_EMATCH_CANID is not set
# CONFIG_NET_CLS_ACT is not set
# CONFIG_NET_CLS_IND is not set
CONFIG_NET_SCH_FIFO=y
CONFIG_DCB=y
# CONFIG_DNS_RESOLVER is not set
CONFIG_BATMAN_ADV=m
CONFIG_BATMAN_ADV_BLA=y
CONFIG_BATMAN_ADV_DEBUG=y
# CONFIG_OPENVSWITCH is not set
CONFIG_NETPRIO_CGROUP=m
CONFIG_BQL=y

#
# Network testing
#
CONFIG_HAMRADIO=y

#
# Packet Radio protocols
#
CONFIG_AX25=m
# CONFIG_AX25_DAMA_SLAVE is not set
# CONFIG_NETROM is not set
CONFIG_ROSE=m

#
# AX.25 network device drivers
#
CONFIG_MKISS=m
# CONFIG_6PACK is not set
CONFIG_BPQETHER=m
CONFIG_BAYCOM_SER_FDX=m
CONFIG_BAYCOM_SER_HDX=m
# CONFIG_YAM is not set
CONFIG_CAN=m
# CONFIG_CAN_RAW is not set
CONFIG_CAN_BCM=m
# CONFIG_CAN_GW is not set

#
# CAN Device Drivers
#
# CONFIG_CAN_VCAN is not set
# CONFIG_CAN_SLCAN is not set
CONFIG_CAN_DEV=m
# CONFIG_CAN_CALC_BITTIMING is not set
CONFIG_CAN_MCP251X=m
# CONFIG_PCH_CAN is not set
# CONFIG_CAN_SJA1000 is not set
# CONFIG_CAN_C_CAN is not set
CONFIG_CAN_CC770=m
# CONFIG_CAN_CC770_ISA is not set
# CONFIG_CAN_CC770_PLATFORM is not set
CONFIG_CAN_SOFTING=m
CONFIG_CAN_DEBUG_DEVICES=y
CONFIG_IRDA=m

#
# IrDA protocols
#
CONFIG_IRLAN=m
CONFIG_IRNET=m
# CONFIG_IRCOMM is not set
# CONFIG_IRDA_ULTRA is not set

#
# IrDA options
#
CONFIG_IRDA_CACHE_LAST_LSAP=y
CONFIG_IRDA_FAST_RR=y
# CONFIG_IRDA_DEBUG is not set

#
# Infrared-port device drivers
#

#
# SIR device drivers
#
CONFIG_IRTTY_SIR=m

#
# Dongle support
#
# CONFIG_DONGLE is not set

#
# FIR device drivers
#
CONFIG_NSC_FIR=m
# CONFIG_WINBOND_FIR is not set
# CONFIG_TOSHIBA_FIR is not set
# CONFIG_SMC_IRCC_FIR is not set
# CONFIG_ALI_FIR is not set
# CONFIG_VLSI_FIR is not set
CONFIG_VIA_FIR=m
# CONFIG_BT is not set
CONFIG_AF_RXRPC=m
CONFIG_AF_RXRPC_DEBUG=y
# CONFIG_RXKAD is not set
CONFIG_WIRELESS=y
CONFIG_WIRELESS_EXT=y
CONFIG_WEXT_CORE=y
CONFIG_WEXT_SPY=y
CONFIG_WEXT_PRIV=y
# CONFIG_CFG80211 is not set
CONFIG_LIB80211=m
CONFIG_LIB80211_CRYPT_WEP=m
CONFIG_LIB80211_CRYPT_CCMP=m
CONFIG_LIB80211_CRYPT_TKIP=m
CONFIG_LIB80211_DEBUG=y

#
# CFG80211 needs to be enabled for MAC80211
#
# CONFIG_WIMAX is not set
CONFIG_RFKILL=m
# CONFIG_RFKILL_INPUT is not set
# CONFIG_RFKILL_REGULATOR is not set
CONFIG_NET_9P=m
# CONFIG_NET_9P_VIRTIO is not set
# CONFIG_NET_9P_RDMA is not set
# CONFIG_NET_9P_DEBUG is not set
# CONFIG_CAIF is not set
CONFIG_CEPH_LIB=m
# CONFIG_CEPH_LIB_PRETTYDEBUG is not set
# CONFIG_CEPH_LIB_USE_DNS_RESOLVER is not set
CONFIG_NFC=m
# CONFIG_NFC_NCI is not set
# CONFIG_NFC_HCI is not set
# CONFIG_NFC_LLCP is not set

#
# Near Field Communication (NFC) devices
#
# CONFIG_PN544_NFC is not set

#
# Device Drivers
#

#
# Generic Driver Options
#
CONFIG_UEVENT_HELPER_PATH=""
# CONFIG_DEVTMPFS is not set
CONFIG_STANDALONE=y
CONFIG_PREVENT_FIRMWARE_BUILD=y
CONFIG_FW_LOADER=m
CONFIG_FIRMWARE_IN_KERNEL=y
CONFIG_EXTRA_FIRMWARE=""
CONFIG_DEBUG_DRIVER=y
# CONFIG_DEBUG_DEVRES is not set
# CONFIG_SYS_HYPERVISOR is not set
# CONFIG_GENERIC_CPU_DEVICES is not set
CONFIG_REGMAP=y
CONFIG_REGMAP_I2C=m
CONFIG_REGMAP_SPI=m
# CONFIG_DMA_SHARED_BUFFER is not set
# CONFIG_CMA is not set
# CONFIG_CONNECTOR is not set
CONFIG_MTD=m
CONFIG_MTD_TESTS=m
CONFIG_MTD_REDBOOT_PARTS=m
CONFIG_MTD_REDBOOT_DIRECTORY_BLOCK=-1
# CONFIG_MTD_REDBOOT_PARTS_UNALLOCATED is not set
# CONFIG_MTD_REDBOOT_PARTS_READONLY is not set
# CONFIG_MTD_OF_PARTS is not set
CONFIG_MTD_AR7_PARTS=m

#
# User Modules And Translation Layers
#
CONFIG_MTD_CHAR=m
CONFIG_MTD_BLKDEVS=m
# CONFIG_MTD_BLOCK is not set
# CONFIG_MTD_BLOCK_RO is not set
CONFIG_FTL=m
# CONFIG_NFTL is not set
# CONFIG_INFTL is not set
# CONFIG_RFD_FTL is not set
# CONFIG_SSFDC is not set
# CONFIG_SM_FTL is not set
# CONFIG_MTD_OOPS is not set
# CONFIG_MTD_SWAP is not set

#
# RAM/ROM/Flash chip drivers
#
CONFIG_MTD_CFI=m
CONFIG_MTD_JEDECPROBE=m
CONFIG_MTD_GEN_PROBE=m
CONFIG_MTD_CFI_ADV_OPTIONS=y
CONFIG_MTD_CFI_NOSWAP=y
# CONFIG_MTD_CFI_BE_BYTE_SWAP is not set
# CONFIG_MTD_CFI_LE_BYTE_SWAP is not set
CONFIG_MTD_CFI_GEOMETRY=y
# CONFIG_MTD_MAP_BANK_WIDTH_1 is not set
CONFIG_MTD_MAP_BANK_WIDTH_2=y
# CONFIG_MTD_MAP_BANK_WIDTH_4 is not set
# CONFIG_MTD_MAP_BANK_WIDTH_8 is not set
CONFIG_MTD_MAP_BANK_WIDTH_16=y
# CONFIG_MTD_MAP_BANK_WIDTH_32 is not set
CONFIG_MTD_CFI_I1=y
CONFIG_MTD_CFI_I2=y
# CONFIG_MTD_CFI_I4 is not set
# CONFIG_MTD_CFI_I8 is not set
# CONFIG_MTD_OTP is not set
# CONFIG_MTD_CFI_INTELEXT is not set
CONFIG_MTD_CFI_AMDSTD=m
CONFIG_MTD_CFI_STAA=m
CONFIG_MTD_CFI_UTIL=m
CONFIG_MTD_RAM=m
# CONFIG_MTD_ROM is not set
CONFIG_MTD_ABSENT=m

#
# Mapping drivers for chip access
#
CONFIG_MTD_COMPLEX_MAPPINGS=y
CONFIG_MTD_PHYSMAP=m
CONFIG_MTD_PHYSMAP_COMPAT=y
CONFIG_MTD_PHYSMAP_START=0x8000000
CONFIG_MTD_PHYSMAP_LEN=0
CONFIG_MTD_PHYSMAP_BANKWIDTH=2
# CONFIG_MTD_PHYSMAP_OF is not set
CONFIG_MTD_SC520CDP=m
# CONFIG_MTD_NETSC520 is not set
CONFIG_MTD_TS5500=m
# CONFIG_MTD_AMD76XROM is not set
CONFIG_MTD_ICHXROM=m
# CONFIG_MTD_ESB2ROM is not set
# CONFIG_MTD_CK804XROM is not set
CONFIG_MTD_SCB2_FLASH=m
# CONFIG_MTD_NETtel is not set
# CONFIG_MTD_L440GX is not set
CONFIG_MTD_PCI=m
CONFIG_MTD_GPIO_ADDR=m
CONFIG_MTD_INTEL_VR_NOR=m
# CONFIG_MTD_PLATRAM is not set
CONFIG_MTD_LATCH_ADDR=m

#
# Self-contained MTD device drivers
#
CONFIG_MTD_PMC551=m
CONFIG_MTD_PMC551_BUGFIX=y
# CONFIG_MTD_PMC551_DEBUG is not set
CONFIG_MTD_DATAFLASH=m
CONFIG_MTD_DATAFLASH_WRITE_VERIFY=y
# CONFIG_MTD_DATAFLASH_OTP is not set
# CONFIG_MTD_M25P80 is not set
# CONFIG_MTD_SST25L is not set
# CONFIG_MTD_SLRAM is not set
CONFIG_MTD_PHRAM=m
# CONFIG_MTD_MTDRAM is not set
# CONFIG_MTD_BLOCK2MTD is not set

#
# Disk-On-Chip Device Drivers
#
# CONFIG_MTD_DOC2000 is not set
# CONFIG_MTD_DOC2001 is not set
CONFIG_MTD_DOC2001PLUS=m
CONFIG_MTD_DOCG3=m
CONFIG_BCH_CONST_M=14
CONFIG_BCH_CONST_T=4
CONFIG_MTD_DOCPROBE=m
CONFIG_MTD_DOCECC=m
CONFIG_MTD_DOCPROBE_ADVANCED=y
CONFIG_MTD_DOCPROBE_ADDRESS=0x0
# CONFIG_MTD_DOCPROBE_HIGH is not set
CONFIG_MTD_DOCPROBE_55AA=y
CONFIG_MTD_NAND_ECC=m
# CONFIG_MTD_NAND_ECC_SMC is not set
CONFIG_MTD_NAND=m
CONFIG_MTD_NAND_VERIFY_WRITE=y
# CONFIG_MTD_NAND_ECC_BCH is not set
# CONFIG_MTD_SM_COMMON is not set
# CONFIG_MTD_NAND_MUSEUM_IDS is not set
# CONFIG_MTD_NAND_DENALI is not set
CONFIG_MTD_NAND_IDS=m
# CONFIG_MTD_NAND_RICOH is not set
# CONFIG_MTD_NAND_DISKONCHIP is not set
CONFIG_MTD_NAND_DOCG4=m
# CONFIG_MTD_NAND_CAFE is not set
# CONFIG_MTD_NAND_CS553X is not set
# CONFIG_MTD_NAND_NANDSIM is not set
# CONFIG_MTD_NAND_PLATFORM is not set
# CONFIG_MTD_ONENAND is not set

#
# LPDDR flash memory drivers
#
CONFIG_MTD_LPDDR=m
CONFIG_MTD_QINFO_PROBE=m
# CONFIG_MTD_UBI is not set
CONFIG_OF=y

#
# Device Tree and Open Firmware support
#
CONFIG_OF_SELFTEST=y
CONFIG_OF_PROMTREE=y
CONFIG_OF_ADDRESS=y
CONFIG_OF_IRQ=y
CONFIG_OF_DEVICE=y
CONFIG_OF_I2C=m
CONFIG_OF_NET=y
CONFIG_OF_MDIO=m
CONFIG_OF_PCI=y
CONFIG_OF_PCI_IRQ=y
CONFIG_OF_MTD=y
# CONFIG_PARPORT is not set
CONFIG_PNP=y
# CONFIG_PNP_DEBUG_MESSAGES is not set

#
# Protocols
#
CONFIG_PNPACPI=y
CONFIG_BLK_DEV=y
CONFIG_BLK_DEV_FD=m
CONFIG_BLK_DEV_PCIESSD_MTIP32XX=m
CONFIG_BLK_CPQ_DA=m
# CONFIG_BLK_CPQ_CISS_DA is not set
# CONFIG_BLK_DEV_DAC960 is not set
# CONFIG_BLK_DEV_UMEM is not set
# CONFIG_BLK_DEV_COW_COMMON is not set
CONFIG_BLK_DEV_LOOP=m
CONFIG_BLK_DEV_LOOP_MIN_COUNT=8
# CONFIG_BLK_DEV_CRYPTOLOOP is not set

#
# DRBD disabled because PROC_FS, INET or CONNECTOR not selected
#
CONFIG_BLK_DEV_NBD=m
CONFIG_BLK_DEV_NVME=m
# CONFIG_BLK_DEV_SX8 is not set
# CONFIG_BLK_DEV_RAM is not set
# CONFIG_CDROM_PKTCDVD is not set
# CONFIG_ATA_OVER_ETH is not set
# CONFIG_VIRTIO_BLK is not set
CONFIG_BLK_DEV_HD=y
CONFIG_BLK_DEV_RBD=m

#
# Misc devices
#
# CONFIG_SENSORS_LIS3LV02D is not set
# CONFIG_AD525X_DPOT is not set
# CONFIG_IBM_ASM is not set
CONFIG_PHANTOM=m
# CONFIG_INTEL_MID_PTI is not set
# CONFIG_SGI_IOC4 is not set
# CONFIG_TIFM_CORE is not set
# CONFIG_ICS932S401 is not set
# CONFIG_ENCLOSURE_SERVICES is not set
# CONFIG_HP_ILO is not set
# CONFIG_APDS9802ALS is not set
# CONFIG_ISL29003 is not set
# CONFIG_ISL29020 is not set
# CONFIG_SENSORS_TSL2550 is not set
# CONFIG_SENSORS_BH1780 is not set
# CONFIG_SENSORS_BH1770 is not set
# CONFIG_SENSORS_APDS990X is not set
# CONFIG_HMC6352 is not set
# CONFIG_DS1682 is not set
# CONFIG_TI_DAC7512 is not set
CONFIG_VMWARE_BALLOON=m
CONFIG_BMP085=y
# CONFIG_BMP085_I2C is not set
CONFIG_BMP085_SPI=m
# CONFIG_PCH_PHUB is not set
# CONFIG_USB_SWITCH_FSA9480 is not set
CONFIG_C2PORT=m
# CONFIG_C2PORT_DURAMAR_2150 is not set

#
# EEPROM support
#
# CONFIG_EEPROM_AT24 is not set
CONFIG_EEPROM_AT25=m
# CONFIG_EEPROM_LEGACY is not set
# CONFIG_EEPROM_MAX6875 is not set
CONFIG_EEPROM_93CX6=m
# CONFIG_EEPROM_93XX46 is not set
# CONFIG_CB710_CORE is not set

#
# Texas Instruments shared transport line discipline
#
# CONFIG_TI_ST is not set
# CONFIG_SENSORS_LIS3_I2C is not set

#
# Altera FPGA firmware download module
#
# CONFIG_ALTERA_STAPL is not set
# CONFIG_INTEL_MEI is not set
CONFIG_HAVE_IDE=y
# CONFIG_IDE is not set

#
# SCSI device support
#
CONFIG_SCSI_MOD=m
CONFIG_RAID_ATTRS=m
CONFIG_SCSI=m
CONFIG_SCSI_DMA=y
# CONFIG_SCSI_TGT is not set
CONFIG_SCSI_NETLINK=y

#
# SCSI support type (disk, tape, CD-ROM)
#
CONFIG_BLK_DEV_SD=m
CONFIG_CHR_DEV_ST=m
# CONFIG_CHR_DEV_OSST is not set
CONFIG_BLK_DEV_SR=m
CONFIG_BLK_DEV_SR_VENDOR=y
# CONFIG_CHR_DEV_SG is not set
CONFIG_CHR_DEV_SCH=m
# CONFIG_SCSI_MULTI_LUN is not set
CONFIG_SCSI_CONSTANTS=y
# CONFIG_SCSI_LOGGING is not set
CONFIG_SCSI_SCAN_ASYNC=y

#
# SCSI Transports
#
CONFIG_SCSI_SPI_ATTRS=m
CONFIG_SCSI_FC_ATTRS=m
CONFIG_SCSI_ISCSI_ATTRS=m
CONFIG_SCSI_SAS_ATTRS=m
CONFIG_SCSI_SAS_LIBSAS=m
# CONFIG_SCSI_SAS_HOST_SMP is not set
CONFIG_SCSI_SRP_ATTRS=m
# CONFIG_SCSI_LOWLEVEL is not set
CONFIG_SCSI_DH=m
# CONFIG_SCSI_DH_RDAC is not set
CONFIG_SCSI_DH_HP_SW=m
CONFIG_SCSI_DH_EMC=m
CONFIG_SCSI_DH_ALUA=m
# CONFIG_SCSI_OSD_INITIATOR is not set
# CONFIG_ATA is not set
CONFIG_MD=y
CONFIG_BLK_DEV_MD=m
# CONFIG_MD_LINEAR is not set
CONFIG_MD_RAID0=m
CONFIG_MD_RAID1=m
# CONFIG_MD_RAID10 is not set
# CONFIG_MD_RAID456 is not set
# CONFIG_MD_MULTIPATH is not set
# CONFIG_MD_FAULTY is not set
# CONFIG_BLK_DEV_DM is not set
# CONFIG_TARGET_CORE is not set
CONFIG_FUSION=y
# CONFIG_FUSION_SPI is not set
CONFIG_FUSION_FC=m
# CONFIG_FUSION_SAS is not set
CONFIG_FUSION_MAX_SGE=128
CONFIG_FUSION_CTL=m
# CONFIG_FUSION_LOGGING is not set

#
# IEEE 1394 (FireWire) support
#
# CONFIG_FIREWIRE is not set
# CONFIG_FIREWIRE_NOSY is not set
CONFIG_I2O=m
# CONFIG_I2O_LCT_NOTIFY_ON_CHANGES is not set
# CONFIG_I2O_EXT_ADAPTEC is not set
CONFIG_I2O_CONFIG=m
# CONFIG_I2O_CONFIG_OLD_IOCTL is not set
# CONFIG_I2O_BUS is not set
CONFIG_I2O_BLOCK=m
CONFIG_I2O_SCSI=m
# CONFIG_I2O_PROC is not set
CONFIG_MACINTOSH_DRIVERS=y
CONFIG_NETDEVICES=y
# CONFIG_NET_CORE is not set
CONFIG_ARCNET=m
# CONFIG_ARCNET_1201 is not set
# CONFIG_ARCNET_1051 is not set
# CONFIG_ARCNET_RAW is not set
# CONFIG_ARCNET_CAP is not set
CONFIG_ARCNET_COM90xx=m
CONFIG_ARCNET_COM90xxIO=m
# CONFIG_ARCNET_RIM_I is not set
CONFIG_ARCNET_COM20020=m
CONFIG_ARCNET_COM20020_PCI=m
CONFIG_ATM_DRIVERS=y
# CONFIG_ATM_DUMMY is not set
CONFIG_ATM_TCP=m
# CONFIG_ATM_LANAI is not set
CONFIG_ATM_ENI=m
CONFIG_ATM_ENI_DEBUG=y
# CONFIG_ATM_ENI_TUNE_BURST is not set
# CONFIG_ATM_FIRESTREAM is not set
CONFIG_ATM_ZATM=m
# CONFIG_ATM_ZATM_DEBUG is not set
CONFIG_ATM_NICSTAR=m
CONFIG_ATM_NICSTAR_USE_SUNI=y
CONFIG_ATM_NICSTAR_USE_IDT77105=y
# CONFIG_ATM_IDT77252 is not set
# CONFIG_ATM_AMBASSADOR is not set
CONFIG_ATM_HORIZON=m
CONFIG_ATM_HORIZON_DEBUG=y
# CONFIG_ATM_IA is not set
CONFIG_ATM_FORE200E=m
# CONFIG_ATM_FORE200E_USE_TASKLET is not set
CONFIG_ATM_FORE200E_TX_RETRY=16
CONFIG_ATM_FORE200E_DEBUG=0
# CONFIG_ATM_HE is not set
CONFIG_ATM_SOLOS=m

#
# CAIF transport drivers
#

#
# Distributed Switch Architecture drivers
#
# CONFIG_NET_DSA_MV88E6XXX is not set
# CONFIG_NET_DSA_MV88E6060 is not set
# CONFIG_NET_DSA_MV88E6XXX_NEED_PPU is not set
# CONFIG_NET_DSA_MV88E6131 is not set
# CONFIG_NET_DSA_MV88E6123_61_65 is not set
# CONFIG_ETHERNET is not set
# CONFIG_FDDI is not set
CONFIG_HIPPI=y
CONFIG_ROADRUNNER=m
# CONFIG_ROADRUNNER_LARGE_RINGS is not set
# CONFIG_NET_SB1000 is not set
CONFIG_PHYLIB=m

#
# MII PHY device drivers
#
# CONFIG_AMD_PHY is not set
# CONFIG_MARVELL_PHY is not set
CONFIG_DAVICOM_PHY=m
# CONFIG_QSEMI_PHY is not set
CONFIG_LXT_PHY=m
# CONFIG_CICADA_PHY is not set
CONFIG_VITESSE_PHY=m
CONFIG_SMSC_PHY=m
# CONFIG_BROADCOM_PHY is not set
# CONFIG_BCM87XX_PHY is not set
CONFIG_ICPLUS_PHY=m
# CONFIG_REALTEK_PHY is not set
# CONFIG_NATIONAL_PHY is not set
# CONFIG_STE10XP is not set
# CONFIG_LSI_ET1011C_PHY is not set
CONFIG_MICREL_PHY=m
# CONFIG_MDIO_BITBANG is not set
CONFIG_MDIO_BUS_MUX=m
CONFIG_MDIO_BUS_MUX_GPIO=m
CONFIG_MICREL_KS8995MA=m
CONFIG_PPP=m
# CONFIG_PPP_BSDCOMP is not set
CONFIG_PPP_DEFLATE=m
CONFIG_PPP_FILTER=y
# CONFIG_PPP_MPPE is not set
CONFIG_PPP_MULTILINK=y
CONFIG_PPPOATM=m
CONFIG_PPPOE=m
# CONFIG_PPTP is not set
CONFIG_PPPOL2TP=m
CONFIG_PPP_ASYNC=m
CONFIG_PPP_SYNC_TTY=m
# CONFIG_SLIP is not set
CONFIG_SLHC=m
CONFIG_WLAN=y
CONFIG_AIRO=m
CONFIG_ATMEL=m
CONFIG_PCI_ATMEL=m
# CONFIG_PRISM54 is not set
CONFIG_HOSTAP=m
# CONFIG_HOSTAP_FIRMWARE is not set
CONFIG_HOSTAP_PLX=m
# CONFIG_HOSTAP_PCI is not set
# CONFIG_WL_TI is not set

#
# Enable WiMAX (Networking options) to see the WiMAX drivers
#
CONFIG_WAN=y
CONFIG_LANMEDIA=m
CONFIG_HDLC=m
# CONFIG_HDLC_RAW is not set
CONFIG_HDLC_RAW_ETH=m
CONFIG_HDLC_CISCO=m
# CONFIG_HDLC_FR is not set
# CONFIG_HDLC_PPP is not set
CONFIG_HDLC_X25=m
# CONFIG_PCI200SYN is not set
CONFIG_WANXL=m
CONFIG_PC300TOO=m
CONFIG_FARSYNC=m
CONFIG_DSCC4=m
# CONFIG_DSCC4_PCISYNC is not set
# CONFIG_DSCC4_PCI_RST is not set
# CONFIG_DLCI is not set
# CONFIG_LAPBETHER is not set
# CONFIG_X25_ASY is not set
CONFIG_SBNI=m
CONFIG_SBNI_MULTILINE=y
CONFIG_VMXNET3=m
CONFIG_ISDN=y
CONFIG_ISDN_I4L=m
# CONFIG_ISDN_PPP is not set
# CONFIG_ISDN_AUDIO is not set
# CONFIG_ISDN_X25 is not set

#
# ISDN feature submodules
#
CONFIG_ISDN_DRV_LOOP=m
CONFIG_ISDN_DIVERSION=m

#
# ISDN4Linux hardware drivers
#

#
# Passive cards
#
# CONFIG_ISDN_DRV_HISAX is not set

#
# Active cards
#
CONFIG_ISDN_CAPI=m
# CONFIG_ISDN_DRV_AVMB1_VERBOSE_REASON is not set
# CONFIG_CAPI_TRACE is not set
CONFIG_ISDN_CAPI_MIDDLEWARE=y
# CONFIG_ISDN_CAPI_CAPI20 is not set
CONFIG_ISDN_CAPI_CAPIDRV=m

#
# CAPI hardware drivers
#
# CONFIG_CAPI_AVM is not set
# CONFIG_CAPI_EICON is not set
CONFIG_ISDN_DRV_GIGASET=m
# CONFIG_GIGASET_CAPI is not set
CONFIG_GIGASET_I4L=y
# CONFIG_GIGASET_DUMMYLL is not set
# CONFIG_GIGASET_M101 is not set
CONFIG_GIGASET_DEBUG=y
CONFIG_MISDN=m
# CONFIG_MISDN_DSP is not set
# CONFIG_MISDN_L1OIP is not set

#
# mISDN hardware drivers
#
CONFIG_MISDN_HFCPCI=m
# CONFIG_MISDN_HFCMULTI is not set
CONFIG_MISDN_AVMFRITZ=m
CONFIG_MISDN_SPEEDFAX=m
CONFIG_MISDN_INFINEON=m
# CONFIG_MISDN_W6692 is not set
# CONFIG_MISDN_NETJET is not set
CONFIG_MISDN_IPAC=m
CONFIG_MISDN_ISAR=m

#
# Input device support
#
CONFIG_INPUT=y
# CONFIG_INPUT_FF_MEMLESS is not set
CONFIG_INPUT_POLLDEV=m
CONFIG_INPUT_SPARSEKMAP=m
CONFIG_INPUT_MATRIXKMAP=m

#
# Userland interfaces
#
CONFIG_INPUT_MOUSEDEV=m
# CONFIG_INPUT_MOUSEDEV_PSAUX is not set
CONFIG_INPUT_MOUSEDEV_SCREEN_X=1024
CONFIG_INPUT_MOUSEDEV_SCREEN_Y=768
CONFIG_INPUT_JOYDEV=m
# CONFIG_INPUT_EVDEV is not set
CONFIG_INPUT_EVBUG=m

#
# Input Device Drivers
#
CONFIG_INPUT_KEYBOARD=y
# CONFIG_KEYBOARD_ADP5588 is not set
# CONFIG_KEYBOARD_ADP5589 is not set
CONFIG_KEYBOARD_ATKBD=y
# CONFIG_KEYBOARD_QT1070 is not set
# CONFIG_KEYBOARD_QT2160 is not set
# CONFIG_KEYBOARD_LKKBD is not set
# CONFIG_KEYBOARD_GPIO is not set
# CONFIG_KEYBOARD_GPIO_POLLED is not set
# CONFIG_KEYBOARD_TCA6416 is not set
# CONFIG_KEYBOARD_TCA8418 is not set
# CONFIG_KEYBOARD_MATRIX is not set
# CONFIG_KEYBOARD_LM8323 is not set
# CONFIG_KEYBOARD_LM8333 is not set
# CONFIG_KEYBOARD_MAX7359 is not set
# CONFIG_KEYBOARD_MCS is not set
# CONFIG_KEYBOARD_MPR121 is not set
# CONFIG_KEYBOARD_NEWTON is not set
# CONFIG_KEYBOARD_OPENCORES is not set
# CONFIG_KEYBOARD_STOWAWAY is not set
# CONFIG_KEYBOARD_SUNKBD is not set
# CONFIG_KEYBOARD_OMAP4 is not set
# CONFIG_KEYBOARD_XTKBD is not set
CONFIG_INPUT_MOUSE=y
# CONFIG_MOUSE_PS2 is not set
# CONFIG_MOUSE_SERIAL is not set
# CONFIG_MOUSE_APPLETOUCH is not set
# CONFIG_MOUSE_BCM5974 is not set
# CONFIG_MOUSE_VSXXXAA is not set
# CONFIG_MOUSE_GPIO is not set
# CONFIG_MOUSE_SYNAPTICS_I2C is not set
# CONFIG_MOUSE_SYNAPTICS_USB is not set
# CONFIG_INPUT_JOYSTICK is not set
CONFIG_INPUT_TABLET=y
# CONFIG_TABLET_USB_ACECAD is not set
# CONFIG_TABLET_USB_AIPTEK is not set
# CONFIG_TABLET_USB_HANWANG is not set
# CONFIG_TABLET_USB_KBTAB is not set
# CONFIG_TABLET_USB_WACOM is not set
# CONFIG_INPUT_TOUCHSCREEN is not set
CONFIG_INPUT_MISC=y
# CONFIG_INPUT_AD714X is not set
# CONFIG_INPUT_BMA150 is not set
CONFIG_INPUT_PCSPKR=m
CONFIG_INPUT_MC13783_PWRBUTTON=m
CONFIG_INPUT_MMA8450=m
# CONFIG_INPUT_MPU3050 is not set
# CONFIG_INPUT_APANEL is not set
# CONFIG_INPUT_GP2A is not set
CONFIG_INPUT_GPIO_TILT_POLLED=m
CONFIG_INPUT_WISTRON_BTNS=m
CONFIG_INPUT_ATLAS_BTNS=m
# CONFIG_INPUT_ATI_REMOTE2 is not set
# CONFIG_INPUT_KEYSPAN_REMOTE is not set
# CONFIG_INPUT_KXTJ9 is not set
# CONFIG_INPUT_POWERMATE is not set
# CONFIG_INPUT_YEALINK is not set
# CONFIG_INPUT_CM109 is not set
CONFIG_INPUT_UINPUT=m
CONFIG_INPUT_PCF8574=m
# CONFIG_INPUT_GPIO_ROTARY_ENCODER is not set
CONFIG_INPUT_PCAP=m
CONFIG_INPUT_ADXL34X=m
# CONFIG_INPUT_ADXL34X_I2C is not set
CONFIG_INPUT_ADXL34X_SPI=m
# CONFIG_INPUT_CMA3000 is not set

#
# Hardware I/O ports
#
CONFIG_SERIO=y
CONFIG_SERIO_I8042=y
CONFIG_SERIO_SERPORT=y
# CONFIG_SERIO_CT82C710 is not set
# CONFIG_SERIO_PCIPS2 is not set
CONFIG_SERIO_LIBPS2=y
# CONFIG_SERIO_RAW is not set
# CONFIG_SERIO_ALTERA_PS2 is not set
# CONFIG_SERIO_PS2MULT is not set
CONFIG_GAMEPORT=m
# CONFIG_GAMEPORT_NS558 is not set
CONFIG_GAMEPORT_L4=m
CONFIG_GAMEPORT_EMU10K1=m
CONFIG_GAMEPORT_FM801=m

#
# Character devices
#
# CONFIG_VT is not set
# CONFIG_UNIX98_PTYS is not set
# CONFIG_LEGACY_PTYS is not set
CONFIG_SERIAL_NONSTANDARD=y
CONFIG_ROCKETPORT=m
# CONFIG_CYCLADES is not set
# CONFIG_MOXA_INTELLIO is not set
CONFIG_MOXA_SMARTIO=m
# CONFIG_SYNCLINK is not set
# CONFIG_SYNCLINKMP is not set
# CONFIG_SYNCLINK_GT is not set
# CONFIG_NOZOMI is not set
# CONFIG_ISI is not set
# CONFIG_N_HDLC is not set
# CONFIG_N_GSM is not set
CONFIG_TRACE_ROUTER=m
CONFIG_TRACE_SINK=m
# CONFIG_DEVKMEM is not set
CONFIG_STALDRV=y

#
# Serial drivers
#
CONFIG_SERIAL_8250=y
CONFIG_SERIAL_8250_CONSOLE=y
CONFIG_FIX_EARLYCON_MEM=y
CONFIG_SERIAL_8250_PCI=y
CONFIG_SERIAL_8250_PNP=y
CONFIG_SERIAL_8250_NR_UARTS=4
CONFIG_SERIAL_8250_RUNTIME_UARTS=4
# CONFIG_SERIAL_8250_EXTENDED is not set
# CONFIG_SERIAL_8250_DW is not set

#
# Non-8250 serial port support
#
# CONFIG_SERIAL_MAX3100 is not set
CONFIG_SERIAL_MAX3107=m
# CONFIG_SERIAL_MFD_HSU is not set
CONFIG_SERIAL_CORE=y
CONFIG_SERIAL_CORE_CONSOLE=y
CONFIG_SERIAL_JSM=m
# CONFIG_SERIAL_OF_PLATFORM is not set
CONFIG_SERIAL_TIMBERDALE=m
# CONFIG_SERIAL_ALTERA_JTAGUART is not set
# CONFIG_SERIAL_ALTERA_UART is not set
CONFIG_SERIAL_IFX6X60=m
# CONFIG_SERIAL_PCH_UART is not set
CONFIG_SERIAL_XILINX_PS_UART=m
# CONFIG_TTY_PRINTK is not set
CONFIG_HVC_DRIVER=y
CONFIG_VIRTIO_CONSOLE=m
CONFIG_IPMI_HANDLER=m
# CONFIG_IPMI_PANIC_EVENT is not set
CONFIG_IPMI_DEVICE_INTERFACE=m
# CONFIG_IPMI_SI is not set
CONFIG_IPMI_WATCHDOG=m
CONFIG_IPMI_POWEROFF=m
CONFIG_HW_RANDOM=m
# CONFIG_HW_RANDOM_TIMERIOMEM is not set
# CONFIG_HW_RANDOM_INTEL is not set
CONFIG_HW_RANDOM_AMD=m
CONFIG_HW_RANDOM_GEODE=m
# CONFIG_HW_RANDOM_VIA is not set
# CONFIG_HW_RANDOM_VIRTIO is not set
CONFIG_NVRAM=m
# CONFIG_R3964 is not set
# CONFIG_APPLICOM is not set
# CONFIG_SONYPI is not set
# CONFIG_MWAVE is not set
CONFIG_PC8736x_GPIO=m
CONFIG_NSC_GPIO=m
# CONFIG_RAW_DRIVER is not set
CONFIG_HPET=y
# CONFIG_HPET_MMAP is not set
# CONFIG_HANGCHECK_TIMER is not set
CONFIG_TCG_TPM=m
# CONFIG_TCG_TIS is not set
# CONFIG_TCG_NSC is not set
# CONFIG_TCG_ATMEL is not set
CONFIG_TCG_INFINEON=m
CONFIG_TELCLOCK=m
CONFIG_DEVPORT=y
CONFIG_I2C=m
CONFIG_I2C_BOARDINFO=y
CONFIG_I2C_COMPAT=y
CONFIG_I2C_CHARDEV=m
# CONFIG_I2C_MUX is not set
CONFIG_I2C_HELPER_AUTO=y
CONFIG_I2C_SMBUS=m
CONFIG_I2C_ALGOBIT=m
CONFIG_I2C_ALGOPCA=m

#
# I2C Hardware Bus support
#

#
# PC SMBus host controller drivers
#
CONFIG_I2C_ALI1535=m
# CONFIG_I2C_ALI1563 is not set
# CONFIG_I2C_ALI15X3 is not set
CONFIG_I2C_AMD756=m
CONFIG_I2C_AMD756_S4882=m
CONFIG_I2C_AMD8111=m
CONFIG_I2C_I801=m
CONFIG_I2C_ISCH=m
# CONFIG_I2C_PIIX4 is not set
# CONFIG_I2C_NFORCE2 is not set
CONFIG_I2C_SIS5595=m
CONFIG_I2C_SIS630=m
# CONFIG_I2C_SIS96X is not set
# CONFIG_I2C_VIA is not set
CONFIG_I2C_VIAPRO=m

#
# ACPI drivers
#
# CONFIG_I2C_SCMI is not set

#
# I2C system bus drivers (mostly embedded / system-on-chip)
#
# CONFIG_I2C_DESIGNWARE_PCI is not set
CONFIG_I2C_EG20T=m
CONFIG_I2C_GPIO=m
CONFIG_I2C_INTEL_MID=m
# CONFIG_I2C_OCORES is not set
CONFIG_I2C_PCA_PLATFORM=m
# CONFIG_I2C_PXA is not set
# CONFIG_I2C_PXA_PCI is not set
CONFIG_I2C_SIMTEC=m
CONFIG_I2C_XILINX=m

#
# External I2C/SMBus adapter drivers
#
CONFIG_I2C_PARPORT_LIGHT=m
# CONFIG_I2C_TAOS_EVM is not set

#
# Other I2C/SMBus bus drivers
#
CONFIG_I2C_STUB=m
CONFIG_SCx200_ACB=m
# CONFIG_I2C_DEBUG_CORE is not set
CONFIG_I2C_DEBUG_ALGO=y
CONFIG_I2C_DEBUG_BUS=y
CONFIG_SPI=y
CONFIG_SPI_DEBUG=y
CONFIG_SPI_MASTER=y

#
# SPI Master Controller Drivers
#
CONFIG_SPI_ALTERA=m
CONFIG_SPI_BITBANG=m
CONFIG_SPI_GPIO=m
# CONFIG_SPI_OC_TINY is not set
# CONFIG_SPI_PXA2XX is not set
# CONFIG_SPI_PXA2XX_PCI is not set
# CONFIG_SPI_TOPCLIFF_PCH is not set
# CONFIG_SPI_XCOMM is not set
# CONFIG_SPI_XILINX is not set
# CONFIG_SPI_DESIGNWARE is not set

#
# SPI Protocol Masters
#
CONFIG_SPI_SPIDEV=m
CONFIG_SPI_TLE62X0=m
# CONFIG_HSI is not set

#
# PPS support
#
CONFIG_PPS=m
# CONFIG_PPS_DEBUG is not set
# CONFIG_NTP_PPS is not set

#
# PPS clients support
#
CONFIG_PPS_CLIENT_KTIMER=m
# CONFIG_PPS_CLIENT_LDISC is not set
# CONFIG_PPS_CLIENT_GPIO is not set

#
# PPS generators support
#

#
# PTP clock support
#
# CONFIG_PTP_1588_CLOCK is not set
CONFIG_ARCH_WANT_OPTIONAL_GPIOLIB=y
CONFIG_GPIOLIB=y
CONFIG_OF_GPIO=y
# CONFIG_DEBUG_GPIO is not set
CONFIG_GPIO_SYSFS=y
CONFIG_GPIO_GENERIC=m
CONFIG_GPIO_MAX730X=m

#
# Memory mapped GPIO drivers:
#
CONFIG_GPIO_GENERIC_PLATFORM=m
CONFIG_GPIO_IT8761E=m
CONFIG_GPIO_SCH=m
# CONFIG_GPIO_ICH is not set
# CONFIG_GPIO_VX855 is not set

#
# I2C GPIO expanders:
#
CONFIG_GPIO_MAX7300=m
CONFIG_GPIO_MAX732X=m
# CONFIG_GPIO_PCA953X is not set
CONFIG_GPIO_PCF857X=m
# CONFIG_GPIO_ADP5588 is not set

#
# PCI GPIO expanders:
#
# CONFIG_GPIO_BT8XX is not set
# CONFIG_GPIO_AMD8111 is not set
# CONFIG_GPIO_LANGWELL is not set
# CONFIG_GPIO_PCH is not set
# CONFIG_GPIO_ML_IOH is not set
# CONFIG_GPIO_SODAVILLE is not set
CONFIG_GPIO_RDC321X=m

#
# SPI GPIO expanders:
#
# CONFIG_GPIO_MAX7301 is not set
# CONFIG_GPIO_MCP23S08 is not set
# CONFIG_GPIO_MC33880 is not set
CONFIG_GPIO_74X164=m

#
# AC97 GPIO expanders:
#
# CONFIG_GPIO_UCB1400 is not set

#
# MODULbus GPIO expanders:
#
CONFIG_W1=m

#
# 1-wire Bus Masters
#
CONFIG_W1_MASTER_MATROX=m
# CONFIG_W1_MASTER_DS2482 is not set
# CONFIG_W1_MASTER_DS1WM is not set
# CONFIG_W1_MASTER_GPIO is not set

#
# 1-wire Slaves
#
# CONFIG_W1_SLAVE_THERM is not set
# CONFIG_W1_SLAVE_SMEM is not set
CONFIG_W1_SLAVE_DS2408=m
# CONFIG_W1_SLAVE_DS2423 is not set
CONFIG_W1_SLAVE_DS2431=m
