Path: news.gmane.org!not-for-mail
From: Fengguang Wu <wfg@linux.intel.com>
Newsgroups: gmane.linux.kernel
Subject: Re: [kgdb:kgdb-next] KGDB: BP remove failed: ffffffff81026ed0
Date: Fri, 10 Aug 2012 19:38:46 +0800
Lines: 4352
Approved: news@gmane.org
Message-ID: <20120810113846.GA28837@localhost>
References: <20120710025835.GA8600@localhost>
NNTP-Posting-Host: plane.gmane.org
Mime-Version: 1.0
Content-Type: multipart/mixed; boundary="J/dobhs11T7y2rNN"
Content-Transfer-Encoding: 8bit
X-Trace: dough.gmane.org 1344598754 29211 80.91.229.3 (10 Aug 2012 11:39:14 GMT)
X-Complaints-To: usenet@dough.gmane.org
NNTP-Posting-Date: Fri, 10 Aug 2012 11:39:14 +0000 (UTC)
Cc: Masami Hiramatsu <masami.hiramatsu.pt@hitachi.com>, x86@kernel.org,
	LKML <linux-kernel@vger.kernel.org>
To: Jason Wessel <jason.wessel@windriver.com>
Original-X-From: linux-kernel-owner@vger.kernel.org Fri Aug 10 13:39:10 2012
Return-path: <linux-kernel-owner@vger.kernel.org>
Envelope-to: glk-linux-kernel-3@plane.gmane.org
Original-Received: from vger.kernel.org ([209.132.180.67])
	by plane.gmane.org with esmtp (Exim 4.69)
	(envelope-from <linux-kernel-owner@vger.kernel.org>)
	id 1SznYa-00028y-Ez
	for glk-linux-kernel-3@plane.gmane.org; Fri, 10 Aug 2012 13:39:10 +0200
Original-Received: (majordomo@vger.kernel.org) by vger.kernel.org via listexpand
	id S1752512Ab2HJLi7 (ORCPT <rfc822;glk-linux-kernel-3@m.gmane.org>);
	Fri, 10 Aug 2012 07:38:59 -0400
Original-Received: from mga11.intel.com ([192.55.52.93]:20280 "EHLO mga11.intel.com"
	rhost-flags-OK-OK-OK-OK) by vger.kernel.org with ESMTP
	id S1750869Ab2HJLiw (ORCPT <rfc822;linux-kernel@vger.kernel.org>);
	Fri, 10 Aug 2012 07:38:52 -0400
Original-Received: from fmsmga001.fm.intel.com ([10.253.24.23])
  by fmsmga102.fm.intel.com with ESMTP; 10 Aug 2012 04:38:50 -0700
X-ExtLoop1: 1
X-IronPort-AV: E=Sophos;i="4.77,745,1336374000"; 
   d="scan'208";a="196658906"
Original-Received: from unknown (HELO wfg-t420.sh.intel.com) ([10.255.20.199])
  by fmsmga001.fm.intel.com with ESMTP; 10 Aug 2012 04:38:47 -0700
Original-Received: from wfg by wfg-t420.sh.intel.com with local (Exim 4.77)
	(envelope-from <wfg@linux.intel.com>)
	id 1SznYE-0007ep-AY; Fri, 10 Aug 2012 19:38:46 +0800
Content-Disposition: inline
In-Reply-To: <20120710025835.GA8600@localhost>
User-Agent: Mutt/1.5.21 (2010-09-15)
Original-Sender: linux-kernel-owner@vger.kernel.org
Precedence: bulk
List-ID: <linux-kernel.vger.kernel.org>
X-Mailing-List: linux-kernel@vger.kernel.org
Xref: news.gmane.org gmane.linux.kernel:1341241
Archived-At: <http://permalink.gmane.org/gmane.linux.kernel/1341241>


--J/dobhs11T7y2rNN
Content-Type: text/plain; charset=us-ascii
Content-Disposition: inline

On Tue, Jul 10, 2012 at 10:58:35AM +0800, wfg@linux.intel.com wrote:
> Hi Jason,
> 
> This HEAD commit in kgdb-next makes kgdb boot time tests freeze.
> The kernel is tested inside kvm with the attached config.
> 
> 3751d3e85cf693e10e2c47c03c8caa65e171099b is the first bad commit
> commit 3751d3e85cf693e10e2c47c03c8caa65e171099b
> Author: Jason Wessel <jason.wessel@windriver.com>
> Date:   Fri Mar 23 09:35:05 2012 -0500
> 
>     x86,kgdb: Fix DEBUG_RODATA limitation using text_poke()

Jason, now that commit is merged into Linus' tree and showing up in
various other development trees that base on v3.6-rc1.

kernel boots reliably freeze on:
[    4.527958] Write protecting the kernel read-only data: 10240k
[    4.529326] debug: unmapping init memory ffff880001522000..ffff880001600000
[    4.530566] debug: unmapping init memory ffff880001829000..ffff880001a00000
[    4.549375] KGDB: BP remove failed: ffffffff81035be9

The freeze will disappear if removing CONFIG_KGDB*. It will change
into this oops if reverting the commit (either doing it on v3.6-rc1,
or by checking out 3751d3e85c~1):

[    3.027423] kgdbts: ERROR PUT: end of test buffer on 'do_fork_test' line 2 expected T0* got $W01#b8
[    3.029281] ------------[ cut here ]------------
[    3.030154] WARNING: at /c/wfg/linux/drivers/misc/kgdbts.c:813 run_simple_test+0x24f/0x277()
[    3.031624] Pid: 117, comm: reboot Not tainted 3.6.0-rc1-bisect-00198-gb1b7253 #47
[    3.033271] Call Trace:
[    3.033694]  [<ffffffff813f1a11>] ? run_simple_test+0x24f/0x277
[    3.034881]  [<ffffffff810353f6>] warn_slowpath_common+0x5d/0x74
[    3.036026]  [<ffffffff810354bb>] warn_slowpath_null+0x15/0x1a
[    3.037285]  [<ffffffff813f1a11>] run_simple_test+0x24f/0x277
[    3.038436]  [<ffffffff813f142c>] kgdbts_put_char+0x18/0x1a
[    3.039463]  [<ffffffff81085f88>] gdbstub_exit+0xc6/0xe2
[    3.040568]  [<ffffffff81084cef>] dbg_notify_reboot+0x2a/0x2e
[    3.041632]  [<ffffffff81052568>] notifier_call_chain+0x32/0x5c
[    3.042760]  [<ffffffff810527ff>] __blocking_notifier_call_chain+0x47/0x60
[    3.044054]  [<ffffffff81052827>] blocking_notifier_call_chain+0xf/0x11
[    3.045390]  [<ffffffff810449ae>] kernel_restart_prepare+0x18/0x38
[    3.046511]  [<ffffffff81044a07>] kernel_restart+0xf/0x4b
[    3.047540]  [<ffffffff81044c2f>] sys_reboot+0x129/0x15e
[    3.048732]  [<ffffffff81072f0f>] ? trace_hardirqs_off+0xd/0xf
[    3.049784]  [<ffffffff8105c556>] ? local_clock+0x65/0x8b
[    3.050786]  [<ffffffff8106f8b2>] ? lock_release_holdtime+0x9e/0xa3
[    3.051964]  [<ffffffff81344974>] ? do_raw_spin_unlock+0xa7/0xb0
[    3.053177]  [<ffffffff8155fda5>] ? sysret_check+0x22/0x5d
[    3.054124]  [<ffffffff81072dfc>] ? trace_hardirqs_on_caller+0x125/0x181
[    3.055388]  [<ffffffff81332e8e>] ? trace_hardirqs_on_thunk+0x3a/0x3f
[    3.056667]  [<ffffffff8155fd79>] system_call_fastpath+0x16/0x1b

Attached is the full dmesg for the above oops and config.

Thanks,
Fengguang

--J/dobhs11T7y2rNN
Content-Type: text/plain; charset=utf-8
Content-Disposition: attachment; filename="dmesg-kvm_bisect-waimea-19253-2012-08-10-18-11-14-3.6.0-rc1-bisect-00198-gb1b7253-47"
Content-Transfer-Encoding: 8bit

[    0.000000] Initializing cgroup subsys cpu
[    0.000000] Linux version 3.6.0-rc1-bisect-00198-gb1b7253 (wfg@bee) (gcc version 4.7.1 (Debian 4.7.1-5) ) #47 SMP Fri Aug 10 17:50:10 CST 2012
[    0.000000] Command line: bisect-reboot x86_64-randconfig hung_task_panic=1 log_buf_len=8M ignore_loglevel debug sched_debug apic=debug dynamic_printk sysrq_always_enabled panic=10  prompt_ramdisk=0 console=ttyS0,115200 console=tty0 vga=normal  root=/dev/ram0 rw BOOT_IMAGE=x86_64/vmlinuz-bisect
[    0.000000] KERNEL supported cpus:
[    0.000000]   Centaur CentaurHauls
[    0.000000] CPU: vendor_id 'GenuineIntel' unknown, using generic init.
[    0.000000] CPU: Your system may be unstable.
[    0.000000] e820: BIOS-provided physical RAM map:
[    0.000000] BIOS-e820: [mem 0x0000000000000000-0x000000000009f3ff] usable
[    0.000000] BIOS-e820: [mem 0x000000000009f400-0x000000000009ffff] reserved
[    0.000000] BIOS-e820: [mem 0x00000000000f0000-0x00000000000fffff] reserved
[    0.000000] BIOS-e820: [mem 0x0000000000100000-0x000000000fffcfff] usable
[    0.000000] BIOS-e820: [mem 0x000000000fffd000-0x000000000fffffff] reserved
[    0.000000] BIOS-e820: [mem 0x00000000fffbc000-0x00000000ffffffff] reserved
[    0.000000] debug: ignoring loglevel setting.
[    0.000000] NX (Execute Disable) protection: active
[    0.000000] Hypervisor detected: KVM
[    0.000000] e820: update [mem 0x00000000-0x0000ffff] usable ==> reserved
[    0.000000] e820: remove [mem 0x000a0000-0x000fffff] usable
[    0.000000] e820: last_pfn = 0xfffd max_arch_pfn = 0x400000000
[    0.000000] MTRR default type: write-back
[    0.000000] MTRR fixed ranges enabled:
[    0.000000]   00000-9FFFF write-back
[    0.000000]   A0000-BFFFF uncachable
[    0.000000]   C0000-FFFFF write-protect
[    0.000000] MTRR variable ranges enabled:
[    0.000000]   0 base 00E0000000 mask FFE0000000 uncachable
[    0.000000]   1 disabled
[    0.000000]   2 disabled
[    0.000000]   3 disabled
[    0.000000]   4 disabled
[    0.000000]   5 disabled
[    0.000000]   6 disabled
[    0.000000]   7 disabled
[    0.000000] x86 PAT enabled: cpu 0, old 0x70106, new 0x7010600070106
[    0.000000] Scan for SMP in [mem 0x00000000-0x000003ff]
[    0.000000] Scan for SMP in [mem 0x0009fc00-0x0009ffff]
[    0.000000] Scan for SMP in [mem 0x000f0000-0x000fffff]
[    0.000000] found SMP MP-table at [mem 0x000f8860-0x000f886f] mapped at [ffff8800000f8860]
[    0.000000]   mpc: f8870-f898c
[    0.000000] initial memory mapped: [mem 0x00000000-0x1fffffff]
[    0.000000] Base memory trampoline at [ffff880000099000] 99000 size 24576
[    0.000000] init_memory_mapping: [mem 0x00000000-0x0fffcfff]
[    0.000000]  [mem 0x00000000-0x0fffcfff] page 4k
[    0.000000] kernel direct mapping tables up to 0xfffcfff @ [mem 0x0e854000-0x0e8d5fff]
[    0.000000] log_buf_len: 8388608
[    0.000000] early log buf free: 128232(97%)
[    0.000000] RAMDISK: [mem 0x0e8d6000-0x0ffeffff]
[    0.000000] ACPI: RSDP 00000000000f8810 00014 (v00 BOCHS )
[    0.000000] ACPI: RSDT 000000000fffde10 00034 (v01 BOCHS  BXPCRSDT 00000001 BXPC 00000001)
[    0.000000] ACPI: FACP 000000000ffffe40 00074 (v01 BOCHS  BXPCFACP 00000001 BXPC 00000001)
[    0.000000] ACPI: DSDT 000000000fffdfd0 01E22 (v01   BXPC   BXDSDT 00000001 INTL 20090123)
[    0.000000] ACPI: FACS 000000000ffffe00 00040
[    0.000000] ACPI: SSDT 000000000fffdf80 00044 (v01 BOCHS  BXPCSSDT 00000001 BXPC 00000001)
[    0.000000] ACPI: APIC 000000000fffde90 0007A (v01 BOCHS  BXPCAPIC 00000001 BXPC 00000001)
[    0.000000] ACPI: HPET 000000000fffde50 00038 (v01 BOCHS  BXPCHPET 00000001 BXPC 00000001)
[    0.000000] ACPI: Local APIC address 0xfee00000
[    0.000000] mapped APIC to ffffffffff5fb000 (        fee00000)
[    0.000000] No NUMA configuration found
[    0.000000] Faking a node at [mem 0x0000000000000000-0x000000000fffcfff]
[    0.000000] Initmem setup node 0 [mem 0x00000000-0x0fffcfff]
[    0.000000]   NODE_DATA [mem 0x0fff9000-0x0fffcfff]
[    0.000000] kvm-clock: Using msrs 12 and 11
[    0.000000] kvm-clock: cpu 0, msr 0:1c68381, boot clock
[    0.000000] Zone ranges:
[    0.000000]   DMA32    [mem 0x00010000-0xffffffff]
[    0.000000]   Normal   empty
[    0.000000] Movable zone start for each node
[    0.000000] Early memory node ranges
[    0.000000]   node   0: [mem 0x00010000-0x0009efff]
[    0.000000]   node   0: [mem 0x00100000-0x0fffcfff]
[    0.000000] On node 0 totalpages: 65420
[    0.000000]   DMA32 zone: 1024 pages used for memmap
[    0.000000]   DMA32 zone: 6 pages reserved
[    0.000000]   DMA32 zone: 64390 pages, LIFO batch:15
[    0.000000] ACPI: PM-Timer IO Port: 0xb008
[    0.000000] ACPI: Local APIC address 0xfee00000
[    0.000000] mapped APIC to ffffffffff5fb000 (        fee00000)
[    0.000000] ACPI: LAPIC (acpi_id[0x00] lapic_id[0x00] enabled)
[    0.000000] ACPI: LAPIC (acpi_id[0x01] lapic_id[0x01] enabled)
[    0.000000] ACPI: IOAPIC (id[0x02] address[0xfec00000] gsi_base[0])
[    0.000000] IOAPIC[0]: apic_id 2, version 17, address 0xfec00000, GSI 0-23
[    0.000000] ACPI: INT_SRC_OVR (bus 0 bus_irq 0 global_irq 2 dfl dfl)
[    0.000000] Int: type 0, pol 0, trig 0, bus 00, IRQ 00, APIC ID 2, APIC INT 02
[    0.000000] ACPI: INT_SRC_OVR (bus 0 bus_irq 5 global_irq 5 high level)
[    0.000000] Int: type 0, pol 1, trig 3, bus 00, IRQ 05, APIC ID 2, APIC INT 05
[    0.000000] ACPI: INT_SRC_OVR (bus 0 bus_irq 9 global_irq 9 high level)
[    0.000000] Int: type 0, pol 1, trig 3, bus 00, IRQ 09, APIC ID 2, APIC INT 09
[    0.000000] ACPI: INT_SRC_OVR (bus 0 bus_irq 10 global_irq 10 high level)
[    0.000000] Int: type 0, pol 1, trig 3, bus 00, IRQ 0a, APIC ID 2, APIC INT 0a
[    0.000000] ACPI: INT_SRC_OVR (bus 0 bus_irq 11 global_irq 11 high level)
[    0.000000] Int: type 0, pol 1, trig 3, bus 00, IRQ 0b, APIC ID 2, APIC INT 0b
[    0.000000] ACPI: IRQ0 used by override.
[    0.000000] Int: type 0, pol 0, trig 0, bus 00, IRQ 01, APIC ID 2, APIC INT 01
[    0.000000] ACPI: IRQ2 used by override.
[    0.000000] Int: type 0, pol 0, trig 0, bus 00, IRQ 03, APIC ID 2, APIC INT 03
[    0.000000] Int: type 0, pol 0, trig 0, bus 00, IRQ 04, APIC ID 2, APIC INT 04
[    0.000000] ACPI: IRQ5 used by override.
[    0.000000] Int: type 0, pol 0, trig 0, bus 00, IRQ 06, APIC ID 2, APIC INT 06
[    0.000000] Int: type 0, pol 0, trig 0, bus 00, IRQ 07, APIC ID 2, APIC INT 07
[    0.000000] Int: type 0, pol 0, trig 0, bus 00, IRQ 08, APIC ID 2, APIC INT 08
[    0.000000] ACPI: IRQ9 used by override.
[    0.000000] ACPI: IRQ10 used by override.
[    0.000000] ACPI: IRQ11 used by override.
[    0.000000] Int: type 0, pol 0, trig 0, bus 00, IRQ 0c, APIC ID 2, APIC INT 0c
[    0.000000] Int: type 0, pol 0, trig 0, bus 00, IRQ 0d, APIC ID 2, APIC INT 0d
[    0.000000] Int: type 0, pol 0, trig 0, bus 00, IRQ 0e, APIC ID 2, APIC INT 0e
[    0.000000] Int: type 0, pol 0, trig 0, bus 00, IRQ 0f, APIC ID 2, APIC INT 0f
[    0.000000] Using ACPI (MADT) for SMP configuration information
[    0.000000] ACPI: HPET id: 0x8086a201 base: 0xfed00000
[    0.000000] smpboot: Allowing 2 CPUs, 0 hotplug CPUs
[    0.000000] mapped IOAPIC to ffffffffff5fa000 (fec00000)
[    0.000000] nr_irqs_gsi: 40
[    0.000000] e820: [mem 0x10000000-0xfffbbfff] available for PCI devices
[    0.000000] Booting paravirtualized kernel on KVM
[    0.000000] setup_percpu: NR_CPUS:8 nr_cpumask_bits:2 nr_cpu_ids:2 nr_node_ids:1
[    0.000000] PERCPU: Embedded 472 pages/cpu @ffff88000dc00000 s1909056 r0 d24256 u2097152
[    0.000000] pcpu-alloc: s1909056 r0 d24256 u2097152 alloc=1*2097152
[    0.000000] pcpu-alloc: [0] 0 [0] 1 
[    0.000000] kvm-clock: cpu 0, msr 0:ddd1381, primary cpu clock
[    0.000000] Built 1 zonelists in Node order, mobility grouping on.  Total pages: 64390
[    0.000000] Policy zone: DMA32
[    0.000000] Kernel command line: bisect-reboot x86_64-randconfig hung_task_panic=1 log_buf_len=8M ignore_loglevel debug sched_debug apic=debug dynamic_printk sysrq_always_enabled panic=10  prompt_ramdisk=0 console=ttyS0,115200 console=tty0 vga=normal  root=/dev/ram0 rw BOOT_IMAGE=x86_64/vmlinuz-bisect
[    0.000000] sysrq: sysrq always enabled.
[    0.000000] PID hash table entries: 1024 (order: 1, 8192 bytes)
[    0.000000] __ex_table already sorted, skipping sort
[    0.000000] Memory: 198560k/262132k available (5517k kernel code, 452k absent, 63120k reserved, 5319k data, 2452k init)
[    0.000000] SLUB: Genslabs=15, HWalign=64, Order=0-3, MinObjects=0, CPUs=2, Nodes=1
[    0.000000] Hierarchical RCU implementation.
[    0.000000] 	Hierarchical RCU autobalancing is disabled.
[    0.000000] 	RCU torture testing starts during boot.
[    0.000000] 	Additional per-CPU info printed with stalls.
[    0.000000] 	RCU restricting CPUs from NR_CPUS=8 to nr_cpu_ids=2.
[    0.000000] NR_IRQS:4352 nr_irqs:512 16
[    0.000000] console [ttyS0] enabled
[    0.000000] Lock dependency validator: Copyright (c) 2006 Red Hat, Inc., Ingo Molnar
[    0.000000] ... MAX_LOCKDEP_SUBCLASSES:  8
[    0.000000] ... MAX_LOCK_DEPTH:          48
[    0.000000] ... MAX_LOCKDEP_KEYS:        8191
[    0.000000] ... CLASSHASH_SIZE:          4096
[    0.000000] ... MAX_LOCKDEP_ENTRIES:     16384
[    0.000000] ... MAX_LOCKDEP_CHAINS:      32768
[    0.000000] ... CHAINHASH_SIZE:          16384
[    0.000000]  memory used by lock dependency info: 6367 kB
[    0.000000]  per task-struct memory footprint: 2688 bytes
[    0.000000] ------------------------
[    0.000000] | Locking API testsuite:
[    0.000000] ----------------------------------------------------------------------------
[    0.000000]                                  | spin |wlock |rlock |mutex | wsem | rsem |
[    0.000000]   --------------------------------------------------------------------------
[    0.000000]                      A-A deadlock:  ok  |  ok  |  ok  |  ok  |  ok  |  ok  |
[    0.000000]                  A-B-B-A deadlock:  ok  |  ok  |  ok  |  ok  |  ok  |  ok  |
[    0.000000]              A-B-B-C-C-A deadlock:  ok  |  ok  |  ok  |  ok  |  ok  |  ok  |
[    0.000000]              A-B-C-A-B-C deadlock:  ok  |  ok  |  ok  |  ok  |  ok  |  ok  |
[    0.000000]          A-B-B-C-C-D-D-A deadlock:  ok  |  ok  |  ok  |  ok  |  ok  |  ok  |
[    0.000000]          A-B-C-D-B-D-D-A deadlock:  ok  |  ok  |  ok  |  ok  |  ok  |  ok  |
[    0.000000]          A-B-C-D-B-C-D-A deadlock:  ok  |  ok  |  ok  |  ok  |  ok  |  ok  |
[    0.000000]                     double unlock:  ok  |  ok  |  ok  |  ok  |  ok  |  ok  |
[    0.000000]                   initialize held:  ok  |  ok  |  ok  |  ok  |  ok  |  ok  |
[    0.000000]                  bad unlock order:  ok  |  ok  |  ok  |  ok  |  ok  |  ok  |
[    0.000000]   --------------------------------------------------------------------------
[    0.000000]               recursive read-lock:             |  ok  |             |  ok  |
[    0.000000]            recursive read-lock #2:             |  ok  |             |  ok  |
[    0.000000]             mixed read-write-lock:             |  ok  |             |  ok  |
[    0.000000]             mixed write-read-lock:             |  ok  |             |  ok  |
[    0.000000]   --------------------------------------------------------------------------
[    0.000000]      hard-irqs-on + irq-safe-A/12:  ok  |  ok  |  ok  |
[    0.000000]      soft-irqs-on + irq-safe-A/12:  ok  |  ok  |  ok  |
[    0.000000]      hard-irqs-on + irq-safe-A/21:  ok  |  ok  |  ok  |
[    0.000000]      soft-irqs-on + irq-safe-A/21:  ok  |  ok  |  ok  |
[    0.000000]        sirq-safe-A => hirqs-on/12:  ok  |  ok  |  ok  |
[    0.000000]        sirq-safe-A => hirqs-on/21:  ok  |  ok  |  ok  |
[    0.000000]          hard-safe-A + irqs-on/12:  ok  |  ok  |  ok  |
[    0.000000]          soft-safe-A + irqs-on/12:  ok  |  ok  |  ok  |
[    0.000000]          hard-safe-A + irqs-on/21:  ok  |  ok  |  ok  |
[    0.000000]          soft-safe-A + irqs-on/21:  ok  |  ok  |  ok  |
[    0.000000]     hard-safe-A + unsafe-B #1/123:  ok  |  ok  |  ok  |
[    0.000000]     soft-safe-A + unsafe-B #1/123:  ok  |  ok  |  ok  |
[    0.000000]     hard-safe-A + unsafe-B #1/132:  ok  |  ok  |  ok  |
[    0.000000]     soft-safe-A + unsafe-B #1/132:  ok  |  ok  |  ok  |
[    0.000000]     hard-safe-A + unsafe-B #1/213:  ok  |  ok  |  ok  |
[    0.000000]     soft-safe-A + unsafe-B #1/213:  ok  |  ok  |  ok  |
[    0.000000]     hard-safe-A + unsafe-B #1/231:  ok  |  ok  |  ok  |
[    0.000000]     soft-safe-A + unsafe-B #1/231:  ok  |  ok  |  ok  |
[    0.000000]     hard-safe-A + unsafe-B #1/312:  ok  |  ok  |  ok  |
[    0.000000]     soft-safe-A + unsafe-B #1/312:  ok  |  ok  |  ok  |
[    0.000000]     hard-safe-A + unsafe-B #1/321:  ok  |  ok  |  ok  |
[    0.000000]     soft-safe-A + unsafe-B #1/321:  ok  |  ok  |  ok  |
[    0.000000]     hard-safe-A + unsafe-B #2/123:  ok  |  ok  |  ok  |
[    0.000000]     soft-safe-A + unsafe-B #2/123:  ok  |  ok  |  ok  |
[    0.000000]     hard-safe-A + unsafe-B #2/132:  ok  |  ok  |  ok  |
[    0.000000]     soft-safe-A + unsafe-B #2/132:  ok  |  ok  |  ok  |
[    0.000000]     hard-safe-A + unsafe-B #2/213:  ok  |  ok  |  ok  |
[    0.000000]     soft-safe-A + unsafe-B #2/213:  ok  |  ok  |  ok  |
[    0.000000]     hard-safe-A + unsafe-B #2/231:  ok  |  ok  |  ok  |
[    0.000000]     soft-safe-A + unsafe-B #2/231:  ok  |  ok  |  ok  |
[    0.000000]     hard-safe-A + unsafe-B #2/312:  ok  |  ok  |  ok  |
[    0.000000]     soft-safe-A + unsafe-B #2/312:  ok  |  ok  |  ok  |
[    0.000000]     hard-safe-A + unsafe-B #2/321:  ok  |  ok  |  ok  |
[    0.000000]     soft-safe-A + unsafe-B #2/321:  ok  |  ok  |  ok  |
[    0.000000]       hard-irq lock-inversion/123:  ok  |  ok  |  ok  |
[    0.000000]       soft-irq lock-inversion/123:  ok  |  ok  |  ok  |
[    0.000000]       hard-irq lock-inversion/132:  ok  |  ok  |  ok  |
[    0.000000]       soft-irq lock-inversion/132:  ok  |  ok  |  ok  |
[    0.000000]       hard-irq lock-inversion/213:  ok  |  ok  |  ok  |
[    0.000000]       soft-irq lock-inversion/213:  ok  |  ok  |  ok  |
[    0.000000]       hard-irq lock-inversion/231:  ok  |  ok  |  ok  |
[    0.000000]       soft-irq lock-inversion/231:  ok  |  ok  |  ok  |
[    0.000000]       hard-irq lock-inversion/312:  ok  |  ok  |  ok  |
[    0.000000]       soft-irq lock-inversion/312:  ok  |  ok  |  ok  |
[    0.000000]       hard-irq lock-inversion/321:  ok  |  ok  |  ok  |
[    0.000000]       soft-irq lock-inversion/321:  ok  |  ok  |  ok  |
[    0.000000]       hard-irq read-recursion/123:  ok  |
[    0.000000]       soft-irq read-recursion/123:  ok  |
[    0.000000]       hard-irq read-recursion/132:  ok  |
[    0.000000]       soft-irq read-recursion/132:  ok  |
[    0.000000]       hard-irq read-recursion/213:  ok  |
[    0.000000]       soft-irq read-recursion/213:  ok  |
[    0.000000]       hard-irq read-recursion/231:  ok  |
[    0.000000]       soft-irq read-recursion/231:  ok  |
[    0.000000]       hard-irq read-recursion/312:  ok  |
[    0.000000]       soft-irq read-recursion/312:  ok  |
[    0.000000]       hard-irq read-recursion/321:  ok  |
[    0.000000]       soft-irq read-recursion/321:  ok  |
[    0.000000] -------------------------------------------------------
[    0.000000] Good, all 218 testcases passed! |
[    0.000000] ---------------------------------
[    0.000000] hpet clockevent registered
[    0.000000] tsc: Detected 3300.196 MHz processor
[    0.000000] tsc: Marking TSC unstable due to TSCs unsynchronized
[    0.004000] Calibrating delay loop (skipped) preset value.. 6600.39 BogoMIPS (lpj=13200784)
[    0.004000] pid_max: default: 4096 minimum: 301
[    0.004000] Dentry cache hash table entries: 32768 (order: 6, 262144 bytes)
[    0.004109] Inode-cache hash table entries: 16384 (order: 5, 131072 bytes)
[    0.004921] Mount-cache hash table entries: 256
[    0.005992] Initializing cgroup subsys debug
[    0.006567] Initializing cgroup subsys cpuacct
[    0.007125] Initializing cgroup subsys devices
[    0.007610] Initializing cgroup subsys freezer
[    0.008007] Initializing cgroup subsys perf_event
[    0.008612] numa_add_cpu cpu 0 node 0: mask now 0
[    0.009161] Last level iTLB entries: 4KB 0, 2MB 0, 4MB 0
[    0.009161] Last level dTLB entries: 4KB 0, 2MB 0, 4MB 0
[    0.009161] tlb_flushall_shift is 0xffffffff
[    0.013627] debug: unmapping init [mem 0xffffffff81cfc000-0xffffffff81d00fff]
[    0.014565] ACPI: Core revision 20120711
[    0.016439] Getting VERSION: 50014
[    0.016938] Getting VERSION: 50014
[    0.017352] Getting ID: 0
[    0.017658] Getting ID: ff000000
[    0.018111] Getting LVT0: 8700
[    0.018524] Getting LVT1: 8400
[    0.018933] enabled ExtINT on CPU#0
[    0.019961] ENABLING IO-APIC IRQs
[    0.020009] init IO_APIC IRQs
[    0.020345]  apic 2 pin 0 not connected
[    0.020804] IOAPIC[0]: Set routing entry (2-1 -> 0x41 -> IRQ 1 Mode:0 Active:0 Dest:1)
[    0.021804] IOAPIC[0]: Set routing entry (2-2 -> 0x51 -> IRQ 0 Mode:0 Active:0 Dest:1)
[    0.022789] IOAPIC[0]: Set routing entry (2-3 -> 0x61 -> IRQ 3 Mode:0 Active:0 Dest:1)
[    0.024034] IOAPIC[0]: Set routing entry (2-4 -> 0x71 -> IRQ 4 Mode:0 Active:0 Dest:1)
[    0.024995] IOAPIC[0]: Set routing entry (2-5 -> 0x81 -> IRQ 5 Mode:1 Active:0 Dest:1)
[    0.025971] IOAPIC[0]: Set routing entry (2-6 -> 0x91 -> IRQ 6 Mode:0 Active:0 Dest:1)
[    0.027019] IOAPIC[0]: Set routing entry (2-7 -> 0xa1 -> IRQ 7 Mode:0 Active:0 Dest:1)
[    0.028037] IOAPIC[0]: Set routing entry (2-8 -> 0xb1 -> IRQ 8 Mode:0 Active:0 Dest:1)
[    0.028965] IOAPIC[0]: Set routing entry (2-9 -> 0xc1 -> IRQ 9 Mode:1 Active:0 Dest:1)
[    0.029918] IOAPIC[0]: Set routing entry (2-10 -> 0xd1 -> IRQ 10 Mode:1 Active:0 Dest:1)
[    0.030895] IOAPIC[0]: Set routing entry (2-11 -> 0xe1 -> IRQ 11 Mode:1 Active:0 Dest:1)
[    0.031833] IOAPIC[0]: Set routing entry (2-12 -> 0x22 -> IRQ 12 Mode:0 Active:0 Dest:1)
[    0.032020] IOAPIC[0]: Set routing entry (2-13 -> 0x42 -> IRQ 13 Mode:0 Active:0 Dest:1)
[    0.032989] IOAPIC[0]: Set routing entry (2-14 -> 0x52 -> IRQ 14 Mode:0 Active:0 Dest:1)
[    0.033981] IOAPIC[0]: Set routing entry (2-15 -> 0x62 -> IRQ 15 Mode:0 Active:0 Dest:1)
[    0.034925]  apic 2 pin 16 not connected
[    0.036006]  apic 2 pin 17 not connected
[    0.036517]  apic 2 pin 18 not connected
[    0.036970]  apic 2 pin 19 not connected
[    0.037432]  apic 2 pin 20 not connected
[    0.037980]  apic 2 pin 21 not connected
[    0.038445]  apic 2 pin 22 not connected
[    0.038935]  apic 2 pin 23 not connected
[    0.039509] ..TIMER: vector=0x51 apic1=0 pin1=2 apic2=-1 pin2=-1
[    0.040007] smpboot: CPU0: GenuineIntel Common KVM processor stepping 01
[    0.040895] Using local APIC timer interrupts.
[    0.040895] calibrating APIC timer ...
[    0.044002] ... lapic delta = 6249503
[    0.044002] ... PM-Timer delta = 357929
[    0.044002] ... PM-Timer result ok
[    0.044002] ..... delta 6249503
[    0.044002] ..... mult: 268397335
[    0.044002] ..... calibration result: 3999681
[    0.044002] ..... CPU clock speed is 3299.3442 MHz.
[    0.044002] ..... host bus clock speed is 999.3681 MHz.
[    0.044054] Performance Events: 
[    0.045150] SMP alternatives: lockdep: fixing up alternatives
[    0.046328] smpboot: Booting Node   0, Processors  #1 OK
[    0.004000] kvm-clock: cpu 1, msr 0:dfd1381, secondary cpu clock
[    0.004000] masked ExtINT on CPU#1
[    0.004000] numa_add_cpu cpu 1 node 0: mask now 0-1
[    0.062343] Brought up 2 CPUs
[    0.064013] ----------------
[    0.064448] | NMI testsuite:
[    0.064927] --------------------
[    0.065412]   remote IPI:  ok  |
[    0.076197]    local IPI:  ok  |
[    0.100021] --------------------
[    0.100543] Good, all   2 testcases passed! |
[    0.101250] ---------------------------------
[    0.101933] smpboot: Total of 2 processors activated (13200.78 BogoMIPS)
[    0.104282] CPU0 attaching sched-domain:
[    0.104907]  domain 0: span 0-1 level CPU
[    0.105632]   groups: 0 1
[    0.106137] CPU1 attaching sched-domain:
[    0.106745]  domain 0: span 0-1 level CPU
[    0.107360]   groups: 1 0
[    0.108235] device: 'platform': device_add
[    0.108819] bus: 'platform': registered
[    0.109559] bus: 'cpu': registered
[    0.110117] device: 'cpu': device_add
[    0.111607] atomic64 test passed for x86-64 platform with CX8 and with SSE
[    0.112030] bus: 'virtio': registered
[    0.112755] NET: Registered protocol family 16
[    0.113829] device class 'bdi': registering
[    0.114573] device class 'pci_bus': registering
[    0.116029] bus: 'pci': registered
[    0.116567] device class 'backlight': registering
[    0.117262] device class 'tty': registering
[    0.117990] bus: 'node': registered
[    0.118535] device: 'node': device_add
[    0.119211] bus: 'hsi': registered
[    0.120024] bus: 'i2c': registered
[    0.120537] bus: 'i2c': add driver dummy
[    0.121561] ACPI: bus type pci registered
[    0.122266] PCI: Using configuration type 1 for base access
[    0.123375] device: 'node0': device_add
[    0.124021] bus: 'node': add device node0
[    0.124824] device: 'cpu0': device_add
[    0.125389] bus: 'cpu': add device cpu0
[    0.126129] device: 'cpu1': device_add
[    0.126695] bus: 'cpu': add device cpu1
[    0.127346] mtrr: your CPUs had inconsistent variable MTRR settings
[    0.128028] mtrr: your CPUs had inconsistent MTRRdefType settings
[    0.129087] mtrr: probably your BIOS does not setup all CPUs.
[    0.130046] mtrr: corrected configuration.
[    0.134124] device: 'default': device_add
[    0.136113] bio: create slab <bio-0> at 0
[    0.136861] device class 'block': registering
[    0.137640] device class 'graphics': registering
[    0.140044] ACPI: Added _OSI(Module Device)
[    0.140695] ACPI: Added _OSI(Processor Device)
[    0.141456] ACPI: Added _OSI(3.0 _SCP Extensions)
[    0.142330] ACPI: Added _OSI(Processor Aggregator Device)
[    0.145833] ACPI: EC: Look up EC in DSDT
[    0.151379] ACPI: Interpreter enabled
[    0.152013] ACPI: (supports S0 S5)
[    0.152687] ACPI: Using IOAPIC for interrupt routing
[    0.153470] bus: 'acpi': registered
[    0.154101] bus: 'acpi': add driver power
[    0.154782] device: 'LNXSYSTM:00': device_add
[    0.155499] bus: 'acpi': add device LNXSYSTM:00
[    0.156150] device: 'LNXCPU:00': device_add
[    0.156818] bus: 'acpi': add device LNXCPU:00
[    0.157602] device: 'LNXCPU:01': device_add
[    0.158308] bus: 'acpi': add device LNXCPU:01
[    0.159097] device: 'device:00': device_add
[    0.160021] bus: 'acpi': add device device:00
[    0.160756] device: 'PNP0A03:00': device_add
[    0.161467] bus: 'acpi': add device PNP0A03:00
[    0.162422] device: 'device:01': device_add
[    0.163127] bus: 'acpi': add device device:01
[    0.163928] device: 'device:02': device_add
[    0.164022] bus: 'acpi': add device device:02
[    0.164814] device: 'device:03': device_add
[    0.165566] bus: 'acpi': add device device:03
[    0.166359] device: 'device:04': device_add
[    0.167067] bus: 'acpi': add device device:04
[    0.168121] device: 'device:05': device_add
[    0.168810] bus: 'acpi': add device device:05
[    0.169639] device: 'device:06': device_add
[    0.170288] bus: 'acpi': add device device:06
[    0.171157] device: 'device:07': device_add
[    0.172021] bus: 'acpi': add device device:07
[    0.172873] device: 'device:08': device_add
[    0.173503] bus: 'acpi': add device device:08
[    0.174415] device: 'device:09': device_add
[    0.175087] bus: 'acpi': add device device:09
[    0.176102] device: 'device:0a': device_add
[    0.176780] bus: 'acpi': add device device:0a
[    0.177645] device: 'device:0b': device_add
[    0.178387] bus: 'acpi': add device device:0b
[    0.179192] device: 'device:0c': device_add
[    0.179872] bus: 'acpi': add device device:0c
[    0.180117] device: 'device:0d': device_add
[    0.180882] bus: 'acpi': add device device:0d
[    0.181758] device: 'device:0e': device_add
[    0.182505] bus: 'acpi': add device device:0e
[    0.183280] device: 'device:0f': device_add
[    0.184027] bus: 'acpi': add device device:0f
[    0.184809] device: 'device:10': device_add
[    0.185537] bus: 'acpi': add device device:10
[    0.186310] device: 'device:11': device_add
[    0.187089] bus: 'acpi': add device device:11
[    0.188119] device: 'device:12': device_add
[    0.188801] bus: 'acpi': add device device:12
[    0.189648] device: 'device:13': device_add
[    0.190333] bus: 'acpi': add device device:13
[    0.191143] device: 'device:14': device_add
[    0.192027] bus: 'acpi': add device device:14
[    0.192884] device: 'device:15': device_add
[    0.193513] bus: 'acpi': add device device:15
[    0.194409] device: 'device:16': device_add
[    0.195070] bus: 'acpi': add device device:16
[    0.195879] device: 'device:17': device_add
[    0.196023] bus: 'acpi': add device device:17
[    0.196916] device: 'device:18': device_add
[    0.197643] bus: 'acpi': add device device:18
[    0.198421] device: 'device:19': device_add
[    0.199084] bus: 'acpi': add device device:19
[    0.200149] device: 'device:1a': device_add
[    0.200855] bus: 'acpi': add device device:1a
[    0.201686] device: 'device:1b': device_add
[    0.202392] bus: 'acpi': add device device:1b
[    0.203179] device: 'device:1c': device_add
[    0.204024] bus: 'acpi': add device device:1c
[    0.204805] device: 'device:1d': device_add
[    0.205453] bus: 'acpi': add device device:1d
[    0.206321] device: 'device:1e': device_add
[    0.207049] bus: 'acpi': add device device:1e
[    0.208122] device: 'device:1f': device_add
[    0.208757] bus: 'acpi': add device device:1f
[    0.209577] device: 'device:20': device_add
[    0.210311] bus: 'acpi': add device device:20
[    0.211150] device: 'device:21': device_add
[    0.211836] bus: 'acpi': add device device:21
[    0.212110] device: 'PNP0B00:00': device_add
[    0.212786] bus: 'acpi': add device PNP0B00:00
[    0.213709] device: 'PNP0303:00': device_add
[    0.214387] bus: 'acpi': add device PNP0303:00
[    0.215197] device: 'PNP0F13:00': device_add
[    0.216024] bus: 'acpi': add device PNP0F13:00
[    0.216834] device: 'PNP0700:00': device_add
[    0.217636] bus: 'acpi': add device PNP0700:00
[    0.219329] device: 'PNP0400:00': device_add
[    0.220025] bus: 'acpi': add device PNP0400:00
[    0.220924] device: 'PNP0501:00': device_add
[    0.221660] bus: 'acpi': add device PNP0501:00
[    0.222567] device: 'device:22': device_add
[    0.223216] bus: 'acpi': add device device:22
[    0.224165] device: 'PNP0103:00': device_add
[    0.224839] bus: 'acpi': add device PNP0103:00
[    0.225781] device: 'PNP0C0F:00': device_add
[    0.226421] bus: 'acpi': add device PNP0C0F:00
[    0.227337] device: 'PNP0C0F:01': device_add
[    0.228030] bus: 'acpi': add device PNP0C0F:01
[    0.228908] device: 'PNP0C0F:02': device_add
[    0.229642] bus: 'acpi': add device PNP0C0F:02
[    0.230550] device: 'PNP0C0F:03': device_add
[    0.231225] bus: 'acpi': add device PNP0C0F:03
[    0.232169] device: 'device:23': device_add
[    0.232860] bus: 'acpi': add device device:23
[    0.233648] device: 'LNXPWRBN:00': device_add
[    0.234371] bus: 'acpi': add device LNXPWRBN:00
[    0.235334] bus: 'acpi': add driver ec
[    0.236079] PCI: Using host bridge windows from ACPI; if necessary, use "pci=nocrs" and report a bug
[    0.237602] bus: 'acpi': add driver pci_root
[    0.238305] bus: 'acpi': driver_probe_device: matched device PNP0A03:00 with driver pci_root
[    0.239623] bus: 'acpi': really_probe: probing driver pci_root with device PNP0A03:00
[    0.240065] ACPI: PCI Root Bridge [PCI0] (domain 0000 [bus 00-ff])
[    0.241190] device: 'pci0000:00': device_add
[    0.241981] device: '0000:00': device_add
[    0.242676] PCI host bridge to bus 0000:00
[    0.244024] pci_bus 0000:00: busn_res: [bus 00-ff] is inserted under domain [bus 00-ff]
[    0.245213] pci_bus 0000:00: root bus resource [bus 00-ff]
[    0.246109] pci_bus 0000:00: root bus resource [io  0x0000-0x0cf7]
[    0.247093] pci_bus 0000:00: root bus resource [io  0x0d00-0xffff]
[    0.248021] pci_bus 0000:00: root bus resource [mem 0x000a0000-0x000bffff]
[    0.249060] pci_bus 0000:00: root bus resource [mem 0xe0000000-0xfebfffff]
[    0.250227] pci 0000:00:00.0: [8086:1237] type 00 class 0x060000
[    0.252215] pci 0000:00:01.0: [8086:7000] type 00 class 0x060100
[    0.253859] pci 0000:00:01.1: [8086:7010] type 00 class 0x010180
[    0.255219] pci 0000:00:01.1: reg 20: [io  0xc000-0xc00f]
[    0.256300] pci 0000:00:01.3: [8086:7113] type 00 class 0x068000
[    0.257854] pci 0000:00:01.3: quirk: [io  0xb000-0xb03f] claimed by PIIX4 ACPI
[    0.259018] pci 0000:00:01.3: quirk: [io  0xb100-0xb10f] claimed by PIIX4 SMB
[    0.260208] pci 0000:00:02.0: [1013:00b8] type 00 class 0x030000
[    0.264074] pci 0000:00:02.0: reg 10: [mem 0xf0000000-0xf1ffffff pref]
[    0.266983] pci 0000:00:02.0: reg 14: [mem 0xf2000000-0xf2000fff]
[    0.275416] pci 0000:00:02.0: reg 30: [mem 0xf2010000-0xf201ffff pref]
[    0.276789] pci 0000:00:03.0: [8086:100e] type 00 class 0x020000
[    0.277934] pci 0000:00:03.0: reg 10: [mem 0xf2020000-0xf203ffff]
[    0.279145] pci 0000:00:03.0: reg 14: [io  0xc040-0xc07f]
[    0.280987] pci 0000:00:03.0: reg 30: [mem 0xf2040000-0xf2047fff pref]
[    0.282485] pci 0000:00:04.0: [1af4:1001] type 00 class 0x010000
[    0.284154] pci 0000:00:04.0: reg 10: [io  0xc080-0xc0bf]
[    0.285061] pci 0000:00:04.0: reg 14: [mem 0xf2048000-0xf2048fff]
[    0.286777] pci 0000:00:05.0: [1af4:1001] type 00 class 0x010000
[    0.288063] pci 0000:00:05.0: reg 10: [io  0xc0c0-0xc0ff]
[    0.289112] pci 0000:00:05.0: reg 14: [mem 0xf2049000-0xf2049fff]
[    0.290806] pci 0000:00:06.0: [1af4:1001] type 00 class 0x010000
[    0.291872] pci 0000:00:06.0: reg 10: [io  0xc100-0xc13f]
[    0.292141] pci 0000:00:06.0: reg 14: [mem 0xf204a000-0xf204afff]
[    0.293850] pci 0000:00:07.0: [1af4:1001] type 00 class 0x010000
[    0.294923] pci 0000:00:07.0: reg 10: [io  0xc140-0xc17f]
[    0.296148] pci 0000:00:07.0: reg 14: [mem 0xf204b000-0xf204bfff]
[    0.297913] pci 0000:00:08.0: [1af4:1001] type 00 class 0x010000
[    0.298988] pci 0000:00:08.0: reg 10: [io  0xc180-0xc1bf]
[    0.300112] pci 0000:00:08.0: reg 14: [mem 0xf204c000-0xf204cfff]
[    0.301916] pci 0000:00:09.0: [1af4:1001] type 00 class 0x010000
[    0.303044] pci 0000:00:09.0: reg 10: [io  0xc1c0-0xc1ff]
[    0.304113] pci 0000:00:09.0: reg 14: [mem 0xf204d000-0xf204dfff]
[    0.305770] pci 0000:00:0a.0: [8086:25ab] type 00 class 0x088000
[    0.306802] pci 0000:00:0a.0: reg 10: [mem 0xf204e000-0xf204e00f]
[    0.308844] ACPI: PCI Interrupt Routing Table [\_SB_.PCI0._PRT]
[    0.311047]  pci0000:00: Unable to request _OSC control (_OSC support mask: 0x08)
[    0.312035] device: '0000:00:00.0': device_add
[    0.313776] bus: 'pci': add device 0000:00:00.0
[    0.314607] device: '0000:00:01.0': device_add
[    0.316474] bus: 'pci': add device 0000:00:01.0
[    0.317245] device: '0000:00:01.1': device_add
[    0.318947] bus: 'pci': add device 0000:00:01.1
[    0.319716] device: '0000:00:01.3': device_add
[    0.320962] bus: 'pci': add device 0000:00:01.3
[    0.321797] device: '0000:00:02.0': device_add
[    0.323408] bus: 'pci': add device 0000:00:02.0
[    0.324090] device: '0000:00:03.0': device_add
[    0.325786] bus: 'pci': add device 0000:00:03.0
[    0.326630] device: '0000:00:04.0': device_add
[    0.328823] bus: 'pci': add device 0000:00:04.0
[    0.329601] device: '0000:00:05.0': device_add
[    0.331397] bus: 'pci': add device 0000:00:05.0
[    0.332091] device: '0000:00:06.0': device_add
[    0.333716] bus: 'pci': add device 0000:00:06.0
[    0.334521] device: '0000:00:07.0': device_add
[    0.336301] bus: 'pci': add device 0000:00:07.0
[    0.337077] device: '0000:00:08.0': device_add
[    0.338795] bus: 'pci': add device 0000:00:08.0
[    0.339593] device: '0000:00:09.0': device_add
[    0.340963] bus: 'pci': add device 0000:00:09.0
[    0.341828] device: '0000:00:0a.0': device_add
[    0.343482] bus: 'pci': add device 0000:00:0a.0
[    0.344097] driver: 'PNP0A03:00': driver_bound: bound to device 'pci_root'
[    0.345170] bus: 'acpi': really_probe: bound device PNP0A03:00 to driver pci_root
[    0.346447] bus: 'acpi': add driver pci_link
[    0.347212] bus: 'acpi': driver_probe_device: matched device PNP0C0F:00 with driver pci_link
[    0.348027] bus: 'acpi': really_probe: probing driver pci_link with device PNP0C0F:00
[    0.349397] ACPI: PCI Interrupt Link [LNKA] (IRQs 5 *10 11)
[    0.350412] driver: 'PNP0C0F:00': driver_bound: bound to device 'pci_link'
[    0.352029] bus: 'acpi': really_probe: bound device PNP0C0F:00 to driver pci_link
[    0.353204] bus: 'acpi': driver_probe_device: matched device PNP0C0F:01 with driver pci_link
[    0.354564] bus: 'acpi': really_probe: probing driver pci_link with device PNP0C0F:01
[    0.356097] ACPI: PCI Interrupt Link [LNKB] (IRQs 5 *10 11)
[    0.357168] driver: 'PNP0C0F:01': driver_bound: bound to device 'pci_link'
[    0.358281] bus: 'acpi': really_probe: bound device PNP0C0F:01 to driver pci_link
[    0.359435] bus: 'acpi': driver_probe_device: matched device PNP0C0F:02 with driver pci_link
[    0.360028] bus: 'acpi': really_probe: probing driver pci_link with device PNP0C0F:02
[    0.361491] ACPI: PCI Interrupt Link [LNKC] (IRQs 5 10 *11)
[    0.362566] driver: 'PNP0C0F:02': driver_bound: bound to device 'pci_link'
[    0.364029] bus: 'acpi': really_probe: bound device PNP0C0F:02 to driver pci_link
[    0.365158] bus: 'acpi': driver_probe_device: matched device PNP0C0F:03 with driver pci_link
[    0.366535] bus: 'acpi': really_probe: probing driver pci_link with device PNP0C0F:03
[    0.368093] ACPI: PCI Interrupt Link [LNKD] (IRQs 5 10 *11)
[    0.369085] driver: 'PNP0C0F:03': driver_bound: bound to device 'pci_link'
[    0.370199] bus: 'acpi': really_probe: bound device PNP0C0F:03 to driver pci_link
[    0.371405] bus: 'pnp': registered
[    0.372065] device class 'misc': registering
[    0.372869] device: 'vga_arbiter': device_add
[    0.373743] vgaarb: device added: PCI:0000:00:02.0,decodes=io+mem,owns=io+mem,locks=none
[    0.375030] vgaarb: loaded
[    0.375466] vgaarb: bridge control possible 0000:00:02.0
[    0.376043] bus: 'i2c': add driver 88PM860x
[    0.376708] bus: 'i2c': add driver 88PM80X
[    0.377372] bus: 'i2c': add driver WM8400
[    0.378038] bus: 'i2c': add driver twl
[    0.378656] bus: 'i2c': add driver mc13xxx
[    0.379324] bus: 'i2c': add driver da903x
[    0.380041] bus: 'i2c': add driver max77686
[    0.380716] bus: 'i2c': add driver max77693
[    0.381398] bus: 'i2c': add driver max8925
[    0.382123] bus: 'i2c': add driver max8998
[    0.382839] bus: 'i2c': add driver palmas
[    0.384077] device class 'scsi_host': registering
[    0.384805] bus: 'scsi': registered
[    0.385356] device class 'scsi_device': registering
[    0.386185] SCSI subsystem initialized
[    0.386797] ACPI: bus type scsi registered
[    0.387470] device class 'ata_link': registering
[    0.388034] device class 'ata_port': registering
[    0.388788] device class 'ata_device': registering
[    0.389559] libata version 3.00 loaded.
[    0.390271] ACPI: bus type usb registered
[    0.390961] bus: 'usb': registered
[    0.391557] bus: 'usb': add driver usbfs
[    0.392042] usbcore: registered new interface driver usbfs
[    0.392922] bus: 'usb': add driver hub
[    0.393554] usbcore: registered new interface driver hub
[    0.396056] bus: 'usb': add driver usb
[    0.396702] usbcore: registered new device driver usb
[    0.397525] bus: 'serio': registered
[    0.398122] bus: 'gameport': registered
[    0.400030] device class 'input': registering
[    0.400810] device class 'pps': registering
[    0.401532] pps_core: LinuxPPS API ver. 1 registered
[    0.402263] pps_core: Software ver. 5.3.6 - Copyright 2005-2007 Rodolfo Giometti <giometti@linux.it>
[    0.404030] device class 'ptp': registering
[    0.404709] PTP clock support registered
[    0.405345] device class 'power_supply': registering
[    0.406196] device class 'hwmon': registering
[    0.406876] device class 'leds': registering
[    0.407563] bus: 'iio': registered
[    0.408082] PCI: Using ACPI for IRQ routing
[    0.408727] PCI: pci_cache_line_size set to 64 bytes
[    0.410006] e820: reserve RAM buffer [mem 0x0009f400-0x0009ffff]
[    0.411002] e820: reserve RAM buffer [mem 0x0fffd000-0x0fffffff]
[    0.412085] device class 'net': registering
[    0.412833] device: 'lo': device_add
[    0.414110] Switching to clocksource kvm-clock
[    0.416403] FS-Cache: Loaded
[    0.416931] device: 'cachefiles': device_add
[    0.417669] CacheFiles: Loaded
[    0.418218] bus: 'pnp': add driver system
[    0.418856] pnp: PnP ACPI init
[    0.419364] device: 'pnp0': device_add
[    0.420055] ACPI: bus type pnp registered
[    0.420769] pnp 00:00: [bus 00-ff]
[    0.421388] pnp 00:00: [io  0x0cf8-0x0cff]
[    0.422018] pnp 00:00: [io  0x0000-0x0cf7 window]
[    0.422752] pnp 00:00: [io  0x0d00-0xffff window]
[    0.423503] pnp 00:00: [mem 0x000a0000-0x000bffff window]
[    0.424444] pnp 00:00: [mem 0xe0000000-0xfebfffff window]
[    0.425318] device: '00:00': device_add
[    0.426034] bus: 'pnp': add device 00:00
[    0.426769] pnp 00:00: Plug and Play ACPI device, IDs PNP0a03 (active)
[    0.428096] pnp 00:01: [io  0x0070-0x0071]
[    0.428796] pnp 00:01: [irq 8]
[    0.429284] pnp 00:01: [io  0x0072-0x0077]
[    0.429897] device: '00:01': device_add
[    0.430573] bus: 'pnp': add device 00:01
[    0.431215] pnp 00:01: Plug and Play ACPI device, IDs PNP0b00 (active)
[    0.432347] pnp 00:02: [io  0x0060]
[    0.432882] pnp 00:02: [io  0x0064]
[    0.433439] pnp 00:02: [irq 1]
[    0.433916] device: '00:02': device_add
[    0.434617] bus: 'pnp': add device 00:02
[    0.435289] pnp 00:02: Plug and Play ACPI device, IDs PNP0303 (active)
[    0.436443] pnp 00:03: [irq 12]
[    0.437024] device: '00:03': device_add
[    0.437700] bus: 'pnp': add device 00:03
[    0.438370] pnp 00:03: Plug and Play ACPI device, IDs PNP0f13 (active)
[    0.439402] pnp 00:04: [io  0x03f2-0x03f5]
[    0.440075] pnp 00:04: [io  0x03f7]
[    0.440664] pnp 00:04: [irq 6]
[    0.441150] pnp 00:04: [dma 2]
[    0.441617] device: '00:04': device_add
[    0.442300] bus: 'pnp': add device 00:04
[    0.442937] pnp 00:04: Plug and Play ACPI device, IDs PNP0700 (active)
[    0.444068] pnp 00:05: [io  0x0378-0x037f]
[    0.444749] pnp 00:05: [irq 7]
[    0.445236] device: '00:05': device_add
[    0.445894] bus: 'pnp': add device 00:05
[    0.446531] pnp 00:05: Plug and Play ACPI device, IDs PNP0400 (active)
[    0.447664] pnp 00:06: [io  0x03f8-0x03ff]
[    0.448399] pnp 00:06: [irq 4]
[    0.448864] device: '00:06': device_add
[    0.449543] bus: 'pnp': add device 00:06
[    0.450193] pnp 00:06: Plug and Play ACPI device, IDs PNP0501 (active)
[    0.451332] pnp 00:07: [mem 0xfed00000-0xfed003ff]
[    0.452168] device: '00:07': device_add
[    0.452885] bus: 'pnp': add device 00:07
[    0.453557] pnp 00:07: Plug and Play ACPI device, IDs PNP0103 (active)
[    0.454800] pnp: PnP ACPI: found 8 devices
[    0.455550] ACPI: ACPI bus type pnp unregistered
[    0.456419] device class 'mem': registering
[    0.457190] device: 'mem': device_add
[    0.457800] device: 'null': device_add
[    0.458459] device: 'port': device_add
[    0.459116] device: 'zero': device_add
[    0.459742] device: 'full': device_add
[    0.460470] device: 'random': device_add
[    0.461100] device: 'urandom': device_add
[    0.461767] device: 'kmsg': device_add
[    0.462404] device: 'oldmem': device_add
[    0.463038] device: 'tty': device_add
[    0.463694] device: 'console': device_add
[    0.464471] device class 'firmware': registering
[    0.465228] device class 'thermal': registering
[    0.470610] bus: 'ssb': registered
[    0.471203] bus: 'bcma': registered
[    0.471793] pci_bus 0000:00: resource 4 [io  0x0000-0x0cf7]
[    0.472762] pci_bus 0000:00: resource 5 [io  0x0d00-0xffff]
[    0.473634] pci_bus 0000:00: resource 6 [mem 0x000a0000-0x000bffff]
[    0.474590] pci_bus 0000:00: resource 7 [mem 0xe0000000-0xfebfffff]
[    0.475613] NET: Registered protocol family 1
[    0.476427] pci 0000:00:00.0: Limiting direct PCI/PCI transfers
[    0.477439] pci 0000:00:01.0: PIIX3: Enabling Passive Release
[    0.478356] pci 0000:00:01.0: Activating ISA DMA hang workarounds
[    0.479351] pci 0000:00:02.0: Boot video device
[    0.480291] PCI: CLS 0 bytes, default 64
[    0.481229] Trying to unpack rootfs image as initramfs...
[    1.383845] debug: unmapping init [mem 0xffff88000e8d6000-0xffff88000ffeffff]
[    1.397771] DMA-API: preallocated 32768 debug entries
[    1.398558] DMA-API: debugging enabled by kernel config
[    1.399711] device class 'msr': registering
[    1.400519] device: 'msr0': device_add
[    1.401185] device: 'msr1': device_add
[    1.401793] device class 'cpuid': registering
[    1.402475] device: 'cpu0': device_add
[    1.403112] device: 'cpu1': device_add
[    1.403765] microcode: no support for this CPU vendor
[    1.406530] sha1_ssse3: Neither AVX nor SSSE3 is available/usable.
[    1.407581] bus: 'clocksource': registered
[    1.408339] device: 'clocksource': device_add
[    1.409032] device: 'clocksource0': device_add
[    1.409727] bus: 'clocksource': add device clocksource0
[    1.410565] bus: 'platform': add driver alarmtimer
[    1.411378] Registering platform device 'alarmtimer'. Parent at platform
[    1.412506] device: 'alarmtimer': device_add
[    1.413173] bus: 'platform': add device alarmtimer
[    1.413920] bus: 'platform': driver_probe_device: matched device alarmtimer with driver alarmtimer
[    1.415333] bus: 'platform': really_probe: probing driver alarmtimer with device alarmtimer
[    1.416755] driver: 'alarmtimer': driver_bound: bound to device 'alarmtimer'
[    1.417815] bus: 'platform': really_probe: bound device alarmtimer to driver alarmtimer
[    1.419080] bus: 'rttest': registered
[    1.419674] device: 'rttest': device_add
[    1.420531] device: 'rttest0': device_add
[    1.421186] bus: 'rttest': add device rttest0
[    1.422001] device: 'rttest1': device_add
[    1.422636] bus: 'rttest': add device rttest1
[    1.423464] device: 'rttest2': device_add
[    1.424179] bus: 'rttest': add device rttest2
[    1.425002] device: 'rttest3': device_add
[    1.425650] bus: 'rttest': add device rttest3
[    1.426474] device: 'rttest4': device_add
[    1.427118] bus: 'rttest': add device rttest4
[    1.427944] device: 'rttest5': device_add
[    1.428679] bus: 'rttest': add device rttest5
[    1.429475] device: 'rttest6': device_add
[    1.430098] bus: 'rttest': add device rttest6
[    1.430926] device: 'rttest7': device_add
[    1.431568] bus: 'rttest': add device rttest7
[    1.432431] Initializing RT-Tester: OK
[    1.433038] rcu-torture:--- Start of test: nreaders=4 nfakewriters=4 stat_interval=0 verbose=0 test_no_idle_hz=0 shuffle_interval=3 stutter=5 irqreader=1 fqs_duration=0 fqs_holdoff=0 fqs_stutter=3 test_boost=1/0 test_boost_interval=7 test_boost_duration=4 shutdown_secs=0 onoff_interval=0 onoff_holdoff=0
[    1.438172] bus: 'event_source': registered
[    1.438831] device: 'breakpoint': device_add
[    1.439511] bus: 'event_source': add device breakpoint
[    1.440560] device: 'software': device_add
[    1.441237] bus: 'event_source': add device software
[    1.449322] HugeTLB registered 2 MB page size, pre-allocated 0 pages
[    1.457050] squashfs: version 4.0 (2009/01/31) Phillip Lougher
[    1.458959] device: 'ecryptfs': device_add
[    1.459898] NTFS driver 2.1.30 [Flags: R/O].
[    1.461703] EFS: 1.0a - http://aeschi.ch.eu.org/efs/
[    1.462584] jffs2: version 2.2. Â© 2001-2006 Red Hat, Inc.
[    1.465240] ROMFS MTD (C) 2007 Red Hat, Inc.
[    1.466118] QNX4 filesystem 0.2.3 registered.
[    1.466921] QNX6 filesystem 1.0.0 registered.
[    1.467620] device: 'autofs': device_add
[    1.468425] fuse init (API version 7.19)
[    1.469343] device: 'fuse': device_add
[    1.470082] SGI XFS with security attributes, large block/inode numbers, no debug enabled
[    1.486420] NILFS version 2 loaded
[    1.486968] BeFS version: 0.9.3
[    1.488615] device: 'btrfs-control': device_add
[    1.489431] Btrfs loaded
[    1.489847] msgmni has been set to 387
[    1.494701] device class 'bsg': registering
[    1.495401] Block layer SCSI generic (bsg) driver version 0.4 loaded (major 251)
[    1.496843] io scheduler noop registered
[    1.497465] io scheduler deadline registered
[    1.498115] io scheduler cfq registered (default)
[    1.498855] start plist test
[    1.502403] end plist test
[    1.502829] list_sort_test: start testing list_sort()
[    1.505031] crc32: CRC_LE_BITS = 32, CRC_BE BITS = 32
[    1.505824] crc32: self tests passed, processed 225944 bytes in 221481 nsec
[    1.507167] crc32c: CRC_LE_BITS = 32
[    1.507701] crc32c: self tests passed, processed 225944 bytes in 141759 nsec
[    1.509984] xz_dec_test: module loaded
[    1.510578] xz_dec_test: Create a device node with 'mknod xz_dec_test c 250 0' and write .xz files to it.
[    1.513551] bus: 'platform': add driver hecubafb
[    1.514287] no IO addresses supplied
[    1.514824] bus: 'platform': add driver tmio-fb
[    1.515541] bus: 'platform': add driver broadsheetfb
[    1.516586] bus: 'usb': add driver udlfb
[    1.517226] usbcore: registered new interface driver udlfb
[    1.518035] bus: 'usb': add driver smscufx
[    1.518698] usbcore: registered new interface driver smscufx
[    1.519563] Registering platform device 'vesafb.0'. Parent at platform
[    1.520723] device: 'vesafb.0': device_add
[    1.521367] bus: 'platform': add device vesafb.0
[    1.522098] bus: 'platform': add driver vesafb
[    1.522790] bus: 'platform': driver_probe_device: matched device vesafb.0 with driver vesafb
[    1.524550] bus: 'platform': really_probe: probing driver vesafb with device vesafb.0
[    1.525774] vesafb: probe of vesafb.0 rejects match -19
[    1.526643] bus: 'platform': remove driver vesafb
[    1.527394] driver: 'vesafb': driver_release
[    1.528341] bus: 'platform': remove device vesafb.0
[    1.529080] bus: 'acpi': add driver ac
[    1.529707] bus: 'acpi': add driver button
[    1.530378] bus: 'acpi': driver_probe_device: matched device LNXPWRBN:00 with driver button
[    1.531629] bus: 'acpi': really_probe: probing driver button with device LNXPWRBN:00
[    1.532987] device: 'input0': device_add
[    1.533734] input: Power Button as /devices/LNXSYSTM:00/LNXPWRBN:00/input/input0
[    1.534894] ACPI: Power Button [PWRF]
[    1.535504] driver: 'LNXPWRBN:00': driver_bound: bound to device 'button'
[    1.536646] bus: 'acpi': really_probe: bound device LNXPWRBN:00 to driver button
[    1.537753] bus: 'acpi': add driver fan
[    1.538386] bus: 'acpi': add driver processor
[    1.539039] bus: 'acpi': driver_probe_device: matched device LNXCPU:00 with driver processor
[    1.540494] bus: 'acpi': really_probe: probing driver processor with device LNXCPU:00
[    1.541774] device: 'cooling_device0': device_add
[    1.542608] driver: 'LNXCPU:00': driver_bound: bound to device 'processor'
[    1.543666] bus: 'acpi': really_probe: bound device LNXCPU:00 to driver processor
[    1.544919] bus: 'acpi': driver_probe_device: matched device LNXCPU:01 with driver processor
[    1.546214] bus: 'acpi': really_probe: probing driver processor with device LNXCPU:01
[    1.547443] device: 'cooling_device1': device_add
[    1.548345] driver: 'LNXCPU:01': driver_bound: bound to device 'processor'
[    1.549401] bus: 'acpi': really_probe: bound device LNXCPU:01 to driver processor
[    1.550559] bus: 'acpi': add driver thermal
[    1.551305] bus: 'platform': add driver virtio-mmio
[    1.551427] bus: 'acpi': add driver battery
[    1.552863] device: 'ptyp0': device_add
[    1.553531] device: 'ptyp1': device_add
[    1.554189] device: 'ptyp2': device_add
[    1.554820] device: 'ptyp3': device_add
[    1.555468] device: 'ptyp4': device_add
[    1.556194] device: 'ptyp5': device_add
[    1.556903] device: 'ptyp6': device_add
[    1.557553] device: 'ptyp7': device_add
[    1.558214] device: 'ptyp8': device_add
[    1.558822] device: 'ptyp9': device_add
[    1.559483] device: 'ptypa': device_add
[    1.560218] device: 'ptypb': device_add
[    1.560895] device: 'ptypc': device_add
[    1.561549] device: 'ptypd': device_add
[    1.562191] device: 'ptype': device_add
[    1.562806] device: 'ptypf': device_add
[    1.563455] device: 'ptyq0': device_add
[    1.564169] device: 'ptyq1': device_add
[    1.564835] device: 'ptyq2': device_add
[    1.565474] device: 'ptyq3': device_add
[    1.566083] device: 'ptyq4': device_add
[    1.566746] device: 'ptyq5': device_add
[    1.567408] device: 'ptyq6': device_add
[    1.568097] device: 'ptyq7': device_add
[    1.568796] device: 'ptyq8': device_add
[    1.569486] device: 'ptyq9': device_add
[    1.570168] device: 'ptyqa': device_add
[    1.570780] device: 'ptyqb': device_add
[    1.571436] device: 'ptyqc': device_add
[    1.572103] device: 'ptyqd': device_add
[    1.572821] device: 'ptyqe': device_add
[    1.573481] device: 'ptyqf': device_add
[    1.574089] device: 'ptyr0': device_add
[    1.574727] device: 'ptyr1': device_add
[    1.575373] device: 'ptyr2': device_add
[    1.576025] device: 'ptyr3': device_add
[    1.576765] device: 'ptyr4': device_add
[    1.577424] device: 'ptyr5': device_add
[    1.578043] device: 'ptyr6': device_add
[    1.578688] device: 'ptyr7': device_add
[    1.579329] device: 'ptyr8': device_add
[    1.579986] device: 'ptyr9': device_add
[    1.580709] device: 'ptyra': device_add
[    1.581375] device: 'ptyrb': device_add
[    1.581987] device: 'ptyrc': device_add
[    1.582629] device: 'ptyrd': device_add
[    1.583297] device: 'ptyre': device_add
[    1.583903] device: 'ptyrf': device_add
[    1.584666] device: 'ptys0': device_add
[    1.585337] device: 'ptys1': device_add
[    1.585954] device: 'ptys2': device_add
[    1.586601] device: 'ptys3': device_add
[    1.587249] device: 'ptys4': device_add
[    1.587869] device: 'ptys5': device_add
[    1.588642] device: 'ptys6': device_add
[    1.589288] device: 'ptys7': device_add
[    1.589912] device: 'ptys8': device_add
[    1.590549] device: 'ptys9': device_add
[    1.591203] device: 'ptysa': device_add
[    1.591832] device: 'ptysb': device_add
[    1.592609] device: 'ptysc': device_add
[    1.593267] device: 'ptysd': device_add
[    1.593884] device: 'ptyse': device_add
[    1.594530] device: 'ptysf': device_add
[    1.595169] device: 'ptyt0': device_add
[    1.595786] device: 'ptyt1': device_add
[    1.596555] device: 'ptyt2': device_add
[    1.597199] device: 'ptyt3': device_add
[    1.597827] device: 'ptyt4': device_add
[    1.598469] device: 'ptyt5': device_add
[    1.599092] device: 'ptyt6': device_add
[    1.599834] device: 'ptyt7': device_add
[    1.600605] device: 'ptyt8': device_add
[    1.601272] device: 'ptyt9': device_add
[    1.601880] device: 'ptyta': device_add
[    1.602543] device: 'ptytb': device_add
[    1.603203] device: 'ptytc': device_add
[    1.603815] device: 'ptytd': device_add
[    1.604575] device: 'ptyte': device_add
[    1.605229] device: 'ptytf': device_add
[    1.605845] device: 'ptyu0': device_add
[    1.606494] device: 'ptyu1': device_add
[    1.607111] device: 'ptyu2': device_add
[    1.607753] device: 'ptyu3': device_add
[    1.608506] device: 'ptyu4': device_add
[    1.609165] device: 'ptyu5': device_add
[    1.609782] device: 'ptyu6': device_add
[    1.610869] device: 'ptyu7': device_add
[    1.611516] device: 'ptyu8': device_add
[    1.612269] device: 'ptyu9': device_add
[    1.612904] device: 'ptyua': device_add
[    1.613580] device: 'ptyub': device_add
[    1.614239] device: 'ptyuc': device_add
[    1.614890] device: 'ptyud': device_add
[    1.615535] device: 'ptyue': device_add
[    1.616303] device: 'ptyuf': device_add
[    1.616938] device: 'ptyv0': device_add
[    1.617568] device: 'ptyv1': device_add
[    1.618223] device: 'ptyv2': device_add
[    1.618828] device: 'ptyv3': device_add
[    1.619482] device: 'ptyv4': device_add
[    1.620204] device: 'ptyv5': device_add
[    1.620871] device: 'ptyv6': device_add
[    1.621526] device: 'ptyv7': device_add
[    1.622162] device: 'ptyv8': device_add
[    1.622785] device: 'ptyv9': device_add
[    1.623441] device: 'ptyva': device_add
[    1.624166] device: 'ptyvb': device_add
[    1.624859] device: 'ptyvc': device_add
[    1.625511] device: 'ptyvd': device_add
[    1.626188] device: 'ptyve': device_add
[    1.626840] device: 'ptyvf': device_add
[    1.627481] device: 'ptyw0': device_add
[    1.628197] device: 'ptyw1': device_add
[    1.628859] device: 'ptyw2': device_add
[    1.629581] device: 'ptyw3': device_add
[    1.630232] device: 'ptyw4': device_add
[    1.630852] device: 'ptyw5': device_add
[    1.631515] device: 'ptyw6': device_add
[    1.632266] device: 'ptyw7': device_add
[    1.632897] device: 'ptyw8': device_add
[    1.633554] device: 'ptyw9': device_add
[    1.634192] device: 'ptywa': device_add
[    1.634826] device: 'ptywb': device_add
[    1.635474] device: 'ptywc': device_add
[    1.636210] device: 'ptywd': device_add
[    1.636912] device: 'ptywe': device_add
[    1.637540] device: 'ptywf': device_add
[    1.638193] device: 'ptyx0': device_add
[    1.638799] device: 'ptyx1': device_add
[    1.639453] device: 'ptyx2': device_add
[    1.640169] device: 'ptyx3': device_add
[    1.640845] device: 'ptyx4': device_add
[    1.641498] device: 'ptyx5': device_add
[    1.642119] device: 'ptyx6': device_add
[    1.642785] device: 'ptyx7': device_add
[    1.643453] device: 'ptyx8': device_add
[    1.644124] device: 'ptyx9': device_add
[    1.644844] device: 'ptyxa': device_add
[    1.645522] device: 'ptyxb': device_add
[    1.646181] device: 'ptyxc': device_add
[    1.646808] device: 'ptyxd': device_add
[    1.647454] device: 'ptyxe': device_add
[    1.648161] device: 'ptyxf': device_add
[    1.648844] device: 'ptyy0': device_add
[    1.649501] device: 'ptyy1': device_add
[    1.650121] device: 'ptyy2': device_add
[    1.650782] device: 'ptyy3': device_add
[    1.651460] device: 'ptyy4': device_add
[    1.652182] device: 'ptyy5': device_add
[    1.652847] device: 'ptyy6': device_add
[    1.653507] device: 'ptyy7': device_add
[    1.654122] device: 'ptyy8': device_add
[    1.654775] device: 'ptyy9': device_add
[    1.655424] device: 'ptyya': device_add
[    1.656113] device: 'ptyyb': device_add
[    1.656815] device: 'ptyyc': device_add
[    1.657451] device: 'ptyyd': device_add
[    1.658084] device: 'ptyye': device_add
[    1.658753] device: 'ptyyf': device_add
[    1.659462] device: 'ptyz0': device_add
[    1.660206] device: 'ptyz1': device_add
[    1.660850] device: 'ptyz2': device_add
[    1.661504] device: 'ptyz3': device_add
[    1.662110] device: 'ptyz4': device_add
[    1.662771] device: 'ptyz5': device_add
[    1.663435] device: 'ptyz6': device_add
[    1.664107] device: 'ptyz7': device_add
[    1.664832] device: 'ptyz8': device_add
[    1.665482] device: 'ptyz9': device_add
[    1.666097] device: 'ptyza': device_add
[    1.666780] device: 'ptyzb': device_add
[    1.667431] device: 'ptyzc': device_add
[    1.668107] device: 'ptyzd': device_add
[    1.668803] device: 'ptyze': device_add
[    1.669465] device: 'ptyzf': device_add
[    1.670080] device: 'ptya0': device_add
[    1.670723] device: 'ptya1': device_add
[    1.671371] device: 'ptya2': device_add
[    1.672018] device: 'ptya3': device_add
[    1.672759] device: 'ptya4': device_add
[    1.673420] device: 'ptya5': device_add
[    1.674044] device: 'ptya6': device_add
[    1.674707] device: 'ptya7': device_add
[    1.675367] device: 'ptya8': device_add
[    1.676046] device: 'ptya9': device_add
[    1.676780] device: 'ptyaa': device_add
[    1.677436] device: 'ptyab': device_add
[    1.678053] device: 'ptyac': device_add
[    1.678703] device: 'ptyad': device_add
[    1.679381] device: 'ptyae': device_add
[    1.680063] device: 'ptyaf': device_add
[    1.680786] device: 'ptyb0': device_add
[    1.681441] device: 'ptyb1': device_add
[    1.682049] device: 'ptyb2': device_add
[    1.682693] device: 'ptyb3': device_add
[    1.683349] device: 'ptyb4': device_add
[    1.684018] device: 'ptyb5': device_add
[    1.684772] device: 'ptyb6': device_add
[    1.685431] device: 'ptyb7': device_add
[    1.686051] device: 'ptyb8': device_add
[    1.686703] device: 'ptyb9': device_add
[    1.687342] device: 'ptyba': device_add
[    1.688013] device: 'ptybb': device_add
[    1.688742] device: 'ptybc': device_add
[    1.689439] device: 'ptybd': device_add
[    1.690092] device: 'ptybe': device_add
[    1.690727] device: 'ptybf': device_add
[    1.691378] device: 'ptyc0': device_add
[    1.692025] device: 'ptyc1': device_add
[    1.692757] device: 'ptyc2': device_add
[    1.693402] device: 'ptyc3': device_add
[    1.694006] device: 'ptyc4': device_add
[    1.694642] device: 'ptyc5': device_add
[    1.695294] device: 'ptyc6': device_add
[    1.695938] device: 'ptyc7': device_add
[    1.696724] device: 'ptyc8': device_add
[    1.697366] device: 'ptyc9': device_add
[    1.697990] device: 'ptyca': device_add
[    1.698642] device: 'ptycb': device_add
[    1.699299] device: 'ptycc': device_add
[    1.699919] device: 'ptycd': device_add
[    1.700663] device: 'ptyce': device_add
[    1.701315] device: 'ptycf': device_add
[    1.701925] device: 'ptyd0': device_add
[    1.702562] device: 'ptyd1': device_add
[    1.703216] device: 'ptyd2': device_add
[    1.703820] device: 'ptyd3': device_add
[    1.704583] device: 'ptyd4': device_add
[    1.705227] device: 'ptyd5': device_add
[    1.705855] device: 'ptyd6': device_add
[    1.706500] device: 'ptyd7': device_add
[    1.707118] device: 'ptyd8': device_add
[    1.707760] device: 'ptyd9': device_add
[    1.708521] device: 'ptyda': device_add
[    1.709200] device: 'ptydb': device_add
[    1.709818] device: 'ptydc': device_add
[    1.710461] device: 'ptydd': device_add
[    1.711077] device: 'ptyde': device_add
[    1.711713] device: 'ptydf': device_add
[    1.712482] device: 'ptye0': device_add
[    1.713105] device: 'ptye1': device_add
[    1.713738] device: 'ptye2': device_add
[    1.714386] device: 'ptye3': device_add
[    1.714996] device: 'ptye4': device_add
[    1.715641] device: 'ptye5': device_add
[    1.716412] device: 'ptye6': device_add
[    1.717023] device: 'ptye7': device_add
[    1.717661] device: 'ptye8': device_add
[    1.718294] device: 'ptye9': device_add
[    1.718915] device: 'ptyea': device_add
[    1.719658] device: 'ptyeb': device_add
[    1.720416] device: 'ptyec': device_add
[    1.721043] device: 'ptyed': device_add
[    1.721681] device: 'ptyee': device_add
[    1.722324] device: 'ptyef': device_add
[    1.722954] device: 'ttyp0': device_add
[    1.723599] device: 'ttyp1': device_add
[    1.724354] device: 'ttyp2': device_add
[    1.724978] device: 'ttyp3': device_add
[    1.725635] device: 'ttyp4': device_add
[    1.726283] device: 'ttyp5': device_add
[    1.726910] device: 'ttyp6': device_add
[    1.727561] device: 'ttyp7': device_add
[    1.728341] device: 'ttyp8': device_add
[    1.728987] device: 'ttyp9': device_add
[    1.729636] device: 'ttypa': device_add
[    1.730293] device: 'ttypb': device_add
[    1.730918] device: 'ttypc': device_add
[    1.731556] device: 'ttypd': device_add
[    1.732314] device: 'ttype': device_add
[    1.732941] device: 'ttypf': device_add
[    1.733574] device: 'ttyq0': device_add
[    1.734230] device: 'ttyq1': device_add
[    1.734843] device: 'ttyq2': device_add
[    1.735495] device: 'ttyq3': device_add
[    1.736264] device: 'ttyq4': device_add
[    1.736884] device: 'ttyq5': device_add
[    1.737532] device: 'ttyq6': device_add
[    1.738171] device: 'ttyq7': device_add
[    1.738787] device: 'ttyq8': device_add
[    1.739438] device: 'ttyq9': device_add
[    1.740107] device: 'ttyqa': device_add
[    1.740854] device: 'ttyqb': device_add
[    1.741515] device: 'ttyqc': device_add
[    1.742173] device: 'ttyqd': device_add
[    1.742791] device: 'ttyqe': device_add
[    1.743435] device: 'ttyqf': device_add
[    1.744118] device: 'ttyr0': device_add
[    1.744832] device: 'ttyr1': device_add
[    1.745494] device: 'ttyr2': device_add
[    1.746113] device: 'ttyr3': device_add
[    1.746772] device: 'ttyr4': device_add
[    1.747434] device: 'ttyr5': device_add
[    1.748120] device: 'ttyr6': device_add
[    1.748825] device: 'ttyr7': device_add
[    1.749556] device: 'ttyr8': device_add
[    1.750213] device: 'ttyr9': device_add
[    1.750851] device: 'ttyra': device_add
[    1.751517] device: 'ttyrb': device_add
[    1.752279] device: 'ttyrc': device_add
[    1.752924] device: 'ttyrd': device_add
[    1.753578] device: 'ttyre': device_add
[    1.754234] device: 'ttyrf': device_add
[    1.754847] device: 'ttys0': device_add
[    1.755495] device: 'ttys1': device_add
[    1.756280] device: 'ttys2': device_add
[    1.756924] device: 'ttys3': device_add
[    1.757566] device: 'ttys4': device_add
[    1.758198] device: 'ttys5': device_add
[    1.758825] device: 'ttys6': device_add
[    1.759474] device: 'ttys7': device_add
[    1.760178] device: 'ttys8': device_add
[    1.760863] device: 'ttys9': device_add
[    1.761499] device: 'ttysa': device_add
[    1.762187] device: 'ttysb': device_add
[    1.762825] device: 'ttysc': device_add
[    1.763471] device: 'ttysd': device_add
[    1.764204] device: 'ttyse': device_add
[    1.764881] device: 'ttysf': device_add
[    1.765546] device: 'ttyt0': device_add
[    1.766213] device: 'ttyt1': device_add
[    1.766829] device: 'ttyt2': device_add
[    1.767476] device: 'ttyt3': device_add
[    1.768193] device: 'ttyt4': device_add
[    1.768894] device: 'ttyt5': device_add
[    1.769553] device: 'ttyt6': device_add
[    1.770205] device: 'ttyt7': device_add
[    1.770844] device: 'ttyt8': device_add
[    1.771505] device: 'ttyt9': device_add
[    1.772254] device: 'ttyta': device_add
[    1.772884] device: 'ttytb': device_add
[    1.773520] device: 'ttytc': device_add
[    1.774169] device: 'ttytd': device_add
[    1.774775] device: 'ttyte': device_add
[    1.775421] device: 'ttytf': device_add
[    1.776163] device: 'ttyu0': device_add
[    1.776840] device: 'ttyu1': device_add
[    1.777496] device: 'ttyu2': device_add
[    1.778095] device: 'ttyu3': device_add
[    1.778739] device: 'ttyu4': device_add
[    1.779436] device: 'ttyu5': device_add
[    1.780179] device: 'ttyu6': device_add
[    1.780837] device: 'ttyu7': device_add
[    1.781494] device: 'ttyu8': device_add
[    1.782159] device: 'ttyu9': device_add
[    1.782797] device: 'ttyua': device_add
[    1.783465] device: 'ttyub': device_add
[    1.784172] device: 'ttyuc': device_add
[    1.784843] device: 'ttyud': device_add
[    1.785488] device: 'ttyue': device_add
[    1.786102] device: 'ttyuf': device_add
[    1.786750] device: 'ttyv0': device_add
[    1.787394] device: 'ttyv1': device_add
[    1.788028] device: 'ttyv2': device_add
[    1.788760] device: 'ttyv3': device_add
[    1.789415] device: 'ttyv4': device_add
[    1.790022] device: 'ttyv5': device_add
[    1.790675] device: 'ttyv6': device_add
[    1.791319] device: 'ttyv7': device_add
[    1.791937] device: 'ttyv8': device_add
[    1.792695] device: 'ttyv9': device_add
[    1.793355] device: 'ttyva': device_add
[    1.794007] device: 'ttyvb': device_add
[    1.794653] device: 'ttyvc': device_add
[    1.795306] device: 'ttyvd': device_add
[    1.795922] device: 'ttyve': device_add
[    1.796693] device: 'ttyvf': device_add
[    1.797345] device: 'ttyw0': device_add
[    1.797965] device: 'ttyw1': device_add
[    1.798628] device: 'ttyw2': device_add
[    1.799293] device: 'ttyw3': device_add
[    1.799907] device: 'ttyw4': device_add
[    1.800681] device: 'ttyw5': device_add
[    1.801340] device: 'ttyw6': device_add
[    1.801970] device: 'ttyw7': device_add
[    1.802628] device: 'ttyw8': device_add
[    1.803276] device: 'ttyw9': device_add
[    1.803896] device: 'ttywa': device_add
[    1.804681] device: 'ttywb': device_add
[    1.805332] device: 'ttywc': device_add
[    1.805946] device: 'ttywd': device_add
[    1.806586] device: 'ttywe': device_add
[    1.807237] device: 'ttywf': device_add
[    1.807847] device: 'ttyx0': device_add
[    1.808618] device: 'ttyx1': device_add
[    1.809336] device: 'ttyx2': device_add
[    1.810002] device: 'ttyx3': device_add
[    1.810650] device: 'ttyx4': device_add
[    1.811319] device: 'ttyx5': device_add
[    1.812004] device: 'ttyx6': device_add
[    1.812724] device: 'ttyx7': device_add
[    1.813394] device: 'ttyx8': device_add
[    1.814030] device: 'ttyx9': device_add
[    1.814673] device: 'ttyxa': device_add
[    1.815339] device: 'ttyxb': device_add
[    1.815996] device: 'ttyxc': device_add
[    1.816744] device: 'ttyxd': device_add
[    1.817420] device: 'ttyxe': device_add
[    1.818036] device: 'ttyxf': device_add
[    1.818698] device: 'ttyy0': device_add
[    1.819359] device: 'ttyy1': device_add
[    1.820006] device: 'ttyy2': device_add
[    1.820743] device: 'ttyy3': device_add
[    1.821388] device: 'ttyy4': device_add
[    1.822005] device: 'ttyy5': device_add
[    1.822674] device: 'ttyy6': device_add
[    1.823328] device: 'ttyy7': device_add
[    1.823987] device: 'ttyy8': device_add
[    1.824725] device: 'ttyy9': device_add
[    1.825395] device: 'ttyya': device_add
[    1.826021] device: 'ttyyb': device_add
[    1.826671] device: 'ttyyc': device_add
[    1.827344] device: 'ttyyd': device_add
[    1.828014] device: 'ttyye': device_add
[    1.828747] device: 'ttyyf': device_add
[    1.829396] device: 'ttyz0': device_add
[    1.830004] device: 'ttyz1': device_add
[    1.830652] device: 'ttyz2': device_add
[    1.831300] device: 'ttyz3': device_add
[    1.831921] device: 'ttyz4': device_add
[    1.832694] device: 'ttyz5': device_add
[    1.833349] device: 'ttyz6': device_add
[    1.833975] device: 'ttyz7': device_add
[    1.834619] device: 'ttyz8': device_add
[    1.835305] device: 'ttyz9': device_add
[    1.835982] device: 'ttyza': device_add
[    1.836735] device: 'ttyzb': device_add
[    1.837382] device: 'ttyzc': device_add
[    1.837988] device: 'ttyzd': device_add
[    1.838642] device: 'ttyze': device_add
[    1.839339] device: 'ttyzf': device_add
[    1.840025] device: 'ttya0': device_add
[    1.840772] device: 'ttya1': device_add
[    1.841429] device: 'ttya2': device_add
[    1.842044] device: 'ttya3': device_add
[    1.842690] device: 'ttya4': device_add
[    1.843351] device: 'ttya5': device_add
[    1.844013] device: 'ttya6': device_add
[    1.844716] device: 'ttya7': device_add
[    1.845372] device: 'ttya8': device_add
[    1.845990] device: 'ttya9': device_add
[    1.846625] device: 'ttyaa': device_add
[    1.847302] device: 'ttyab': device_add
[    1.847904] device: 'ttyac': device_add
[    1.848687] device: 'ttyad': device_add
[    1.849346] device: 'ttyae': device_add
[    1.849970] device: 'ttyaf': device_add
[    1.850617] device: 'ttyb0': device_add
[    1.851262] device: 'ttyb1': device_add
[    1.851878] device: 'ttyb2': device_add
[    1.852656] device: 'ttyb3': device_add
[    1.853309] device: 'ttyb4': device_add
[    1.853929] device: 'ttyb5': device_add
[    1.854574] device: 'ttyb6': device_add
[    1.855242] device: 'ttyb7': device_add
[    1.855867] device: 'ttyb8': device_add
[    1.856621] device: 'ttyb9': device_add
[    1.857269] device: 'ttyba': device_add
[    1.857883] device: 'ttybb': device_add
[    1.858536] device: 'ttybc': device_add
[    1.859184] device: 'ttybd': device_add
[    1.859793] device: 'ttybe': device_add
[    1.860556] device: 'ttybf': device_add
[    1.861204] device: 'ttyc0': device_add
[    1.861835] device: 'ttyc1': device_add
[    1.862501] device: 'ttyc2': device_add
[    1.863156] device: 'ttyc3': device_add
[    1.863777] device: 'ttyc4': device_add
[    1.864539] device: 'ttyc5': device_add
[    1.865204] device: 'ttyc6': device_add
[    1.865813] device: 'ttyc7': device_add
[    1.866449] device: 'ttyc8': device_add
[    1.867098] device: 'ttyc9': device_add
[    1.867750] device: 'ttyca': device_add
[    1.868527] device: 'ttycb': device_add
[    1.869182] device: 'ttycc': device_add
[    1.869866] device: 'ttycd': device_add
[    1.870519] device: 'ttyce': device_add
[    1.871153] device: 'ttycf': device_add
[    1.871770] device: 'ttyd0': device_add
[    1.872534] device: 'ttyd1': device_add
[    1.873187] device: 'ttyd2': device_add
[    1.873808] device: 'ttyd3': device_add
[    1.874449] device: 'ttyd4': device_add
[    1.875071] device: 'ttyd5': device_add
[    1.875723] device: 'ttyd6': device_add
[    1.876467] device: 'ttyd7': device_add
[    1.877109] device: 'ttyd8': device_add
[    1.877750] device: 'ttyd9': device_add
[    1.878399] device: 'ttyda': device_add
[    1.879025] device: 'ttydb': device_add
[    1.879662] device: 'ttydc': device_add
[    1.880426] device: 'ttydd': device_add
[    1.881053] device: 'ttyde': device_add
[    1.881712] device: 'ttydf': device_add
[    1.882364] device: 'ttye0': device_add
[    1.882970] device: 'ttye1': device_add
[    1.883622] device: 'ttye2': device_add
[    1.884374] device: 'ttye3': device_add
[    1.885018] device: 'ttye4': device_add
[    1.885673] device: 'ttye5': device_add
[    1.886322] device: 'ttye6': device_add
[    1.886946] device: 'ttye7': device_add
[    1.887586] device: 'ttye8': device_add
[    1.888346] device: 'ttye9': device_add
[    1.888973] device: 'ttyea': device_add
[    1.889646] device: 'ttyeb': device_add
[    1.890306] device: 'ttyec': device_add
[    1.890916] device: 'ttyed': device_add
[    1.891564] device: 'ttyee': device_add
[    1.892328] device: 'ttyef': device_add
[    1.892979] r3964: Philips r3964 Driver $Revision: 1.10 $
[    1.893819] Serial: 8250/16550 driver, 4 ports, IRQ sharing disabled
[    1.894824] Registering platform device 'serial8250'. Parent at platform
[    1.895846] device: 'serial8250': device_add
[    1.896632] bus: 'platform': add device serial8250
[    1.921188] serial8250: ttyS0 at I/O 0x3f8 (irq = 4) is a 16550A
[    1.922102] device: 'ttyS0': device_add
[    1.922857] device: 'ttyS1': device_add
[    1.923581] device: 'ttyS2': device_add
[    1.925069] device: 'ttyS3': device_add
[    1.925738] bus: 'platform': add driver serial8250
[    1.926487] bus: 'platform': driver_probe_device: matched device serial8250 with driver serial8250
[    1.927819] bus: 'platform': really_probe: probing driver serial8250 with device serial8250
[    1.930006] driver: 'serial8250': driver_bound: bound to device 'serial8250'
[    1.931059] bus: 'platform': really_probe: bound device serial8250 to driver serial8250
[    1.933258] bus: 'pnp': add driver serial
[    1.933900] bus: 'pnp': driver_probe_device: matched device 00:06 with driver serial
[    1.935057] bus: 'pnp': really_probe: probing driver serial with device 00:06
[    1.936818] device: 'ttyS0': device_unregister
[    1.937678] device: 'ttyS0': device_create_release
[    1.962113] 00:06: ttyS0 at I/O 0x3f8 (irq = 4) is a 16550A
[    1.962976] device: 'ttyS0': device_add
[    1.963662] driver: '00:06': driver_bound: bound to device 'serial'
[    1.965058] bus: 'pnp': really_probe: bound device 00:06 to driver serial
[    1.966098] bus: 'pci': add driver serial
[    1.966808] bus: 'platform': add driver altera_uart
[    1.967574] bus: 'platform': add driver timb-uart
[    1.969158] device: 'ttyprintk': device_add
[    1.969859] device class 'raw': registering
[    1.970521] device: 'rawctl': device_add
[    1.971198] device: 'rtc': device_add
[    1.971811] Real Time Clock Driver v1.12b
[    1.972631] bus: 'platform': add driver timeriomem_rng
[    1.973719] telclk_interrupt = 0xf non-mcpbl0010 hw.
[    1.974521] smapi::smapi_init, ERROR invalid usSmapiID
[    1.975309] mwave: tp3780i::tp3780I_InitializeBoardData: Error: SMAPI is not available on this machine
[    1.977695] mwave: mwavedd::mwave_init: Error: Failed to initialize board data
[    1.978777] mwave: mwavedd::mwave_init: Error: Failed to initialize
[    1.979720] bus: 'pnp': add driver tpm_tis
[    1.980558] device class 'drm': registering
[    1.981242] [drm] Initialized drm 1.1.0 20060810
[    1.981944] bus: 'usb': add driver udl
[    1.982539] usbcore: registered new interface driver udl
[    1.983354] bus: 'i2c': add driver ch7006
[    1.983997] i2c-core: driver [ch7006] using legacy suspend method
[    1.985397] i2c-core: driver [ch7006] using legacy resume method
[    1.986305] bus: 'i2c': add driver sil164
[    1.987416] device: '1:0': device_add
[    1.988071] device: 'ram0': device_add
[    1.989102] device: '1:1': device_add
[    1.989816] device: 'ram1': device_add
[    1.990537] device: '1:2': device_add
[    1.991207] device: 'ram2': device_add
[    1.991889] device: '1:3': device_add
[    1.993225] device: 'ram3': device_add
[    1.993903] device: '1:4': device_add
[    1.994533] device: 'ram4': device_add
[    1.995242] device: '1:5': device_add
[    1.995855] device: 'ram5': device_add
[    1.997256] device: '1:6': device_add
[    1.997862] device: 'ram6': device_add
[    1.998568] device: '1:7': device_add
[    1.999206] device: 'ram7': device_add
[    1.999883] device: '1:8': device_add
[    2.002199] device: 'ram8': device_add
[    2.002900] device: '1:9': device_add
[    2.003547] device: 'ram9': device_add
[    2.004619] device: '1:10': device_add
[    2.005294] device: 'ram10': device_add
[    2.005982] device: '1:11': device_add
[    2.006636] device: 'ram11': device_add
[    2.007344] device: '1:12': device_add
[    2.008007] device: 'ram12': device_add
[    2.009038] device: '1:13': device_add
[    2.009693] device: 'ram13': device_add
[    2.010445] device: '1:14': device_add
[    2.011065] device: 'ram14': device_add
[    2.011792] device: '1:15': device_add
[    2.013275] device: 'ram15': device_add
[    2.013980] brd: module loaded
[    2.014471] bus: 'i2c': add driver bmp085
[    2.015079] bus: 'i2c': add driver bh1780
[    2.015718] bus: 'i2c': add driver bh1770glc
[    2.017321] bus: 'i2c': add driver apds990x
[    2.017945] device class 'enclosure': registering
[    2.018704] kgdb: Registered I/O driver kgdbts.
[    2.019674] kgdbts:RUN hw breakpoint test
[    2.029080] kgdbts:RUN hw write breakpoint test
[    2.030757] kgdbts:RUN access write breakpoint test
[    2.032616] kgdbts:Using HW breakpoints for SW breakpoint tests
[    2.033544] kgdbts:RUN plant and detach test
[    2.035934] kgdbts:RUN sw breakpoint test
[    2.037537] kgdbts:RUN bad memory access test
[    2.038981] kgdbts:RUN singlestep test 1000 iterations
[    2.041061] kgdbts:RUN singlestep [0/1000]
[    2.069629] kgdbts:RUN singlestep [100/1000]
[    2.096169] kgdbts:RUN singlestep [200/1000]
[    2.120486] kgdbts:RUN singlestep [300/1000]
[    2.153820] kgdbts:RUN singlestep [400/1000]
[    2.193586] kgdbts:RUN singlestep [500/1000]
[    2.233985] kgdbts:RUN singlestep [600/1000]
[    2.275011] kgdbts:RUN singlestep [700/1000]
[    2.315610] kgdbts:RUN singlestep [800/1000]
[    2.357465] kgdbts:RUN singlestep [900/1000]
[    2.397970] kgdbts:RUN do_fork for 100 breakpoints
[    2.399933] bus: 'i2c': add driver apds9802als
[    2.400825] i2c-core: driver [apds9802als] using legacy suspend method
[    2.402082] i2c-core: driver [apds9802als] using legacy resume method
[    2.403265] bus: 'i2c': add driver tsl2550
[    2.405005] i2c-core: driver [tsl2550] using legacy suspend method
[    2.406189] i2c-core: driver [tsl2550] using legacy resume method
[    2.407261] bus: 'i2c': add driver hmc6352
[    2.407928] bus: 'i2c': add driver eeprom
[    2.409673] bus: 'platform': add driver twl4030_madc
[    2.410493] bus: 'platform': add driver twl4030-audio
[    2.411429] Uniform Multi-Platform E-IDE driver
[    2.412817] bus: 'ide': registered
[    2.413492] device class 'ide_port': registering
[    2.414433] ide_generic: please use "probe_mask=0x3f" module parameter for probing all legacy ISA IDE ports
[    2.416902] ide-gd driver 1.18
[    2.417500] bus: 'ide': add driver ide-gd
[    2.418160] ide-cd driver 5.00
[    2.418750] bus: 'ide': add driver ide-cdrom
[    2.419566] bus: 'platform': add driver pata_platform
[    2.420761] device: 'tgt': device_add
[    2.421539] device class 'sas_host': registering
[    2.422399] device class 'sas_phy': registering
[    2.423248] device class 'sas_port': registering
[    2.424115] device class 'sas_device': registering
[    2.425993] device class 'sas_end_device': registering
[    2.426890] device class 'sas_expander': registering
[    2.427776] hp_sw: device handler registered
[    2.429225] device class 'scsi_disk': registering
[    2.430001] bus: 'scsi': add driver sd
[    2.430649] device class 'scsi_generic': registering
[    2.431661] SCSI Media Changer driver v0.25 
[    2.433852] device class 'scsi_changer': registering
[    2.434702] bus: 'scsi': add driver ch
[    2.435451] bus: 'scsi': add driver ses
[    2.436812] bus: 'platform': add driver ahci
[    2.437628] bus: 'platform': remove driver ahci
[    2.438371] driver: 'ahci': driver_release
[    2.449766] Rounding down aligned max_sectors from 4294967295 to 8388600
[    2.456311] device class 'mtd': registering
[    2.457014] device: 'mtd-unmap': device_add
[    2.457876] device: 'mtd-romap': device_add
[    2.459799] device: 'mtd-rwmap': device_add
[    2.464073] mtdoops: mtd device (mtddev=name/number) must be supplied
[    2.465618] L440GX flash mapping: failed to find PIIX4 ISA bridge, cannot continue
[    2.468763] Failed to ioremap_nocache
[    2.470029] Generic platform RAM MTD, (c) 2004 Simtec Electronics
[    2.472560] bus: 'platform': add driver mtd-ram
[    2.511002] No recognised DiskOnChip devices found
[    2.543818] No valid DiskOnChip devices found
[    2.544689] bus: 'platform': add driver gen_nand
[    2.545572] bus: 'platform': add driver onenand-flash
[    2.546462] device class 'ubi': registering
[    2.547291] device: 'ubi_ctrl': device_add
[    2.548089] bus: 'hsi': add driver hsi_char
[    2.549111] HSI/SSI char device loaded
[    2.549778] bus: 'pnp': add driver i8042 kbd
[    2.550489] bus: 'pnp': driver_probe_device: matched device 00:02 with driver i8042 kbd
[    2.551877] bus: 'pnp': really_probe: probing driver i8042 kbd with device 00:02
[    2.556294] driver: '00:02': driver_bound: bound to device 'i8042 kbd'
[    2.557474] bus: 'pnp': really_probe: bound device 00:02 to driver i8042 kbd
[    2.558674] bus: 'pnp': add driver i8042 aux
[    2.560331] bus: 'pnp': driver_probe_device: matched device 00:03 with driver i8042 aux
[    2.563279] bus: 'pnp': really_probe: probing driver i8042 aux with device 00:03
[    2.565771] driver: '00:03': driver_bound: bound to device 'i8042 aux'
[    2.568547] bus: 'pnp': really_probe: bound device 00:03 to driver i8042 aux
[    2.571366] i8042: PNP: PS/2 Controller [PNP0303:KBD,PNP0f13:MOU] at 0x60,0x64 irq 1,12
[    2.576322] Registering platform device 'i8042'. Parent at platform
[    2.577417] device: 'i8042': device_add
[    2.578039] bus: 'platform': add device i8042
[    2.579904] bus: 'platform': add driver i8042
[    2.580738] bus: 'platform': driver_probe_device: matched device i8042 with driver i8042
[    2.585592] bus: 'platform': really_probe: probing driver i8042 with device i8042
[    2.593353] serio: i8042 KBD port at 0x60,0x64 irq 1
[    2.594322] serio: i8042 AUX port at 0x60,0x64 irq 12
[    2.595248] driver: 'i8042': driver_bound: bound to device 'i8042'
[    2.596528] device: 'serio0': device_add
[    2.597354] bus: 'serio': add device serio0
[    2.598097] device: 'serio1': device_add
[    2.600619] bus: 'platform': really_probe: bound device i8042 to driver i8042
[    2.601925] evbug: Connected device: input0 (Power Button at LNXPWRBN/button/input0)
[    2.605542] bus: 'serio': add driver atkbd
[    2.606287] bus: 'i2c': add driver as5011
[    2.608377] bus: 'serio': add device serio1
[    2.609716] bus: 'serio': driver_probe_device: matched device serio1 with driver atkbd
[    2.610994] bus: 'serio': really_probe: probing driver atkbd with device serio1
[    2.613692] atkbd: probe of serio1 rejects match -19
[    2.614620] bus: 'serio': driver_probe_device: matched device serio0 with driver atkbd
[    2.616072] bus: 'serio': really_probe: probing driver atkbd with device serio0
[    2.617436] bus: 'gameport': add driver analog
[    2.618205] bus: 'gameport': add driver grip_mp
[    2.623988] device: 'input1': device_add
[    2.624885] input: AT Translated Set 2 keyboard as /devices/platform/i8042/serio0/input/input1
[    2.626500] evbug: Connected device: input1 (AT Translated Set 2 keyboard at isa0060/serio0/input0)
[    2.628922] driver: 'serio0': driver_bound: bound to device 'atkbd'
[    2.633379] bus: 'serio': add driver magellan
[    2.634210] bus: 'serio': add driver zhenhua
[    2.634950] bus: 'i2c': add driver ad7879
[    2.639666] bus: 'serio': really_probe: bound device serio0 to driver atkbd
[    2.640897] bus: 'serio': driver_probe_device: matched device serio1 with driver atkbd
[    2.642437] bus: 'serio': really_probe: probing driver atkbd with device serio1
[    2.644836] atkbd: probe of serio1 rejects match -19
[    2.648046] bus: 'i2c': add driver atmel_mxt_ts
[    2.648962] bus: 'i2c': add driver bu21013_tp
[    2.649884] bus: 'i2c': add driver cyttsp-i2c
[    2.650610] bus: 'platform': add driver da9034-touch
[    2.655421] bus: 'i2c': add driver edt_ft5x06
[    2.656302] bus: 'serio': add driver gunze
[    2.657113] bus: 'i2c': add driver eeti_ts
[    2.657991] bus: 'serio': add driver elo
[    2.664504] bus: 'i2c': add driver ili210x_i2c
[    2.665344] bus: 'serio': add driver inexio
[    2.666103] bus: 'i2c': add driver mcs5000_ts
[    2.666902] bus: 'i2c': add driver mms114
[    2.667620] bus: 'serio': add driver mtouch
[    2.668482] bus: 'serio': add driver serio-penmount
[    2.669787] bus: 'i2c': add driver st1232-ts
[    2.670506] bus: 'serio': add driver touchit213
[    2.677700] bus: 'serio': add driver touchwin
[    2.678546] bus: 'serio': add driver tsc40
[    2.679473] bus: 'platform': add driver 88pm860x-onkey
[    2.680485] bus: 'platform': add driver 88pm80x-onkey
[    2.681492] bus: 'i2c': add driver ad714x_captouch
[    2.684502] bus: 'i2c': add driver adxl34x
[    2.685344] apanel: Fujitsu BIOS signature 'FJKEYINF' not found...
[    2.689453] bus: 'i2c': add driver bma150
[    2.690119] bus: 'i2c': add driver cma3000_i2c_accl
[    2.690993] bus: 'i2c': add driver kxtj9
[    2.691701] bus: 'platform': add driver max8925-onkey
[    2.694093] bus: 'platform': add driver mc13783-pwrbutton
[    2.698508] bus: 'i2c': add driver pcf8574_keypad
[    2.699479] bus: 'platform': add driver twl4030_pwrbutton
[    2.700494] bus: 'platform': remove driver twl4030_pwrbutton
[    2.701580] driver: 'twl4030_pwrbutton': driver_release
[    2.706987] bus: 'platform': add driver twl4030-vibra
[    2.707882] device: 'uinput': device_add
[    2.708793] bus: 'i2c': add driver smbus_alert
[    2.709730] bus: 'platform': add driver ocores-i2c
[    2.710535] bus: 'platform': add driver i2c-pca-platform
[    2.712918] bus: 'platform': add driver xiic-i2c
[    2.716274] i2c-parport-light: adapter type unspecified
[    2.717263] bus: 'serio': add driver taos-evm
[    2.718023] bus: 'usb': add driver i2c-tiny-usb
[    2.722868] usbcore: registered new interface driver i2c-tiny-usb
[    2.724106] device: 'pps0': device_add
[    2.724881] pps pps0: new PPS source ktimer
[    2.725731] pps pps0: ktimer PPS source registered
[    2.726521] bus: 'platform': add driver pps-gpio
[    2.732694] Driver for 1-wire Dallas network protocol.
[    2.733704] bus: 'w1': registered
[    2.734367] bus: 'w1': add driver w1_master_driver
[    2.735240] bus: 'w1': add driver w1_slave_driver
[    2.736112] bus: 'i2c': add driver ds2482
[    2.736859] DS1WM w1 busmaster driver - (c) 2004 Szabolcs Gyurko
[    2.738188] bus: 'platform': add driver ds1wm
[    2.740776] bus: 'platform': add driver pda-power
[    2.741671] bus: 'platform': add driver max8925-power
[    2.742593] bus: 'platform': add driver ds2780-battery
[    2.743557] bus: 'i2c': add driver sbs-battery
[    2.744489] i2c-core: driver [sbs-battery] using legacy suspend method
[    2.745681] bus: 'platform': add driver bq27000-battery
[    2.746568] bus: 'platform': add driver da903x-battery
[    2.747552] bus: 'i2c': add driver max17040
[    2.748342] i2c-core: driver [max17040] using legacy suspend method
[    2.749559] i2c-core: driver [max17040] using legacy resume method
[    2.750547] bus: 'i2c': add driver smb347
[    2.751329] bus: 'i2c': add driver w83793
[    2.752019] bus: 'i2c': add driver w83781d
[    2.752840] bus: 'i2c': add driver w83791d
[    2.753646] bus: 'i2c': add driver ad7414
[    2.754490] bus: 'i2c': add driver adm1029
[    2.755280] bus: 'i2c': add driver adm9240
[    2.756327] bus: 'i2c': add driver ads1015
[    2.757184] bus: 'i2c': add driver atxp1
[    2.757899] bus: 'i2c': add driver dme1737
[    2.758767] bus: 'i2c': add driver ds620
[    2.759535] bus: 'i2c': add driver ds1621
[    2.760352] bus: 'i2c': add driver emc1403
[    2.761250] bus: 'i2c': add driver g760a
[    2.761964] bus: 'i2c': add driver gl520sm
[    2.762750] bus: 'i2c': add driver hih6130
[    2.763623] bus: 'i2c': add driver ina2xx
[    2.764539] bus: 'i2c': add driver jc42
[    2.765243] bus: 'i2c': add driver lineage_pem
[    2.766044] bus: 'i2c': add driver lm63
[    2.766704] bus: 'i2c': add driver lm73
[    2.767457] bus: 'i2c': add driver lm77
[    2.768120] bus: 'i2c': add driver lm78
[    2.769088] bus: 'i2c': add driver lm80
[    2.769857] bus: 'i2c': add driver lm85
[    2.770523] bus: 'i2c': add driver lm87
[    2.771262] bus: 'i2c': add driver lm90
[    2.771887] bus: 'i2c': add driver lm92
[    2.772715] bus: 'i2c': add driver lm93
[    2.773398] bus: 'i2c': add driver lm95241
[    2.774348] bus: 'i2c': add driver lm95245
[    2.775085] bus: 'i2c': add driver ltc4215
[    2.775861] bus: 'i2c': add driver max16065
[    2.776742] bus: 'i2c': add driver max1619
[    2.777510] bus: 'i2c': add driver max1668
[    2.778648] bus: 'i2c': add driver max6642
[    2.779577] bus: 'i2c': add driver max6650
[    2.780398] bus: 'i2c': add driver mcp3021
[    2.781186] pc87360: PC8736x not detected, module not inserted
[    2.782224] bus: 'i2c': add driver pcf8591
[    2.782981] bus: 'i2c': add driver sht21
[    2.783707] bus: 'i2c': add driver smm665
[    2.784610] bus: 'i2c': add driver amc6821
[    2.785429] bus: 'i2c': add driver tmp102
[    2.786120] bus: 'i2c': add driver tmp421
[    2.786855] bus: 'platform': add driver twl4030_madc_hwmon
[    2.787867] bus: 'i2c': add driver w83l785ts
[    2.788813] bus: 'i2c': add driver w83l786ng
[    2.789672] cpuidle: using governor ladder
[    2.790345] cpuidle: using governor menu
[    2.791382] bus: 'memstick': registered
[    2.792079] device class 'memstick_host': registering
[    2.793021] bus: 'platform': add driver 88pm860x-led
[    2.794104] bus: 'i2c': add driver lm3530-led
[    2.794891] bus: 'i2c': add driver leds-pca953x
[    2.795769] bus: 'i2c': add driver lp3944
[    2.796576] bus: 'i2c': add driver lp5521
[    2.797362] bus: 'i2c': add driver leds-tca6507
[    2.798108] bus: 'platform': add driver leds-ot200
[    2.799165] bus: 'i2c': add driver leds-pca955x
[    2.800029] bus: 'i2c': add driver leds-pca9633
[    2.800870] bus: 'platform': add driver mc13783-led
[    2.801809] bus: 'i2c': add driver leds-lm3556
[    2.802640] bus: 'i2c': add driver blinkm
[    2.803409] Registering platform device 'dell_rbu'. Parent at platform
[    2.804687] device: 'dell_rbu': device_add
[    2.805532] bus: 'platform': add device dell_rbu
[    2.806465] bus: 'hid': registered
[    2.807198] bus: 'hid': add driver hid-generic
[    2.807896] hdaps: supported laptop not found!
[    2.808884] hdaps: driver init failed (ret=-19)!
[    2.809789] device class 'extcon': registering
[    2.810530] bus: 'platform': add driver max77693-muic
[    2.811451] bus: 'i2c': add driver adjd_s311
[    2.812337] bus: 'i2c': add driver ad5380
[    2.812971] bus: 'i2c': add driver ad5064
[    2.813716] bus: 'i2c': add driver mcp4725
[    2.814746] 
[    2.814746] printing PIC contents
[    2.815701] ... PIC  IMR: ffff
[    2.816279] ... PIC  IRR: 1013
[    2.816840] ... PIC  ISR: 0000
[    2.817471] ... PIC ELCR: 0c00
[    2.817994] printing local APIC contents on CPU#0/0:
[    2.819044] ... APIC ID:      00000000 (0)
[    2.819783] ... APIC VERSION: 00050014
[    2.820172] ... APIC TASKPRI: 00000000 (00)
[    2.820172] ... APIC PROCPRI: 00000000
[    2.820172] ... APIC LDR: 01000000
[    2.820172] ... APIC DFR: ffffffff
[    2.820172] ... APIC SPIV: 000001ff
[    2.820172] ... APIC ISR field:
[    2.820172] 0000000000000000000000000000000000000000000000000000000000000000
[    2.820172] ... APIC TMR field:
[    2.820172] 0000000000000000000000000000000000000000000000000000000000000000
[    2.820172] ... APIC IRR field:
[    2.820172] 0000000000000000000000000000000000000000000000000000000000008000
[    2.820172] ... APIC ESR: 00000000
[    2.820172] ... APIC ICR: 000008fd
[    2.820172] ... APIC ICR2: 02000000
[    2.820172] ... APIC LVTT: 000000ef
[    2.820172] ... APIC LVTPC: 00010000
[    2.820172] ... APIC LVT0: 00010700
[    2.820172] ... APIC LVT1: 00000400
[    2.820172] ... APIC LVTERR: 000000fe
[    2.820172] ... APIC TMICT: 0003ca3f
[    2.820172] ... APIC TMCCT: 00000000
[    2.820172] ... APIC TDCR: 00000003
[    2.820172] 
[    2.839436] number of MP IRQ sources: 15.
[    2.840191] number of IO-APIC #2 registers: 24.
[    2.840962] testing the IO APIC.......................
[    2.841923] IO APIC #2......
[    2.842488] .... register #00: 00000000
[    2.843214] .......    : physical APIC id: 00
[    2.844011] .......    : Delivery Type: 0
[    2.844804] .......    : LTS          : 0
[    2.845571] .... register #01: 00170011
[    2.846236] .......     : max redirection entries: 17
[    2.847088] .......     : PRQ implemented: 0
[    2.847782] .......     : IO APIC version: 11
[    2.848644] .... register #02: 00000000
[    2.849429] .......     : arbitration: 00
[    2.850052] .... IRQ redirection table:
[    2.850684]  NR Dst Mask Trig IRR Pol Stat Dmod Deli Vect:
[    2.851655]  00 00  1    0    0   0   0    0    0    00
[    2.852744]  01 03  0    0    0   0   0    1    1    41
[    2.853864]  02 03  0    0    0   0   0    1    1    51
[    2.854840]  03 01  0    0    0   0   0    1    1    61
[    2.855810]  04 01  1    0    0   0   0    1    1    71
[    2.856786]  05 01  1    1    0   0   0    1    1    81
[    2.857741]  06 01  0    0    0   0   0    1    1    91
[    2.858663]  07 01  0    0    0   0   0    1    1    A1
[    2.859772]  08 01  0    0    0   0   0    1    1    B1
[    2.860798]  09 01  0    1    0   0   0    1    1    C1
[    2.861790]  0a 01  1    1    0   0   0    1    1    D1
[    2.862759]  0b 01  1    1    0   0   0    1    1    E1
[    2.863743]  0c 03  0    0    0   0   0    1    1    22
[    2.864819]  0d 01  0    0    0   0   0    1    1    42
[    2.865842]  0e 01  0    0    0   0   0    1    1    52
[    2.866852]  0f 01  0    0    0   0   0    1    1    62
[    2.867792]  10 00  1    0    0   0   0    0    0    00
[    2.868930]  11 00  1    0    0   0   0    0    0    00
[    2.869939]  12 00  1    0    0   0   0    0    0    00
[    2.870869]  13 00  1    0    0   0   0    0    0    00
[    2.871803]  14 00  1    0    0   0   0    0    0    00
[    2.872931]  15 00  1    0    0   0   0    0    0    00
[    2.873954]  16 00  1    0    0   0   0    0    0    00
[    2.874923]  17 00  1    0    0   0   0    0    0    00
[    2.875919] IRQ to pin mappings:
[    2.876578] IRQ0 -> 0:2
[    2.877089] IRQ1 -> 0:1
[    2.877602] IRQ3 -> 0:3
[    2.878046] IRQ4 -> 0:4
[    2.878567] IRQ5 -> 0:5
[    2.879194] IRQ6 -> 0:6
[    2.879642] IRQ7 -> 0:7
[    2.880116] IRQ8 -> 0:8
[    2.880661] IRQ9 -> 0:9
[    2.881210] IRQ10 -> 0:10
[    2.881734] IRQ11 -> 0:11
[    2.882272] IRQ12 -> 0:12
[    2.882833] IRQ13 -> 0:13
[    2.883417] IRQ14 -> 0:14
[    2.884007] IRQ15 -> 0:15
[    2.884619] .................................... done.
[    2.885620] device: 'cpu_dma_latency': device_add
[    2.886528] device: 'network_latency': device_add
[    2.887466] device: 'network_throughput': device_add
[    2.889570] Key type trusted registered
[    2.890663] Key type encrypted registered
[    2.894931] hd: no drives specified - use hd=cyl,head,sectors on kernel command line
[    2.896950] bus: 'i2c': add driver wl1273-fm
[    2.898913] debug: unmapping init [mem 0xffffffff81a97000-0xffffffff81cfbfff]
[    2.901185] Write protecting the kernel read-only data: 10240k
[    2.910260] debug: unmapping init [mem 0xffff880001566000-0xffff8800015fffff]
[    2.912304] debug: unmapping init [mem 0xffff88000184f000-0xffff8800019fffff]
libudev: udev_monitor_new_from_netlink_fd: error getting socket: Protocol not supported
mountall:mountall.c:3801: Assertion failed in main: udev_monitor = udev_monitor_new_from_netlink (udev, "udev")
General error mounting filesystems.
A maintenance shell will now be started.
CONTROL-D will terminate this shell and reboot the system.
wfg: rebooting
[    3.027423] kgdbts: ERROR PUT: end of test buffer on 'do_fork_test' line 2 expected T0* got $W01#b8
[    3.029281] ------------[ cut here ]------------
[    3.030154] WARNING: at /c/wfg/linux/drivers/misc/kgdbts.c:813 run_simple_test+0x24f/0x277()
[    3.031624] Pid: 117, comm: reboot Not tainted 3.6.0-rc1-bisect-00198-gb1b7253 #47
[    3.033271] Call Trace:
[    3.033694]  [<ffffffff813f1a11>] ? run_simple_test+0x24f/0x277
[    3.034881]  [<ffffffff810353f6>] warn_slowpath_common+0x5d/0x74
[    3.036026]  [<ffffffff810354bb>] warn_slowpath_null+0x15/0x1a
[    3.037285]  [<ffffffff813f1a11>] run_simple_test+0x24f/0x277
[    3.038436]  [<ffffffff813f142c>] kgdbts_put_char+0x18/0x1a
[    3.039463]  [<ffffffff81085f88>] gdbstub_exit+0xc6/0xe2
