Path: news.gmane.org!not-for-mail
From: Michael Wang <wangyun@linux.vnet.ibm.com>
Newsgroups: gmane.linux.kernel
Subject: Re: [QUESTION ON BUG] the rcu stall issue could not be reproduced
Date: Mon, 23 Jul 2012 10:46:37 +0800
Lines: 2351
Approved: news@gmane.org
Message-ID: <500CBB0D.9010809@linux.vnet.ibm.com>
References: <5008CBD4.6070907@linux.vnet.ibm.com> <1342767624.7432.54.camel@marge.simpson.net> <5009170E.1080807@linux.vnet.ibm.com> <1342775305.7432.76.camel@marge.simpson.net> <5009308D.3020402@fold.natur.cuni.cz>
NNTP-Posting-Host: plane.gmane.org
Mime-Version: 1.0
Content-Type: text/plain; charset=UTF-8
Content-Transfer-Encoding: 7bit
X-Trace: dough.gmane.org 1343011672 2358 80.91.229.3 (23 Jul 2012 02:47:52 GMT)
X-Complaints-To: usenet@dough.gmane.org
NNTP-Posting-Date: Mon, 23 Jul 2012 02:47:52 +0000 (UTC)
Cc: Mike Galbraith <mgalbraith@novell.com>,
	LKML <linux-kernel@vger.kernel.org>,
	"paulmck@linux.vnet.ibm.com" <paulmck@linux.vnet.ibm.com>,
	dan.carpenter@oracle.com
To: Martin Mokrejs <mmokrejs@fold.natur.cuni.cz>
Original-X-From: linux-kernel-owner@vger.kernel.org Mon Jul 23 04:47:46 2012
Return-path: <linux-kernel-owner@vger.kernel.org>
Envelope-to: glk-linux-kernel-3@plane.gmane.org
Original-Received: from vger.kernel.org ([209.132.180.67])
	by plane.gmane.org with esmtp (Exim 4.69)
	(envelope-from <linux-kernel-owner@vger.kernel.org>)
	id 1St8gR-0007Jf-Pn
	for glk-linux-kernel-3@plane.gmane.org; Mon, 23 Jul 2012 04:47:45 +0200
Original-Received: (majordomo@vger.kernel.org) by vger.kernel.org via listexpand
	id S1753412Ab2GWCrH (ORCPT <rfc822;glk-linux-kernel-3@m.gmane.org>);
	Sun, 22 Jul 2012 22:47:07 -0400
Original-Received: from e28smtp07.in.ibm.com ([122.248.162.7]:42731 "EHLO
	e28smtp07.in.ibm.com" rhost-flags-OK-OK-OK-OK) by vger.kernel.org
	with ESMTP id S1753196Ab2GWCqr (ORCPT
	<rfc822;linux-kernel@vger.kernel.org>);
	Sun, 22 Jul 2012 22:46:47 -0400
Original-Received: from /spool/local
	by e28smtp07.in.ibm.com with IBM ESMTP SMTP Gateway: Authorized Use Only! Violators will be prosecuted
	for <linux-kernel@vger.kernel.org> from <wangyun@linux.vnet.ibm.com>;
	Mon, 23 Jul 2012 08:16:41 +0530
Original-Received: from d28relay05.in.ibm.com (9.184.220.62)
	by e28smtp07.in.ibm.com (192.168.1.137) with IBM ESMTP SMTP Gateway: Authorized Use Only! Violators will be prosecuted;
	Mon, 23 Jul 2012 08:16:40 +0530
Original-Received: from d28av02.in.ibm.com (d28av02.in.ibm.com [9.184.220.64])
	by d28relay05.in.ibm.com (8.13.8/8.13.8/NCO v10.0) with ESMTP id q6N2ke2f25493716
	for <linux-kernel@vger.kernel.org>; Mon, 23 Jul 2012 08:16:40 +0530
Original-Received: from d28av02.in.ibm.com (loopback [127.0.0.1])
	by d28av02.in.ibm.com (8.14.4/8.13.1/NCO v10.0 AVout) with ESMTP id q6N2kdC1019820
	for <linux-kernel@vger.kernel.org>; Mon, 23 Jul 2012 12:46:40 +1000
Original-Received: from [9.123.247.71] ([9.123.247.71])
	by d28av02.in.ibm.com (8.14.4/8.13.1/NCO v10.0 AVin) with ESMTP id q6N2kbdK019794;
	Mon, 23 Jul 2012 12:46:38 +1000
User-Agent: Mozilla/5.0 (X11; Linux i686; rv:13.0) Gecko/20120615 Thunderbird/13.0.1
In-Reply-To: <5009308D.3020402@fold.natur.cuni.cz>
x-cbid: 12072302-8878-0000-0000-00000357793C
Original-Sender: linux-kernel-owner@vger.kernel.org
Precedence: bulk
List-ID: <linux-kernel.vger.kernel.org>
X-Mailing-List: linux-kernel@vger.kernel.org
Xref: news.gmane.org gmane.linux.kernel:1331590
Archived-At: <http://permalink.gmane.org/gmane.linux.kernel/1331590>

On 07/20/2012 06:18 PM, Martin Mokrejs wrote:
> Hi,
>   first of all I am a pure linux kernel user, not developer. I have no idea
> what this bug is about. My impression from your email is that serial driver is
> or could be involved ...
>   I hit this bug on a a normal laptop with a 3G usb-stick modem connected
> to it. I can't say for sure but also I was playing at that time with USB-to-serial
> converter based on some prolific PL-2303 chip. For that I had a console= line
> in my grub.conf. That newer gave me early enough printks on a remote console
> terminal because the USB driver is loaded too late.
>   So, I do not know whether this was really related to either of these two devices
> or whether it was related to file copy from an external HDD drive to itself, just
> for testing the USB3 chip from TexasInstruments.
Hi, Martin

Thanks for your reply and so detailed info :)

Looks like there is a very big chance that the rcu issue in your case
was caused by the driver of some device producer...

But still, rcu should have some check or warning while it was used in
wrong way, or may be this is really hard to detected?

Will keep try to follow it.

Regards,
Michael Wang

> 
> 
> # grep RCU /var/log/messages
> May  7 10:52:46 vostro kernel: [    0.000000] Hierarchical RCU implementation.
> May  7 10:52:46 vostro kernel: [    0.000000]   RCU dyntick-idle grace-period acceleration is enabled.
> ...
> Jun 14 21:45:44 vostro kernel: [    0.000000] Hierarchical RCU implementation.
> Jun 14 21:45:44 vostro kernel: [    0.000000]   CONFIG_RCU_FANOUT set to non-default value of 32
> Jun 14 21:45:44 vostro kernel: [    0.000000]   RCU dyntick-idle grace-period acceleration is enabled.
> ...
> until my current 3.4.4 instance.
> 
> # grep CONFIG_RCU_CPU_STALL_TIMEOUT /usr/src/linux-3.4.4/.config
> CONFIG_RCU_CPU_STALL_TIMEOUT=60
> #
> # grep CONFIG_RCU_FANOUT /usr/src/linux-3.4.4/.config
> CONFIG_RCU_FANOUT=32
> # CONFIG_RCU_FANOUT_EXACT is not set
> #
> 
> I deleted the old kernel but provided I did not fiddle much meanwhile with their .config
> then I probably had something like:
> 
> # grep CONFIG_RCU_FANOUT /usr/src/linux-3.2.14/.config
> CONFIG_RCU_FANOUT=64
> # CONFIG_RCU_FANOUT_EXACT is not set
> #
> 
> 
> Now, when I look into the /var/log/message for the kernel version when the 'non-default value of 32'
> message appeared for the first time, I see:
> 
> Jun 14 21:45:44 vostro kernel: [    0.000000] Linux version 3.4.2-default (root@vostro) (gcc version 4.6.3 (Gentoo 4.6.3 p1.3, pie-0.5.1) ) #6 SMP Thu Jun 14 21:27:12 MEST 2012
> Jun 14 21:45:44 vostro kernel: [    0.000000] Command line: root=/dev/sda5 pciehp.pciehp_debug=1
> 
> True, I do not use the serial console anymore ... But it must be related to some .config value because
> I did not have this message for all 3.4.2 instances:
> 
> # grep 'Linux version' /var/log/messages
> May  7 10:52:46 vostro kernel: [    0.000000] Linux version 3.4.0-rc5-default (root@vostro) (gcc version 4.5.3 (Gentoo 4.5.3-r2 p1.1, pie-0.4.7) ) #20 SMP Sat May 5 00:56:44 MEST 2012
> May  7 10:56:02 vostro kernel: [    0.000000] Linux version 3.4.0-rc5-default (root@vostro) (gcc version 4.5.3 (Gentoo 4.5.3-r2 p1.1, pie-0.4.7) ) #20 SMP Sat May 5 00:56:44 MEST 2012
> May  7 11:03:32 vostro kernel: [    0.000000] Linux version 3.4.0-rc5-default (root@vostro) (gcc version 4.5.3 (Gentoo 4.5.3-r2 p1.1, pie-0.4.7) ) #20 SMP Sat May 5 00:56:44 MEST 2012
> May  7 14:04:34 vostro kernel: [    0.000000] Linux version 3.4.0-rc5-default (root@vostro) (gcc version 4.5.3 (Gentoo 4.5.3-r2 p1.1, pie-0.4.7) ) #20 SMP Sat May 5 00:56:44 MEST 2012
> May  7 14:11:56 vostro kernel: [    0.000000] Linux version 3.4.0-rc5-default (root@vostro) (gcc version 4.5.3 (Gentoo 4.5.3-r2 p1.1, pie-0.4.7) ) #20 SMP Sat May 5 00:56:44 MEST 2012
> May  7 14:48:32 vostro kernel: [    0.000000] Linux version 3.4.0-rc5-default (root@vostro) (gcc version 4.5.3 (Gentoo 4.5.3-r2 p1.1, pie-0.4.7) ) #20 SMP Sat May 5 00:56:44 MEST 2012
> May  7 15:26:22 vostro kernel: [    0.000000] Linux version 3.4.0-rc5-default (root@vostro) (gcc version 4.5.3 (Gentoo 4.5.3-r2 p1.1, pie-0.4.7) ) #20 SMP Sat May 5 00:56:44 MEST 2012
> May  7 20:30:02 vostro kernel: [    0.000000] Linux version 3.4.0-rc6-default (root@vostro) (gcc version 4.5.3 (Gentoo 4.5.3-r2 p1.1, pie-0.4.7) ) #1 SMP Mon May 7 20:08:38 MEST 2012
> May  7 20:34:59 vostro kernel: [    0.000000] Linux version 3.4.0-rc6-default (root@vostro) (gcc version 4.5.3 (Gentoo 4.5.3-r2 p1.1, pie-0.4.7) ) #1 SMP Mon May 7 20:08:38 MEST 2012
> May  7 20:38:37 vostro kernel: [    0.000000] Linux version 3.4.0-rc6-default (root@vostro) (gcc version 4.5.3 (Gentoo 4.5.3-r2 p1.1, pie-0.4.7) ) #1 SMP Mon May 7 20:08:38 MEST 2012
> May  7 20:55:42 vostro kernel: [    0.000000] Linux version 3.4.0-rc6-default (root@vostro) (gcc version 4.5.3 (Gentoo 4.5.3-r2 p1.1, pie-0.4.7) ) #1 SMP Mon May 7 20:08:38 MEST 2012
> May  7 21:33:24 vostro kernel: [    0.000000] Linux version 3.4.0-rc6-default (root@vostro) (gcc version 4.5.3 (Gentoo 4.5.3-r2 p1.1, pie-0.4.7) ) #1 SMP Mon May 7 20:08:38 MEST 2012
> May  7 22:35:32 vostro kernel: [    0.000000] Linux version 3.4.0-rc6-default (root@vostro) (gcc version 4.5.3 (Gentoo 4.5.3-r2 p1.1, pie-0.4.7) ) #1 SMP Mon May 7 20:08:38 MEST 2012
> May  8 09:59:24 vostro kernel: [    0.000000] Linux version 3.4.0-rc6-default (root@vostro) (gcc version 4.5.3 (Gentoo 4.5.3-r2 p1.1, pie-0.4.7) ) #1 SMP Mon May 7 20:08:38 MEST 2012
> May 14 18:37:29 vostro kernel: [    0.000000] Linux version 3.4.0-rc7-default (root@vostro) (gcc version 4.5.3 (Gentoo 4.5.3-r2 p1.1, pie-0.4.7) ) #1 SMP Mon May 14 18:23:41 MEST 2012
> May 14 20:36:00 vostro kernel: [    0.000000] Linux version 3.4.0-rc7-default (root@vostro) (gcc version 4.5.3 (Gentoo 4.5.3-r2 p1.1, pie-0.4.7) ) #1 SMP Mon May 14 18:23:41 MEST 2012
> May 14 20:52:43 vostro kernel: [    0.000000] Linux version 3.4.0-rc7-default (root@vostro) (gcc version 4.5.3 (Gentoo 4.5.3-r2 p1.1, pie-0.4.7) ) #1 SMP Mon May 14 18:23:41 MEST 2012
> May 14 21:05:15 vostro kernel: [    0.000000] Linux version 3.4.0-rc7-default (root@vostro) (gcc version 4.5.3 (Gentoo 4.5.3-r2 p1.1, pie-0.4.7) ) #1 SMP Mon May 14 18:23:41 MEST 2012
> May 15 01:06:17 vostro kernel: [    0.000000] Linux version 3.4.0-rc7-default (root@vostro) (gcc version 4.5.3 (Gentoo 4.5.3-r2 p1.1, pie-0.4.7) ) #4 SMP Tue May 15 00:08:38 MEST 2012
> May 15 08:43:47 vostro kernel: [    0.000000] Linux version 3.4.0-rc7-default (root@vostro) (gcc version 4.5.3 (Gentoo 4.5.3-r2 p1.1, pie-0.4.7) ) #4 SMP Tue May 15 00:08:38 MEST 2012
> May 17 19:12:01 vostro kernel: [    0.000000] Linux version 3.4.0-rc7-default (root@vostro) (gcc version 4.5.3 (Gentoo 4.5.3-r2 p1.1, pie-0.4.7) ) #5 SMP Thu May 17 00:55:06 MEST 2012
> May 18 22:01:22 vostro kernel: [    0.000000] Linux version 3.4.0-rc7-default (root@vostro) (gcc version 4.5.3 (Gentoo 4.5.3-r2 p1.1, pie-0.4.7) ) #5 SMP Thu May 17 00:55:06 MEST 2012
> May 23 00:08:48 vostro kernel: [    0.000000] Linux version 3.4.0-rc7-default (root@vostro) (gcc version 4.5.3 (Gentoo 4.5.3-r2 p1.1, pie-0.4.7) ) #7 SMP Tue May 22 11:26:19 MEST 2012
> May 23 10:51:52 vostro kernel: [    0.000000] Linux version 3.4.0-rc7-default (root@vostro) (gcc version 4.5.3 (Gentoo 4.5.3-r2 p1.1, pie-0.4.7) ) #7 SMP Tue May 22 11:26:19 MEST 2012
> May 23 16:47:01 vostro kernel: [    0.000000] Linux version 3.4.0-rc7-default (root@vostro) (gcc version 4.5.3 (Gentoo 4.5.3-r2 p1.1, pie-0.4.7) ) #7 SMP Tue May 22 11:26:19 MEST 2012
> May 23 18:02:24 vostro kernel: [    0.000000] Linux version 3.4.0-rc7-default (root@vostro) (gcc version 4.5.3 (Gentoo 4.5.3-r2 p1.1, pie-0.4.7) ) #7 SMP Tue May 22 11:26:19 MEST 2012
> May 23 18:46:53 vostro kernel: [    0.000000] Linux version 3.4.0-rc7-default (root@vostro) (gcc version 4.5.3 (Gentoo 4.5.3-r2 p1.1, pie-0.4.7) ) #8 SMP Wed May 23 18:36:50 MEST 2012
> May 23 18:51:00 vostro kernel: [    0.000000] Linux version 3.4.0-rc7-default (root@vostro) (gcc version 4.5.3 (Gentoo 4.5.3-r2 p1.1, pie-0.4.7) ) #8 SMP Wed May 23 18:36:50 MEST 2012
> May 25 10:13:53 vostro kernel: [    0.000000] Linux version 3.4.0-rc7-default (root@vostro) (gcc version 4.5.3 (Gentoo 4.5.3-r2 p1.1, pie-0.4.7) ) #8 SMP Wed May 23 18:36:50 MEST 2012
> May 25 10:26:17 vostro kernel: [    0.000000] Linux version 3.4.0-rc7-default (root@vostro) (gcc version 4.5.3 (Gentoo 4.5.3-r2 p1.1, pie-0.4.7) ) #8 SMP Wed May 23 18:36:50 MEST 2012
> May 30 09:18:25 vostro kernel: [    0.000000] Linux version 3.4.0-rc7-default (root@vostro) (gcc version 4.5.3 (Gentoo 4.5.3-r2 p1.1, pie-0.4.7) ) #8 SMP Wed May 23 18:36:50 MEST 2012
> May 30 10:06:31 vostro kernel: [    0.000000] Linux version 3.4.0-rc7-default (root@vostro) (gcc version 4.5.3 (Gentoo 4.5.3-r2 p1.1, pie-0.4.7) ) #8 SMP Wed May 23 18:36:50 MEST 2012
> May 30 10:46:18 vostro kernel: [    0.000000] Linux version 3.4.0-rc7-default (root@vostro) (gcc version 4.3.6 (Gentoo 4.3.6-r1 p1.0, pie-10.1.5) ) #9 SMP Wed May 30 10:39:21 MEST 2012
> May 30 11:05:41 vostro kernel: [    0.000000] Linux version 3.4.0-rc7-default (root@vostro) (gcc version 4.3.6 (Gentoo 4.3.6-r1 p1.0, pie-10.1.5) ) #9 SMP Wed May 30 10:39:21 MEST 2012
> May 30 11:20:50 vostro kernel: [    0.000000] Linux version 3.4.0-rc7-default (root@vostro) (gcc version 4.5.3 (Gentoo 4.5.3-r2 p1.1, pie-0.4.7) ) #8 SMP Wed May 23 18:36:50 MEST 2012
> May 30 11:29:56 vostro kernel: [    0.000000] Linux version 3.4.0-rc7-default (root@vostro) (gcc version 4.5.3 (Gentoo 4.5.3-r2 p1.1, pie-0.4.7) ) #8 SMP Wed May 23 18:36:50 MEST 2012
> May 30 15:51:41 vostro kernel: [    0.000000] Linux version 3.4.0-rc7-default (root@vostro) (gcc version 4.5.3 (Gentoo 4.5.3-r2 p1.1, pie-0.4.7) ) #8 SMP Wed May 23 18:36:50 MEST 2012
> May 30 15:55:50 vostro kernel: [    0.000000] Linux version 3.4.0-rc7-default (root@vostro) (gcc version 4.3.6 (Gentoo 4.3.6-r1 p1.0, pie-10.1.5) ) #9 SMP Wed May 30 10:39:21 MEST 2012
> Jun  6 20:34:21 vostro kernel: [    0.000000] Linux version 3.4.0-rc7-default (root@vostro) (gcc version 4.5.3 (Gentoo 4.5.3-r2 p1.1, pie-0.4.7) ) #8 SMP Wed May 23 18:36:50 MEST 2012
> Jun  6 20:39:27 vostro kernel: [    0.000000] Linux version 3.4.0-default (root@vostro) (gcc version 4.5.3 (Gentoo 4.5.3-r2 p1.1, pie-0.4.7) ) #2 SMP Fri Jun 1 10:16:13 MEST 2012
> Jun  8 09:34:11 vostro kernel: [    0.000000] Linux version 3.4.0-default (root@vostro) (gcc version 4.5.3 (Gentoo 4.5.3-r2 p1.1, pie-0.4.7) ) #2 SMP Fri Jun 1 10:16:13 MEST 2012
> Jun  8 21:36:20 vostro kernel: [    0.000000] Linux version 3.4.0-default (root@vostro) (gcc version 4.5.3 (Gentoo 4.5.3-r2 p1.1, pie-0.4.7) ) #2 SMP Fri Jun 1 10:16:13 MEST 2012
> Jun 10 20:56:25 vostro kernel: [    0.000000] Linux version 3.4.0-default (root@vostro) (gcc version 4.5.3 (Gentoo 4.5.3-r2 p1.1, pie-0.4.7) ) #2 SMP Fri Jun 1 10:16:13 MEST 2012
> Jun 11 22:06:42 vostro kernel: [    0.000000] Linux version 3.4.0-default (root@vostro) (gcc version 4.5.3 (Gentoo 4.5.3-r2 p1.1, pie-0.4.7) ) #3 SMP Mon Jun 11 19:32:03 MEST 2012
> Jun 12 13:04:54 vostro kernel: [    0.000000] Linux version 3.4.2-default (root@vostro) (gcc version 4.5.3 (Gentoo 4.5.3-r2 p1.1, pie-0.4.7) ) #4 SMP Mon Jun 11 22:43:51 MEST 2012
> Jun 12 17:58:41 vostro kernel: [    0.000000] Linux version 3.4.2-default (root@vostro) (gcc version 4.5.3 (Gentoo 4.5.3-r2 p1.1, pie-0.4.7) ) #4 SMP Mon Jun 11 22:43:51 MEST 2012
> Jun 13 17:07:57 vostro kernel: [    0.000000] Linux version 3.4.0-default (root@vostro) (gcc version 4.5.3 (Gentoo 4.5.3-r2 p1.1, pie-0.4.7) ) #3 SMP Mon Jun 11 19:32:03 MEST 2012
> Jun 14 12:46:27 vostro kernel: [    0.000000] Linux version 3.4.2-default (root@vostro) (gcc version 4.5.3 (Gentoo 4.5.3-r2 p1.1, pie-0.4.7) ) #4 SMP Mon Jun 11 22:43:51 MEST 2012
> Jun 14 17:12:03 vostro kernel: [    0.000000] Linux version 3.4.2-default (root@vostro) (gcc version 4.5.3 (Gentoo 4.5.3-r2 p1.1, pie-0.4.7) ) #4 SMP Mon Jun 11 22:43:51 MEST 2012
> 
> Jun 14 21:45:44 vostro kernel: [    0.000000] Linux version 3.4.2-default (root@vostro) (gcc version 4.6.3 (Gentoo 4.6.3 p1.3, pie-0.5.1) ) #6 SMP Thu Jun 14 21:27:12 MEST 2012
> Jun 15 00:35:14 vostro kernel: [    0.000000] Linux version 3.4.2-default (root@vostro) (gcc version 4.5.3 (Gentoo 4.5.3-r2 p1.1, pie-0.4.7) ) #7 SMP Thu Jun 14 22:07:06 MEST 2012
> Jun 19 14:57:10  kernel: [    0.000000] Linux version 3.4.3-default (root@vostro) (gcc version 4.5.3 (Gentoo 4.5.3-r2 p1.1, pie-0.4.7) ) #2 SMP Tue Jun 19 13:49:49 MEST 2012
> Jun 19 15:58:36  kernel: [    0.000000] Linux version 3.4.3-default (root@vostro) (gcc version 4.5.3 (Gentoo 4.5.3-r2 p1.1, pie-0.4.7) ) #4 SMP Tue Jun 19 15:56:04 MEST 2012
> Jun 20 09:15:55  kernel: [    0.000000] Linux version 3.4.3-default (root@vostro) (gcc version 4.5.3 (Gentoo 4.5.3-r2 p1.1, pie-0.4.7) ) #4 SMP Tue Jun 19 15:56:04 MEST 2012
> Jun 21 22:04:10  kernel: [    0.000000] Linux version 3.4.3-default (root@vostro) (gcc version 4.5.3 (Gentoo 4.5.3-r2 p1.1, pie-0.4.7) ) #4 SMP Tue Jun 19 15:56:04 MEST 2012
> Jun 23 20:51:04  kernel: [    0.000000] Linux version 3.4.3-default (root@vostro) (gcc version 4.5.3 (Gentoo 4.5.3-r2 p1.1, pie-0.4.7) ) #4 SMP Tue Jun 19 15:56:04 MEST 2012
> Jun 24 20:59:19  kernel: [    0.000000] Linux version 3.4.3-default (root@vostro) (gcc version 4.5.3 (Gentoo 4.5.3-r2 p1.1, pie-0.4.7) ) #4 SMP Tue Jun 19 15:56:04 MEST 2012
> Jun 25 09:14:26  kernel: [    0.000000] Linux version 3.4.3-default (root@vostro) (gcc version 4.5.3 (Gentoo 4.5.3-r2 p1.1, pie-0.4.7) ) #4 SMP Tue Jun 19 15:56:04 MEST 2012
> Jun 25 11:53:42  kernel: [    0.000000] Linux version 3.4.3-default (root@vostro) (gcc version 4.5.3 (Gentoo 4.5.3-r2 p1.1, pie-0.4.7) ) #4 SMP Tue Jun 19 15:56:04 MEST 2012
> Jun 28 14:30:47  kernel: [    0.000000] Linux version 3.4.3-default (root@vostro) (gcc version 4.5.3 (Gentoo 4.5.3-r2 p1.1, pie-0.4.7) ) #4 SMP Tue Jun 19 15:56:04 MEST 2012
> Jul  1 19:49:07  kernel: [    0.000000] Linux version 3.4.3-default (root@vostro) (gcc version 4.5.3 (Gentoo 4.5.3-r2 p1.1, pie-0.4.7) ) #4 SMP Tue Jun 19 15:56:04 MEST 2012
> Jul  2 12:11:22  kernel: [    0.000000] Linux version 3.4.3-default (root@vostro) (gcc version 4.5.3 (Gentoo 4.5.3-r2 p1.1, pie-0.4.7) ) #4 SMP Tue Jun 19 15:56:04 MEST 2012
> Jul  4 09:00:42  kernel: [    0.000000] Linux version 3.4.3-default (root@vostro) (gcc version 4.5.3 (Gentoo 4.5.3-r2 p1.1, pie-0.4.7) ) #4 SMP Tue Jun 19 15:56:04 MEST 2012
> Jul  5 00:01:06  kernel: [    0.000000] Linux version 3.4.3-default (root@vostro) (gcc version 4.5.3 (Gentoo 4.5.3-r2 p1.1, pie-0.4.7) ) #4 SMP Tue Jun 19 15:56:04 MEST 2012
> Jul  7 10:25:26  kernel: [    0.000000] Linux version 3.4.4-default (root@vostro) (gcc version 4.6.3 (Gentoo 4.6.3 p1.3, pie-0.5.1) ) #1 SMP Thu Jul 5 19:43:01 MEST 2012
> Jul  8 17:21:49  kernel: [    0.000000] Linux version 3.4.4-default (root@vostro) (gcc version 4.6.3 (Gentoo 4.6.3 p1.3, pie-0.5.1) ) #1 SMP Thu Jul 5 19:43:01 MEST 2012
> Jul 10 13:04:42  kernel: [    0.000000] Linux version 3.4.4-default (root@vostro) (gcc version 4.6.3 (Gentoo 4.6.3 p1.3, pie-0.5.1) ) #2 SMP Mon Jul 9 01:01:45 MEST 2012
> Jul 10 21:17:26  kernel: [    0.000000] Linux version 3.4.4-default (root@vostro) (gcc version 4.6.3 (Gentoo 4.6.3 p1.3, pie-0.5.1) ) #2 SMP Mon Jul 9 01:01:45 MEST 2012
> Jul 13 10:00:25  kernel: [    0.000000] Linux version 3.4.4-default (root@vostro) (gcc version 4.6.3 (Gentoo 4.6.3 p1.3, pie-0.5.1) ) #3 SMP Thu Jul 12 20:46:57 MEST 2012
> Jul 13 17:17:48  kernel: [    0.000000] Linux version 3.4.4-default (root@vostro) (gcc version 4.6.3 (Gentoo 4.6.3 p1.3, pie-0.5.1) ) #4 SMP Fri Jul 13 14:07:08 MEST 2012
> Jul 16 11:32:06  kernel: [    0.000000] Linux version 3.4.4-default (root@vostro) (gcc version 4.6.3 (Gentoo 4.6.3 p1.3, pie-0.5.1) ) #4 SMP Fri Jul 13 14:07:08 MEST 2012
> 
> 
> 
> Going back through older /var/log/messages* files I see that a different .config
> or behavior I used to have with:
> 
> # gzip -dc /var/log/messages.6.gz | grep RCU
> Mar 21 09:59:57 vostro kernel: Hierarchical RCU implementation.
> Mar 21 10:10:05 vostro kernel: Hierarchical RCU implementation.
> Mar 21 21:41:53 vostro kernel: Hierarchical RCU implementation.
> Mar 22 13:52:16 vostro kernel: Hierarchical RCU implementation.
> Mar 22 15:00:44 vostro kernel: Hierarchical RCU implementation.
> Mar 22 16:59:18 vostro kernel: Hierarchical RCU implementation.
> # gzip -dc /var/log/messages.6.gz | grep 'Linux version'
> Mar 21 09:59:57 vostro kernel: Linux version 3.2.11-default (root@vostro) (gcc version 4.5.3 (Gentoo 4.5.3-r2 p1.1, pie-0.4.7) ) #8 SMP Tue Mar 20 23:40:00 MET 2012
> Mar 21 10:10:05 vostro kernel: Linux version 3.2.2-default (root@vostro) (gcc version 4.5.3 (Gentoo 4.5.3-r2 p1.0, pie-0.4.7) ) #25 SMP Fri Feb 10 16:21:55 MET 2012
> Mar 21 21:41:53 vostro kernel: Linux version 3.2.11-default (root@vostro) (gcc version 4.5.3 (Gentoo 4.5.3-r2 p1.1, pie-0.4.7) ) #8 SMP Tue Mar 20 23:40:00 MET 2012
> Mar 22 13:52:16 vostro kernel: Linux version 3.2.11-default (root@vostro) (gcc version 4.5.3 (Gentoo 4.5.3-r2 p1.1, pie-0.4.7) ) #9 SMP Thu Mar 22 13:47:20 MET 2012
> Mar 22 15:00:44 vostro kernel: Linux version 3.2.11-default (root@vostro) (gcc version 4.5.3 (Gentoo 4.5.3-r2 p1.1, pie-0.4.7) ) #9 SMP Thu Mar 22 13:47:20 MET 2012
> Mar 22 16:59:18 vostro kernel: Linux version 3.2.11-default (root@vostro) (gcc version 4.5.3 (Gentoo 4.5.3-r2 p1.1, pie-0.4.7) ) #11 SMP Thu Mar 22 15:40:45 MET 2012
> # 
> 
> Maybe I just had not enabled dynamic ticks?
> 
> 
> 
> 
> Back to the rcu_stall logs, I had them only at these times:
> 
> # grep 'rcu_sched' /var/log/messages
> May 18 20:19:45 vostro kernel: [90345.151040] INFO: rcu_sched self-detected stall on CPU { 2}  (t=6000 jiffies)
> May 18 20:22:45 vostro kernel: [90524.911374] INFO: rcu_sched self-detected stall on CPU { 2}  (t=24003 jiffies)
> May 18 20:25:45 vostro kernel: [90704.671711] INFO: rcu_sched self-detected stall on CPU { 2}  (t=42006 jiffies)
> May 18 20:28:45 vostro kernel: [90884.429174] INFO: rcu_sched self-detected stall on CPU { 2}  (t=60009 jiffies)
> May 18 20:31:45 vostro kernel: [91064.189507] INFO: rcu_sched self-detected stall on CPU { 2}  (t=78012 jiffies)
> May 18 20:34:45 vostro kernel: [91243.949835] INFO: rcu_sched self-detected stall on CPU { 2}  (t=96015 jiffies)
> May 18 20:37:45 vostro kernel: [91423.710165] INFO: rcu_sched self-detected stall on CPU { 2}  (t=114018 jiffies)
> May 18 20:40:46 vostro kernel: [91603.470496] INFO: rcu_sched self-detected stall on CPU { 2}  (t=132021 jiffies)
> May 18 20:43:46 vostro kernel: [91783.230826] INFO: rcu_sched self-detected stall on CPU { 2}  (t=150024 jiffies)
> May 18 20:46:46 vostro kernel: [91962.991156] INFO: rcu_sched self-detected stall on CPU { 2}  (t=168027 jiffies)
> May 18 20:49:46 vostro kernel: [92142.751488] INFO: rcu_sched self-detected stall on CPU { 2}  (t=186030 jiffies)
> May 18 20:52:46 vostro kernel: [92322.511818] INFO: rcu_sched self-detected stall on CPU { 2}  (t=204033 jiffies)
> May 18 20:55:46 vostro kernel: [92502.272148] INFO: rcu_sched self-detected stall on CPU { 2}  (t=222036 jiffies)
> May 18 20:58:46 vostro kernel: [92682.032478] INFO: rcu_sched self-detected stall on CPU { 2}  (t=240039 jiffies)
> May 18 21:01:46 vostro kernel: [92861.792809] INFO: rcu_sched self-detected stall on CPU { 2}  (t=258042 jiffies)
> May 18 21:04:46 vostro kernel: [93041.553139] INFO: rcu_sched self-detected stall on CPU { 2}  (t=276045 jiffies)
> May 18 21:07:46 vostro kernel: [93221.313470] INFO: rcu_sched self-detected stall on CPU { 2}  (t=294048 jiffies)
> May 18 21:10:46 vostro kernel: [93401.071147] INFO: rcu_sched self-detected stall on CPU { 2}  (t=312051 jiffies)
> May 18 21:13:46 vostro kernel: [93580.831473] INFO: rcu_sched self-detected stall on CPU { 2}  (t=330054 jiffies)
> May 18 21:16:46 vostro kernel: [93760.591798] INFO: rcu_sched self-detected stall on CPU { 2}  (t=348057 jiffies)
> May 18 21:19:46 vostro kernel: [93940.352124] INFO: rcu_sched self-detected stall on CPU { 2}  (t=366060 jiffies)
> May 18 21:22:46 vostro kernel: [94120.112449] INFO: rcu_sched self-detected stall on CPU { 2}  (t=384063 jiffies)
> May 18 21:25:46 vostro kernel: [94299.872775] INFO: rcu_sched self-detected stall on CPU { 2}  (t=402066 jiffies)
> May 18 21:28:46 vostro kernel: [94479.633101] INFO: rcu_sched self-detected stall on CPU { 2}  (t=420069 jiffies)
> May 18 21:31:46 vostro kernel: [94659.393426] INFO: rcu_sched self-detected stall on CPU { 2}  (t=438072 jiffies)
> May 18 21:34:46 vostro kernel: [94839.153751] INFO: rcu_sched self-detected stall on CPU { 2}  (t=456075 jiffies)
> May 18 21:37:46 vostro kernel: [95018.914076] INFO: rcu_sched self-detected stall on CPU { 2}  (t=474078 jiffies)
> May 18 21:40:46 vostro kernel: [95198.674404] INFO: rcu_sched self-detected stall on CPU { 2}  (t=492081 jiffies)
> May 18 21:43:46 vostro kernel: [95378.434727] INFO: rcu_sched self-detected stall on CPU { 2}  (t=510084 jiffies)
> May 18 21:49:18 vostro kernel: [95558.195053] INFO: rcu_sched self-detected stall on CPU { 2}  (t=528087 jiffies)
> May 18 21:49:46 vostro kernel: [95737.955380] INFO: rcu_sched self-detected stall on CPU { 2}  (t=546090 jiffies)
> May 18 21:52:46 vostro kernel: [95917.712930] INFO: rcu_sched self-detected stall on CPU { 2}  (t=564093 jiffies)
> 
> That leads me back to my originbal post, which had just the snippet of the messages file. To emphasize
> the high IO load and kernel debug stress see the XHCI_HCD_DEBUG lines just before that happened:
> 
> kernel: [    0.000000] Initializing cgroup subsys cpu
> May 17 19:12:01 vostro kernel: [    0.000000] Linux version 3.4.0-rc7-default (root@vostro) (gcc version 4.5.3 (Gentoo 4.5.3-r2 p1.1, pie-0.4.7) ) #5 SMP Thu May 17 00:55:06 MEST 2012
> May 17 19:12:01 vostro kernel: [    0.000000] Command line: root=/dev/sda5 pciehp.pciehp_debug=1 console=ttyUSB0,115200n8 console=tty0 log_buf_len=409600
> May 17 19:12:01 vostro kernel: [    0.000000] BIOS-provided physical RAM map:
> May 17 19:12:01 vostro kernel: [    0.000000]  BIOS-e820: 0000000000000000 - 000000000009d400 (usable)
> May 17 19:12:01 vostro kernel: [    0.000000]  BIOS-e820: 000000000009d400 - 00000000000a0000 (reserved)
> May 17 19:12:01 vostro kernel: [    0.000000]  BIOS-e820: 00000000000e0000 - 0000000000100000 (reserved)
> May 17 19:12:01 vostro kernel: [    0.000000]  BIOS-e820: 0000000000100000 - 0000000020000000 (usable)
> May 17 19:12:01 vostro kernel: [    0.000000]  BIOS-e820: 0000000020000000 - 0000000020200000 (reserved)
> May 17 19:12:01 vostro kernel: [    0.000000]  BIOS-e820: 0000000020200000 - 0000000040000000 (usable)
> May 17 19:12:01 vostro kernel: [    0.000000]  BIOS-e820: 0000000040000000 - 0000000040200000 (reserved)
> May 17 19:12:01 vostro kernel: [    0.000000]  BIOS-e820: 0000000040200000 - 00000000da4e5000 (usable)
> May 17 19:12:01 vostro kernel: [    0.000000]  BIOS-e820: 00000000da4e5000 - 00000000da528000 (ACPI NVS)
> May 17 19:12:01 vostro kernel: [    0.000000]  BIOS-e820: 00000000da528000 - 00000000da793000 (usable)
> May 17 19:12:01 vostro kernel: [    0.000000]  BIOS-e820: 00000000da793000 - 00000000da967000 (reserved)
> May 17 19:12:01 vostro kernel: [    0.000000]  BIOS-e820: 00000000da967000 - 00000000daa89000 (usable)
> May 17 19:12:01 vostro kernel: [    0.000000]  BIOS-e820: 00000000daa89000 - 00000000dad68000 (reserved)
> May 17 19:12:01 vostro kernel: [    0.000000]  BIOS-e820: 00000000dad68000 - 00000000dafe8000 (ACPI NVS)
> May 17 19:12:01 vostro kernel: [    0.000000]  BIOS-e820: 00000000dafe8000 - 00000000db000000 (ACPI data)
> May 17 19:12:01 vostro kernel: [    0.000000]  BIOS-e820: 00000000db800000 - 00000000dfa00000 (reserved)
> May 17 19:12:01 vostro kernel: [    0.000000]  BIOS-e820: 00000000f8000000 - 00000000fc000000 (reserved)
> May 17 19:12:01 vostro kernel: [    0.000000]  BIOS-e820: 00000000fec00000 - 00000000fec01000 (reserved)
> May 17 19:12:01 vostro kernel: [    0.000000]  BIOS-e820: 00000000fed00000 - 00000000fed04000 (reserved)
> May 17 19:12:01 vostro kernel: [    0.000000]  BIOS-e820: 00000000fed1c000 - 00000000fed20000 (reserved)
> May 17 19:12:01 vostro kernel: [    0.000000]  BIOS-e820: 00000000fee00000 - 00000000fee01000 (reserved)
> May 17 19:12:01 vostro kernel: [    0.000000]  BIOS-e820: 00000000ff000000 - 0000000100000000 (reserved)
> May 17 19:12:01 vostro kernel: [    0.000000]  BIOS-e820: 0000000100000000 - 000000041fe00000 (usable)
> May 17 19:12:01 vostro kernel: [    0.000000] NX (Execute Disable) protection: active
> May 17 19:12:01 vostro kernel: [    0.000000] DMI 2.6 present.
> May 17 19:12:01 vostro kernel: [    0.000000] DMI: Dell Inc. Vostro 3550/, BIOS A10 03/22/2012
> May 17 19:12:01 vostro kernel: [    0.000000] e820 update range: 0000000000000000 - 0000000000010000 (usable) ==> (reserved)
> May 17 19:12:01 vostro kernel: [    0.000000] e820 remove range: 00000000000a0000 - 0000000000100000 (usable)
> May 17 19:12:01 vostro kernel: [    0.000000] No AGP bridge found
> May 17 19:12:01 vostro kernel: [    0.000000] last_pfn = 0x41fe00 max_arch_pfn = 0x400000000
> May 17 19:12:01 vostro kernel: [    0.000000] MTRR default type: uncachable
> May 17 19:12:01 vostro kernel: [    0.000000] MTRR fixed ranges enabled:
> May 17 19:12:01 vostro kernel: [    0.000000]   00000-9FFFF write-back
> May 17 19:12:01 vostro kernel: [    0.000000]   A0000-BFFFF uncachable
> May 17 19:12:01 vostro kernel: [    0.000000]   C0000-CFFFF write-protect
> May 17 19:12:01 vostro kernel: [    0.000000]   D0000-E7FFF uncachable
> May 17 19:12:01 vostro kernel: [    0.000000]   E8000-FFFFF write-protect
> May 17 19:12:01 vostro kernel: [    0.000000] MTRR variable ranges enabled:
> May 17 19:12:01 vostro kernel: [    0.000000]   0 base 000000000 mask C00000000 write-back
> May 17 19:12:01 vostro kernel: [    0.000000]   1 base 400000000 mask FE0000000 write-back
> May 17 19:12:01 vostro kernel: [    0.000000]   2 base 0DB800000 mask FFF800000 uncachable
> May 17 19:12:01 vostro kernel: [    0.000000]   3 base 0DC000000 mask FFC000000 uncachable
> May 17 19:12:01 vostro kernel: [    0.000000]   4 base 0E0000000 mask FE0000000 uncachable
> May 17 19:12:01 vostro kernel: [    0.000000]   5 base 41FE00000 mask FFFE00000 uncachable
> May 17 19:12:01 vostro kernel: [    0.000000]   6 disabled
> May 17 19:12:01 vostro kernel: [    0.000000]   7 disabled
> May 17 19:12:01 vostro kernel: [    0.000000]   8 disabled
> May 17 19:12:01 vostro kernel: [    0.000000]   9 disabled
> May 17 19:12:01 vostro kernel: [    0.000000] x86 PAT enabled: cpu 0, old 0x7040600070406, new 0x7010600070106
> May 17 19:12:01 vostro kernel: [    0.000000] e820 update range: 00000000db800000 - 0000000100000000 (usable) ==> (reserved)
> May 17 19:12:01 vostro kernel: [    0.000000] last_pfn = 0xdaa89 max_arch_pfn = 0x400000000
> May 17 19:12:01 vostro kernel: [    0.000000] initial memory mapped : 0 - 20000000
> May 17 19:12:01 vostro kernel: [    0.000000] Base memory trampoline at [ffff880000098000] 98000 size 20480
> May 17 19:12:01 vostro kernel: [    0.000000] init_memory_mapping: 0000000000000000-00000000daa89000
> May 17 19:12:01 vostro kernel: [    0.000000]  0000000000 - 00daa00000 page 2M
> May 17 19:12:01 vostro kernel: [    0.000000]  00daa00000 - 00daa89000 page 4k
> May 17 19:12:01 vostro kernel: [    0.000000] kernel direct mapping tables up to daa89000 @ 1fffa000-20000000
> May 17 19:12:01 vostro kernel: [    0.000000] init_memory_mapping: 0000000100000000-000000041fe00000
> May 17 19:12:01 vostro kernel: [    0.000000]  0100000000 - 041fe00000 page 2M
> May 17 19:12:01 vostro kernel: [    0.000000] kernel direct mapping tables up to 41fe00000 @ daa77000-daa89000
> May 17 19:12:01 vostro kernel: [    0.000000] ACPI: RSDP 00000000000f0410 00024 (v02   DELL)
> May 17 19:12:01 vostro kernel: [    0.000000] ACPI: XSDT 00000000dafe8078 00074 (v01 DELL    WN09    01072009 AMI  00010013)
> May 17 19:12:01 vostro kernel: [    0.000000] ACPI: FACP 00000000daff1d08 000F4 (v04   DELL     WN09 01072009 AMI  00010013)
> May 17 19:12:01 vostro kernel: [    0.000000] ACPI: DSDT 00000000dafe8180 09B85 (v02   DELL     WN09 00000000 INTL 20051117)
> May 17 19:12:01 vostro kernel: [    0.000000] ACPI: FACS 00000000dafe3f80 00040
> May 17 19:12:01 vostro kernel: [    0.000000] ACPI: APIC 00000000daff1e00 00072 (v03   DELL     WN09 01072009 AMI  00010013)
> May 17 19:12:01 vostro kernel: [    0.000000] ACPI: MCFG 00000000daff1e78 0003C (v01   DELL     WN09 01072009 MSFT 00000097)
> May 17 19:12:01 vostro kernel: [    0.000000] ACPI: SSDT 00000000daff1eb8 004B0 (v01 TrmRef PtidDevc 00001000 INTL 20091112)
> May 17 19:12:01 vostro kernel: [    0.000000] ACPI: SLIC 00000000daff2368 00176 (v01 DELL    WN09    01072009 AMI  00010013)
> May 17 19:12:01 vostro kernel: [    0.000000] ACPI: HPET 00000000daff24e0 00038 (v01   DELL     WN09 01072009 AMI. 00000004)
> May 17 19:12:01 vostro kernel: [    0.000000] ACPI: SSDT 00000000daff2518 00846 (v01  PmRef  Cpu0Ist 00003000 INTL 20051117)
> May 17 19:12:01 vostro kernel: [    0.000000] ACPI: SSDT 00000000daff2d60 00996 (v01  PmRef    CpuPm 00003000 INTL 20051117)
> May 17 19:12:01 vostro kernel: [    0.000000] ACPI: DMAR 00000000daff36f8 000E8 (v01 INTEL      SNB  00000001 INTL 00000001)
> May 17 19:12:01 vostro kernel: [    0.000000] ACPI: OSFR 00000000daff37e0 00086 (v01 DELL    M08     07DC0316 ASL  00000061)
> May 17 19:12:01 vostro kernel: [    0.000000] ACPI: Local APIC address 0xfee00000
> May 17 19:12:01 vostro kernel: [    0.000000] No NUMA configuration found
> May 17 19:12:01 vostro kernel: [    0.000000] Faking a node at 0000000000000000-000000041fe00000
> May 17 19:12:01 vostro kernel: [    0.000000] Initmem setup node 0 0000000000000000-000000041fe00000
> May 17 19:12:01 vostro kernel: [    0.000000]   NODE_DATA [000000041fdfc000 - 000000041fdfffff]
> May 17 19:12:01 vostro kernel: [    0.000000]  [ffffea0000000000-ffffea000e7fffff] PMD -> [ffff88040f400000-ffff88041d5fffff] on node 0
> May 17 19:12:01 vostro kernel: [    0.000000] Zone PFN ranges:
> May 17 19:12:01 vostro kernel: [    0.000000]   DMA      0x00000010 -> 0x00001000
> May 17 19:12:01 vostro kernel: [    0.000000]   DMA32    0x00001000 -> 0x00100000
> May 17 19:12:01 vostro kernel: [    0.000000]   Normal   0x00100000 -> 0x0041fe00
> May 17 19:12:01 vostro kernel: [    0.000000] Movable zone start PFN for each node
> May 17 19:12:01 vostro kernel: [    0.000000] Early memory PFN ranges
> May 17 19:12:01 vostro kernel: [    0.000000]     0: 0x00000010 -> 0x0000009d
> May 17 19:12:01 vostro kernel: [    0.000000]     0: 0x00000100 -> 0x00020000
> May 17 19:12:01 vostro kernel: [    0.000000]     0: 0x00020200 -> 0x00040000
> May 17 19:12:01 vostro kernel: [    0.000000]     0: 0x00040200 -> 0x000da4e5
> May 17 19:12:01 vostro kernel: [    0.000000]     0: 0x000da528 -> 0x000da793
> May 17 19:12:01 vostro kernel: [    0.000000]     0: 0x000da967 -> 0x000daa89
> May 17 19:12:01 vostro kernel: [    0.000000]     0: 0x00100000 -> 0x0041fe00
> May 17 19:12:01 vostro kernel: [    0.000000] On node 0 totalpages: 4170239
> May 17 19:12:01 vostro kernel: [    0.000000]   DMA zone: 56 pages used for memmap
> May 17 19:12:01 vostro kernel: [    0.000000]   DMA zone: 5 pages reserved
> May 17 19:12:01 vostro kernel: [    0.000000]   DMA zone: 3920 pages, LIFO batch:0
> May 17 19:12:01 vostro kernel: [    0.000000]   DMA32 zone: 14280 pages used for memmap
> May 17 19:12:01 vostro kernel: [    0.000000]   DMA32 zone: 875690 pages, LIFO batch:31
> May 17 19:12:01 vostro kernel: [    0.000000]   Normal zone: 44793 pages used for memmap
> May 17 19:12:01 vostro kernel: [    0.000000]   Normal zone: 3231495 pages, LIFO batch:31
> May 17 19:12:01 vostro kernel: [    0.000000] ACPI: PM-Timer IO Port: 0x408
> May 17 19:12:01 vostro kernel: [    0.000000] ACPI: Local APIC address 0xfee00000
> May 17 19:12:01 vostro kernel: [    0.000000] ACPI: LAPIC (acpi_id[0x01] lapic_id[0x00] enabled)
> May 17 19:12:01 vostro kernel: [    0.000000] ACPI: LAPIC (acpi_id[0x02] lapic_id[0x02] enabled)
> May 17 19:12:01 vostro kernel: [    0.000000] ACPI: LAPIC (acpi_id[0x03] lapic_id[0x01] enabled)
> May 17 19:12:01 vostro kernel: [    0.000000] ACPI: LAPIC (acpi_id[0x04] lapic_id[0x03] enabled)
> May 17 19:12:01 vostro kernel: [    0.000000] ACPI: LAPIC_NMI (acpi_id[0xff] high edge lint[0x1])
> May 17 19:12:01 vostro kernel: [    0.000000] ACPI: IOAPIC (id[0x02] address[0xfec00000] gsi_base[0])
> May 17 19:12:01 vostro kernel: [    0.000000] IOAPIC[0]: apic_id 2, version 32, address 0xfec00000, GSI 0-23
> May 17 19:12:01 vostro kernel: [    0.000000] ACPI: INT_SRC_OVR (bus 0 bus_irq 0 global_irq 2 dfl dfl)
> May 17 19:12:01 vostro kernel: [    0.000000] ACPI: INT_SRC_OVR (bus 0 bus_irq 9 global_irq 9 high level)
> May 17 19:12:01 vostro kernel: [    0.000000] ACPI: IRQ0 used by override.
> May 17 19:12:01 vostro kernel: [    0.000000] ACPI: IRQ2 used by override.
> May 17 19:12:01 vostro kernel: [    0.000000] ACPI: IRQ9 used by override.
> May 17 19:12:01 vostro kernel: [    0.000000] Using ACPI (MADT) for SMP configuration information
> May 17 19:12:01 vostro kernel: [    0.000000] ACPI: HPET id: 0x8086a701 base: 0xfed00000
> May 17 19:12:01 vostro kernel: [    0.000000] SMP: Allowing 4 CPUs, 0 hotplug CPUs
> May 17 19:12:01 vostro kernel: [    0.000000] nr_irqs_gsi: 40
> May 17 19:12:01 vostro kernel: [    0.000000] PM: Registered nosave memory: 000000000009d000 - 000000000009e000
> May 17 19:12:01 vostro kernel: [    0.000000] PM: Registered nosave memory: 000000000009e000 - 00000000000a0000
> May 17 19:12:01 vostro kernel: [    0.000000] PM: Registered nosave memory: 00000000000a0000 - 00000000000e0000
> May 17 19:12:01 vostro kernel: [    0.000000] PM: Registered nosave memory: 00000000000e0000 - 0000000000100000
> May 17 19:12:01 vostro kernel: [    0.000000] PM: Registered nosave memory: 0000000020000000 - 0000000020200000
> May 17 19:12:01 vostro kernel: [    0.000000] PM: Registered nosave memory: 0000000040000000 - 0000000040200000
> May 17 19:12:01 vostro kernel: [    0.000000] PM: Registered nosave memory: 00000000da4e5000 - 00000000da528000
> May 17 19:12:01 vostro kernel: [    0.000000] PM: Registered nosave memory: 00000000da793000 - 00000000da967000
> May 17 19:12:01 vostro kernel: [    0.000000] PM: Registered nosave memory: 00000000daa89000 - 00000000dad68000
> May 17 19:12:01 vostro kernel: [    0.000000] PM: Registered nosave memory: 00000000dad68000 - 00000000dafe8000
> May 17 19:12:01 vostro kernel: [    0.000000] PM: Registered nosave memory: 00000000dafe8000 - 00000000db000000
> May 17 19:12:01 vostro kernel: [    0.000000] PM: Registered nosave memory: 00000000db000000 - 00000000db800000
> May 17 19:12:01 vostro kernel: [    0.000000] PM: Registered nosave memory: 00000000db800000 - 00000000dfa00000
> May 17 19:12:01 vostro kernel: [    0.000000] PM: Registered nosave memory: 00000000dfa00000 - 00000000f8000000
> May 17 19:12:01 vostro kernel: [    0.000000] PM: Registered nosave memory: 00000000f8000000 - 00000000fc000000
> May 17 19:12:01 vostro kernel: [    0.000000] PM: Registered nosave memory: 00000000fc000000 - 00000000fec00000
> May 17 19:12:01 vostro kernel: [    0.000000] PM: Registered nosave memory: 00000000fec00000 - 00000000fec01000
> May 17 19:12:01 vostro kernel: [    0.000000] PM: Registered nosave memory: 00000000fec01000 - 00000000fed00000
> May 17 19:12:01 vostro kernel: [    0.000000] PM: Registered nosave memory: 00000000fed00000 - 00000000fed04000
> May 17 19:12:01 vostro kernel: [    0.000000] PM: Registered nosave memory: 00000000fed04000 - 00000000fed1c000
> May 17 19:12:01 vostro kernel: [    0.000000] PM: Registered nosave memory: 00000000fed1c000 - 00000000fed20000
> May 17 19:12:01 vostro kernel: [    0.000000] PM: Registered nosave memory: 00000000fed20000 - 00000000fee00000
> May 17 19:12:01 vostro kernel: [    0.000000] PM: Registered nosave memory: 00000000fee00000 - 00000000fee01000
> May 17 19:12:01 vostro kernel: [    0.000000] PM: Registered nosave memory: 00000000fee01000 - 00000000ff000000
> May 17 19:12:01 vostro kernel: [    0.000000] PM: Registered nosave memory: 00000000ff000000 - 0000000100000000
> May 17 19:12:01 vostro kernel: [    0.000000] Allocating PCI resources starting at dfa00000 (gap: dfa00000:18600000)
> May 17 19:12:01 vostro kernel: [    0.000000] setup_percpu: NR_CPUS:4 nr_cpumask_bits:4 nr_cpu_ids:4 nr_node_ids:1
> May 17 19:12:01 vostro kernel: [    0.000000] PERCPU: Embedded 25 pages/cpu @ffff88041fa00000 s72448 r8192 d21760 u524288
> May 17 19:12:01 vostro kernel: [    0.000000] pcpu-alloc: s72448 r8192 d21760 u524288 alloc=1*2097152
> May 17 19:12:01 vostro kernel: [    0.000000] pcpu-alloc: [0] 0 1 2 3 
> May 17 19:12:01 vostro kernel: [    0.000000] Built 1 zonelists in Zone order, mobility grouping on.  Total pages: 4111105
> May 17 19:12:01 vostro kernel: [    0.000000] Policy zone: Normal
> May 17 19:12:01 vostro kernel: [    0.000000] Kernel command line: root=/dev/sda5 pciehp.pciehp_debug=1 console=ttyUSB0,115200n8 console=tty0 log_buf_len=409600
> May 17 19:12:01 vostro kernel: [    0.000000] PID hash table entries: 4096 (order: 3, 32768 bytes)
> May 17 19:12:01 vostro kernel: [    0.000000] xsave/xrstor: enabled xstate_bv 0x7, cntxt size 0x340
> May 17 19:12:01 vostro kernel: [    0.000000] Checking aperture...
> May 17 19:12:01 vostro kernel: [    0.000000] No AGP bridge found
> May 17 19:12:01 vostro kernel: [    0.000000] Memory: 16369792k/17299456k available (6079k kernel code, 618500k absent, 311164k reserved, 3762k data, 552k init)
> May 17 19:12:01 vostro kernel: [    0.000000] Hierarchical RCU implementation.
> May 17 19:12:01 vostro kernel: [    0.000000]   RCU dyntick-idle grace-period acceleration is enabled.
> May 17 19:12:01 vostro kernel: [    0.000000] NR_IRQS:4352 nr_irqs:712 16
> May 17 19:12:01 vostro kernel: [    0.000000] Extended CMOS year: 2000
> May 17 19:12:01 vostro kernel: [    0.000000] Console: colour VGA+ 80x25
> May 17 19:12:01 vostro kernel: [    0.000000] console [tty0] enabled
> May 17 19:12:01 vostro kernel: [    0.000000] hpet clockevent registered
> May 17 19:12:01 vostro kernel: [    0.000000] Fast TSC calibration using PIT
> May 17 19:12:01 vostro kernel: [    0.010000] Detected 2793.451 MHz processor.
> May 17 19:12:01 vostro kernel: [    0.000002] Calibrating delay loop (skipped), value calculated using timer frequency.. 5586.90 BogoMIPS (lpj=27934510)
> May 17 19:12:01 vostro kernel: [    0.000192] pid_max: default: 32768 minimum: 301
> May 17 19:12:01 vostro kernel: [    0.001166] Dentry cache hash table entries: 2097152 (order: 12, 16777216 bytes)
> May 17 19:12:01 vostro kernel: [    0.004185] Inode-cache hash table entries: 1048576 (order: 11, 8388608 bytes)
> May 17 19:12:01 vostro kernel: [    0.005578] Mount-cache hash table entries: 256
> May 17 19:12:01 vostro kernel: [    0.005840] CPU: Physical Processor ID: 0
> May 17 19:12:01 vostro kernel: [    0.005933] CPU: Processor Core ID: 0
> May 17 19:12:01 vostro kernel: [    0.006025] ENERGY_PERF_BIAS: Set to 'normal', was 'performance'
> May 17 19:12:01 vostro kernel: [    0.006026] ENERGY_PERF_BIAS: View and update with x86_energy_perf_policy(8)
> May 17 19:12:01 vostro kernel: [    0.006218] mce: CPU supports 7 MCE banks
> May 17 19:12:01 vostro kernel: [    0.006319] CPU0: Thermal monitoring enabled (TM1)
> May 17 19:12:01 vostro kernel: [    0.006416] using mwait in idle threads.
> May 17 19:12:01 vostro kernel: [    0.006567] ACPI: Core revision 20120320
> May 17 19:12:01 vostro kernel: [    0.020682] DMAR: Host address width 36
> May 17 19:12:01 vostro kernel: [    0.020776] DMAR: DRHD base: 0x000000fed90000 flags: 0x0
> May 17 19:12:01 vostro kernel: [    0.020875] IOMMU 0: reg_base_addr fed90000 ver 1:0 cap c0000020e60262 ecap f0101a
> May 17 19:12:01 vostro kernel: [    0.021020] DMAR: DRHD base: 0x000000fed91000 flags: 0x1
> May 17 19:12:01 vostro kernel: [    0.021118] IOMMU 1: reg_base_addr fed91000 ver 1:0 cap c9008020660262 ecap f0105a
> May 17 19:12:01 vostro kernel: [    0.021263] DMAR: RMRR base: 0x000000dad53000 end: 0x000000dad61fff
> May 17 19:12:01 vostro kernel: [    0.021359] DMAR: RMRR base: 0x000000db800000 end: 0x000000df9fffff
> May 17 19:12:01 vostro kernel: [    0.021524] IOAPIC id 2 under DRHD base  0xfed91000 IOMMU 1
> May 17 19:12:01 vostro kernel: [    0.021618] HPET id 0 under DRHD base 0xfed91000
> May 17 19:12:01 vostro kernel: [    0.021711] HPET id 0 under DRHD base 0xfed91000
> May 17 19:12:01 vostro kernel: [    0.021805] HPET id 0 under DRHD base 0xfed91000
> May 17 19:12:01 vostro kernel: [    0.021898] HPET id 0 under DRHD base 0xfed91000
> May 17 19:12:01 vostro kernel: [    0.021991] HPET id 0 under DRHD base 0xfed91000
> May 17 19:12:01 vostro kernel: [    0.022084] HPET id 0 under DRHD base 0xfed91000
> May 17 19:12:01 vostro kernel: [    0.022178] HPET id 0 under DRHD base 0xfed91000
> May 17 19:12:01 vostro kernel: [    0.022271] HPET id 0 under DRHD base 0xfed91000
> May 17 19:12:01 vostro kernel: [    0.022524] Enabled IRQ remapping in x2apic mode
> May 17 19:12:01 vostro kernel: [    0.022617] Enabling x2apic
> May 17 19:12:01 vostro kernel: [    0.022706] Enabled x2apic
> May 17 19:12:01 vostro kernel: [    0.022800] Switched APIC routing to cluster x2apic.
> May 17 19:12:01 vostro kernel: [    0.023330] ..TIMER: vector=0x30 apic1=0 pin1=2 apic2=-1 pin2=-1
> May 17 19:12:01 vostro kernel: [    0.123274] CPU0: Intel(R) Core(TM) i7-2640M CPU @ 2.80GHz stepping 07
> May 17 19:12:01 vostro kernel: [    0.236665] Performance Events: PEBS fmt1+, 16-deep LBR, SandyBridge events, Intel PMU driver.
> May 17 19:12:01 vostro kernel: [    0.236969] PEBS disabled due to CPU errata.
> May 17 19:12:01 vostro kernel: [    0.237063] ... version:                3
> May 17 19:12:01 vostro kernel: [    0.237155] ... bit width:              48
> May 17 19:12:01 vostro kernel: [    0.237246] ... generic registers:      4
> May 17 19:12:01 vostro kernel: [    0.237339] ... value mask:             0000ffffffffffff
> May 17 19:12:01 vostro kernel: [    0.237432] ... max period:             000000007fffffff
> May 17 19:12:01 vostro kernel: [    0.237526] ... fixed-purpose events:   3
> May 17 19:12:01 vostro kernel: [    0.237618] ... event mask:             000000070000000f
> May 17 19:12:01 vostro kernel: [    0.237799] NMI watchdog: enabled, takes one hw-pmu counter.
> May 17 19:12:01 vostro kernel: [    0.237969] Booting Node   0, Processors  #1
> May 17 19:12:01 vostro kernel: [    0.251166] NMI watchdog: enabled, takes one hw-pmu counter.
> May 17 19:12:01 vostro kernel: [    0.251426]  #2
> May 17 19:12:01 vostro kernel: [    0.264542] NMI watchdog: enabled, takes one hw-pmu counter.
> May 17 19:12:01 vostro kernel: [    0.264717]  #3 Ok.
> May 17 19:12:01 vostro kernel: [    0.277834] NMI watchdog: enabled, takes one hw-pmu counter.
> May 17 19:12:01 vostro kernel: [    0.277953] Brought up 4 CPUs
> May 17 19:12:01 vostro kernel: [    0.278045] Total of 4 processors activated (22347.60 BogoMIPS).
> May 17 19:12:01 vostro kernel: [    0.281072] devtmpfs: initialized
> May 17 19:12:01 vostro kernel: [    0.281400] PM: Registering ACPI NVS region [mem 0xda4e5000-0xda527fff] (274432 bytes)
> May 17 19:12:01 vostro kernel: [    0.281556] PM: Registering ACPI NVS region [mem 0xdad68000-0xdafe7fff] (2621440 bytes)
> May 17 19:12:01 vostro kernel: [    0.281824] xor: automatically using best checksumming function: generic_sse
> May 17 19:12:01 vostro kernel: [    0.326530]    generic_sse: 12452.000 MB/sec
> May 17 19:12:01 vostro kernel: [    0.326622] xor: using function: generic_sse (12452.000 MB/sec)
> May 17 19:12:01 vostro kernel: [    0.326850] dummy: 
> May 17 19:12:01 vostro kernel: [    0.327009] NET: Registered protocol family 16
> May 17 19:12:01 vostro kernel: [    0.327458] i2c-core: driver [dummy] registered
> May 17 19:12:01 vostro kernel: [    0.327523] ACPI: bus type pci registered
> May 17 19:12:01 vostro kernel: [    0.327698] dca service started, version 1.12.1
> May 17 19:12:01 vostro kernel: [    0.327820] PCI: MMCONFIG for domain 0000 [bus 00-3f] at [mem 0xf8000000-0xfbffffff] (base 0xf8000000)
> May 17 19:12:01 vostro kernel: [    0.327969] PCI: MMCONFIG at [mem 0xf8000000-0xfbffffff] reserved in E820
> May 17 19:12:01 vostro kernel: [    0.335075] PCI: Using configuration type 1 for base access
> May 17 19:12:01 vostro kernel: [    0.341896] bio: create slab <bio-0> at 0
> May 17 19:12:01 vostro kernel: [    0.506263] raid6: int64x1   2930 MB/s
> May 17 19:12:01 vostro kernel: [    0.676018] raid6: int64x2   2971 MB/s
> May 17 19:12:01 vostro kernel: [    0.845760] raid6: int64x4   2729 MB/s
> May 17 19:12:01 vostro kernel: [    1.015508] raid6: int64x8   1733 MB/s
> May 17 19:12:01 vostro kernel: [    1.185247] raid6: sse2x1    7562 MB/s
> May 17 19:12:01 vostro kernel: [    1.354994] raid6: sse2x2    9300 MB/s
> May 17 19:12:01 vostro kernel: [    1.524744] raid6: sse2x4   10484 MB/s
> May 17 19:12:01 vostro kernel: [    1.524746] raid6: using algorithm sse2x4 (10484 MB/s)
> May 17 19:12:01 vostro kernel: [    1.524789] ACPI: Added _OSI(Module Device)
> May 17 19:12:01 vostro kernel: [    1.524882] ACPI: Added _OSI(Processor Device)
> May 17 19:12:01 vostro kernel: [    1.524975] ACPI: Added _OSI(3.0 _SCP Extensions)
> May 17 19:12:01 vostro kernel: [    1.525068] ACPI: Added _OSI(Processor Aggregator Device)
> May 17 19:12:01 vostro kernel: [    1.526346] ACPI: EC: Look up EC in DSDT
> May 17 19:12:01 vostro kernel: [    1.527669] ACPI: Executed 1 blocks of module-level executable AML code
> May 17 19:12:01 vostro kernel: [    1.532645] [Firmware Bug]: ACPI: BIOS _OSI(Linux) query ignored
> May 17 19:12:01 vostro kernel: [    1.537094] ACPI: SSDT 00000000dad51698 0064F (v01  PmRef  Cpu0Cst 00003001 INTL 20051117)
> May 17 19:12:01 vostro kernel: [    1.537413] ACPI: Dynamic OEM Table Load:
> May 17 19:12:01 vostro kernel: [    1.537415] ACPI: SSDT           (null) 0064F (v01  PmRef  Cpu0Cst 00003001 INTL 20051117)
> May 17 19:12:01 vostro kernel: [    1.537698] ACPI: SSDT 00000000dad52a98 00303 (v01  PmRef    ApIst 00003000 INTL 20051117)
> May 17 19:12:01 vostro kernel: [    1.538055] ACPI: Dynamic OEM Table Load:
> May 17 19:12:01 vostro kernel: [    1.538058] ACPI: SSDT           (null) 00303 (v01  PmRef    ApIst 00003000 INTL 20051117)
> May 17 19:12:01 vostro kernel: [    1.552906] ACPI: SSDT 00000000dad50d98 00119 (v01  PmRef    ApCst 00003000 INTL 20051117)
> May 17 19:12:01 vostro kernel: [    1.553215] ACPI: Dynamic OEM Table Load:
> May 17 19:12:01 vostro kernel: [    1.553217] ACPI: SSDT           (null) 00119 (v01  PmRef    ApCst 00003000 INTL 20051117)
> May 17 19:12:01 vostro kernel: [    1.553777] ACPI: Interpreter enabled
> May 17 19:12:01 vostro kernel: [    1.553870] ACPI: (supports S0 S1 S3 S4 S5)
> May 17 19:12:01 vostro kernel: [    1.554176] ACPI: Using IOAPIC for interrupt routing
> May 17 19:12:01 vostro kernel: [    1.584871] ACPI: No dock devices found.
> May 17 19:12:01 vostro kernel: [    1.584968] PCI: Using host bridge windows from ACPI; if necessary, use "pci=nocrs" and report a bug
> May 17 19:12:01 vostro kernel: [    1.585438] ACPI: PCI Root Bridge [PCI0] (domain 0000 [bus 00-3e])
> May 17 19:12:01 vostro kernel: [    1.585968] pci_root PNP0A08:00: host bridge window [io  0x0000-0x0cf7]
> May 17 19:12:01 vostro kernel: [    1.586065] pci_root PNP0A08:00: host bridge window [io  0x0d00-0xffff]
> May 17 19:12:01 vostro kernel: [    1.586161] pci_root PNP0A08:00: host bridge window [mem 0x000a0000-0x000bffff]
> May 17 19:12:01 vostro kernel: [    1.586306] pci_root PNP0A08:00: host bridge window [mem 0x000d0000-0x000d3fff]
> May 17 19:12:01 vostro kernel: [    1.586451] pci_root PNP0A08:00: host bridge window [mem 0x000d4000-0x000d7fff]
> May 17 19:12:01 vostro kernel: [    1.587915] pci_root PNP0A08:00: host bridge window [mem 0x000d8000-0x000dbfff]
> May 17 19:12:01 vostro kernel: [    1.588059] pci_root PNP0A08:00: host bridge window [mem 0x000dc000-0x000dffff]
> May 17 19:12:01 vostro kernel: [    1.588203] pci_root PNP0A08:00: host bridge window [mem 0x000e0000-0x000e3fff]
> May 17 19:12:01 vostro kernel: [    1.588348] pci_root PNP0A08:00: host bridge window [mem 0x000e4000-0x000e7fff]
> May 17 19:12:01 vostro kernel: [    1.588492] pci_root PNP0A08:00: host bridge window [mem 0xdfa00000-0xfeafffff]
> May 17 19:12:01 vostro kernel: [    1.588637] pci_root PNP0A08:00: host bridge window [mem 0xfed40000-0xfed44fff]
> May 17 19:12:01 vostro kernel: [    1.588824] PCI host bridge to bus 0000:00
> May 17 19:12:01 vostro kernel: [    1.588918] pci_bus 0000:00: root bus resource [io  0x0000-0x0cf7]
> May 17 19:12:01 vostro kernel: [    1.589013] pci_bus 0000:00: root bus resource [io  0x0d00-0xffff]
> May 17 19:12:01 vostro kernel: [    1.589108] pci_bus 0000:00: root bus resource [mem 0x000a0000-0x000bffff]
> May 17 19:12:01 vostro kernel: [    1.589205] pci_bus 0000:00: root bus resource [mem 0x000d0000-0x000d3fff]
> May 17 19:12:01 vostro kernel: [    1.589302] pci_bus 0000:00: root bus resource [mem 0x000d4000-0x000d7fff]
> May 17 19:12:01 vostro kernel: [    1.589398] pci_bus 0000:00: root bus resource [mem 0x000d8000-0x000dbfff]
> May 17 19:12:01 vostro kernel: [    1.589495] pci_bus 0000:00: root bus resource [mem 0x000dc000-0x000dffff]
> May 17 19:12:01 vostro kernel: [    1.589592] pci_bus 0000:00: root bus resource [mem 0x000e0000-0x000e3fff]
> May 17 19:12:01 vostro kernel: [    1.589690] pci_bus 0000:00: root bus resource [mem 0x000e4000-0x000e7fff]
> May 17 19:12:01 vostro kernel: [    1.589787] pci_bus 0000:00: root bus resource [mem 0xdfa00000-0xfeafffff]
> May 17 19:12:01 vostro kernel: [    1.589884] pci_bus 0000:00: root bus resource [mem 0xfed40000-0xfed44fff]
> May 17 19:12:01 vostro kernel: [    1.589979] pci_bus 0000:00: scanning bus
> May 17 19:12:01 vostro kernel: [    1.589986] pci 0000:00:00.0: [8086:0104] type 00 class 0x060000
> May 17 19:12:01 vostro kernel: [    1.589993] pci 0000:00:00.0: calling quirk_mmio_always_on+0x0/0xa
> May 17 19:12:01 vostro kernel: [    1.590024] pci 0000:00:02.0: [8086:0126] type 00 class 0x030000
> May 17 19:12:01 vostro kernel: [    1.590033] pci 0000:00:02.0: reg 10: [mem 0xf6800000-0xf6bfffff 64bit]
> May 17 19:12:01 vostro kernel: [    1.590038] pci 0000:00:02.0: reg 18: [mem 0xe0000000-0xefffffff 64bit pref]
> May 17 19:12:01 vostro kernel: [    1.590042] pci 0000:00:02.0: reg 20: [io  0xf000-0xf03f]
> May 17 19:12:01 vostro kernel: [    1.590092] pci 0000:00:16.0: [8086:1c3a] type 00 class 0x078000
> May 17 19:12:01 vostro kernel: [    1.590115] pci 0000:00:16.0: reg 10: [mem 0xf7f0a000-0xf7f0a00f 64bit]
> May 17 19:12:01 vostro kernel: [    1.590189] pci 0000:00:16.0: PME# supported from D0 D3hot D3cold
> May 17 19:12:01 vostro kernel: [    1.590193] pci 0000:00:16.0: PME# disabled
> May 17 19:12:01 vostro kernel: [    1.590224] pci 0000:00:1a.0: [8086:1c2d] type 00 class 0x0c0320
> May 17 19:12:01 vostro kernel: [    1.590244] pci 0000:00:1a.0: reg 10: [mem 0xf7f08000-0xf7f083ff]
> May 17 19:12:01 vostro kernel: [    1.590332] pci 0000:00:1a.0: PME# supported from D0 D3hot D3cold
> May 17 19:12:01 vostro kernel: [    1.590336] pci 0000:00:1a.0: PME# disabled
> May 17 19:12:01 vostro kernel: [    1.590360] pci 0000:00:1b.0: [8086:1c20] type 00 class 0x040300
> May 17 19:12:01 vostro kernel: [    1.590374] pci 0000:00:1b.0: reg 10: [mem 0xf7f00000-0xf7f03fff 64bit]
> May 17 19:12:01 vostro kernel: [    1.590440] pci 0000:00:1b.0: PME# supported from D0 D3hot D3cold
> May 17 19:12:01 vostro kernel: [    1.590444] pci 0000:00:1b.0: PME# disabled
> May 17 19:12:01 vostro kernel: [    1.590466] pci 0000:00:1c.0: [8086:1c10] type 01 class 0x060400
> May 17 19:12:01 vostro kernel: [    1.590505] pci 0000:00:1c.0: calling pci_fixup_transparent_bridge+0x0/0x1d
> May 17 19:12:01 vostro kernel: [    1.590546] pci 0000:00:1c.0: PME# supported from D0 D3hot D3cold
> May 17 19:12:01 vostro kernel: [    1.590550] pci 0000:00:1c.0: PME# disabled
> May 17 19:12:01 vostro kernel: [    1.590574] pci 0000:00:1c.1: [8086:1c12] type 01 class 0x060400
> May 17 19:12:01 vostro kernel: [    1.590612] pci 0000:00:1c.1: calling pci_fixup_transparent_bridge+0x0/0x1d
> May 17 19:12:01 vostro kernel: [    1.590653] pci 0000:00:1c.1: PME# supported from D0 D3hot D3cold
> May 17 19:12:01 vostro kernel: [    1.590657] pci 0000:00:1c.1: PME# disabled
> May 17 19:12:01 vostro kernel: [    1.590681] pci 0000:00:1c.3: [8086:1c16] type 01 class 0x060400
> May 17 19:12:01 vostro kernel: [    1.590718] pci 0000:00:1c.3: calling pci_fixup_transparent_bridge+0x0/0x1d
> May 17 19:12:01 vostro kernel: [    1.590760] pci 0000:00:1c.3: PME# supported from D0 D3hot D3cold
> May 17 19:12:01 vostro kernel: [    1.590764] pci 0000:00:1c.3: PME# disabled
> May 17 19:12:01 vostro kernel: [    1.590792] pci 0000:00:1c.4: [8086:1c18] type 01 class 0x060400
> May 17 19:12:01 vostro kernel: [    1.590854] pci 0000:00:1c.4: calling pci_fixup_transparent_bridge+0x0/0x1d
> May 17 19:12:01 vostro kernel: [    1.590924] pci 0000:00:1c.4: PME# supported from D0 D3hot D3cold
> May 17 19:12:01 vostro kernel: [    1.590930] pci 0000:00:1c.4: PME# disabled
> May 17 19:12:01 vostro kernel: [    1.590968] pci 0000:00:1c.7: [8086:1c1e] type 01 class 0x060400
> May 17 19:12:01 vostro kernel: [    1.591031] pci 0000:00:1c.7: calling pci_fixup_transparent_bridge+0x0/0x1d
> May 17 19:12:01 vostro kernel: [    1.591102] pci 0000:00:1c.7: PME# supported from D0 D3hot D3cold
> May 17 19:12:01 vostro kernel: [    1.591107] pci 0000:00:1c.7: PME# disabled
> May 17 19:12:01 vostro kernel: [    1.591143] pci 0000:00:1d.0: [8086:1c26] type 00 class 0x0c0320
> May 17 19:12:01 vostro kernel: [    1.591163] pci 0000:00:1d.0: reg 10: [mem 0xf7f07000-0xf7f073ff]
> May 17 19:12:01 vostro kernel: [    1.591251] pci 0000:00:1d.0: PME# supported from D0 D3hot D3cold
> May 17 19:12:01 vostro kernel: [    1.591255] pci 0000:00:1d.0: PME# disabled
> May 17 19:12:01 vostro kernel: [    1.591278] pci 0000:00:1f.0: [8086:1c4b] type 00 class 0x060100
> May 17 19:12:01 vostro kernel: [    1.591399] pci 0000:00:1f.2: [8086:1c03] type 00 class 0x010601
> May 17 19:12:01 vostro kernel: [    1.591417] pci 0000:00:1f.2: reg 10: [io  0xf0b0-0xf0b7]
> May 17 19:12:01 vostro kernel: [    1.591424] pci 0000:00:1f.2: reg 14: [io  0xf0a0-0xf0a3]
> May 17 19:12:01 vostro kernel: [    1.591432] pci 0000:00:1f.2: reg 18: [io  0xf090-0xf097]
> May 17 19:12:01 vostro kernel: [    1.591440] pci 0000:00:1f.2: reg 1c: [io  0xf080-0xf083]
> May 17 19:12:01 vostro kernel: [    1.591448] pci 0000:00:1f.2: reg 20: [io  0xf060-0xf07f]
> May 17 19:12:01 vostro kernel: [    1.591455] pci 0000:00:1f.2: reg 24: [mem 0xf7f06000-0xf7f067ff]
> May 17 19:12:01 vostro kernel: [    1.591499] pci 0000:00:1f.2: PME# supported from D3hot
> May 17 19:12:01 vostro kernel: [    1.591503] pci 0000:00:1f.2: PME# disabled
> May 17 19:12:01 vostro kernel: [    1.591519] pci 0000:00:1f.3: [8086:1c22] type 00 class 0x0c0500
> May 17 19:12:01 vostro kernel: [    1.591533] pci 0000:00:1f.3: reg 10: [mem 0xf7f05000-0xf7f050ff 64bit]
> May 17 19:12:01 vostro kernel: [    1.591554] pci 0000:00:1f.3: reg 20: [io  0xf040-0xf05f]
> May 17 19:12:01 vostro kernel: [    1.591580] pci_bus 0000:00: fixups for bus
> May 17 19:12:01 vostro kernel: [    1.591584] pci 0000:00:1c.0: scanning [bus 03-04] behind bridge, pass 0
> May 17 19:12:01 vostro kernel: [    1.591623] pci_bus 0000:03: scanning bus
> May 17 19:12:01 vostro kernel: [    1.591626] pci_bus 0000:03: fixups for bus
> May 17 19:12:01 vostro kernel: [    1.591628] pci 0000:00:1c.0: PCI bridge to [bus 03-04]
> May 17 19:12:01 vostro kernel: [    1.591730] pci_bus 0000:03: bus scan returning with max=03
> May 17 19:12:01 vostro kernel: [    1.591734] pci 0000:00:1c.1: scanning [bus 05-06] behind bridge, pass 0
> May 17 19:12:01 vostro kernel: [    1.591773] pci_bus 0000:05: scanning bus
> May 17 19:12:01 vostro kernel: [    1.591799] pci 0000:05:00.0: [10ec:8168] type 00 class 0x020000
> May 17 19:12:01 vostro kernel: [    1.591818] pci 0000:05:00.0: reg 10: [io  0xe000-0xe0ff]
> May 17 19:12:01 vostro kernel: [    1.591852] pci 0000:05:00.0: reg 18: [mem 0xf1104000-0xf1104fff 64bit pref]
> May 17 19:12:01 vostro kernel: [    1.591874] pci 0000:05:00.0: reg 20: [mem 0xf1100000-0xf1103fff 64bit pref]
> May 17 19:12:01 vostro kernel: [    1.591964] pci 0000:05:00.0: supports D1 D2
> May 17 19:12:01 vostro kernel: [    1.591966] pci 0000:05:00.0: PME# supported from D0 D1 D2 D3hot D3cold
> May 17 19:12:01 vostro kernel: [    1.591971] pci 0000:05:00.0: PME# disabled
> May 17 19:12:01 vostro kernel: [    1.604675] pci_bus 0000:05: fixups for bus
> May 17 19:12:01 vostro kernel: [    1.604680] pci 0000:00:1c.1: PCI bridge to [bus 05-06]
> May 17 19:12:01 vostro kernel: [    1.604809] pci 0000:00:1c.1:   bridge window [io  0xe000-0xefff]
> May 17 19:12:01 vostro kernel: [    1.604817] pci 0000:00:1c.1:   bridge window [mem 0xf1100000-0xf11fffff 64bit pref]
> May 17 19:12:01 vostro kernel: [    1.604818] pci_bus 0000:05: bus scan returning with max=05
> May 17 19:12:01 vostro kernel: [    1.604823] pci 0000:00:1c.3: scanning [bus 09-0a] behind bridge, pass 0
> May 17 19:12:01 vostro kernel: [    1.604863] pci_bus 0000:09: scanning bus
> May 17 19:12:01 vostro kernel: [    1.605010] pci 0000:09:00.0: [8086:008a] type 00 class 0x028000
> May 17 19:12:01 vostro kernel: [    1.605157] pci 0000:09:00.0: reg 10: [mem 0xf7e00000-0xf7e01fff 64bit]
> May 17 19:12:01 vostro kernel: [    1.605864] pci 0000:09:00.0: PME# supported from D0 D3hot D3cold
> May 17 19:12:01 vostro kernel: [    1.605898] pci 0000:09:00.0: PME# disabled
> May 17 19:12:01 vostro kernel: [    1.624787] pci_bus 0000:09: fixups for bus
> May 17 19:12:01 vostro kernel: [    1.624788] pci 0000:00:1c.3: PCI bridge to [bus 09-0a]
> May 17 19:12:01 vostro kernel: [    1.624887] pci 0000:00:1c.3:   bridge window [mem 0xf7e00000-0xf7efffff]
> May 17 19:12:01 vostro kernel: [    1.624893] pci_bus 0000:09: bus scan returning with max=09
> May 17 19:12:01 vostro kernel: [    1.624898] pci 0000:00:1c.4: scanning [bus 0b-0c] behind bridge, pass 0
> May 17 19:12:01 vostro kernel: [    1.624965] pci_bus 0000:0b: scanning bus
> May 17 19:12:01 vostro kernel: [    1.624991] pci 0000:0b:00.0: [104c:8241] type 00 class 0x0c0330
> May 17 19:12:01 vostro kernel: [    1.625016] pci 0000:0b:00.0: reg 10: [mem 0xf7d00000-0xf7d0ffff 64bit]
> May 17 19:12:01 vostro kernel: [    1.625036] pci 0000:0b:00.0: reg 18: [mem 0xf7d10000-0xf7d11fff 64bit]
> May 17 19:12:01 vostro kernel: [    1.625140] pci 0000:0b:00.0: supports D1 D2
> May 17 19:12:01 vostro kernel: [    1.625141] pci 0000:0b:00.0: PME# supported from D0 D1 D2 D3hot D3cold
> May 17 19:12:01 vostro kernel: [    1.625146] pci 0000:0b:00.0: PME# disabled
> May 17 19:12:01 vostro kernel: [    1.644611] pci_bus 0000:0b: fixups for bus
> May 17 19:12:01 vostro kernel: [    1.644616] pci 0000:00:1c.4: PCI bridge to [bus 0b-0c]
> May 17 19:12:01 vostro kernel: [    1.644747] pci 0000:00:1c.4:   bridge window [mem 0xf7d00000-0xf7dfffff]
> May 17 19:12:01 vostro kernel: [    1.644753] pci_bus 0000:0b: bus scan returning with max=0b
> May 17 19:12:01 vostro kernel: [    1.644758] pci 0000:00:1c.7: scanning [bus 11-16] behind bridge, pass 0
> May 17 19:12:01 vostro kernel: [    1.644797] pci_bus 0000:11: scanning bus
> May 17 19:12:01 vostro kernel: [    1.644800] pci_bus 0000:11: fixups for bus
> May 17 19:12:01 vostro kernel: [    1.644801] pci 0000:00:1c.7: PCI bridge to [bus 11-16]
> May 17 19:12:01 vostro kernel: [    1.644895] pci 0000:00:1c.7:   bridge window [io  0xc000-0xdfff]
> May 17 19:12:01 vostro kernel: [    1.644899] pci 0000:00:1c.7:   bridge window [mem 0xf6c00000-0xf7cfffff]
> May 17 19:12:01 vostro kernel: [    1.644906] pci 0000:00:1c.7:   bridge window [mem 0xf0000000-0xf10fffff 64bit pref]
> May 17 19:12:01 vostro kernel: [    1.644907] pci_bus 0000:11: bus scan returning with max=11
> May 17 19:12:01 vostro kernel: [    1.644912] pci 0000:00:1c.0: scanning [bus 03-04] behind bridge, pass 1
> May 17 19:12:01 vostro kernel: [    1.644918] pci 0000:00:1c.1: scanning [bus 05-06] behind bridge, pass 1
> May 17 19:12:01 vostro kernel: [    1.644924] pci 0000:00:1c.3: scanning [bus 09-0a] behind bridge, pass 1
> May 17 19:12:01 vostro kernel: [    1.644930] pci 0000:00:1c.4: scanning [bus 0b-0c] behind bridge, pass 1
> May 17 19:12:01 vostro kernel: [    1.644936] pci 0000:00:1c.7: scanning [bus 11-16] behind bridge, pass 1
> May 17 19:12:01 vostro kernel: [    1.644941] pci_bus 0000:00: bus scan returning with max=16
> May 17 19:12:01 vostro kernel: [    1.644944] ACPI: PCI Interrupt Routing Table [\_SB_.PCI0._PRT]
> May 17 19:12:01 vostro kernel: [    1.645113] ACPI: PCI Interrupt Routing Table [\_SB_.PCI0.RP01._PRT]
> May 17 19:12:01 vostro kernel: [    1.645150] ACPI: PCI Interrupt Routing Table [\_SB_.PCI0.RP02._PRT]
> May 17 19:12:01 vostro kernel: [    1.645189] ACPI: PCI Interrupt Routing Table [\_SB_.PCI0.RP04._PRT]
> May 17 19:12:01 vostro kernel: [    1.645225] ACPI: PCI Interrupt Routing Table [\_SB_.PCI0.RP05._PRT]
> May 17 19:12:01 vostro kernel: [    1.645277] ACPI: PCI Interrupt Routing Table [\_SB_.PCI0.RP08._PRT]
> May 17 19:12:01 vostro kernel: [    1.645406]  pci0000:00: Requesting ACPI _OSC control (0x1d)
> May 17 19:12:01 vostro kernel: [    1.645708]  pci0000:00: ACPI _OSC control (0x19) granted
> May 17 19:12:01 vostro kernel: [    1.650367] ACPI: PCI Interrupt Link [LNKA] (IRQs 3 4 5 6 10 *11 12 14 15)
> May 17 19:12:01 vostro kernel: [    1.650932] ACPI: PCI Interrupt Link [LNKB] (IRQs 3 4 *5 6 10 11 12 14 15)
> May 17 19:12:01 vostro kernel: [    1.651496] ACPI: PCI Interrupt Link [LNKC] (IRQs *3 4 5 6 10 11 12 14 15)
> May 17 19:12:01 vostro kernel: [    1.652050] ACPI: PCI Interrupt Link [LNKD] (IRQs 3 4 5 6 *10 11 12 14 15)
> May 17 19:12:01 vostro kernel: [    1.652608] ACPI: PCI Interrupt Link [LNKE] (IRQs 3 4 5 6 10 11 12 14 15) *0, disabled.
> May 17 19:12:01 vostro kernel: [    1.653298] ACPI: PCI Interrupt Link [LNKF] (IRQs 3 4 5 6 10 11 12 14 15) *0, disabled.
> May 17 19:12:01 vostro kernel: [    1.653988] ACPI: PCI Interrupt Link [LNKG] (IRQs 3 4 *5 6 10 11 12 14 15)
> May 17 19:12:01 vostro kernel: [    1.654556] ACPI: PCI Interrupt Link [LNKH] (IRQs 3 4 *5 6 10 11 12 14 15)
> May 17 19:12:01 vostro kernel: [    1.655192] vgaarb: device added: PCI:0000:00:02.0,decodes=io+mem,owns=io+mem,locks=none
> May 17 19:12:01 vostro kernel: [    1.655344] vgaarb: loaded
> May 17 19:12:01 vostro kernel: [    1.655432] vgaarb: bridge control possible 0000:00:02.0
> May 17 19:12:01 vostro kernel: [    1.655658] SCSI subsystem initialized
> May 17 19:12:01 vostro kernel: [    1.655834] libata version 3.00 loaded.
> May 17 19:12:01 vostro kernel: [    1.655948] usbcore: registered new interface driver usbfs
> May 17 19:12:01 vostro kernel: [    1.656067] usbcore: registered new interface driver hub
> May 17 19:12:01 vostro kernel: [    1.656189] usbcore: registered new device driver usb
> May 17 19:12:01 vostro kernel: [    1.656344] Linux media interface: v0.10
> May 17 19:12:01 vostro kernel: [    1.656456] Linux video capture interface: v2.00
> May 17 19:12:01 vostro kernel: [    1.656925] wmi: Mapper loaded
> May 17 19:12:01 vostro kernel: [    1.657062] Advanced Linux Sound Architecture Driver Version 1.0.25.
> May 17 19:12:01 vostro kernel: [    1.657159] PCI: Using ACPI for IRQ routing
> May 17 19:12:01 vostro kernel: [    1.658850] PCI: pci_cache_line_size set to 64 bytes
> May 17 19:12:01 vostro kernel: [    1.658858] pci 0000:00:02.0: BAR 0: reserving [mem 0xf6800000-0xf6bfffff flags 0x140204] (d=0, p=0)
> May 17 19:12:01 vostro kernel: [    1.658860] pci 0000:00:02.0: BAR 2: reserving [mem 0xe0000000-0xefffffff flags 0x14220c] (d=0, p=0)
> May 17 19:12:01 vostro kernel: [    1.658863] pci 0000:00:02.0: BAR 4: reserving [io  0xf000-0xf03f flags 0x40101] (d=0, p=0)
> May 17 19:12:01 vostro kernel: [    1.658867] pci 0000:00:16.0: BAR 0: reserving [mem 0xf7f0a000-0xf7f0a00f flags 0x140204] (d=0, p=0)
> May 17 19:12:01 vostro kernel: [    1.658872] pci 0000:00:1a.0: BAR 0: reserving [mem 0xf7f08000-0xf7f083ff flags 0x40200] (d=0, p=0)
> May 17 19:12:01 vostro kernel: [    1.658876] pci 0000:00:1b.0: BAR 0: reserving [mem 0xf7f00000-0xf7f03fff flags 0x140204] (d=0, p=0)
> May 17 19:12:01 vostro kernel: [    1.658890] pci 0000:00:1d.0: BAR 0: reserving [mem 0xf7f07000-0xf7f073ff flags 0x40200] (d=0, p=0)
> May 17 19:12:01 vostro kernel: [    1.658897] pci 0000:00:1f.2: BAR 0: reserving [io  0xf0b0-0xf0b7 flags 0x40101] (d=0, p=0)
> May 17 19:12:01 vostro kernel: [    1.658899] pci 0000:00:1f.2: BAR 1: reserving [io  0xf0a0-0xf0a3 flags 0x40101] (d=0, p=0)
> May 17 19:12:01 vostro kernel: [    1.658901] pci 0000:00:1f.2: BAR 2: reserving [io  0xf090-0xf097 flags 0x40101] (d=0, p=0)
> May 17 19:12:01 vostro kernel: [    1.658903] pci 0000:00:1f.2: BAR 3: reserving [io  0xf080-0xf083 flags 0x40101] (d=0, p=0)
> May 17 19:12:01 vostro kernel: [    1.658905] pci 0000:00:1f.2: BAR 4: reserving [io  0xf060-0xf07f flags 0x40101] (d=0, p=0)
> May 17 19:12:01 vostro kernel: [    1.658907] pci 0000:00:1f.2: BAR 5: reserving [mem 0xf7f06000-0xf7f067ff flags 0x40200] (d=0, p=0)
> May 17 19:12:01 vostro kernel: [    1.658912] pci 0000:00:1f.3: BAR 0: reserving [mem 0xf7f05000-0xf7f050ff flags 0x140204] (d=0, p=0)
> May 17 19:12:01 vostro kernel: [    1.658914] pci 0000:00:1f.3: BAR 4: reserving [io  0xf040-0xf05f flags 0x40101] (d=0, p=0)
> May 17 19:12:01 vostro kernel: [    1.658919] pci 0000:05:00.0: BAR 0: reserving [io  0xe000-0xe0ff flags 0x40101] (d=0, p=0)
> May 17 19:12:01 vostro kernel: [    1.658921] pci 0000:05:00.0: BAR 2: reserving [mem 0xf1104000-0xf1104fff flags 0x14220c] (d=0, p=0)
> May 17 19:12:01 vostro kernel: [    1.658923] pci 0000:05:00.0: BAR 4: reserving [mem 0xf1100000-0xf1103fff flags 0x14220c] (d=0, p=0)
> May 17 19:12:01 vostro kernel: [    1.658929] pci 0000:09:00.0: BAR 0: reserving [mem 0xf7e00000-0xf7e01fff flags 0x140204] (d=0, p=0)
> May 17 19:12:01 vostro kernel: [    1.658934] pci 0000:0b:00.0: BAR 0: reserving [mem 0xf7d00000-0xf7d0ffff flags 0x140204] (d=0, p=0)
> May 17 19:12:01 vostro kernel: [    1.658936] pci 0000:0b:00.0: BAR 2: reserving [mem 0xf7d10000-0xf7d11fff flags 0x140204] (d=0, p=0)
> May 17 19:12:01 vostro kernel: [    1.658974] reserve RAM buffer: 000000000009d400 - 000000000009ffff 
> May 17 19:12:01 vostro kernel: [    1.658976] reserve RAM buffer: 00000000da4e5000 - 00000000dbffffff 
> May 17 19:12:01 vostro kernel: [    1.658980] reserve RAM buffer: 00000000da793000 - 00000000dbffffff 
> May 17 19:12:01 vostro kernel: [    1.658982] reserve RAM buffer: 00000000daa89000 - 00000000dbffffff 
> May 17 19:12:01 vostro kernel: [    1.658985] reserve RAM buffer: 000000041fe00000 - 000000041fffffff 
> May 17 19:12:01 vostro kernel: [    1.659122] Bluetooth: Core ver 2.16
> May 17 19:12:01 vostro kernel: [    1.659234] NET: Registered protocol family 31
> May 17 19:12:01 vostro kernel: [    1.659328] Bluetooth: HCI device and connection manager initialized
> May 17 19:12:01 vostro kernel: [    1.659423] Bluetooth: HCI socket layer initialized
> May 17 19:12:01 vostro kernel: [    1.659517] Bluetooth: L2CAP socket layer initialized
> May 17 19:12:01 vostro kernel: [    1.659613] Bluetooth: SCO socket layer initialized
> May 17 19:12:01 vostro kernel: [    1.659773] cfg80211: Calling CRDA to update world regulatory domain
> May 17 19:12:01 vostro kernel: [    1.660009] hpet0: at MMIO 0xfed00000, IRQs 2, 8, 0, 0, 0, 0, 0, 0
> May 17 19:12:01 vostro kernel: [    1.660454] hpet0: 8 comparators, 64-bit 14.318180 MHz counter
> May 17 19:12:01 vostro kernel: [    1.662578] Switching to clocksource hpet
> May 17 19:12:01 vostro kernel: [    1.662754] pnp: PnP ACPI init
> May 17 19:12:01 vostro kernel: [    1.662860] ACPI: bus type pnp registered
> May 17 19:12:01 vostro kernel: [    1.663191] pnp 00:00: [bus 00-3e]
> May 17 19:12:01 vostro kernel: [    1.663194] pnp 00:00: [io  0x0000-0x0cf7 window]
> May 17 19:12:01 vostro kernel: [    1.663195] pnp 00:00: [io  0x0cf8-0x0cff]
> May 17 19:12:01 vostro kernel: [    1.663197] pnp 00:00: [io  0x0d00-0xffff window]
> May 17 19:12:01 vostro kernel: [    1.663198] pnp 00:00: [mem 0x000a0000-0x000bffff window]
> May 17 19:12:01 vostro kernel: [    1.663200] pnp 00:00: [mem 0x000c0000-0x000c3fff window]
> May 17 19:12:01 vostro kernel: [    1.663201] pnp 00:00: [mem 0x000c4000-0x000c7fff window]
> May 17 19:12:01 vostro kernel: [    1.663203] pnp 00:00: [mem 0x000c8000-0x000cbfff window]
> May 17 19:12:01 vostro kernel: [    1.663204] pnp 00:00: [mem 0x000cc000-0x000cffff window]
> May 17 19:12:01 vostro kernel: [    1.663206] pnp 00:00: [mem 0x000d0000-0x000d3fff window]
> May 17 19:12:01 vostro kernel: [    1.663208] pnp 00:00: [mem 0x000d4000-0x000d7fff window]
> May 17 19:12:01 vostro kernel: [    1.663210] pnp 00:00: [mem 0x000d8000-0x000dbfff window]
> May 17 19:12:01 vostro kernel: [    1.663212] pnp 00:00: [mem 0x000dc000-0x000dffff window]
> May 17 19:12:01 vostro kernel: [    1.663213] pnp 00:00: [mem 0x000e0000-0x000e3fff window]
> May 17 19:12:01 vostro kernel: [    1.663214] pnp 00:00: [mem 0x000e4000-0x000e7fff window]
> May 17 19:12:01 vostro kernel: [    1.663216] pnp 00:00: [mem 0x000e8000-0x000ebfff window]
> May 17 19:12:01 vostro kernel: [    1.663217] pnp 00:00: [mem 0x000ec000-0x000effff window]
> May 17 19:12:01 vostro kernel: [    1.663219] pnp 00:00: [mem 0x000f0000-0x000fffff window]
> May 17 19:12:01 vostro kernel: [    1.663221] pnp 00:00: [mem 0xdfa00000-0xfeafffff window]
> May 17 19:12:01 vostro kernel: [    1.663222] pnp 00:00: [mem 0xfed40000-0xfed44fff window]
> May 17 19:12:01 vostro kernel: [    1.663289] pnp 00:00: Plug and Play ACPI device, IDs PNP0a08 PNP0a03 (active)
> May 17 19:12:01 vostro kernel: [    1.663302] pnp 00:01: [io  0x0000-0x001f]
> May 17 19:12:01 vostro kernel: [    1.663303] pnp 00:01: [io  0x0081-0x0091]
> May 17 19:12:01 vostro kernel: [    1.663304] pnp 00:01: [io  0x0093-0x009f]
> May 17 19:12:01 vostro kernel: [    1.663306] pnp 00:01: [io  0x00c0-0x00df]
> May 17 19:12:01 vostro kernel: [    1.663307] pnp 00:01: [dma 4]
> May 17 19:12:01 vostro kernel: [    1.663348] pnp 00:01: Plug and Play ACPI device, IDs PNP0200 (active)
> May 17 19:12:01 vostro kernel: [    1.663357] pnp 00:02: [mem 0xff000000-0xffffffff]
> May 17 19:12:01 vostro kernel: [    1.663397] pnp 00:02: Plug and Play ACPI device, IDs INT0800 (active)
> May 17 19:12:01 vostro kernel: [    1.663469] pnp 00:03: [mem 0xfed00000-0xfed003ff]
> May 17 19:12:01 vostro kernel: [    1.663510] pnp 00:03: Plug and Play ACPI device, IDs PNP0103 (active)
> May 17 19:12:01 vostro kernel: [    1.663521] pnp 00:04: [io  0x002e-0x002f]
> May 17 19:12:01 vostro kernel: [    1.663523] pnp 00:04: [io  0x004e-0x004f]
> May 17 19:12:01 vostro kernel: [    1.663524] pnp 00:04: [io  0x0061]
> May 17 19:12:01 vostro kernel: [    1.663525] pnp 00:04: [io  0x0063]
> May 17 19:12:01 vostro kernel: [    1.663526] pnp 00:04: [io  0x0065]
> May 17 19:12:01 vostro kernel: [    1.663528] pnp 00:04: [io  0x0067]
> May 17 19:12:01 vostro kernel: [    1.663529] pnp 00:04: [io  0x0070]
> May 17 19:12:01 vostro kernel: [    1.663530] pnp 00:04: [io  0x0080]
> May 17 19:12:01 vostro kernel: [    1.663531] pnp 00:04: [io  0x0092]
> May 17 19:12:01 vostro kernel: [    1.663532] pnp 00:04: [io  0x00b2-0x00b3]
> May 17 19:12:01 vostro kernel: [    1.663534] pnp 00:04: [io  0x0680-0x069f]
> May 17 19:12:01 vostro kernel: [    1.663535] pnp 00:04: [io  0x1000-0x100f]
> May 17 19:12:01 vostro kernel: [    1.663536] pnp 00:04: [io  0xffff]
> May 17 19:12:01 vostro kernel: [    1.663537] pnp 00:04: [io  0xffff]
> May 17 19:12:01 vostro kernel: [    1.663541] pnp 00:04: [io  0x0400-0x0453]
> May 17 19:12:01 vostro kernel: [    1.663542] pnp 00:04: [io  0x0458-0x047f]
> May 17 19:12:01 vostro kernel: [    1.663543] pnp 00:04: [io  0x0500-0x057f]
> May 17 19:12:01 vostro kernel: [    1.663545] pnp 00:04: [io  0x164e-0x164f]
> May 17 19:12:01 vostro kernel: [    1.663602] system 00:04: [io  0x0680-0x069f] has been reserved
> May 17 19:12:01 vostro kernel: [    1.663699] system 00:04: [io  0x1000-0x100f] has been reserved
> May 17 19:12:01 vostro kernel: [    1.663794] system 00:04: [io  0xffff] has been reserved
> May 17 19:12:01 vostro kernel: [    1.663889] system 00:04: [io  0xffff] has been reserved
> May 17 19:12:01 vostro kernel: [    1.663984] system 00:04: [io  0x0400-0x0453] has been reserved
> May 17 19:12:01 vostro kernel: [    1.664079] system 00:04: [io  0x0458-0x047f] has been reserved
> May 17 19:12:01 vostro kernel: [    1.664175] system 00:04: [io  0x0500-0x057f] has been reserved
> May 17 19:12:01 vostro kernel: [    1.664271] system 00:04: [io  0x164e-0x164f] has been reserved
> May 17 19:12:01 vostro kernel: [    1.664366] system 00:04: Plug and Play ACPI device, IDs PNP0c02 (active)
> May 17 19:12:01 vostro kernel: [    1.664374] pnp 00:05: [io  0x0070-0x0077]
> May 17 19:12:01 vostro kernel: [    1.664385] pnp 00:05: [irq 8]
> May 17 19:12:01 vostro kernel: [    1.664426] pnp 00:05: Plug and Play ACPI device, IDs PNP0b00 (active)
> May 17 19:12:01 vostro kernel: [    1.664453] pnp 00:06: [io  0x0454-0x0457]
> May 17 19:12:01 vostro kernel: [    1.664507] system 00:06: [io  0x0454-0x0457] has been reserved
> May 17 19:12:01 vostro kernel: [    1.664622] system 00:06: Plug and Play ACPI device, IDs INT3f0d PNP0c02 (active)
> May 17 19:12:01 vostro kernel: [    1.664630] pnp 00:07: [io  0x00f0-0x00ff]
> May 17 19:12:01 vostro kernel: [    1.664636] pnp 00:07: [irq 13]
> May 17 19:12:01 vostro kernel: [    1.664684] pnp 00:07: Plug and Play ACPI device, IDs PNP0c04 (active)
> May 17 19:12:01 vostro kernel: [    1.664709] pnp 00:08: [io  0x0010-0x001f]
> May 17 19:12:01 vostro kernel: [    1.664710] pnp 00:08: [io  0x0022-0x003f]
> May 17 19:12:01 vostro kernel: [    1.664712] pnp 00:08: [io  0x0044-0x005f]
> May 17 19:12:01 vostro kernel: [    1.664713] pnp 00:08: [io  0x0068-0x006f]
> May 17 19:12:01 vostro kernel: [    1.664714] pnp 00:08: [io  0x0072-0x007f]
> May 17 19:12:01 vostro kernel: [    1.664716] pnp 00:08: [io  0x0080]
> May 17 19:12:01 vostro kernel: [    1.664717] pnp 00:08: [io  0x0084-0x0086]
> May 17 19:12:01 vostro kernel: [    1.664718] pnp 00:08: [io  0x0088]
> May 17 19:12:01 vostro kernel: [    1.664719] pnp 00:08: [io  0x008c-0x008e]
> May 17 19:12:01 vostro kernel: [    1.664720] pnp 00:08: [io  0x0090-0x009f]
> May 17 19:12:01 vostro kernel: [    1.664722] pnp 00:08: [io  0x00a2-0x00bf]
> May 17 19:12:01 vostro kernel: [    1.664723] pnp 00:08: [io  0x00e0-0x00ef]
> May 17 19:12:01 vostro kernel: [    1.664725] pnp 00:08: [io  0x04d0-0x04d1]
> May 17 19:12:01 vostro kernel: [    1.664726] pnp 00:08: [mem 0xfe800000-0xfe802fff]
> May 17 19:12:01 vostro kernel: [    1.664783] system 00:08: [io  0x04d0-0x04d1] has been reserved
> May 17 19:12:01 vostro kernel: [    1.664880] system 00:08: [mem 0xfe800000-0xfe802fff] has been reserved
> May 17 19:12:01 vostro kernel: [    1.664977] system 00:08: Plug and Play ACPI device, IDs PNP0c02 (active)
> May 17 19:12:01 vostro kernel: [    1.664996] pnp 00:09: [irq 12]
> May 17 19:12:01 vostro kernel: [    1.665039] pnp 00:09: Plug and Play ACPI device, IDs DLL04b3 SYN0600 SYN0002 PNP0f13 (active)
> May 17 19:12:01 vostro kernel: [    1.665053] pnp 00:0a: [io  0x0060]
> May 17 19:12:01 vostro kernel: [    1.665054] pnp 00:0a: [io  0x0064]
> May 17 19:12:01 vostro kernel: [    1.665055] pnp 00:0a: [io  0x0062]
> May 17 19:12:01 vostro kernel: [    1.665056] pnp 00:0a: [io  0x0066]
> May 17 19:12:01 vostro kernel: [    1.665062] pnp 00:0a: [irq 1]
> May 17 19:12:01 vostro kernel: [    1.665105] pnp 00:0a: Plug and Play ACPI device, IDs PNP0303 (active)
> May 17 19:12:01 vostro kernel: [    1.665293] pnp 00:0b: [mem 0xfed1c000-0xfed1ffff]
> May 17 19:12:01 vostro kernel: [    1.665295] pnp 00:0b: [mem 0xfed10000-0xfed17fff]
> May 17 19:12:01 vostro kernel: [    1.665297] pnp 00:0b: [mem 0xfed18000-0xfed18fff]
> May 17 19:12:01 vostro kernel: [    1.665298] pnp 00:0b: [mem 0xfed19000-0xfed19fff]
> May 17 19:12:01 vostro kernel: [    1.665300] pnp 00:0b: [mem 0xf8000000-0xfbffffff]
> May 17 19:12:01 vostro kernel: [    1.665301] pnp 00:0b: [mem 0xfed20000-0xfed3ffff]
> May 17 19:12:01 vostro kernel: [    1.665302] pnp 00:0b: [mem 0xfed90000-0xfed93fff]
> May 17 19:12:01 vostro kernel: [    1.665304] pnp 00:0b: [mem 0xfed45000-0xfed8ffff]
> May 17 19:12:01 vostro kernel: [    1.665305] pnp 00:0b: [mem 0xff000000-0xffffffff]
> May 17 19:12:01 vostro kernel: [    1.665306] pnp 00:0b: [mem 0xfee00000-0xfeefffff]
> May 17 19:12:01 vostro kernel: [    1.665308] pnp 00:0b: [mem 0xdfa00000-0xdfa00fff]
> May 17 19:12:01 vostro kernel: [    1.665376] system 00:0b: [mem 0xfed1c000-0xfed1ffff] has been reserved
> May 17 19:12:01 vostro kernel: [    1.665473] system 00:0b: [mem 0xfed10000-0xfed17fff] has been reserved
> May 17 19:12:01 vostro kernel: [    1.665570] system 00:0b: [mem 0xfed18000-0xfed18fff] has been reserved
> May 17 19:12:01 vostro kernel: [    1.665667] system 00:0b: [mem 0xfed19000-0xfed19fff] has been reserved
> May 17 19:12:01 vostro kernel: [    1.665789] system 00:0b: [mem 0xf8000000-0xfbffffff] has been reserved
> May 17 19:12:01 vostro kernel: [    1.665886] system 00:0b: [mem 0xfed20000-0xfed3ffff] has been reserved
> May 17 19:12:01 vostro kernel: [    1.665983] system 00:0b: [mem 0xfed90000-0xfed93fff] has been reserved
> May 17 19:12:01 vostro kernel: [    1.666080] system 00:0b: [mem 0xfed45000-0xfed8ffff] has been reserved
> May 17 19:12:01 vostro kernel: [    1.666177] system 00:0b: [mem 0xff000000-0xffffffff] has been reserved
> May 17 19:12:01 vostro kernel: [    1.666274] system 00:0b: [mem 0xfee00000-0xfeefffff] could not be reserved
> May 17 19:12:01 vostro kernel: [    1.666371] system 00:0b: [mem 0xdfa00000-0xdfa00fff] has been reserved
> May 17 19:12:01 vostro kernel: [    1.666468] system 00:0b: Plug and Play ACPI device, IDs PNP0c02 (active)
> May 17 19:12:01 vostro kernel: [    1.666554] pnp 00:0c: [irq 20]
> May 17 19:12:01 vostro kernel: [    1.666612] pnp 00:0c: Plug and Play ACPI device, IDs SMO8800 (active)
> May 17 19:12:01 vostro kernel: [    1.666722] pnp 00:0d: [mem 0x20000000-0x201fffff]
> May 17 19:12:01 vostro kernel: [    1.666723] pnp 00:0d: [mem 0x40000000-0x401fffff]
> May 17 19:12:01 vostro kernel: [    1.666792] system 00:0d: [mem 0x20000000-0x201fffff] has been reserved
> May 17 19:12:01 vostro kernel: [    1.666889] system 00:0d: [mem 0x40000000-0x401fffff] has been reserved
> May 17 19:12:01 vostro kernel: [    1.666986] system 00:0d: Plug and Play ACPI device, IDs PNP0c01 (active)
> May 17 19:12:01 vostro kernel: [    1.667028] pnp: PnP ACPI: found 14 devices
> May 17 19:12:01 vostro kernel: [    1.667120] ACPI: ACPI bus type pnp unregistered
> May 17 19:12:01 vostro kernel: [    1.675048] pci 0000:00:1c.0: PCI bridge to [bus 03-04]
> May 17 19:12:01 vostro kernel: [    1.675154] pci 0000:00:1c.1: PCI bridge to [bus 05-06]
> May 17 19:12:01 vostro kernel: [    1.675250] pci 0000:00:1c.1:   bridge window [io  0xe000-0xefff]
> May 17 19:12:01 vostro kernel: [    1.675350] pci 0000:00:1c.1:   bridge window [mem 0xf1100000-0xf11fffff 64bit pref]
> May 17 19:12:01 vostro kernel: [    1.675500] pci 0000:00:1c.3: PCI bridge to [bus 09-0a]
> May 17 19:12:01 vostro kernel: [    1.675596] pci 0000:00:1c.3:   bridge window [mem 0xf7e00000-0xf7efffff]
> May 17 19:12:01 vostro kernel: [    1.675699] pci 0000:00:1c.4: PCI bridge to [bus 0b-0c]
> May 17 19:12:01 vostro kernel: [    1.675797] pci 0000:00:1c.4:   bridge window [mem 0xf7d00000-0xf7dfffff]
> May 17 19:12:01 vostro kernel: [    1.675899] pci 0000:00:1c.7: PCI bridge to [bus 11-16]
> May 17 19:12:01 vostro kernel: [    1.675995] pci 0000:00:1c.7:   bridge window [io  0xc000-0xdfff]
> May 17 19:12:01 vostro kernel: [    1.676094] pci 0000:00:1c.7:   bridge window [mem 0xf6c00000-0xf7cfffff]
> May 17 19:12:01 vostro kernel: [    1.676193] pci 0000:00:1c.7:   bridge window [mem 0xf0000000-0xf10fffff 64bit pref]
> May 17 19:12:01 vostro kernel: [    1.676380] pci_bus 0000:00: resource 4 [io  0x0000-0x0cf7]
> May 17 19:12:01 vostro kernel: [    1.676382] pci_bus 0000:00: resource 5 [io  0x0d00-0xffff]
> May 17 19:12:01 vostro kernel: [    1.676384] pci_bus 0000:00: resource 6 [mem 0x000a0000-0x000bffff]
> May 17 19:12:01 vostro kernel: [    1.676385] pci_bus 0000:00: resource 7 [mem 0x000d0000-0x000d3fff]
> May 17 19:12:01 vostro kernel: [    1.676387] pci_bus 0000:00: resource 8 [mem 0x000d4000-0x000d7fff]
> May 17 19:12:01 vostro kernel: [    1.676388] pci_bus 0000:00: resource 9 [mem 0x000d8000-0x000dbfff]
> May 17 19:12:01 vostro kernel: [    1.676390] pci_bus 0000:00: resource 10 [mem 0x000dc000-0x000dffff]
> May 17 19:12:01 vostro kernel: [    1.676392] pci_bus 0000:00: resource 11 [mem 0x000e0000-0x000e3fff]
> May 17 19:12:01 vostro kernel: [    1.676393] pci_bus 0000:00: resource 12 [mem 0x000e4000-0x000e7fff]
> May 17 19:12:01 vostro kernel: [    1.676395] pci_bus 0000:00: resource 13 [mem 0xdfa00000-0xfeafffff]
> May 17 19:12:01 vostro kernel: [    1.676396] pci_bus 0000:00: resource 14 [mem 0xfed40000-0xfed44fff]
> May 17 19:12:01 vostro kernel: [    1.676398] pci_bus 0000:05: resource 0 [io  0xe000-0xefff]
> May 17 19:12:01 vostro kernel: [    1.676399] pci_bus 0000:05: resource 2 [mem 0xf1100000-0xf11fffff 64bit pref]
> May 17 19:12:01 vostro kernel: [    1.676401] pci_bus 0000:09: resource 1 [mem 0xf7e00000-0xf7efffff]
> May 17 19:12:01 vostro kernel: [    1.676403] pci_bus 0000:0b: resource 1 [mem 0xf7d00000-0xf7dfffff]
> May 17 19:12:01 vostro kernel: [    1.676404] pci_bus 0000:11: resource 0 [io  0xc000-0xdfff]
> May 17 19:12:01 vostro kernel: [    1.676406] pci_bus 0000:11: resource 1 [mem 0xf6c00000-0xf7cfffff]
> May 17 19:12:01 vostro kernel: [    1.676407] pci_bus 0000:11: resource 2 [mem 0xf0000000-0xf10fffff 64bit pref]
> May 17 19:12:01 vostro kernel: [    1.676476] NET: Registered protocol family 2
> May 17 19:12:01 vostro kernel: [    1.676836] IP route cache hash table entries: 524288 (order: 10, 4194304 bytes)
> May 17 19:12:01 vostro kernel: [    1.677818] TCP established hash table entries: 524288 (order: 11, 8388608 bytes)
> May 17 19:12:01 vostro kernel: [    1.679020] TCP bind hash table entries: 65536 (order: 8, 1048576 bytes)
> May 17 19:12:01 vostro kernel: [    1.679237] TCP: Hash tables configured (established 524288 bind 65536)
> May 17 19:12:01 vostro kernel: [    1.679334] TCP: reno registered
> May 17 19:12:01 vostro kernel: [    1.679442] UDP hash table entries: 8192 (order: 6, 262144 bytes)
> May 17 19:12:01 vostro kernel: [    1.679590] UDP-Lite hash table entries: 8192 (order: 6, 262144 bytes)
> May 17 19:12:01 vostro kernel: [    1.679794] NET: Registered protocol family 1
> May 17 19:12:01 vostro kernel: [    1.679970] RPC: Registered named UNIX socket transport module.
> May 17 19:12:01 vostro kernel: [    1.680066] RPC: Registered udp transport module.
> May 17 19:12:01 vostro kernel: [    1.680158] RPC: Registered tcp transport module.
> May 17 19:12:01 vostro kernel: [    1.680253] RPC: Registered tcp NFSv4.1 backchannel transport module.
> May 17 19:12:01 vostro kernel: [    1.680359] pci 0000:00:02.0: calling pci_fixup_video+0x0/0x9c
> May 17 19:12:01 vostro kernel: [    1.680361] pci 0000:00:02.0: Boot video device
> May 17 19:12:01 vostro kernel: [    1.680367] pci 0000:00:1a.0: calling quirk_usb_early_handoff+0x0/0x5a7
> May 17 19:12:01 vostro kernel: [    1.680394] pci 0000:00:1a.0: EHCI: BIOS handoff
> May 17 19:12:01 vostro kernel: [    1.802571] pci 0000:00:1d.0: calling quirk_usb_early_handoff+0x0/0x5a7
> May 17 19:12:01 vostro kernel: [    1.802635] pci 0000:00:1d.0: EHCI: BIOS handoff
> May 17 19:12:01 vostro kernel: [    1.922375] pci 0000:0b:00.0: calling quirk_usb_early_handoff+0x0/0x5a7
> May 17 19:12:01 vostro kernel: [    1.922466] PCI: CLS 64 bytes, default 64
> May 17 19:12:01 vostro kernel: [    1.922525] DMAR: No ATSR found
> May 17 19:12:01 vostro kernel: [    1.922640] IOMMU 0 0xfed90000: using Queued invalidation
> May 17 19:12:01 vostro kernel: [    1.922734] IOMMU 1 0xfed91000: using Queued invalidation
> May 17 19:12:01 vostro kernel: [    1.922829] IOMMU: Setting RMRR:
> May 17 19:12:01 vostro kernel: [    1.922930] IOMMU: Setting identity map for device 0000:00:02.0 [0xdb800000 - 0xdf9fffff]
> May 17 19:12:01 vostro kernel: [    1.923425] IOMMU: Setting identity map for device 0000:00:1d.0 [0xdad53000 - 0xdad61fff]
> May 17 19:12:01 vostro kernel: [    1.923589] IOMMU: Setting identity map for device 0000:00:1a.0 [0xdad53000 - 0xdad61fff]
> May 17 19:12:01 vostro kernel: [    1.923743] IOMMU: Prepare 0-16MiB unity mapping for LPC
> May 17 19:12:01 vostro kernel: [    1.923845] IOMMU: Setting identity map for device 0000:00:1f.0 [0x0 - 0xffffff]
> May 17 19:12:01 vostro kernel: [    1.924274] PCI-DMA: Intel(R) Virtualization Technology for Directed I/O
> May 17 19:12:01 vostro kernel: [    1.927094] microcode: CPU0 sig=0x206a7, pf=0x10, revision=0x1b
> May 17 19:12:01 vostro kernel: [    1.927197] microcode: CPU1 sig=0x206a7, pf=0x10, revision=0x1b
> May 17 19:12:01 vostro kernel: [    1.927299] microcode: CPU2 sig=0x206a7, pf=0x10, revision=0x1b
> May 17 19:12:01 vostro kernel: [    1.927402] microcode: CPU3 sig=0x206a7, pf=0x10, revision=0x1b
> May 17 19:12:01 vostro kernel: [    1.927544] microcode: Microcode Update Driver: v2.00 <tigran@aivazian.fsnet.co.uk>, Peter Oruba
> May 17 19:12:01 vostro kernel: [    1.928649] sha1_ssse3: Using AVX optimized SHA-1 implementation
> May 17 19:12:01 vostro kernel: [    1.929851] HugeTLB registered 2 MB page size, pre-allocated 0 pages
> May 17 19:12:01 vostro kernel: [    1.931720] DLM installed
> May 17 19:12:01 vostro kernel: [    1.931796] NFS: Registering the id_resolver key type
> May 17 19:12:01 vostro kernel: [    1.932029] msgmni has been set to 32101
> May 17 19:12:01 vostro kernel: [    1.933322] NET: Registered protocol family 38
> May 17 19:12:01 vostro kernel: [    1.933416] async_tx: api initialized (async)
> May 17 19:12:01 vostro kernel: [    1.933549] Block layer SCSI generic (bsg) driver version 0.4 loaded (major 252)
> May 17 19:12:01 vostro kernel: [    1.933694] io scheduler noop registered
> May 17 19:12:01 vostro kernel: [    1.933786] io scheduler deadline registered
> May 17 19:12:01 vostro kernel: [    1.933896] io scheduler cfq registered (default)
> May 17 19:12:01 vostro kernel: [    1.934271] pcieport 0000:00:1c.7: irq 42 for MSI/MSI-X
> May 17 19:12:01 vostro kernel: [    1.934507] pci_hotplug: PCI Hot Plug PCI Core version: 0.5
> May 17 19:12:01 vostro kernel: [    1.934689] pciehp 0000:00:1c.7:pcie04: Hotplug Controller:
> May 17 19:12:01 vostro kernel: [    1.934784] pciehp 0000:00:1c.7:pcie04:   Seg/Bus/Dev/Func/IRQ : 0000:00:1c.7 IRQ 42
> May 17 19:12:01 vostro kernel: [    1.934929] pciehp 0000:00:1c.7:pcie04:   Vendor ID            : 0x8086
> May 17 19:12:01 vostro kernel: [    1.935025] pciehp 0000:00:1c.7:pcie04:   Device ID            : 0x1c1e
> May 17 19:12:01 vostro kernel: [    1.935120] pciehp 0000:00:1c.7:pcie04:   Subsystem ID         : 0x04b3
> May 17 19:12:01 vostro kernel: [    1.935217] pciehp 0000:00:1c.7:pcie04:   Subsystem Vendor ID  : 0x1028
> May 17 19:12:01 vostro kernel: [    1.935314] pciehp 0000:00:1c.7:pcie04:   PCIe Cap offset      : 0x40
> May 17 19:12:01 vostro kernel: [    1.935411] pciehp 0000:00:1c.7:pcie04:   PCI resource [13]     : [io  0xc000-0xdfff]
> May 17 19:12:01 vostro kernel: [    1.935557] pciehp 0000:00:1c.7:pcie04:   PCI resource [14]     : [mem 0xf6c00000-0xf7cfffff]
> May 17 19:12:01 vostro kernel: [    1.935703] pciehp 0000:00:1c.7:pcie04:   PCI resource [15]     : [mem 0xf0000000-0xf10fffff 64bit pref]
> May 17 19:12:01 vostro kernel: [    1.935852] pciehp 0000:00:1c.7:pcie04: Slot Capabilities      : 0x003cb260
> May 17 19:12:01 vostro kernel: [    1.935949] pciehp 0000:00:1c.7:pcie04:   Physical Slot Number : 7
> May 17 19:12:01 vostro kernel: [    1.936045] pciehp 0000:00:1c.7:pcie04:   Attention Button     :  no
> May 17 19:12:01 vostro kernel: [    1.936141] pciehp 0000:00:1c.7:pcie04:   Power Controller     :  no
> May 17 19:12:01 vostro kernel: [    1.936238] pciehp 0000:00:1c.7:pcie04:   MRL Sensor           :  no
> May 17 19:12:01 vostro kernel: [    1.936334] pciehp 0000:00:1c.7:pcie04:   Attention Indicator  :  no
> May 17 19:12:01 vostro kernel: [    1.936429] pciehp 0000:00:1c.7:pcie04:   Power Indicator      :  no
> May 17 19:12:01 vostro kernel: [    1.936525] pciehp 0000:00:1c.7:pcie04:   Hot-Plug Surprise    : yes
> May 17 19:12:01 vostro kernel: [    1.936621] pciehp 0000:00:1c.7:pcie04:   EMI Present          :  no
> May 17 19:12:01 vostro kernel: [    1.936718] pciehp 0000:00:1c.7:pcie04:   Command Completed    :  no
> May 17 19:12:01 vostro kernel: [    1.936816] pciehp 0000:00:1c.7:pcie04: Slot Status            : 0x0000
> May 17 19:12:01 vostro kernel: [    1.936913] pciehp 0000:00:1c.7:pcie04: Slot Control           : 0x0000
> May 17 19:12:01 vostro kernel: [    1.938331] pciehp 0000:00:1c.7:pcie04: Link Active Reporting supported
> May 17 19:12:01 vostro kernel: [    1.938338] pciehp 0000:00:1c.7:pcie04: HPC vendor_id 8086 device_id 1c1e ss_vid 1028 ss_did 4b3
> May 17 19:12:01 vostro kernel: [    1.938486] pciehp 0000:00:1c.7:pcie04: Registering domain:bus:dev=0000:11:00 sun=7
> May 17 19:12:01 vostro kernel: [    1.938492] pci_bus 0000:11: dev 00, created physical slot 7
> May 17 19:12:01 vostro kernel: [    1.938536] pciehp 0000:00:1c.7:pcie04: pciehp_get_power_status: SLOTCTRL 58 value read 28
> May 17 19:12:01 vostro kernel: [    1.938538] pciehp 0000:00:1c.7:pcie04: service driver pciehp loaded
> May 17 19:12:01 vostro kernel: [    1.938564] pciehp: pcie_port_service_register = 0
> May 17 19:12:01 vostro kernel: [    1.938565] pciehp: PCI Express Hot Plug Controller Driver version: 0.4
> May 17 19:12:01 vostro kernel: [    1.938694] shpchp: Standard Hot Plug PCI Controller Driver version: 0.4
> May 17 19:12:01 vostro kernel: [    1.938792] acpiphp: ACPI Hot Plug PCI Controller Driver version: 0.5
> May 17 19:12:01 vostro kernel: [    1.939384] intel_idle: MWAIT substates: 0x21120
> May 17 19:12:01 vostro kernel: [    1.939386] intel_idle: v0.4 model 0x2A
> May 17 19:12:01 vostro kernel: [    1.939387] intel_idle: lapic_timer_reliable_states 0xffffffff
> May 17 19:12:01 vostro kernel: [    1.939484] ACPI: AC Adapter [AC] (on-line)
> May 17 19:12:01 vostro kernel: [    1.939695] input: Lid Switch as /devices/LNXSYSTM:00/device:00/PNP0C0D:00/input/input0
> May 17 19:12:01 vostro kernel: [    1.940818] ACPI: Lid Switch [LID0]
> May 17 19:12:01 vostro kernel: [    1.940970] input: Power Button as /devices/LNXSYSTM:00/device:00/PNP0C0C:00/input/input1
> May 17 19:12:01 vostro kernel: [    1.941118] ACPI: Power Button [PWRB]
> May 17 19:12:01 vostro kernel: [    1.941264] input: Sleep Button as /devices/LNXSYSTM:00/device:00/PNP0C0E:00/input/input2
> May 17 19:12:01 vostro kernel: [    1.941410] ACPI: Sleep Button [SBTN]
> May 17 19:12:01 vostro kernel: [    1.941554] input: Power Button as /devices/LNXSYSTM:00/LNXPWRBN:00/input/input3
> May 17 19:12:01 vostro kernel: [    1.941699] ACPI: Power Button [PWRF]
> May 17 19:12:01 vostro kernel: [    1.941899] ACPI: Requesting acpi_cpufreq
> May 17 19:12:01 vostro kernel: [    1.952400] thermal LNXTHERM:00: registered as thermal_zone0
> May 17 19:12:01 vostro kernel: [    1.952498] ACPI: Thermal Zone [THM] (65 C)
> May 17 19:12:01 vostro kernel: [    1.952704] ioatdma: Intel(R) QuickData Technology Driver 4.00
> May 17 19:12:01 vostro kernel: [    1.973538] Serial: 8250/16550 driver, 4 ports, IRQ sharing disabled
> May 17 19:12:01 vostro kernel: [    1.974290] Non-volatile memory driver v1.3
> May 17 19:12:01 vostro kernel: [    1.974707] i8k: unable to get SMM BIOS version
> May 17 19:12:01 vostro kernel: [    1.977953] Dell laptop SMM driver v1.14 21/02/2005 Massimo Dal Zotto (dz@debian.org)
> May 17 19:12:01 vostro kernel: [    1.978156] Linux agpgart interface v0.103
> May 17 19:12:01 vostro kernel: [    1.978295] agpgart-intel 0000:00:00.0: Intel Sandybridge Chipset
> May 17 19:12:01 vostro kernel: [    1.978468] agpgart-intel 0000:00:00.0: detected gtt size: 2097152K total, 262144K mappable
> May 17 19:12:01 vostro kernel: [    1.979645] agpgart-intel 0000:00:00.0: detected 65536K stolen memory
> May 17 19:12:01 vostro kernel: [    1.979877] agpgart-intel 0000:00:00.0: AGP aperture is 256M @ 0xe0000000
> May 17 19:12:01 vostro kernel: [    1.980041] ipmi message handler version 39.2
> May 17 19:12:01 vostro kernel: [    1.980141] Hangcheck: starting hangcheck timer 0.9.1 (tick is 180 seconds, margin is 60 seconds).
> May 17 19:12:01 vostro kernel: [    1.980142] Hangcheck: Using getrawmonotonic().
> May 17 19:12:01 vostro kernel: [    1.980180] [drm] Initialized drm 1.1.0 20060810
> May 17 19:12:01 vostro kernel: [    1.980507] i915 0000:00:02.0: setting latency timer to 64
> May 17 19:12:01 vostro kernel: [    1.992561] ACPI: Battery Slot [BAT0] (battery present)
> May 17 19:12:01 vostro kernel: [    2.015425] mtrr: type mismatch for e0000000,10000000 old: write-back new: write-combining
> May 17 19:12:01 vostro kernel: [    2.015570] [drm] MTRR allocation failed.  Graphics performance may suffer.
> May 17 19:12:01 vostro kernel: [    2.015718] i2c i2c-0: adapter [i915 gmbus disabled] registered
> May 17 19:12:01 vostro kernel: [    2.015764] i2c i2c-1: adapter [i915 gmbus ssc] registered
> May 17 19:12:01 vostro kernel: [    2.015802] i2c i2c-2: adapter [i915 gmbus vga] registered
> May 17 19:12:01 vostro kernel: [    2.015841] i2c i2c-3: adapter [i915 gmbus panel] registered
> May 17 19:12:01 vostro kernel: [    2.015878] i2c i2c-4: adapter [i915 gmbus dpc] registered
> May 17 19:12:01 vostro kernel: [    2.015915] i2c i2c-5: adapter [i915 gmbus dpb] registered
> May 17 19:12:01 vostro kernel: [    2.015954] i2c i2c-6: adapter [i915 gmbus reserved] registered
> May 17 19:12:01 vostro kernel: [    2.015990] i2c i2c-7: adapter [i915 gmbus dpd] registered
> May 17 19:12:01 vostro kernel: [    2.016020] i915 0000:00:02.0: irq 43 for MSI/MSI-X
> May 17 19:12:01 vostro kernel: [    2.016027] [drm] Supports vblank timestamp caching Rev 1 (10.10.2010).
> May 17 19:12:01 vostro kernel: [    2.016125] [drm] Driver supports precise vblank timestamp query.
> May 17 19:12:01 vostro kernel: [    2.016261] vgaarb: device changed decodes: PCI:0000:00:02.0,olddecodes=io+mem,decodes=io+mem:owns=io+mem
> May 17 19:12:01 vostro kernel: [    2.016718] i2c i2c-3: master_xfer[0] W, addr=0x50, len=1
> May 17 19:12:01 vostro kernel: [    2.016720] i2c i2c-3: master_xfer[1] R, addr=0x50, len=1
> May 17 19:12:01 vostro kernel: [    2.017965] i2c i2c-3: master_xfer[0] W, addr=0x50, len=1
> May 17 19:12:01 vostro kernel: [    2.017966] i2c i2c-3: master_xfer[1] R, addr=0x50, len=128
> May 17 19:12:01 vostro kernel: [    2.054750] i2c i2c-8: adapter [SDVO DDC proxy] registered
> May 17 19:12:01 vostro kernel: [    2.054755] i2c i2c-5: master_xfer[0] W, addr=0x38, len=1
> May 17 19:12:01 vostro kernel: [    2.054757] i2c i2c-5: master_xfer[1] R, addr=0x38, len=1
> May 17 19:12:01 vostro kernel: [    2.055078] i2c i2c-5: NAK from device addr 0x38 msg #0
> May 17 19:12:01 vostro kernel: [    2.055122] i2c i2c-8: adapter [SDVO DDC proxy] unregistered
> May 17 19:12:01 vostro kernel: [    2.060413] i2c i2c-8: adapter [DPDDC-B] registered
> May 17 19:12:01 vostro kernel: [    2.433538] [drm] Enabling RC6 states: RC6 on, RC6p off, RC6pp off
> May 17 19:12:01 vostro kernel: [    2.771061] i2c i2c-5: master_xfer[0] W, addr=0x50, len=1
> May 17 19:12:01 vostro kernel: [    2.771068] i2c i2c-5: master_xfer[1] R, addr=0x50, len=1
> May 17 19:12:01 vostro kernel: [    2.772329] i2c i2c-5: master_xfer[0] W, addr=0x50, len=1
> May 17 19:12:01 vostro kernel: [    2.772330] i2c i2c-5: master_xfer[1] R, addr=0x50, len=128
> May 17 19:12:01 vostro kernel: [    2.809032] i2c i2c-5: master_xfer[0] W, addr=0x50, len=1
