Path: news.gmane.org!not-for-mail
From: Belisko Marek <marek.belisko@gmail.com>
Newsgroups: gmane.linux.ports.arm.omap,gmane.linux.kernel
Subject: booting 3.5 kernel with dtb on pandaboard fails
Date: Tue, 24 Jul 2012 21:16:59 +0200
Lines: 254
Approved: news@gmane.org
Message-ID: <CAAfyv36EbZD=c7OGt0jyZW5FVUSQTk0cjCavcDi3qq9RbsomWQ@mail.gmail.com>
NNTP-Posting-Host: plane.gmane.org
Mime-Version: 1.0
Content-Type: text/plain; charset=UTF-8
Content-Transfer-Encoding: QUOTED-PRINTABLE
X-Trace: dough.gmane.org 1343157427 12517 80.91.229.3 (24 Jul 2012 19:17:07 GMT)
X-Complaints-To: usenet@dough.gmane.org
NNTP-Posting-Date: Tue, 24 Jul 2012 19:17:07 +0000 (UTC)
To: linux-omap@vger.kernel.org, LKML <linux-kernel@vger.kernel.org>
Original-X-From: linux-omap-owner@vger.kernel.org Tue Jul 24 21:17:07 2012
Return-path: <linux-omap-owner@vger.kernel.org>
Envelope-to: gplao-linux-omap-open-source-moved1@plane.gmane.org
Original-Received: from vger.kernel.org ([209.132.180.67])
	by plane.gmane.org with esmtp (Exim 4.69)
	(envelope-from <linux-omap-owner@vger.kernel.org>)
	id 1StkbR-00019a-O0
	for gplao-linux-omap-open-source-moved1@plane.gmane.org; Tue, 24 Jul 2012 21:17:06 +0200
Original-Received: (majordomo@vger.kernel.org) by vger.kernel.org via listexpand
	id S1756082Ab2GXTRD convert rfc822-to-quoted-printable (ORCPT
	<rfc822;gplao-linux-omap-open-source-moved1@m.gmane.org>);
	Tue, 24 Jul 2012 15:17:03 -0400
Original-Received: from mail-yw0-f46.google.com ([209.85.213.46]:54899 "EHLO
	mail-yw0-f46.google.com" rhost-flags-OK-OK-OK-OK) by vger.kernel.org
	with ESMTP id S1755596Ab2GXTRA convert rfc822-to-8bit (ORCPT
	<rfc822;linux-omap@vger.kernel.org>); Tue, 24 Jul 2012 15:17:00 -0400
Original-Received: by yhmm54 with SMTP id m54so7055103yhm.19
        for <multiple recipients>; Tue, 24 Jul 2012 12:17:00 -0700 (PDT)
DKIM-Signature: v=1; a=rsa-sha256; c=relaxed/relaxed;
        d=gmail.com; s=20120113;
        h=mime-version:date:message-id:subject:from:to:content-type
         :content-transfer-encoding;
        bh=5AmHEp1Bw8pQINH6IaZ0fgDaK1hJkafVF63KaOuJUvg=;
        b=oX9VWom5LvZm+AubT34b6KLoWMWKfEadI3HrOlWSztTvzsK5vfeSvdeGvPpqhsDCRK
         jYsNuw4fFcDnTqZENLb+q/Vv937xrEXZ7gEjua4o/HIQ75JCD79WYaWUZwJdQ3p18beJ
         fS+nOBBmV+zSDQ8u3OjRgZrRvp9GDuyczlgldKwhE1yi9rXCaXXyoaLW0HlW51J9RbEp
         72pDtmepLSL9EeMne0VBYL8FRcnUebs5YGSvNkDfwefK+7isSBluVqFXvnWr9XxuvNAy
         aJKMYRMs0AOCrAUycziyGGlaazcTFzfcPQuFmB+N7/dFJ0geeiUuoA4zaq/lYbtYylss
         aKEg==
Original-Received: by 10.43.110.197 with SMTP id el5mr17680710icc.1.1343157419208; Tue,
 24 Jul 2012 12:16:59 -0700 (PDT)
Original-Received: by 10.64.92.10 with HTTP; Tue, 24 Jul 2012 12:16:59 -0700 (PDT)
Original-Sender: linux-omap-owner@vger.kernel.org
Precedence: bulk
List-ID: <linux-omap.vger.kernel.org>
X-Mailing-List: linux-omap@vger.kernel.org
Xref: news.gmane.org gmane.linux.ports.arm.omap:81292 gmane.linux.kernel:1332522
Archived-At: <http://permalink.gmane.org/gmane.linux.kernel/1332522>

Hi,

using barebox to boot 3.5 kernel with device tree for pandaboard (A2)
stuck after some seconds. Any ideas?

Log:

bootm -o /boot/omap4-panda.dtb /boot/uImage
   Image Name:   Linux-3.5.0-01676-g84de33d-dirty
   OS:           Linux
   Architecture: ARM
   Type:         Kernel Image
   Compression:  uncompressed
   Data Size:    3668008 Bytes =3D  3.5 MB
   Load Address: 80008000
   Entry Point:  80008000
booting Linux kernel with devicetree
Uncompressing Linux... done, booting the kernel.
[    0.000000] Booting Linux on physical CPU 0
[    0.000000] Linux version 3.5.0-01676-g84de33d-dirty
(open-nandra@nandra-host) (gcc version 4.6.3 20120201 (prerelease)
(crosstool-NG linaro-1.13.1-2012.02-20120222 - Linaro GCC 2012.02) )
#2
[    0.000000] CPU: ARMv7 Processor [411fc092] revision 2 (ARMv7), cr=3D=
10c53c7d
[    0.000000] CPU: PIPT / VIPT nonaliasing data cache, VIPT aliasing
instruction cache
[    0.000000] Machine: Generic OMAP4 (Flattened Device Tree), model:
TI OMAP4 PandaBoard
[    0.000000] Memory policy: ECC disabled, Data cache writealloc
[    0.000000] OMAP4430 ES2.1
[    0.000000] powerdomain: waited too long for powerdomain dss_pwrdm
to complete transition
[    0.000000] PERCPU: Embedded 8 pages/cpu @c14c2000 s11520 r8192 d130=
56 u32768
[    0.000000] Built 1 zonelists in Zone order, mobility grouping on.
Total pages: 259840
[    0.000000] Kernel command line: console=3DttyO2,115200 rootwait
root=3D/dev/mmcblkp02
[    0.000000] PID hash table entries: 4096 (order: 2, 16384 bytes)
[    0.000000] Dentry cache hash table entries: 131072 (order: 7, 52428=
8 bytes)
[    0.000000] Inode-cache hash table entries: 65536 (order: 6, 262144 =
bytes)
[    0.000000] Memory: 759MB 264MB =3D 1023MB total
[    0.000000] Memory: 976248k/976248k available, 72328k reserved,
270336K highmem
[    0.000000] Virtual kernel memory layout:
[    0.000000]     vector  : 0xffff0000 - 0xffff1000   (   4 kB)
[    0.000000]     fixmap  : 0xfff00000 - 0xfffe0000   ( 896 kB)
[    0.000000]     vmalloc : 0xf0000000 - 0xff000000   ( 240 MB)
[    0.000000]     lowmem  : 0xc0000000 - 0xef800000   ( 760 MB)
[    0.000000]     pkmap   : 0xbfe00000 - 0xc0000000   (   2 MB)
[    0.000000]     modules : 0xbf000000 - 0xbfe00000   (  14 MB)
[    0.000000]       .text : 0xc0008000 - 0xc0667588   (6526 kB)
[    0.000000]       .init : 0xc0668000 - 0xc06b5d00   ( 312 kB)
[    0.000000]       .data : 0xc06b6000 - 0xc0750f68   ( 620 kB)
[    0.000000]        .bss : 0xc0750f8c - 0xc0cab048   (5481 kB)
[    0.000000] Hierarchical RCU implementation.
[    0.000000] NR_IRQS:474
[    0.000000] omap_hwmod: dpll_mpu_m2_ck: missing clockdomain for
dpll_mpu_m2_ck.
[    0.000000] OMAP clockevent source: GPTIMER1 at 32768 Hz
[    0.000000] omap_hwmod: sys_32k_ck: missing clockdomain for sys_32k_=
ck.
[    0.000000] sched_clock: 32 bits at 32kHz, resolution 30517ns,
wraps every 131071999ms
[    0.000000] OMAP clocksource: 32k_counter at 32768 Hz
[    0.000000] Console: colour dummy device 80x30
[    0.000000] Lock dependency validator: Copyright (c) 2006 Red Hat,
Inc., Ingo Molnar
[    0.000000] ... MAX_LOCKDEP_SUBCLASSES:  8
[    0.000000] ... MAX_LOCK_DEPTH:          48
[    0.000000] ... MAX_LOCKDEP_KEYS:        8191
[    0.000000] ... CLASSHASH_SIZE:          4096
[    0.000000] ... MAX_LOCKDEP_ENTRIES:     16384
[    0.000000] ... MAX_LOCKDEP_CHAINS:      32768
[    0.000000] ... CHAINHASH_SIZE:          16384
[    0.000000]  memory used by lock dependency info: 3695 kB
[    0.000000]  per task-struct memory footprint: 1152 bytes
[    0.001037] Calibrating delay loop... 1194.24 BogoMIPS (lpj=3D466534=
4)
[    0.062316] pid_max: default: 32768 minimum: 301
[    0.063079] Security Framework initialized
[    0.063354] Mount-cache hash table entries: 512
[    0.073425] CPU: Testing write buffer coherency: ok
[    0.074432] CPU0: thread -1, cpu 0, socket 0, mpidr 80000000
[    0.074798] Setting up static identity map for 0x80496a30 - 0x80496a=
a0
[    0.074890] L310 cache controller enabled
[    0.074890] l2x0: 16 ways, CACHE_ID 0x410000c4, AUX_CTRL
0x7e470000, Cache size: 1048576 B
[    0.078247] CPU1: Booted secondary processor
[    0.105957] CPU1: thread -1, cpu 1, socket 0, mpidr 80000001
[    0.106048] CPU1: Unknown IPI message 0x1
[    0.106262] Brought up 2 CPUs
[    0.106292] SMP: Total of 2 processors activated (2388.48 BogoMIPS).
[    0.119140] omap_hwmod: l3_div_ck: missing clockdomain for l3_div_ck=
=2E
[    0.123931] omap_hwmod: sl2if: cannot be enabled for reset (3)
[    0.128082] omap_hwmod: mcpdm: cannot be enabled for reset (3)
[    0.128265] omap_hwmod: cm_core_aon: cannot be enabled for reset (3)
[    0.128265] omap_hwmod: cm_core: cannot be enabled for reset (3)
[    0.134094] dummy:
[    0.135650] NET: Registered protocol family 16
[    0.135925] GPMC revision 6.0
[    0.136047] gpmc: irq-52 could not claim: err -22
[    0.216217] OMAP GPIO hardware version 0.1
[    0.231933] platform 40132000.mcpdm: omap_device_alloc(): resources
already allocated 3
[    0.232604] platform 4012e000.dmic: omap_device_alloc(): resources
already allocated 3
[    0.233856] No ATAGs?
[    0.233886] hw-breakpoint: found 5 (+1 reserved) breakpoint and 1
watchpoint registers.
[    0.233917] hw-breakpoint: maximum watchpoint size is 4 bytes.
[    0.244598] OMAP DMA hardware revision 0.0
[    0.286682] bio: create slab <bio-0> at 0
[    0.294891] SCSI subsystem initialized
[    0.296508] usbcore: registered new interface driver usbfs
[    0.296844] usbcore: registered new interface driver hub
[    0.297302] usbcore: registered new device driver usb
[    0.309417] omap_i2c i2c.15: bus -1 rev2.4.0 at 400 kHz
[    0.312499] Skipping twl internal clock init and using bootloader
value (unknown osc rate)
[    0.313690] twl 0-0048: PIH (irq 39) chaining IRQs 352..372
[    0.316345] VAUX1_6030: 1000 <--> 3000 mV at 1800 mV
[    0.319122] VAUX2_6030: 1200 <--> 2800 mV at 1800 mV
[    0.320922] VAUX3_6030: 1000 <--> 3000 mV at 1200 mV
[    0.322601] VMMC: 1200 <--> 3000 mV at 3000 mV
[    0.324340] VPP: 1800 <--> 2500 mV at 1900 mV
[    0.326171] VUSIM: 1200 <--> 2900 mV at 1800 mV
[    0.327789] VDAC: 1800 mV
[    0.329223] VANA: 2100 mV
[    0.330596] VCXIO: 1800 mV
[    0.332031] VUSB: 3300 mV
[    0.333740] V1V8: 1800 mV
[    0.335174] V2V1: 2100 mV
[    0.348297] omap_i2c i2c.16: bus -1 rev2.4.0 at 400 kHz
[    0.363891] omap_i2c i2c.17: bus -1 rev2.4.0 at 100 kHz
[    0.379516] omap_i2c i2c.18: bus -1 rev2.4.0 at 400 kHz
[    0.385070] Switching to clocksource 32k_counter
[    0.475799] NET: Registered protocol family 2
[    0.476531] IP route cache hash table entries: 32768 (order: 5, 1310=
72 bytes)
[    0.478363] TCP established hash table entries: 131072 (order: 8,
1048576 bytes)
[    0.481964] TCP bind hash table entries: 65536 (order: 9, 2359296 by=
tes)
[    0.507110] TCP: Hash tables configured (established 131072 bind 655=
36)
[    0.507263] TCP: reno registered
[    0.507324] UDP hash table entries: 512 (order: 3, 40960 bytes)
[    0.507751] UDP-Lite hash table entries: 512 (order: 3, 40960 bytes)
[    0.509033] NET: Registered protocol family 1
[    0.510284] RPC: Registered named UNIX socket transport module.
[    0.510284] RPC: Registered udp transport module.
[    0.510314] RPC: Registered tcp transport module.
[    0.510314] RPC: Registered tcp NFSv4.1 backchannel transport module=
=2E
[    0.511169] NetWinder Floating Point Emulator V0.97 (double precisio=
n)
[    0.702636] bounce pool size: 64 pages
[    0.703430] VFS: Disk quotas dquot_6.5.2
[    0.703735] Dquot-cache hash table entries: 1024 (order 0, 4096 byte=
s)
[    0.706115] NFS: Registering the id_resolver key type
[    0.706512] Key type id_resolver registered
[    0.707366] jffs2: version 2.2. (NAND) (SUMMARY)  =EF=BF=BD=C2=A9 20=
01-2006 Red Hat, Inc.
[    0.708312] msgmni has been set to 1378
[    0.710815] io scheduler noop registered
[    0.710815] io scheduler deadline registered
[    0.710998] io scheduler cfq registered (default)
[    0.712646] Serial: 8250/16550 driver, 4 ports, IRQ sharing enabled
[    0.717651] serial.11: ttyO0 at MMIO 0x4806a000 (irq =3D 104) is a O=
MAP UART0
[    0.719024] serial.12: ttyO1 at MMIO 0x4806c000 (irq =3D 105) is a O=
MAP UART1
[    0.720001] serial.13: ttyO2 at MMIO 0x48020000 (irq =3D 106) is a O=
MAP UART2
[    1.452575] console [ttyO2] enabled
[    1.457336] serial.14: ttyO3 at MMIO 0x4806e000 (irq =3D 102) is a O=
MAP UART3
[    1.488525] brd: module loaded
[    1.505157] loop: module loaded
[    1.512878] mtdoops: mtd device (mtddev=3Dname/number) must be suppl=
ied
[    1.520233] OneNAND driver initializing
[    1.533416] usbcore: registered new interface driver asix
[    1.539489] usbcore: registered new interface driver cdc_ether
[    1.546020] usbcore: registered new interface driver smsc95xx
[    1.552429] usbcore: registered new interface driver net1080
[    1.558746] usbcore: registered new interface driver cdc_subset
[    1.565338] usbcore: registered new interface driver zaurus
[    1.571563] usbcore: registered new interface driver cdc_ncm
[    1.578948] usbcore: registered new interface driver cdc_wdm
[    1.584930] Initializing USB Mass Storage driver...
[    1.590454] usbcore: registered new interface driver usb-storage
[    1.596801] USB Mass Storage support registered.
[    1.602416] usbcore: registered new interface driver libusual
[    1.608886] usbcore: registered new interface driver usbtest
[    1.615905] mousedev: PS/2 mouse device common for all mice
[    1.626098] twl_rtc rtc.28: Enabling TWL-RTC
[    1.634246] twl_rtc rtc.28: rtc core: registered rtc.28 as rtc0
[    1.641326] i2c /dev entries driver
[    1.647949] Driver for 1-wire Dallas network protocol.
[    1.655761] omap_wdt: OMAP Watchdog Timer Rev 0x00: initial timeout =
60 sec
[    1.665679] omap_hsmmc mmc.23: Failed to get debounce clk
[    1.721710] omap_hsmmc mmc.24: Failed to get debounce clk
[    1.777648] usbcore: registered new interface driver usbhid
[    1.783508] usbhid: USB HID core driver
[    1.787567] oprofile: hardware counters not available
[    1.792907] oprofile: using timer interrupt.
[    1.798065] TCP: cubic registered
[    1.801574] Initializing XFRM netlink socket
[    1.806152] NET: Registered protocol family 17
[    1.810913] NET: Registered protocol family 15
[    1.815948] Key type dns_resolver registered
[    1.820526] VFP support v0.3: implementor 41 architecture 3 part 30
variant 9 rev 1
[    1.828918] Power Management for TI OMAP4.
[    1.833374] ThumbEE CPU extension supported.
[    1.839508] mmc0: host does not support reading read-only switch.
assuming write-enable.
[    1.850280] mmc0: new high speed SD card at address bf62
[    1.858154] mmcblk0: mmc0:bf62 SD02G 1.83 GiB
[    1.862365] clock: disabling unused clocks to save power
[    1.869964] V2V1: disabling

Any ideas?

Regards,

mbe

--=20
as simple and primitive as possible
-------------------------------------------------
Marek Belisko - OPEN-NANDRA
=46reelance Developer

Ruska Nova Ves 219 | Presov, 08005 Slovak Republic
Tel: +421 915 052 184
skype: marekwhite
twitter: #opennandra
web: http://open-nandra.com
--
To unsubscribe from this list: send the line "unsubscribe linux-omap" i=
n
the body of a message to majordomo@vger.kernel.org
More majordomo info at  http://vger.kernel.org/majordomo-info.html

