Path: news.gmane.org!not-for-mail
From: Fengguang Wu <fengguang.wu@intel.com>
Newsgroups: gmane.linux.kernel
Subject: Testing tracer wakeup: .. no entries found ..FAILED!
Date: Wed, 25 Jul 2012 09:31:16 +0800
Lines: 6108
Approved: news@gmane.org
Message-ID: <20120725013116.GA10173@localhost>
References: <20120724090720.GA10434@localhost>
NNTP-Posting-Host: plane.gmane.org
Mime-Version: 1.0
Content-Type: multipart/mixed; boundary="lrZ03NoBR/3+SXJZ"
Content-Transfer-Encoding: 8bit
X-Trace: dough.gmane.org 1343179950 13923 80.91.229.3 (25 Jul 2012 01:32:30 GMT)
X-Complaints-To: usenet@dough.gmane.org
NNTP-Posting-Date: Wed, 25 Jul 2012 01:32:30 +0000 (UTC)
Cc: "Paul E. McKenney" <paulmck@linux.vnet.ibm.com>,
	LKML <linux-kernel@vger.kernel.org>
To: Steven Rostedt <srostedt@redhat.com>
Original-X-From: linux-kernel-owner@vger.kernel.org Wed Jul 25 03:32:27 2012
Return-path: <linux-kernel-owner@vger.kernel.org>
Envelope-to: glk-linux-kernel-3@plane.gmane.org
Original-Received: from vger.kernel.org ([209.132.180.67])
	by plane.gmane.org with esmtp (Exim 4.69)
	(envelope-from <linux-kernel-owner@vger.kernel.org>)
	id 1StqSg-0003ax-Iq
	for glk-linux-kernel-3@plane.gmane.org; Wed, 25 Jul 2012 03:32:27 +0200
Original-Received: (majordomo@vger.kernel.org) by vger.kernel.org via listexpand
	id S1755821Ab2GYBbX (ORCPT <rfc822;glk-linux-kernel-3@m.gmane.org>);
	Tue, 24 Jul 2012 21:31:23 -0400
Original-Received: from mga01.intel.com ([192.55.52.88]:9366 "EHLO mga01.intel.com"
	rhost-flags-OK-OK-OK-OK) by vger.kernel.org with ESMTP
	id S1753983Ab2GYBbV (ORCPT <rfc822;linux-kernel@vger.kernel.org>);
	Tue, 24 Jul 2012 21:31:21 -0400
Original-Received: from fmsmga001.fm.intel.com ([10.253.24.23])
  by fmsmga101.fm.intel.com with ESMTP; 24 Jul 2012 18:31:19 -0700
X-ExtLoop1: 1
X-IronPort-AV: E=Sophos;i="4.71,315,1320652800"; 
   d="0+'?scan'208";a="185473606"
Original-Received: from wfg-t420.sh.intel.com ([10.239.194.167])
  by fmsmga001.fm.intel.com with ESMTP; 24 Jul 2012 18:31:16 -0700
Original-Received: from wfg by wfg-t420.sh.intel.com with local (Exim 4.77)
	(envelope-from <fengguang.wu@intel.com>)
	id 1StqRY-0002fS-Ib; Wed, 25 Jul 2012 09:31:16 +0800
Content-Disposition: inline
In-Reply-To: <20120724090720.GA10434@localhost>
User-Agent: Mutt/1.5.21 (2010-09-15)
Original-Sender: linux-kernel-owner@vger.kernel.org
Precedence: bulk
List-ID: <linux-kernel.vger.kernel.org>
X-Mailing-List: linux-kernel@vger.kernel.org
Xref: news.gmane.org gmane.linux.kernel:1332659
Archived-At: <http://permalink.gmane.org/gmane.linux.kernel/1332659>


--lrZ03NoBR/3+SXJZ
Content-Type: text/plain; charset=us-ascii
Content-Disposition: inline

Steven,

In another kconfig (x86_64-allyesdebian), the "no entries found" will
happen in about 1/10 boots. Mostly it's "irqsoff" not found, and can
also be this "wakeup":

[   23.408441] Testing tracer wakeup: .. no entries found ..FAILED!
[   25.733327] ------------[ cut here ]------------
[   25.734529] WARNING: at /c/kernel-tests/src/stable/kernel/trace/trace.c:834 register_tracer+0x19e/0x276()
[   25.737170] Hardware name: Bochs
[   25.738228] Modules linked in:
[   25.739383] Pid: 1, comm: swapper/0 Not tainted 3.5.0+ #1404
[   25.740960] Call Trace:
[   25.742151]  [<ffffffff81091271>] warn_slowpath_common+0x83/0x9c
[   25.745383]  [<ffffffff810912a4>] warn_slowpath_null+0x1a/0x1c
[   25.749132]  [<ffffffff8111d977>] register_tracer+0x19e/0x276
[   25.751698]  [<ffffffff8416d033>] ? init_irqsoff_tracer+0x14/0x14
[   25.755494]  [<ffffffff8416d043>] init_wakeup_tracer+0x10/0x22
[   25.759205]  [<ffffffff81002099>] do_one_initcall+0x7f/0x13a
[   25.762639]  [<ffffffff8414dcf2>] kernel_init+0x141/0x1c5
[   25.765469]  [<ffffffff8414d590>] ? do_early_param+0x8c/0x8c
[   25.769294]  [<ffffffff82c05534>] kernel_thread_helper+0x4/0x10
[   25.773081]  [<ffffffff82bfd730>] ? retint_restore_args+0x13/0x13
[   25.776405]  [<ffffffff8414dbb1>] ? start_kernel+0x3cf/0x3cf
[   25.780117]  [<ffffffff82c05530>] ? gs_change+0x13/0x13

Thanks,
Fengguang

--lrZ03NoBR/3+SXJZ
Content-Type: application/octet-stream
Content-Disposition: attachment; filename=dmesg-kvm-xgwo-1939-2012-07-23-05-40-47
Content-Transfer-Encoding: 8bit

[    0.000000] Initializing cgroup subsys cpuset
[    0.000000] Initializing cgroup subsys cpu
[    0.000000] Linux version 3.5.0+ (wfg@bee) (gcc version 4.7.1 (Debian 4.7.1-5) ) #1404 SMP Mon Jul 23 05:38:33 CST 2012
[    0.000000] Command line: trinity=1m hung_task_panic=1 tree=linus:master log_buf_len=8M ignore_loglevel debug sched_debug apic=debug dynamic_printk sysrq_always_enabled panic=10 softlockup_panic=1 unknown_nmi_panic=1 nmi_watchdog=panic,lapic load_ramdisk=2 prompt_ramdisk=0 console=ttyS0,115200 console=tty0 vga=normal ip=::::kvm::dhcp nfsroot=10.239.97.14:/nfsroot/wfg,tcp,v3,nocto,actimeo=600,nolock,rsize=524288,wsize=524288 rw link=vmlinuz-2012-07-23-05-39-26-linus:master:cb47c18-7cd58b0-x86_64-allyesdebian-1-xgwo BOOT_IMAGE=kernel-tests/kernels/x86_64-allyesdebian/7cd58b0/vmlinuz-3.5.0+
[    0.000000] Disabled fast string operations
[    0.000000] e820: BIOS-provided physical RAM map:
[    0.000000] BIOS-e820: [mem 0x0000000000000000-0x000000000009f3ff] usable
[    0.000000] BIOS-e820: [mem 0x000000000009f400-0x000000000009ffff] reserved
[    0.000000] BIOS-e820: [mem 0x00000000000f0000-0x00000000000fffff] reserved
[    0.000000] BIOS-e820: [mem 0x0000000000100000-0x000000001fffcfff] usable
[    0.000000] BIOS-e820: [mem 0x000000001fffd000-0x000000001fffffff] reserved
[    0.000000] BIOS-e820: [mem 0x00000000fffbc000-0x00000000ffffffff] reserved
[    0.000000] debug: ignoring loglevel setting.
[    0.000000] NX (Execute Disable) protection: active
[    0.000000] DMI 2.4 present.
[    0.000000] DMI: Bochs Bochs, BIOS Bochs 01/01/2007
[    0.000000] e820: update [mem 0x00000000-0x0000ffff] usable ==> reserved
[    0.000000] e820: remove [mem 0x000a0000-0x000fffff] usable
[    0.000000] No AGP bridge found
[    0.000000] e820: last_pfn = 0x1fffd max_arch_pfn = 0x400000000
[    0.000000] MTRR default type: write-back
[    0.000000] MTRR fixed ranges enabled:
[    0.000000]   00000-9FFFF write-back
[    0.000000]   A0000-BFFFF uncachable
[    0.000000]   C0000-FFFFF write-protect
[    0.000000] MTRR variable ranges enabled:
[    0.000000]   0 base 00E0000000 mask FFE0000000 uncachable
[    0.000000]   1 disabled
[    0.000000]   2 disabled
[    0.000000]   3 disabled
[    0.000000]   4 disabled
[    0.000000]   5 disabled
[    0.000000]   6 disabled
[    0.000000]   7 disabled
[    0.000000] x86 PAT enabled: cpu 0, old 0x0, new 0x7010600070106
[    0.000000] Scan for SMP in [mem 0x00000000-0x000003ff]
[    0.000000] Scan for SMP in [mem 0x0009fc00-0x0009ffff]
[    0.000000] Scan for SMP in [mem 0x000f0000-0x000fffff]
[    0.000000] found SMP MP-table at [mem 0x000f8860-0x000f886f] mapped at [ffff8800000f8860]
[    0.000000]   mpc: f8870-f898c
[    0.000000] initial memory mapped: [mem 0x00000000-0x1fffffff]
[    0.000000] Base memory trampoline at [ffff880000099000] 99000 size 24576
[    0.000000] init_memory_mapping: [mem 0x00000000-0x1fffcfff]
[    0.000000]  [mem 0x00000000-0x1fffcfff] page 4k
[    0.000000] kernel direct mapping tables up to 0x1fffcfff @ [mem 0x1fefb000-0x1fffcfff]
[    0.000000] log_buf_len: 8388608
[    0.000000] early log buf free: 127964(97%)
[    0.000000] ACPI: RSDP 00000000000f8810 00014 (v00 BOCHS )
[    0.000000] ACPI: RSDT 000000001fffde10 00034 (v01 BOCHS  BXPCRSDT 00000001 BXPC 00000001)
[    0.000000] ACPI: FACP 000000001ffffe40 00074 (v01 BOCHS  BXPCFACP 00000001 BXPC 00000001)
[    0.000000] ACPI: DSDT 000000001fffdfd0 01E22 (v01   BXPC   BXDSDT 00000001 INTL 20090123)
[    0.000000] ACPI: FACS 000000001ffffe00 00040
[    0.000000] ACPI: SSDT 000000001fffdf80 00044 (v01 BOCHS  BXPCSSDT 00000001 BXPC 00000001)
[    0.000000] ACPI: APIC 000000001fffde90 0007A (v01 BOCHS  BXPCAPIC 00000001 BXPC 00000001)
[    0.000000] ACPI: HPET 000000001fffde50 00038 (v01 BOCHS  BXPCHPET 00000001 BXPC 00000001)
[    0.000000] ACPI: Local APIC address 0xfee00000
[    0.000000] mapped APIC to ffffffffff5fb000 (        fee00000)
[    0.000000] No NUMA configuration found
[    0.000000] Faking a node at [mem 0x0000000000000000-0x000000001fffcfff]
[    0.000000] Initmem setup node 0 [mem 0x00000000-0x1fffcfff]
[    0.000000]   NODE_DATA [mem 0x1f6f6000-0x1f6fafff]
[    0.000000] kvm-clock: Using msrs 12 and 11
[    0.000000] kvm-clock: cpu 0, msr 0:414ba81, boot clock
[    0.000000]  [ffffea0000000000-ffffea00007fffff] PMD -> [ffff88001e600000-ffff88001edfffff] on node 0
[    0.000000] Zone ranges:
[    0.000000]   DMA      [mem 0x00010000-0x00ffffff]
[    0.000000]   DMA32    [mem 0x01000000-0xffffffff]
[    0.000000]   Normal   empty
[    0.000000] Movable zone start for each node
[    0.000000] Early memory node ranges
[    0.000000]   node   0: [mem 0x00010000-0x0009efff]
[    0.000000]   node   0: [mem 0x00100000-0x1fffcfff]
[    0.000000] On node 0 totalpages: 130956
[    0.000000]   DMA zone: 64 pages used for memmap
[    0.000000]   DMA zone: 6 pages reserved
[    0.000000]   DMA zone: 3913 pages, LIFO batch:0
[    0.000000]   DMA32 zone: 1984 pages used for memmap
[    0.000000]   DMA32 zone: 124989 pages, LIFO batch:31
[    0.000000] ACPI: PM-Timer IO Port: 0xb008
[    0.000000] ACPI: Local APIC address 0xfee00000
[    0.000000] mapped APIC to ffffffffff5fb000 (        fee00000)
[    0.000000] ACPI: LAPIC (acpi_id[0x00] lapic_id[0x00] enabled)
[    0.000000] ACPI: LAPIC (acpi_id[0x01] lapic_id[0x01] enabled)
[    0.000000] ACPI: IOAPIC (id[0x02] address[0xfec00000] gsi_base[0])
[    0.000000] IOAPIC[0]: apic_id 2, version 17, address 0xfec00000, GSI 0-23
[    0.000000] ACPI: INT_SRC_OVR (bus 0 bus_irq 0 global_irq 2 dfl dfl)
[    0.000000] Int: type 0, pol 0, trig 0, bus 00, IRQ 00, APIC ID 2, APIC INT 02
[    0.000000] ACPI: INT_SRC_OVR (bus 0 bus_irq 5 global_irq 5 high level)
[    0.000000] Int: type 0, pol 1, trig 3, bus 00, IRQ 05, APIC ID 2, APIC INT 05
[    0.000000] ACPI: INT_SRC_OVR (bus 0 bus_irq 9 global_irq 9 high level)
[    0.000000] Int: type 0, pol 1, trig 3, bus 00, IRQ 09, APIC ID 2, APIC INT 09
[    0.000000] ACPI: INT_SRC_OVR (bus 0 bus_irq 10 global_irq 10 high level)
[    0.000000] Int: type 0, pol 1, trig 3, bus 00, IRQ 0a, APIC ID 2, APIC INT 0a
[    0.000000] ACPI: INT_SRC_OVR (bus 0 bus_irq 11 global_irq 11 high level)
[    0.000000] Int: type 0, pol 1, trig 3, bus 00, IRQ 0b, APIC ID 2, APIC INT 0b
[    0.000000] ACPI: IRQ0 used by override.
[    0.000000] Int: type 0, pol 0, trig 0, bus 00, IRQ 01, APIC ID 2, APIC INT 01
[    0.000000] ACPI: IRQ2 used by override.
[    0.000000] Int: type 0, pol 0, trig 0, bus 00, IRQ 03, APIC ID 2, APIC INT 03
[    0.000000] Int: type 0, pol 0, trig 0, bus 00, IRQ 04, APIC ID 2, APIC INT 04
[    0.000000] ACPI: IRQ5 used by override.
[    0.000000] Int: type 0, pol 0, trig 0, bus 00, IRQ 06, APIC ID 2, APIC INT 06
[    0.000000] Int: type 0, pol 0, trig 0, bus 00, IRQ 07, APIC ID 2, APIC INT 07
[    0.000000] Int: type 0, pol 0, trig 0, bus 00, IRQ 08, APIC ID 2, APIC INT 08
[    0.000000] ACPI: IRQ9 used by override.
[    0.000000] ACPI: IRQ10 used by override.
[    0.000000] ACPI: IRQ11 used by override.
[    0.000000] Int: type 0, pol 0, trig 0, bus 00, IRQ 0c, APIC ID 2, APIC INT 0c
[    0.000000] Int: type 0, pol 0, trig 0, bus 00, IRQ 0d, APIC ID 2, APIC INT 0d
[    0.000000] Int: type 0, pol 0, trig 0, bus 00, IRQ 0e, APIC ID 2, APIC INT 0e
[    0.000000] Int: type 0, pol 0, trig 0, bus 00, IRQ 0f, APIC ID 2, APIC INT 0f
[    0.000000] Using ACPI (MADT) for SMP configuration information
[    0.000000] ACPI: HPET id: 0x8086a201 base: 0xfed00000
[    0.000000] smpboot: Allowing 2 CPUs, 0 hotplug CPUs
[    0.000000] mapped IOAPIC to ffffffffff5fa000 (fec00000)
[    0.000000] nr_irqs_gsi: 40
[    0.000000] PM: Registered nosave memory: 000000000009f000 - 00000000000a0000
[    0.000000] PM: Registered nosave memory: 00000000000a0000 - 00000000000f0000
[    0.000000] PM: Registered nosave memory: 00000000000f0000 - 0000000000100000
[    0.000000] e820: [mem 0x20000000-0xfffbbfff] available for PCI devices
[    0.000000] Booting paravirtualized kernel on KVM
[    0.000000] setup_percpu: NR_CPUS:512 nr_cpumask_bits:512 nr_cpu_ids:2 nr_node_ids:1
[    0.000000] PERCPU: Embedded 477 pages/cpu @ffff88001f200000 s1924184 r8192 d21416 u2097152
[    0.000000] pcpu-alloc: s1924184 r8192 d21416 u2097152 alloc=1*2097152
[    0.000000] pcpu-alloc: [0] 0 [0] 1 
[    0.000000] kvm-clock: cpu 0, msr 0:1f3d4a81, primary cpu clock
[    0.000000] Built 1 zonelists in Node order, mobility grouping on.  Total pages: 128902
[    0.000000] Policy zone: DMA32
[    0.000000] Kernel command line: trinity=1m hung_task_panic=1 tree=linus:master log_buf_len=8M ignore_loglevel debug sched_debug apic=debug dynamic_printk sysrq_always_enabled panic=10 softlockup_panic=1 unknown_nmi_panic=1 nmi_watchdog=panic,lapic load_ramdisk=2 prompt_ramdisk=0 console=ttyS0,115200 console=tty0 vga=normal ip=::::kvm::dhcp nfsroot=10.239.97.14:/nfsroot/wfg,tcp,v3,nocto,actimeo=600,nolock,rsize=524288,wsize=524288 rw link=vmlinuz-2012-07-23-05-39-26-linus:master:cb47c18-7cd58b0-x86_64-allyesdebian-1-xgwo BOOT_IMAGE=kernel-tests/kernels/x86_64-allyesdebian/7cd58b0/vmlinuz-3.5.0+
[    0.000000] sysrq: sysrq always enabled.
[    0.000000] PID hash table entries: 2048 (order: 2, 16384 bytes)
[    0.000000] __ex_table already sorted, skipping sort
[    0.000000] Checking aperture...
[    0.000000] No AGP bridge found
[    0.000000] Calgary: detecting Calgary via BIOS EBDA area
[    0.000000] Calgary: Unable to locate Rio Grande table in EBDA - bailing!
[    0.000000] Memory: 436236k/524276k available (28712k kernel code, 452k absent, 87588k reserved, 19884k data, 3840k init)
[    0.000000] Hierarchical RCU implementation.
[    0.000000] 	RCU debugfs-based tracing is enabled.
[    0.000000] 	RCU dyntick-idle grace-period acceleration is enabled.
[    0.000000] 	Additional per-CPU info printed with stalls.
[    0.000000] 	RCU restricting CPUs from NR_CPUS=512 to nr_cpu_ids=2.
[    0.000000] NR_IRQS:33024 nr_irqs:512 16
[    0.000000] Console: colour VGA+ 80x25
[    0.000000] console [tty0] enabled
[    0.000000] console [ttyS0] enabled
[    0.000000] Lock dependency validator: Copyright (c) 2006 Red Hat, Inc., Ingo Molnar
[    0.000000] ... MAX_LOCKDEP_SUBCLASSES:  8
[    0.000000] ... MAX_LOCK_DEPTH:          48
[    0.000000] ... MAX_LOCKDEP_KEYS:        8191
[    0.000000] ... CLASSHASH_SIZE:          4096
[    0.000000] ... MAX_LOCKDEP_ENTRIES:     16384
[    0.000000] ... MAX_LOCKDEP_CHAINS:      32768
[    0.000000] ... CHAINHASH_SIZE:          16384
[    0.000000]  memory used by lock dependency info: 6367 kB
[    0.000000]  per task-struct memory footprint: 2688 bytes
[    0.000000] ------------------------
[    0.000000] | Locking API testsuite:
[    0.000000] ----------------------------------------------------------------------------
[    0.000000]                                  | spin |wlock |rlock |mutex | wsem | rsem |
[    0.000000]   --------------------------------------------------------------------------
[    0.000000]                      A-A deadlock:  ok  |  ok  |  ok  |  ok  |  ok  |  ok  |
[    0.000000]                  A-B-B-A deadlock:  ok  |  ok  |  ok  |  ok  |  ok  |  ok  |
[    0.000000]              A-B-B-C-C-A deadlock:  ok  |  ok  |  ok  |  ok  |  ok  |  ok  |
[    0.000000]              A-B-C-A-B-C deadlock:  ok  |  ok  |  ok  |  ok  |  ok  |  ok  |
[    0.000000]          A-B-B-C-C-D-D-A deadlock:  ok  |  ok  |  ok  |  ok  |  ok  |  ok  |
[    0.000000]          A-B-C-D-B-D-D-A deadlock:  ok  |  ok  |  ok  |  ok  |  ok  |  ok  |
[    0.000000]          A-B-C-D-B-C-D-A deadlock:  ok  |  ok  |  ok  |  ok  |  ok  |  ok  |
[    0.000000]                     double unlock:  ok  |  ok  |  ok  |  ok  |  ok  |  ok  |
[    0.000000]                   initialize held:  ok  |  ok  |  ok  |  ok  |  ok  |  ok  |
[    0.000000]                  bad unlock order:  ok  |  ok  |  ok  |  ok  |  ok  |  ok  |
[    0.000000]   --------------------------------------------------------------------------
[    0.000000]               recursive read-lock:             |  ok  |             |  ok  |
[    0.000000]            recursive read-lock #2:             |  ok  |             |  ok  |
[    0.000000]             mixed read-write-lock:             |  ok  |             |  ok  |
[    0.000000]             mixed write-read-lock:             |  ok  |             |  ok  |
[    0.000000]   --------------------------------------------------------------------------
[    0.000000]      hard-irqs-on + irq-safe-A/12:  ok  |  ok  |  ok  |
[    0.000000]      soft-irqs-on + irq-safe-A/12:  ok  |  ok  |  ok  |
[    0.000000]      hard-irqs-on + irq-safe-A/21:  ok  |  ok  |  ok  |
[    0.000000]      soft-irqs-on + irq-safe-A/21:  ok  |  ok  |  ok  |
[    0.000000]        sirq-safe-A => hirqs-on/12:  ok  |  ok  |  ok  |
[    0.000000]        sirq-safe-A => hirqs-on/21:  ok  |  ok  |  ok  |
[    0.000000]          hard-safe-A + irqs-on/12:  ok  |  ok  |  ok  |
[    0.000000]          soft-safe-A + irqs-on/12:  ok  |  ok  |  ok  |
[    0.000000]          hard-safe-A + irqs-on/21:  ok  |  ok  |  ok  |
[    0.000000]          soft-safe-A + irqs-on/21:  ok  |  ok  |  ok  |
[    0.000000]     hard-safe-A + unsafe-B #1/123:  ok  |  ok  |  ok  |
[    0.000000]     soft-safe-A + unsafe-B #1/123:  ok  |  ok  |  ok  |
[    0.000000]     hard-safe-A + unsafe-B #1/132:  ok  |  ok  |  ok  |
[    0.000000]     soft-safe-A + unsafe-B #1/132:  ok  |  ok  |  ok  |
[    0.000000]     hard-safe-A + unsafe-B #1/213:  ok  |  ok  |  ok  |
[    0.000000]     soft-safe-A + unsafe-B #1/213:  ok  |  ok  |  ok  |
[    0.000000]     hard-safe-A + unsafe-B #1/231:  ok  |  ok  |  ok  |
[    0.000000]     soft-safe-A + unsafe-B #1/231:  ok  |  ok  |  ok  |
[    0.000000]     hard-safe-A + unsafe-B #1/312:  ok  |  ok  |  ok  |
[    0.000000]     soft-safe-A + unsafe-B #1/312:  ok  |  ok  |  ok  |
[    0.000000]     hard-safe-A + unsafe-B #1/321:  ok  |  ok  |  ok  |
[    0.000000]     soft-safe-A + unsafe-B #1/321:  ok  |  ok  |  ok  |
[    0.000000]     hard-safe-A + unsafe-B #2/123:  ok  |  ok  |  ok  |
[    0.000000]     soft-safe-A + unsafe-B #2/123:  ok  |  ok  |  ok  |
[    0.000000]     hard-safe-A + unsafe-B #2/132:  ok  |  ok  |  ok  |
[    0.000000]     soft-safe-A + unsafe-B #2/132:  ok  |  ok  |  ok  |
[    0.000000]     hard-safe-A + unsafe-B #2/213:  ok  |  ok  |  ok  |
[    0.000000]     soft-safe-A + unsafe-B #2/213:  ok  |  ok  |  ok  |
[    0.000000]     hard-safe-A + unsafe-B #2/231:  ok  |  ok  |  ok  |
[    0.000000]     soft-safe-A + unsafe-B #2/231:  ok  |  ok  |  ok  |
[    0.000000]     hard-safe-A + unsafe-B #2/312:  ok  |  ok  |  ok  |
[    0.000000]     soft-safe-A + unsafe-B #2/312:  ok  |  ok  |  ok  |
[    0.000000]     hard-safe-A + unsafe-B #2/321:  ok  |  ok  |  ok  |
[    0.000000]     soft-safe-A + unsafe-B #2/321:  ok  |  ok  |  ok  |
[    0.000000]       hard-irq lock-inversion/123:  ok  |  ok  |  ok  |
[    0.000000]       soft-irq lock-inversion/123:  ok  |  ok  |  ok  |
[    0.000000]       hard-irq lock-inversion/132:  ok  |  ok  |  ok  |
[    0.000000]       soft-irq lock-inversion/132:  ok  |  ok  |  ok  |
[    0.000000]       hard-irq lock-inversion/213:  ok  |  ok  |  ok  |
[    0.000000]       soft-irq lock-inversion/213:  ok  |  ok  |  ok  |
[    0.000000]       hard-irq lock-inversion/231:  ok  |  ok  |  ok  |
[    0.000000]       soft-irq lock-inversion/231:  ok  |  ok  |  ok  |
[    0.000000]       hard-irq lock-inversion/312:  ok  |  ok  |  ok  |
[    0.000000]       soft-irq lock-inversion/312:  ok  |  ok  |  ok  |
[    0.000000]       hard-irq lock-inversion/321:  ok  |  ok  |  ok  |
[    0.000000]       soft-irq lock-inversion/321:  ok  |  ok  |  ok  |
[    0.000000]       hard-irq read-recursion/123:  ok  |
[    0.000000]       soft-irq read-recursion/123:  ok  |
[    0.000000]       hard-irq read-recursion/132:  ok  |
[    0.000000]       soft-irq read-recursion/132:  ok  |
[    0.000000]       hard-irq read-recursion/213:  ok  |
[    0.000000]       soft-irq read-recursion/213:  ok  |
[    0.000000]       hard-irq read-recursion/231:  ok  |
[    0.000000]       soft-irq read-recursion/231:  ok  |
[    0.000000]       hard-irq read-recursion/312:  ok  |
[    0.000000]       soft-irq read-recursion/312:  ok  |
[    0.000000]       hard-irq read-recursion/321:  ok  |
[    0.000000]       soft-irq read-recursion/321:  ok  |
[    0.000000] -------------------------------------------------------
[    0.000000] Good, all 218 testcases passed! |
[    0.000000] ---------------------------------
[    0.000000] ODEBUG: 0 of 0 active objects replaced
[    0.000000] hpet clockevent registered
[    0.000000] tsc: Detected 2666.568 MHz processor
[    0.004000] Calibrating delay loop (skipped) preset value.. 5333.13 BogoMIPS (lpj=10666272)
[    0.004034] pid_max: default: 32768 minimum: 301
[    0.008888] Security Framework initialized
[    0.010058] AppArmor: AppArmor disabled by boot time parameter
[    0.015034] Dentry cache hash table entries: 65536 (order: 7, 524288 bytes)
[    0.021056] Inode-cache hash table entries: 32768 (order: 6, 262144 bytes)
[    0.024079] Mount-cache hash table entries: 256
[    0.039783] Initializing cgroup subsys cpuacct
[    0.040022] Initializing cgroup subsys devices
[    0.041222] Initializing cgroup subsys freezer
[    0.042421] Initializing cgroup subsys net_cls
[    0.044100] Initializing cgroup subsys blkio
[    0.048459] Disabled fast string operations
[    0.049662] mce: CPU supports 10 MCE banks
[    0.050982] numa_add_cpu cpu 0 node 0: mask now 0
[    0.059126] ACPI: Core revision 20120320
[    0.067168] ftrace: allocating 108531 entries in 424 pages
[    0.110204] Getting VERSION: 50014
[    0.112031] Getting VERSION: 50014
[    0.116026] Getting ID: 0
[    0.117684] Getting ID: ff000000
[    0.120029] Getting LVT0: 8700
[    0.122817] Getting LVT1: 8400
[    0.124141] enabled ExtINT on CPU#0
[    0.129821] ENABLING IO-APIC IRQs
[    0.132025] init IO_APIC IRQs
[    0.133756]  apic 2 pin 0 not connected
[    0.136069] IOAPIC[0]: Set routing entry (2-1 -> 0x41 -> IRQ 1 Mode:0 Active:0 Dest:1)
[    0.140058] IOAPIC[0]: Set routing entry (2-2 -> 0x51 -> IRQ 0 Mode:0 Active:0 Dest:1)
[    0.144054] IOAPIC[0]: Set routing entry (2-3 -> 0x61 -> IRQ 3 Mode:0 Active:0 Dest:1)
[    0.148390] IOAPIC[0]: Set routing entry (2-4 -> 0x71 -> IRQ 4 Mode:0 Active:0 Dest:1)
[    0.152054] IOAPIC[0]: Set routing entry (2-5 -> 0x81 -> IRQ 5 Mode:1 Active:0 Dest:1)
[    0.156052] IOAPIC[0]: Set routing entry (2-6 -> 0x91 -> IRQ 6 Mode:0 Active:0 Dest:1)
[    0.160058] IOAPIC[0]: Set routing entry (2-7 -> 0xa1 -> IRQ 7 Mode:0 Active:0 Dest:1)
[    0.164051] IOAPIC[0]: Set routing entry (2-8 -> 0xb1 -> IRQ 8 Mode:0 Active:0 Dest:1)
[    0.172054] IOAPIC[0]: Set routing entry (2-9 -> 0xc1 -> IRQ 9 Mode:1 Active:0 Dest:1)
[    0.176055] IOAPIC[0]: Set routing entry (2-10 -> 0x22 -> IRQ 10 Mode:1 Active:0 Dest:1)
[    0.180056] IOAPIC[0]: Set routing entry (2-11 -> 0x42 -> IRQ 11 Mode:1 Active:0 Dest:1)
[    0.184056] IOAPIC[0]: Set routing entry (2-12 -> 0x52 -> IRQ 12 Mode:0 Active:0 Dest:1)
[    0.188060] IOAPIC[0]: Set routing entry (2-13 -> 0x62 -> IRQ 13 Mode:0 Active:0 Dest:1)
[    0.192051] IOAPIC[0]: Set routing entry (2-14 -> 0x72 -> IRQ 14 Mode:0 Active:0 Dest:1)
[    0.196057] IOAPIC[0]: Set routing entry (2-15 -> 0x82 -> IRQ 15 Mode:0 Active:0 Dest:1)
[    0.200054]  apic 2 pin 16 not connected
[    0.204023]  apic 2 pin 17 not connected
[    0.207004]  apic 2 pin 18 not connected
[    0.208024]  apic 2 pin 19 not connected
[    0.212024]  apic 2 pin 20 not connected
[    0.213965]  apic 2 pin 21 not connected
[    0.216021]  apic 2 pin 22 not connected
[    0.218165]  apic 2 pin 23 not connected
[    0.220182] ..TIMER: vector=0x51 apic1=0 pin1=2 apic2=-1 pin2=-1
[    0.224022] smpboot: CPU0: Intel Common KVM processor stepping 01
[    0.231541] Using local APIC timer interrupts.
[    0.231541] calibrating APIC timer ...
[    0.236014] ... lapic delta = 6232535
[    0.236014] ... PM-Timer delta = 356960
[    0.236014] ... PM-Timer result ok
[    0.236014] ..... delta 6232535
[    0.236014] ..... mult: 267668610
[    0.236014] ..... calibration result: 3988822
[    0.236014] ..... CPU clock speed is 2659.1394 MHz.
[    0.236014] ..... host bus clock speed is 997.0822 MHz.
[    0.236096] Performance Events: unsupported Netburst CPU model 6 no PMU driver, software events only.
[    0.262778] Testing tracer nop: PASSED
[    0.265898] NMI watchdog: disabled (cpu0): hardware events not enabled
[    0.302231] SMP alternatives: lockdep: fixing up alternatives
[    0.304044] smpboot: Booting Node   0, Processors  #1 OK
[    0.004000] kvm-clock: cpu 1, msr 0:1f5d4a81, secondary cpu clock
[    0.004000] masked ExtINT on CPU#1
[    0.004000] Disabled fast string operations
[    0.004000] numa_add_cpu cpu 1 node 0: mask now 0-1
[    0.354449] Brought up 2 CPUs
[    0.356045] ----------------
[    0.358013] | NMI testsuite:
[    0.360029] --------------------
[    0.362567]   remote IPI:  ok  |
[    0.365210]    local IPI:  ok  |
[    0.384054] --------------------
[    0.385071] Good, all   2 testcases passed! |
[    0.386260] ---------------------------------
[    0.387567] smpboot: Total of 2 processors activated (10666.27 BogoMIPS)
[    0.394192] x86 PAT enabled: cpu 0, old 0x70106, new 0x7010600070106
[    0.400829] CPU0 attaching sched-domain:
[    0.404063]  domain 0: span 0-1 level CPU
[    0.406592]   groups: 0 (cpu_power = 1023) 1
[    0.410252] CPU1 attaching sched-domain:
[    0.412034]  domain 0: span 0-1 level CPU
[    0.416034]   groups: 1 0 (cpu_power = 1023)
[    0.432039] devtmpfs: initialized
[    0.525711] xor: automatically using best checksumming function:
[    0.568048]    generic_sse:  3627.000 MB/sec
[    0.570210] atomic64 test passed for x86-64 platform with CX8 and with SSE
[    0.582407] dummy: 
[    0.593833] NET: Registered protocol family 16
[    0.631040] ACPI: bus type pci registered
[    0.636857] dca service started, version 1.12.1
[    0.640940] PCI: Using configuration type 1 for base access
[    0.657200] mtrr: your CPUs had inconsistent variable MTRR settings
[    0.660047] mtrr: your CPUs had inconsistent MTRRdefType settings
[    0.664049] mtrr: probably your BIOS does not setup all CPUs.
[    0.667661] mtrr: corrected configuration.
[    1.542845] bio: create slab <bio-0> at 0
[    1.628131] raid6: sse2x1    1453 MB/s
[    1.696130] raid6: sse2x2    2897 MB/s
[    1.764126] raid6: sse2x4    3264 MB/s
[    1.766340] raid6: using algorithm sse2x4 (3264 MB/s)
[    1.768117] raid6: using intx1 recovery algorithm
[    1.774221] ACPI: Added _OSI(Module Device)
[    1.776124] ACPI: Added _OSI(Processor Device)
[    1.780124] ACPI: Added _OSI(3.0 _SCP Extensions)
[    1.783396] ACPI: Added _OSI(Processor Aggregator Device)
[    1.796385] ACPI: EC: Look up EC in DSDT
[    1.826111] ACPI: Interpreter enabled
[    1.828124] ACPI: (supports S0 S3 S4 S5)
[    1.832512] ACPI: Using IOAPIC for interrupt routing
[    1.922730] ACPI: No dock devices found.
[    1.924134] PCI: Ignoring host bridge windows from ACPI; if necessary, use "pci=use_crs" and report a bug
[    1.932529] ACPI: PCI Root Bridge [PCI0] (domain 0000 [bus 00-ff])
[    1.937609] pci_root PNP0A03:00: host bridge window [io  0x0000-0x0cf7] (ignored)
[    1.940136] pci_root PNP0A03:00: host bridge window [io  0x0d00-0xffff] (ignored)
[    1.944135] pci_root PNP0A03:00: host bridge window [mem 0x000a0000-0x000bffff] (ignored)
[    1.952134] pci_root PNP0A03:00: host bridge window [mem 0xe0000000-0xfebfffff] (ignored)
[    1.956212] PCI: root bus 00: using default resources
[    1.962129] PCI host bridge to bus 0000:00
[    1.964139] pci_bus 0000:00: root bus resource [io  0x0000-0xffff]
[    1.968136] pci_bus 0000:00: root bus resource [mem 0x00000000-0xffffffffff]
[    1.972311] pci 0000:00:00.0: [8086:1237] type 00 class 0x060000
[    1.978241] pci 0000:00:01.0: [8086:7000] type 00 class 0x060100
[    1.984321] pci 0000:00:01.1: [8086:7010] type 00 class 0x010180
[    1.988559] pci 0000:00:01.1: reg 20: [io  0xc000-0xc00f]
[    1.993769] pci 0000:00:01.3: [8086:7113] type 00 class 0x068000
[    1.998322] pci 0000:00:01.3: quirk: [io  0xb000-0xb03f] claimed by PIIX4 ACPI
[    2.004160] pci 0000:00:01.3: quirk: [io  0xb100-0xb10f] claimed by PIIX4 SMB
[    2.009677] pci 0000:00:02.0: [1013:00b8] type 00 class 0x030000
[    2.024277] pci 0000:00:02.0: reg 10: [mem 0xf0000000-0xf1ffffff pref]
[    2.035727] pci 0000:00:02.0: reg 14: [mem 0xf2000000-0xf2000fff]
[    2.068290] pci 0000:00:02.0: reg 30: [mem 0xf2010000-0xf201ffff pref]
[    2.072353] pci 0000:00:03.0: [8086:100e] type 00 class 0x020000
[    2.080148] pci 0000:00:03.0: reg 10: [mem 0xf2020000-0xf203ffff]
[    2.084157] pci 0000:00:03.0: reg 14: [io  0xc040-0xc07f]
[    2.096147] pci 0000:00:03.0: reg 30: [mem 0xf2040000-0xf2047fff pref]
[    2.098378] pci 0000:00:04.0: [1af4:1001] type 00 class 0x010000
[    2.100329] pci 0000:00:04.0: reg 10: [io  0xc080-0xc0bf]
[    2.104249] pci 0000:00:04.0: reg 14: [mem 0xf2048000-0xf2048fff]
[    2.111263] pci 0000:00:05.0: [1af4:1001] type 00 class 0x010000
[    2.112999] pci 0000:00:05.0: reg 10: [io  0xc0c0-0xc0ff]
[    2.116253] pci 0000:00:05.0: reg 14: [mem 0xf2049000-0xf2049fff]
[    2.125706] pci 0000:00:06.0: [1af4:1001] type 00 class 0x010000
[    2.129430] pci 0000:00:06.0: reg 10: [io  0xc100-0xc13f]
[    2.132260] pci 0000:00:06.0: reg 14: [mem 0xf204a000-0xf204afff]
[    2.138323] pci 0000:00:07.0: [1af4:1001] type 00 class 0x010000
[    2.140329] pci 0000:00:07.0: reg 10: [io  0xc140-0xc17f]
[    2.144312] pci 0000:00:07.0: reg 14: [mem 0xf204b000-0xf204bfff]
[    2.152547] pci 0000:00:08.0: [1af4:1001] type 00 class 0x010000
[    2.156339] pci 0000:00:08.0: reg 10: [io  0xc180-0xc1bf]
[    2.160273] pci 0000:00:08.0: reg 14: [mem 0xf204c000-0xf204cfff]
[    2.166506] pci 0000:00:09.0: [1af4:1001] type 00 class 0x010000
[    2.168346] pci 0000:00:09.0: reg 10: [io  0xc1c0-0xc1ff]
[    2.172271] pci 0000:00:09.0: reg 14: [mem 0xf204d000-0xf204dfff]
[    2.180424] pci 0000:00:0a.0: [8086:25ab] type 00 class 0x088000
[    2.184793] pci 0000:00:0a.0: reg 10: [mem 0xf204e000-0xf204e00f]
[    2.190385] ACPI: PCI Interrupt Routing Table [\_SB_.PCI0._PRT]
[    2.203555]  pci0000:00: Unable to request _OSC control (_OSC support mask: 0x1e)
[    2.297869] ACPI: PCI Interrupt Link [LNKA] (IRQs 5 *10 11)
[    2.304164] ACPI: PCI Interrupt Link [LNKB] (IRQs 5 *10 11)
[    2.310375] ACPI: PCI Interrupt Link [LNKC] (IRQs 5 10 *11)
[    2.316817] ACPI: PCI Interrupt Link [LNKD] (IRQs 5 10 *11)
[    2.333396] vgaarb: device added: PCI:0000:00:02.0,decodes=io+mem,owns=io+mem,locks=none
[    2.336200] vgaarb: loaded
[    2.340153] vgaarb: bridge control possible 0000:00:02.0
[    2.353099] tps65010: version 2 May 2005
[    2.388536] tps65010: no chip?
[    2.398331] SCSI subsystem initialized
[    2.404150] libata version 3.00 loaded.
[    2.416322] ACPI: bus type usb registered
[    2.421301] usbcore: registered new interface driver usbfs
[    2.424504] usbcore: registered new interface driver hub
[    2.430327] usbcore: registered new device driver usb
[    2.441697] pps_core: LinuxPPS API ver. 1 registered
[    2.444164] pps_core: Software ver. 5.3.6 - Copyright 2005-2007 Rodolfo Giometti <giometti@linux.it>
[    2.448980] PTP clock support registered
[    2.470585] wmi: Mapper loaded
[    7.476761] Advanced Linux Sound Architecture Driver Version 1.0.25.
[    7.478872] PCI: Using ACPI for IRQ routing
[    7.480138] PCI: pci_cache_line_size set to 64 bytes
[    7.481005] e820: reserve RAM buffer [mem 0x0009f400-0x0009ffff]
[    7.484494] e820: reserve RAM buffer [mem 0x1fffd000-0x1fffffff]
[    7.512759] Sangoma WANPIPE Router v1.1 (c) 1995-2000 Sangoma Technologies Inc.
[    7.519699] NET: Registered protocol family 23
[    7.526363] Bluetooth: Core ver 2.16
[    7.528555] NET: Registered protocol family 31
[    7.531547] Bluetooth: HCI device and connection manager initialized
[    7.533107] Bluetooth: HCI socket layer initialized
[    7.536488] Bluetooth: L2CAP socket layer initialized
[    7.540774] Bluetooth: SCO socket layer initialized
[    7.544504] NET: Registered protocol family 8
[    7.546772] NET: Registered protocol family 20
[    7.556598] cfg80211: Calling CRDA to update world regulatory domain
[    7.573008] nfc: nfc_init: NFC Core ver 0.1
[    7.577153] NET: Registered protocol family 39
[    7.591815] HPET: 3 timers in total, 0 timers will be used for per-cpu timer
[    7.597304] hpet0: at MMIO 0xfed00000, IRQs 2, 8, 0
[    7.599868] hpet0: 3 comparators, 64-bit 100.000000 MHz counter
[    7.616651] Switching to clocksource kvm-clock
[   12.681229] FS-Cache: Loaded
[   12.686815] CacheFiles: Loaded
[   12.690995] pnp: PnP ACPI init
[   12.694571] ACPI: bus type pnp registered
[   12.697657] pnp 00:00: [bus 00-ff]
[   12.699916] pnp 00:00: [io  0x0cf8-0x0cff]
[   12.702185] pnp 00:00: [io  0x0000-0x0cf7 window]
[   12.705362] pnp 00:00: [io  0x0d00-0xffff window]
[   12.708279] pnp 00:00: [mem 0x000a0000-0x000bffff window]
[   12.711990] pnp 00:00: [mem 0xe0000000-0xfebfffff window]
[   12.716231] pnp 00:00: Plug and Play ACPI device, IDs PNP0a03 (active)
[   12.721836] pnp 00:01: [io  0x0070-0x0071]
[   12.724204] pnp 00:01: [irq 8]
[   12.726263] pnp 00:01: [io  0x0072-0x0077]
[   12.730942] pnp 00:01: Plug and Play ACPI device, IDs PNP0b00 (active)
[   12.736624] pnp 00:02: [io  0x0060]
[   12.738172] pnp 00:02: [io  0x0064]
[   12.741067] pnp 00:02: [irq 1]
[   12.744157] pnp 00:02: Plug and Play ACPI device, IDs PNP0303 (active)
[   12.749559] pnp 00:03: [irq 12]
[   12.752260] pnp 00:03: Plug and Play ACPI device, IDs PNP0f13 (active)
[   12.757399] pnp 00:04: [io  0x03f2-0x03f5]
[   12.760139] pnp 00:04: [io  0x03f7]
[   12.763076] pnp 00:04: [irq 6]
[   12.765184] pnp 00:04: [dma 2]
[   12.782723] pnp 00:04: Plug and Play ACPI device, IDs PNP0700 (active)
[   12.787257] pnp 00:05: [io  0x0378-0x037f]
[   12.790700] pnp 00:05: [irq 7]
[   12.793229] pnp 00:05: Plug and Play ACPI device, IDs PNP0400 (active)
[   12.798306] pnp 00:06: [io  0x03f8-0x03ff]
[   12.801743] pnp 00:06: [irq 4]
[   12.805150] pnp 00:06: Plug and Play ACPI device, IDs PNP0501 (active)
[   12.809950] pnp 00:07: [mem 0xfed00000-0xfed003ff]
[   12.814596] pnp 00:07: Plug and Play ACPI device, IDs PNP0103 (active)
[   12.819756] pnp: PnP ACPI: found 8 devices
[   12.822753] ACPI: ACPI bus type pnp unregistered
[   12.992781] pci_bus 0000:00: resource 4 [io  0x0000-0xffff]
[   12.995763] pci_bus 0000:00: resource 5 [mem 0x00000000-0xffffffffff]
[   13.004720] NET: Registered protocol family 2
[   13.011027] IP route cache hash table entries: 4096 (order: 3, 32768 bytes)
[   13.033674] TCP established hash table entries: 16384 (order: 6, 262144 bytes)
[   13.057846] TCP bind hash table entries: 16384 (order: 8, 1310720 bytes)
[   13.066646] TCP: Hash tables configured (established 16384 bind 16384)
[   13.070199] TCP: reno registered
[   13.072464] UDP hash table entries: 256 (order: 3, 49152 bytes)
[   13.076468] UDP-Lite hash table entries: 256 (order: 3, 49152 bytes)
[   13.088676] NET: Registered protocol family 1
[   13.115237] RPC: Registered named UNIX socket transport module.
[   13.118349] RPC: Registered udp transport module.
[   13.121897] RPC: Registered tcp transport module.
[   13.124355] RPC: Registered tcp NFSv4.1 backchannel transport module.
[   13.129527] pci 0000:00:00.0: Limiting direct PCI/PCI transfers
[   13.133052] pci 0000:00:01.0: PIIX3: Enabling Passive Release
[   13.136252] pci 0000:00:01.0: Activating ISA DMA hang workarounds
[   13.140189] pci 0000:00:02.0: Boot video device
[   13.143900] PCI: CLS 0 bytes, default 64
[   13.443981] DMA-API: preallocated 32768 debug entries
[   13.447493] DMA-API: debugging enabled by kernel config
[   13.472848] kvm: no hardware support
[   13.475533] has_svm: not amd
[   13.477322] kvm: no hardware support
[   13.491354] Machine check injector initialized
[   13.509344] microcode: CPU0 sig=0xf61, pf=0x1, revision=0x1
[   13.510960] microcode: CPU1 sig=0xf61, pf=0x1, revision=0x1
[   13.515630] microcode: Microcode Update Driver: v2.00 <tigran@aivazian.fsnet.co.uk>, Peter Oruba
[   13.533548] blowfish-x86_64: performance on this CPU would be suboptimal: disabling blowfish-x86_64.
[   13.533820] cryptomgr_test (29) used greatest stack depth: 6008 bytes left
[   13.549536] twofish-x86_64-3way: performance on this CPU would be suboptimal: disabling twofish-x86_64-3way.
[   13.549922] cryptomgr_test (30) used greatest stack depth: 5784 bytes left
[   13.564539] sha1_ssse3: Neither AVX nor SSSE3 is available/usable.
[   13.594091] Initializing RT-Tester: OK
[   13.599641] audit: initializing netlink socket (disabled)
[   13.604639] type=2000 audit(1342993227.604:1): initialized
[   13.805964] Kprobe smoke test started
[   13.888214] Kprobe smoke test passed successfully
[   13.904339] Testing tracer function: [   15.039722] tsc: Refined TSC clocksource calibration: 2666.758 MHz
PASSED
[   15.142760] Testing dynamic ftrace: PASSED
[   16.476641] Testing dynamic ftrace ops #1: (1 0 1 1 0) (1 1 2 1 0) (2 1 3 1 10) (2 2 4 1 199) PASSED
[   18.935421] Testing dynamic ftrace ops #2: (1 0 1 83591 0) (1 1 2 83902 0) (2 1 3 1 122) (2 2 4 198 319) PASSED
[   21.424620] Testing tracer irqsoff: PASSED
[   23.408441] Testing tracer wakeup: .. no entries found ..FAILED!
[   25.733327] ------------[ cut here ]------------
[   25.734529] WARNING: at /c/kernel-tests/src/stable/kernel/trace/trace.c:834 register_tracer+0x19e/0x276()
[   25.737170] Hardware name: Bochs
[   25.738228] Modules linked in:
[   25.739383] Pid: 1, comm: swapper/0 Not tainted 3.5.0+ #1404
[   25.740960] Call Trace:
[   25.742151]  [<ffffffff81091271>] warn_slowpath_common+0x83/0x9c
[   25.745383]  [<ffffffff810912a4>] warn_slowpath_null+0x1a/0x1c
[   25.749132]  [<ffffffff8111d977>] register_tracer+0x19e/0x276
[   25.751698]  [<ffffffff8416d033>] ? init_irqsoff_tracer+0x14/0x14
[   25.755494]  [<ffffffff8416d043>] init_wakeup_tracer+0x10/0x22
[   25.759205]  [<ffffffff81002099>] do_one_initcall+0x7f/0x13a
[   25.762639]  [<ffffffff8414dcf2>] kernel_init+0x141/0x1c5
[   25.765469]  [<ffffffff8414d590>] ? do_early_param+0x8c/0x8c
[   25.769294]  [<ffffffff82c05534>] kernel_thread_helper+0x4/0x10
[   25.773081]  [<ffffffff82bfd730>] ? retint_restore_args+0x13/0x13
[   25.776405]  [<ffffffff8414dbb1>] ? start_kernel+0x3cf/0x3cf
[   25.780117]  [<ffffffff82c05530>] ? gs_change+0x13/0x13
[   25.783963] ---[ end trace 94aaf97119508fe1 ]---
[   25.792236] Testing tracer function_graph: PASSED
[   28.158706] HugeTLB registered 2 MB page size, pre-allocated 0 pages
[   28.205842] VFS: Disk quotas dquot_6.5.2
[   28.210452] Dquot-cache hash table entries: 512 (order 0, 4096 bytes)
[   28.243237] DLM installed
[   28.284252] squashfs: version 4.0 (2009/01/31) Phillip Lougher
[   28.340945] NFS: Registering the id_resolver key type
[   28.345769] Key type id_resolver registered
[   28.349122] FS-Cache: Netfs 'nfs' registered for caching
[   28.379505] nfs4filelayout_init: NFSv4 File Layout Driver Registering...
[   28.384672] Installing knfsd (copyright (C) 1996 okir@monad.swb.de).
[   28.432464] FS-Cache: Netfs 'cifs' registered for caching
[   28.454858] Key type cifs.spnego registered
[   28.458339] Key type cifs.idmap registered
[   28.462947] NTFS driver 2.1.30 [Flags: R/W].
[   28.473961] EFS: 1.0a - http://aeschi.ch.eu.org/efs/
[   28.478379] jffs2: version 2.2. (NAND) (SUMMARY)  Â© 2001-2006 Red Hat, Inc.
[   28.515871] ROMFS MTD (C) 2007 Red Hat, Inc.
[   28.520494] QNX4 filesystem 0.2.3 registered.
[   28.526046] fuse init (API version 7.19)
[   28.535595] JFS: nTxBlock = 3408, nTxLock = 27264
[   28.593949] SGI XFS with ACLs, security attributes, realtime, large block/inode numbers, no debug enabled
[   28.629892] 9p: Installing v9fs 9p2000 file system support
[   28.635278] FS-Cache: Netfs '9p' registered for caching
[   28.642238] NILFS version 2 loaded
[   28.643340] BeFS version: 0.9.3
[   28.648681] OCFS2 1.5.0
[   28.666184] ocfs2: Registered cluster interface o2cb
[   28.669823] ocfs2: Registered cluster interface user
[   28.674521] OCFS2 DLMFS 1.5.0
[   28.686038] OCFS2 User DLM kernel interface loaded
[   28.690129] OCFS2 Node Manager 1.5.0
[   28.699078] OCFS2 DLM 1.5.0
[   28.712595] Btrfs loaded
[   28.733198] GFS2 installed
[   28.737062] ceph: loaded (mds proto 32)
[   28.737062] msgmni has been set to 852
[   28.762852] alg: No test for cipher_null (cipher_null-generic)
[   28.767101] alg: No test for ecb(cipher_null) (ecb-cipher_null)
[   28.775804] alg: No test for digest_null (digest_null-generic)
[   28.779970] alg: No test for compress_null (compress_null-generic)
[   28.805947] cryptomgr_test (66) used greatest stack depth: 5400 bytes left
[   28.821113] cryptomgr_test (70) used greatest stack depth: 5384 bytes left
[   28.832982] cryptomgr_test (73) used greatest stack depth: 5368 bytes left
[   28.882098] alg: No test for fcrypt (fcrypt-generic)
[   29.016426] cryptomgr_test (104) used greatest stack depth: 5112 bytes left
[   29.043330] alg: No test for stdrng (krng)
[   29.075565] alg: No test for fips(ansi_cprng) (fips_ansi_cprng)
[   29.083679] NET: Registered protocol family 38
[   29.091684] async_tx: api initialized (async)
[   29.100511] Block layer SCSI generic (bsg) driver version 0.4 loaded (major 250)
[   29.102499] io scheduler noop registered
[   29.109685] io scheduler deadline registered
[   29.111652] io scheduler cfq registered (default)
[   29.119496] start plist test
[   29.127122] end plist test
[   29.127965] list_sort_test: start testing list_sort()
[   29.154753] pci_hotplug: PCI Hot Plug PCI Core version: 0.5
[   29.162000] pciehp: PCI Express Hot Plug Controller Driver version: 0.4
[   29.166864] cpcihp_zt5550: ZT5550 CompactPCI Hot Plug Driver version: 0.2
[   29.172945] cpcihp_generic: Generic port I/O CompactPCI Hot Plug Driver version: 0.1
[   29.179179] cpcihp_generic: not configured, disabling.
[   29.187776] shpchp: Standard Hot Plug PCI Controller Driver version: 0.4
[   29.192333] acpiphp: ACPI Hot Plug PCI Controller Driver version: 0.5
[   29.200152] acpiphp: Slot [1] registered
[   29.203365] acpiphp: Slot [2] registered
[   29.209151] acpiphp: Slot [3] registered
[   29.214292] acpiphp: Slot [4] registered
[   29.218947] acpiphp: Slot [5] registered
[   29.223201] acpiphp: Slot [6] registered
[   29.227181] acpiphp: Slot [7] registered
[   29.232455] acpiphp: Slot [8] registered
[   29.237771] acpiphp: Slot [9] registered
[   29.241320] acpiphp: Slot [10] registered
[   29.246424] acpiphp: Slot [11] registered
[   29.250692] acpiphp: Slot [12] registered
[   29.255181] acpiphp: Slot [13] registered
[   29.260505] acpiphp: Slot [14] registered
[   29.264734] acpiphp: Slot [15] registered
[   29.269809] acpiphp: Slot [16] registered
[   29.273255] acpiphp: Slot [17] registered
[   29.278126] acpiphp: Slot [18] registered
[   29.281431] acpiphp: Slot [19] registered
[   29.286388] acpiphp: Slot [20] registered
[   29.290322] acpiphp: Slot [21] registered
[   29.295059] acpiphp: Slot [22] registered
[   29.299759] acpiphp: Slot [23] registered
[   29.303439] acpiphp: Slot [24] registered
[   29.308754] acpiphp: Slot [25] registered
[   29.312991] acpiphp: Slot [26] registered
[   29.317058] acpiphp: Slot [27] registered
[   29.321079] acpiphp: Slot [28] registered
[   29.325263] acpiphp: Slot [29] registered
[   29.345380] acpiphp: Slot [30] registered
[   29.350104] acpiphp: Slot [31] registered
[   29.369623] acpiphp_ibm: ibm_acpiphp_init: acpi_walk_namespace failed
[   29.378104] progear_bl: ALI M7101 PMU not found.
[   29.388216] VIA Graphics Integration Chipset framebuffer 2.4 initializing
[   29.397891] vmlfb: initializing
[   29.401570] Could not find Carillo Ranch MCH device.
[   29.405430] no IO addresses supplied
[   29.410267] hgafb: HGA card not detected.
[   29.413877] hgafb: probe of hgafb.0 failed with error -22
[   29.420128] usbcore: registered new interface driver udlfb
[   29.442043] uvesafb: failed to execute /sbin/v86d
[   29.444247] uvesafb: make sure that the v86d helper is installed and executable
[   29.450004] uvesafb: Getting VBE info block failed (eax=0x4f00, err=-2)
[   29.454269] uvesafb: vbe_init() failed with -22
[   29.458227] uvesafb: probe of uvesafb.0 failed with error -22
[   29.467775] input: Power Button as /devices/LNXSYSTM:00/LNXPWRBN:00/input/input0
[   29.473628] ACPI: Power Button [PWRF]
[   29.548283] GHES: HEST is not enabled!
[   29.550988] ioatdma: Intel(R) QuickData Technology Driver 4.00
[   29.560398] ACPI: PCI Interrupt Link [LNKD] enabled at IRQ 11
[   29.564880] virtio-pci 0000:00:04.0: setting latency timer to 64
[   29.576972] ACPI: PCI Interrupt Link [LNKA] enabled at IRQ 10
[   29.581001] virtio-pci 0000:00:05.0: setting latency timer to 64
[   29.589187] ACPI: PCI Interrupt Link [LNKB] enabled at IRQ 10
[   29.593800] virtio-pci 0000:00:06.0: setting latency timer to 64
[   29.601032] ACPI: PCI Interrupt Link [LNKC] enabled at IRQ 11
[   29.604418] virtio-pci 0000:00:07.0: setting latency timer to 64
[   29.610959] virtio-pci 0000:00:08.0: setting latency timer to 64
[   29.616776] virtio-pci 0000:00:09.0: setting latency timer to 64
[   29.622468] XENFS: not registering filesystem on non-xen platform
[   29.630682] HDLC line discipline maxframe=4096
[   29.633962] N_HDLC line discipline registered.
[   29.637946] r3964: Philips r3964 Driver $Revision: 1.10 $
[   29.641018] Serial: 8250/16550 driver, 4 ports, IRQ sharing enabled
[   29.681006] serial8250: ttyS0 at I/O 0x3f8 (irq = 4) is a 16550A
[   29.727925] 00:06: ttyS0 at I/O 0x3f8 (irq = 4) is a 16550A
[   29.749255] Cyclades driver 2.6
[   29.756519] MOXA Intellio family driver version 6.0k
[   29.978113] MOXA Smartio/Industio family driver version 2.0.5
[   29.983042] Initializing Nozomi driver 2.1d
[   29.987065] RocketPort device driver module, version 2.09, 12-June-2003
[   29.991673] No rocketport ports found; unloading driver
[   29.995934] SyncLink GT
[   29.998325] SyncLink GT, tty major#245
[   30.002162] SyncLink GT no devices found
[   30.004872] SyncLink MultiPort driver $Revision: 4.38 $
[   30.228556] SyncLink MultiPort driver $Revision: 4.38 $, tty major#244
[   30.232327] SyncLink serial driver $Revision: 4.38 $
[   30.462561] SyncLink serial driver $Revision: 4.38 $, tty major#243
[   30.487281] lp: driver loaded but no devices found
[   30.490436] Applicom driver: $Id: ac.c,v 1.30 2000/03/22 16:03:57 dwmw2 Exp $
[   30.495138] ac.o: No PCI boards found.
[   30.498206] ac.o: For an ISA board you must supply memory and irq parameters.
[   30.508053] Non-volatile memory driver v1.3
[   30.527503] kworker/u:1 (118) used greatest stack depth: 4920 bytes left
[   30.532709] ppdev: user-space parallel port driver
[   30.534595] telclk_interrupt = 0xf non-mcpbl0010 hw.
[   30.538552] smapi::smapi_init, ERROR invalid usSmapiID
[   30.542196] mwave: tp3780i::tp3780I_InitializeBoardData: Error: SMAPI is not available on this machine
[   30.554270] mwave: mwavedd::mwave_init: Error: Failed to initialize board data
[   30.559965] mwave: mwavedd::mwave_init: Error: Failed to initialize
[   30.563491] Linux agpgart interface v0.103
[   30.581244] SyncLink PC Card driver $Revision: 4.34 $, tty major#241
[   30.589246] ipmi message handler version 39.2
[   30.594028] ipmi device interface
[   30.597430] IPMI System Interface driver.
[   30.605587] ipmi_si: Adding default-specified kcs state machine
[   30.611102] ipmi_si: Trying default-specified kcs state machine at i/o address 0xca2, slave address 0x0, irq 0
[   30.618145] ipmi_si: Interface detection failed
[   30.622503] ipmi_si: Adding default-specified smic state machine
[   30.627851] ipmi_si: Trying default-specified smic state machine at i/o address 0xca9, slave address 0x0, irq 0
[   30.633546] ipmi_si: Interface detection failed
[   30.637600] ipmi_si: Adding default-specified bt state machine
[   30.642839] ipmi_si: Trying default-specified bt state machine at i/o address 0xe4, slave address 0x0, irq 0
[   30.649973] ipmi_si: Interface detection failed
[   30.657196] ipmi_si: Unable to find any System Interface(s)
[   30.659778] IPMI Watchdog: driver initialized
[   30.662322] Copyright (C) 2004 MontaVista Software - IPMI Powerdown via sys_reboot.
[   30.668327] Hangcheck: starting hangcheck timer 0.9.1 (tick is 180 seconds, margin is 60 seconds).
[   30.674286] Hangcheck: Using getrawmonotonic().
[   30.682123] [drm] Initialized drm 1.1.0 20060810
[   30.687527] [drm] radeon defaulting to kernel modesetting.
[   30.692125] [drm] radeon kernel modesetting enabled.
[   30.696796] [drm:i915_init] *ERROR* drm/i915 can't work without intel_agp module!
[   30.706126] i2c-core: driver [ch7006] using legacy suspend method
[   30.709459] i2c-core: driver [ch7006] using legacy resume method
[   30.716485] parport_pc 00:05: reported by Plug and Play ACPI
[   30.721185] parport0: PC-style at 0x378, irq 7 [PCSPP,TRISTATE]
[   30.831485] lp0: using parport0 (interrupt-driven).
[   30.900976] FDC 0 is a S82078B
[   30.983790] brd: module loaded
[   31.029795] loop: module loaded
[   31.032183] Compaq SMART2 Driver (v 2.6.0)
[   31.036913] HP CISS Driver (v 3.6.26)
[   31.050048] MM: desc_per_page = 128
[   31.108141] nbd: registered device at major 43
[   31.197843] virtio-pci 0000:00:04.0: irq 40 for MSI/MSI-X
[   31.200667] virtio-pci 0000:00:04.0: irq 41 for MSI/MSI-X
[   31.240855]  vda: unknown partition table
[   31.243710] virtio-pci 0000:00:05.0: irq 42 for MSI/MSI-X
[   31.245608] virtio-pci 0000:00:05.0: irq 43 for MSI/MSI-X

--lrZ03NoBR/3+SXJZ
Content-Type: text/plain; charset=us-ascii
Content-Disposition: attachment; filename="config-3.5.0+"

#
# Automatically generated file; DO NOT EDIT.
# Linux/x86_64 3.5.0 Kernel Configuration
#
CONFIG_64BIT=y
# CONFIG_X86_32 is not set
CONFIG_X86_64=y
CONFIG_X86=y
CONFIG_INSTRUCTION_DECODER=y
CONFIG_OUTPUT_FORMAT="elf64-x86-64"
CONFIG_ARCH_DEFCONFIG="arch/x86/configs/x86_64_defconfig"
CONFIG_LOCKDEP_SUPPORT=y
CONFIG_STACKTRACE_SUPPORT=y
CONFIG_HAVE_LATENCYTOP_SUPPORT=y
CONFIG_MMU=y
CONFIG_NEED_DMA_MAP_STATE=y
CONFIG_NEED_SG_DMA_LENGTH=y
CONFIG_GENERIC_ISA_DMA=y
CONFIG_GENERIC_BUG=y
CONFIG_GENERIC_BUG_RELATIVE_POINTERS=y
CONFIG_GENERIC_HWEIGHT=y
CONFIG_GENERIC_GPIO=y
CONFIG_ARCH_MAY_HAVE_PC_FDC=y
# CONFIG_RWSEM_GENERIC_SPINLOCK is not set
CONFIG_RWSEM_XCHGADD_ALGORITHM=y
CONFIG_GENERIC_CALIBRATE_DELAY=y
CONFIG_ARCH_HAS_CPU_RELAX=y
CONFIG_ARCH_HAS_DEFAULT_IDLE=y
CONFIG_ARCH_HAS_CACHE_LINE_SIZE=y
CONFIG_ARCH_HAS_CPU_AUTOPROBE=y
CONFIG_HAVE_SETUP_PER_CPU_AREA=y
CONFIG_NEED_PER_CPU_EMBED_FIRST_CHUNK=y
CONFIG_NEED_PER_CPU_PAGE_FIRST_CHUNK=y
CONFIG_ARCH_HIBERNATION_POSSIBLE=y
CONFIG_ARCH_SUSPEND_POSSIBLE=y
CONFIG_ZONE_DMA32=y
CONFIG_AUDIT_ARCH=y
CONFIG_ARCH_SUPPORTS_OPTIMIZED_INLINING=y
CONFIG_ARCH_SUPPORTS_DEBUG_PAGEALLOC=y
CONFIG_HAVE_INTEL_TXT=y
CONFIG_X86_64_SMP=y
CONFIG_X86_HT=y
CONFIG_ARCH_HWEIGHT_CFLAGS="-fcall-saved-rdi -fcall-saved-rsi -fcall-saved-rdx -fcall-saved-rcx -fcall-saved-r8 -fcall-saved-r9 -fcall-saved-r10 -fcall-saved-r11"
CONFIG_ARCH_CPU_PROBE_RELEASE=y
CONFIG_ARCH_SUPPORTS_UPROBES=y
CONFIG_DEFCONFIG_LIST="/lib/modules/$UNAME_RELEASE/.config"
CONFIG_HAVE_IRQ_WORK=y
CONFIG_IRQ_WORK=y
CONFIG_BUILDTIME_EXTABLE_SORT=y

#
# General setup
#
CONFIG_EXPERIMENTAL=y
CONFIG_INIT_ENV_ARG_LIMIT=32
CONFIG_CROSS_COMPILE=""
CONFIG_LOCALVERSION=""
# CONFIG_LOCALVERSION_AUTO is not set
CONFIG_HAVE_KERNEL_GZIP=y
CONFIG_HAVE_KERNEL_BZIP2=y
CONFIG_HAVE_KERNEL_LZMA=y
CONFIG_HAVE_KERNEL_XZ=y
CONFIG_HAVE_KERNEL_LZO=y
CONFIG_KERNEL_GZIP=y
# CONFIG_KERNEL_BZIP2 is not set
# CONFIG_KERNEL_LZMA is not set
# CONFIG_KERNEL_XZ is not set
# CONFIG_KERNEL_LZO is not set
CONFIG_DEFAULT_HOSTNAME="(none)"
CONFIG_SWAP=y
CONFIG_SYSVIPC=y
CONFIG_SYSVIPC_SYSCTL=y
CONFIG_POSIX_MQUEUE=y
CONFIG_POSIX_MQUEUE_SYSCTL=y
CONFIG_BSD_PROCESS_ACCT=y
CONFIG_BSD_PROCESS_ACCT_V3=y
CONFIG_FHANDLE=y
CONFIG_TASKSTATS=y
CONFIG_TASK_DELAY_ACCT=y
CONFIG_TASK_XACCT=y
CONFIG_TASK_IO_ACCOUNTING=y
CONFIG_AUDIT=y
CONFIG_AUDITSYSCALL=y
CONFIG_AUDIT_WATCH=y
CONFIG_AUDIT_TREE=y
# CONFIG_AUDIT_LOGINUID_IMMUTABLE is not set
CONFIG_HAVE_GENERIC_HARDIRQS=y

#
# IRQ subsystem
#
CONFIG_GENERIC_HARDIRQS=y
CONFIG_GENERIC_IRQ_PROBE=y
CONFIG_GENERIC_IRQ_SHOW=y
CONFIG_GENERIC_PENDING_IRQ=y
CONFIG_GENERIC_IRQ_CHIP=y
CONFIG_IRQ_FORCED_THREADING=y
CONFIG_SPARSE_IRQ=y
CONFIG_CLOCKSOURCE_WATCHDOG=y
CONFIG_ARCH_CLOCKSOURCE_DATA=y
CONFIG_GENERIC_TIME_VSYSCALL=y
CONFIG_GENERIC_CLOCKEVENTS=y
CONFIG_GENERIC_CLOCKEVENTS_BUILD=y
CONFIG_GENERIC_CLOCKEVENTS_BROADCAST=y
CONFIG_GENERIC_CLOCKEVENTS_MIN_ADJUST=y
CONFIG_GENERIC_CMOS_UPDATE=y

#
# Timers subsystem
#
CONFIG_TICK_ONESHOT=y
CONFIG_NO_HZ=y
CONFIG_HIGH_RES_TIMERS=y

#
# RCU Subsystem
#
CONFIG_TREE_RCU=y
# CONFIG_PREEMPT_RCU is not set
CONFIG_RCU_FANOUT=64
CONFIG_RCU_FANOUT_LEAF=16
# CONFIG_RCU_FANOUT_EXACT is not set
CONFIG_RCU_FAST_NO_HZ=y
CONFIG_TREE_RCU_TRACE=y
# CONFIG_IKCONFIG is not set
CONFIG_LOG_BUF_SHIFT=17
CONFIG_HAVE_UNSTABLE_SCHED_CLOCK=y
CONFIG_CGROUPS=y
# CONFIG_CGROUP_DEBUG is not set
CONFIG_CGROUP_FREEZER=y
CONFIG_CGROUP_DEVICE=y
CONFIG_CPUSETS=y
CONFIG_PROC_PID_CPUSET=y
CONFIG_CGROUP_CPUACCT=y
CONFIG_RESOURCE_COUNTERS=y
# CONFIG_CGROUP_MEM_RES_CTLR is not set
# CONFIG_CGROUP_PERF is not set
CONFIG_CGROUP_SCHED=y
CONFIG_FAIR_GROUP_SCHED=y
# CONFIG_CFS_BANDWIDTH is not set
# CONFIG_RT_GROUP_SCHED is not set
CONFIG_BLK_CGROUP=y
# CONFIG_DEBUG_BLK_CGROUP is not set
# CONFIG_CHECKPOINT_RESTORE is not set
CONFIG_NAMESPACES=y
CONFIG_UTS_NS=y
CONFIG_IPC_NS=y
CONFIG_PID_NS=y
CONFIG_NET_NS=y
CONFIG_SCHED_AUTOGROUP=y
# CONFIG_SYSFS_DEPRECATED is not set
CONFIG_RELAY=y
CONFIG_BLK_DEV_INITRD=y
CONFIG_INITRAMFS_SOURCE=""
CONFIG_RD_GZIP=y
CONFIG_RD_BZIP2=y
CONFIG_RD_LZMA=y
CONFIG_RD_XZ=y
CONFIG_RD_LZO=y
CONFIG_CC_OPTIMIZE_FOR_SIZE=y
CONFIG_SYSCTL=y
CONFIG_ANON_INODES=y
# CONFIG_EXPERT is not set
CONFIG_UID16=y
# CONFIG_SYSCTL_SYSCALL is not set
CONFIG_KALLSYMS=y
CONFIG_KALLSYMS_ALL=y
CONFIG_HOTPLUG=y
CONFIG_PRINTK=y
CONFIG_BUG=y
CONFIG_ELF_CORE=y
CONFIG_PCSPKR_PLATFORM=y
CONFIG_HAVE_PCSPKR_PLATFORM=y
CONFIG_BASE_FULL=y
CONFIG_FUTEX=y
CONFIG_EPOLL=y
CONFIG_SIGNALFD=y
CONFIG_TIMERFD=y
CONFIG_EVENTFD=y
CONFIG_SHMEM=y
CONFIG_AIO=y
# CONFIG_EMBEDDED is not set
CONFIG_HAVE_PERF_EVENTS=y

#
# Kernel Performance Events And Counters
#
CONFIG_PERF_EVENTS=y
# CONFIG_DEBUG_PERF_USE_VMALLOC is not set
CONFIG_VM_EVENT_COUNTERS=y
CONFIG_PCI_QUIRKS=y
# CONFIG_COMPAT_BRK is not set
CONFIG_SLAB=y
# CONFIG_SLUB is not set
CONFIG_PROFILING=y
CONFIG_TRACEPOINTS=y
CONFIG_OPROFILE=y
# CONFIG_OPROFILE_EVENT_MULTIPLEX is not set
CONFIG_HAVE_OPROFILE=y
CONFIG_OPROFILE_NMI_TIMER=y
CONFIG_KPROBES=y
# CONFIG_JUMP_LABEL is not set
CONFIG_OPTPROBES=y
CONFIG_HAVE_EFFICIENT_UNALIGNED_ACCESS=y
CONFIG_KRETPROBES=y
CONFIG_USER_RETURN_NOTIFIER=y
CONFIG_HAVE_IOREMAP_PROT=y
CONFIG_HAVE_KPROBES=y
CONFIG_HAVE_KRETPROBES=y
CONFIG_HAVE_OPTPROBES=y
CONFIG_HAVE_ARCH_TRACEHOOK=y
CONFIG_HAVE_DMA_ATTRS=y
CONFIG_USE_GENERIC_SMP_HELPERS=y
CONFIG_GENERIC_SMP_IDLE_THREAD=y
CONFIG_HAVE_REGS_AND_STACK_ACCESS_API=y
CONFIG_HAVE_DMA_API_DEBUG=y
CONFIG_HAVE_HW_BREAKPOINT=y
CONFIG_HAVE_MIXED_BREAKPOINTS_REGS=y
CONFIG_HAVE_USER_RETURN_NOTIFIER=y
CONFIG_HAVE_PERF_EVENTS_NMI=y
CONFIG_HAVE_ARCH_JUMP_LABEL=y
CONFIG_ARCH_HAVE_NMI_SAFE_CMPXCHG=y
CONFIG_HAVE_CMPXCHG_LOCAL=y
CONFIG_HAVE_CMPXCHG_DOUBLE=y
CONFIG_ARCH_WANT_OLD_COMPAT_IPC=y
CONFIG_HAVE_ARCH_SECCOMP_FILTER=y
CONFIG_SECCOMP_FILTER=y

#
# GCOV-based kernel profiling
#
# CONFIG_GCOV_KERNEL is not set
# CONFIG_HAVE_GENERIC_DMA_COHERENT is not set
CONFIG_SLABINFO=y
CONFIG_RT_MUTEXES=y
CONFIG_BASE_SMALL=0
CONFIG_MODULES=y
CONFIG_MODULE_FORCE_LOAD=y
CONFIG_MODULE_UNLOAD=y
CONFIG_MODULE_FORCE_UNLOAD=y
CONFIG_MODVERSIONS=y
# CONFIG_MODULE_SRCVERSION_ALL is not set
CONFIG_STOP_MACHINE=y
CONFIG_BLOCK=y
CONFIG_BLK_DEV_BSG=y
CONFIG_BLK_DEV_BSGLIB=y
CONFIG_BLK_DEV_INTEGRITY=y
# CONFIG_BLK_DEV_THROTTLING is not set

#
# Partition Types
#
CONFIG_PARTITION_ADVANCED=y
CONFIG_ACORN_PARTITION=y
# CONFIG_ACORN_PARTITION_CUMANA is not set
# CONFIG_ACORN_PARTITION_EESOX is not set
CONFIG_ACORN_PARTITION_ICS=y
# CONFIG_ACORN_PARTITION_ADFS is not set
# CONFIG_ACORN_PARTITION_POWERTEC is not set
CONFIG_ACORN_PARTITION_RISCIX=y
CONFIG_OSF_PARTITION=y
CONFIG_AMIGA_PARTITION=y
CONFIG_ATARI_PARTITION=y
CONFIG_MAC_PARTITION=y
CONFIG_MSDOS_PARTITION=y
CONFIG_BSD_DISKLABEL=y
CONFIG_MINIX_SUBPARTITION=y
CONFIG_SOLARIS_X86_PARTITION=y
CONFIG_UNIXWARE_DISKLABEL=y
CONFIG_LDM_PARTITION=y
# CONFIG_LDM_DEBUG is not set
CONFIG_SGI_PARTITION=y
CONFIG_ULTRIX_PARTITION=y
CONFIG_SUN_PARTITION=y
CONFIG_KARMA_PARTITION=y
CONFIG_EFI_PARTITION=y
# CONFIG_SYSV68_PARTITION is not set
CONFIG_BLOCK_COMPAT=y

#
# IO Schedulers
#
CONFIG_IOSCHED_NOOP=y
CONFIG_IOSCHED_DEADLINE=y
CONFIG_IOSCHED_CFQ=y
CONFIG_CFQ_GROUP_IOSCHED=y
# CONFIG_DEFAULT_DEADLINE is not set
CONFIG_DEFAULT_CFQ=y
# CONFIG_DEFAULT_NOOP is not set
CONFIG_DEFAULT_IOSCHED="cfq"
CONFIG_PREEMPT_NOTIFIERS=y
CONFIG_PADATA=y
# CONFIG_INLINE_SPIN_TRYLOCK is not set
# CONFIG_INLINE_SPIN_TRYLOCK_BH is not set
# CONFIG_INLINE_SPIN_LOCK is not set
# CONFIG_INLINE_SPIN_LOCK_BH is not set
# CONFIG_INLINE_SPIN_LOCK_IRQ is not set
# CONFIG_INLINE_SPIN_LOCK_IRQSAVE is not set
CONFIG_UNINLINE_SPIN_UNLOCK=y
# CONFIG_INLINE_SPIN_UNLOCK_BH is not set
# CONFIG_INLINE_SPIN_UNLOCK_IRQ is not set
# CONFIG_INLINE_SPIN_UNLOCK_IRQRESTORE is not set
# CONFIG_INLINE_READ_TRYLOCK is not set
# CONFIG_INLINE_READ_LOCK is not set
# CONFIG_INLINE_READ_LOCK_BH is not set
# CONFIG_INLINE_READ_LOCK_IRQ is not set
# CONFIG_INLINE_READ_LOCK_IRQSAVE is not set
# CONFIG_INLINE_READ_UNLOCK is not set
# CONFIG_INLINE_READ_UNLOCK_BH is not set
# CONFIG_INLINE_READ_UNLOCK_IRQ is not set
# CONFIG_INLINE_READ_UNLOCK_IRQRESTORE is not set
# CONFIG_INLINE_WRITE_TRYLOCK is not set
# CONFIG_INLINE_WRITE_LOCK is not set
# CONFIG_INLINE_WRITE_LOCK_BH is not set
# CONFIG_INLINE_WRITE_LOCK_IRQ is not set
# CONFIG_INLINE_WRITE_LOCK_IRQSAVE is not set
# CONFIG_INLINE_WRITE_UNLOCK is not set
# CONFIG_INLINE_WRITE_UNLOCK_BH is not set
# CONFIG_INLINE_WRITE_UNLOCK_IRQ is not set
# CONFIG_INLINE_WRITE_UNLOCK_IRQRESTORE is not set
# CONFIG_MUTEX_SPIN_ON_OWNER is not set
CONFIG_FREEZER=y

#
# Processor type and features
#
CONFIG_ZONE_DMA=y
CONFIG_SMP=y
CONFIG_X86_X2APIC=y
CONFIG_X86_MPPARSE=y
# CONFIG_X86_EXTENDED_PLATFORM is not set
CONFIG_X86_SUPPORTS_MEMORY_FAILURE=y
CONFIG_SCHED_OMIT_FRAME_POINTER=y
CONFIG_PARAVIRT_GUEST=y
# CONFIG_PARAVIRT_TIME_ACCOUNTING is not set
CONFIG_XEN=y
CONFIG_XEN_DOM0=y
CONFIG_XEN_PRIVILEGED_GUEST=y
CONFIG_XEN_PVHVM=y
CONFIG_XEN_MAX_DOMAIN_MEMORY=500
CONFIG_XEN_SAVE_RESTORE=y
# CONFIG_XEN_DEBUG_FS is not set
CONFIG_KVM_CLOCK=y
CONFIG_KVM_GUEST=y
CONFIG_PARAVIRT=y
# CONFIG_PARAVIRT_SPINLOCKS is not set
CONFIG_PARAVIRT_CLOCK=y
# CONFIG_PARAVIRT_DEBUG is not set
CONFIG_NO_BOOTMEM=y
CONFIG_MEMTEST=y
# CONFIG_MK8 is not set
# CONFIG_MPSC is not set
# CONFIG_MCORE2 is not set
# CONFIG_MATOM is not set
CONFIG_GENERIC_CPU=y
CONFIG_X86_INTERNODE_CACHE_SHIFT=6
CONFIG_X86_CMPXCHG=y
CONFIG_X86_L1_CACHE_SHIFT=6
CONFIG_X86_XADD=y
CONFIG_X86_WP_WORKS_OK=y
CONFIG_X86_TSC=y
CONFIG_X86_CMPXCHG64=y
CONFIG_X86_CMOV=y
CONFIG_X86_MINIMUM_CPU_FAMILY=64
CONFIG_X86_DEBUGCTLMSR=y
CONFIG_CPU_SUP_INTEL=y
CONFIG_CPU_SUP_AMD=y
CONFIG_CPU_SUP_CENTAUR=y
CONFIG_HPET_TIMER=y
CONFIG_HPET_EMULATE_RTC=y
CONFIG_DMI=y
CONFIG_GART_IOMMU=y
CONFIG_CALGARY_IOMMU=y
CONFIG_CALGARY_IOMMU_ENABLED_BY_DEFAULT=y
CONFIG_SWIOTLB=y
CONFIG_IOMMU_HELPER=y
# CONFIG_MAXSMP is not set
CONFIG_NR_CPUS=512
CONFIG_SCHED_SMT=y
CONFIG_SCHED_MC=y
# CONFIG_IRQ_TIME_ACCOUNTING is not set
# CONFIG_PREEMPT_NONE is not set
CONFIG_PREEMPT_VOLUNTARY=y
# CONFIG_PREEMPT is not set
CONFIG_PREEMPT_COUNT=y
CONFIG_X86_LOCAL_APIC=y
CONFIG_X86_IO_APIC=y
CONFIG_X86_REROUTE_FOR_BROKEN_BOOT_IRQS=y
CONFIG_X86_MCE=y
CONFIG_X86_MCE_INTEL=y
CONFIG_X86_MCE_AMD=y
CONFIG_X86_MCE_THRESHOLD=y
CONFIG_X86_MCE_INJECT=y
CONFIG_X86_THERMAL_VECTOR=y
CONFIG_I8K=y
CONFIG_MICROCODE=y
CONFIG_MICROCODE_INTEL=y
CONFIG_MICROCODE_AMD=y
CONFIG_MICROCODE_OLD_INTERFACE=y
CONFIG_X86_MSR=y
CONFIG_X86_CPUID=y
CONFIG_ARCH_PHYS_ADDR_T_64BIT=y
CONFIG_ARCH_DMA_ADDR_T_64BIT=y
CONFIG_DIRECT_GBPAGES=y
CONFIG_NUMA=y
CONFIG_AMD_NUMA=y
CONFIG_X86_64_ACPI_NUMA=y
CONFIG_NODES_SPAN_OTHER_NODES=y
CONFIG_NUMA_EMU=y
CONFIG_NODES_SHIFT=6
CONFIG_ARCH_SPARSEMEM_ENABLE=y
CONFIG_ARCH_SPARSEMEM_DEFAULT=y
CONFIG_ARCH_SELECT_MEMORY_MODEL=y
CONFIG_ARCH_MEMORY_PROBE=y
CONFIG_ARCH_PROC_KCORE_TEXT=y
CONFIG_ILLEGAL_POINTER_VALUE=0xdead000000000000
CONFIG_SELECT_MEMORY_MODEL=y
CONFIG_SPARSEMEM_MANUAL=y
CONFIG_SPARSEMEM=y
CONFIG_NEED_MULTIPLE_NODES=y
CONFIG_HAVE_MEMORY_PRESENT=y
CONFIG_SPARSEMEM_EXTREME=y
CONFIG_SPARSEMEM_VMEMMAP_ENABLE=y
CONFIG_SPARSEMEM_ALLOC_MEM_MAP_TOGETHER=y
CONFIG_SPARSEMEM_VMEMMAP=y
CONFIG_HAVE_MEMBLOCK=y
CONFIG_HAVE_MEMBLOCK_NODE_MAP=y
CONFIG_ARCH_DISCARD_MEMBLOCK=y
CONFIG_MEMORY_HOTPLUG=y
CONFIG_MEMORY_HOTPLUG_SPARSE=y
CONFIG_MEMORY_HOTREMOVE=y
CONFIG_PAGEFLAGS_EXTENDED=y
CONFIG_SPLIT_PTLOCK_CPUS=999999
CONFIG_COMPACTION=y
CONFIG_MIGRATION=y
CONFIG_PHYS_ADDR_T_64BIT=y
CONFIG_ZONE_DMA_FLAG=1
CONFIG_BOUNCE=y
CONFIG_VIRT_TO_BUS=y
CONFIG_MMU_NOTIFIER=y
CONFIG_KSM=y
CONFIG_DEFAULT_MMAP_MIN_ADDR=65536
CONFIG_ARCH_SUPPORTS_MEMORY_FAILURE=y
CONFIG_MEMORY_FAILURE=y
CONFIG_HWPOISON_INJECT=y
CONFIG_TRANSPARENT_HUGEPAGE=y
# CONFIG_TRANSPARENT_HUGEPAGE_ALWAYS is not set
CONFIG_TRANSPARENT_HUGEPAGE_MADVISE=y
CONFIG_CROSS_MEMORY_ATTACH=y
# CONFIG_CLEANCACHE is not set
# CONFIG_FRONTSWAP is not set
# CONFIG_X86_CHECK_BIOS_CORRUPTION is not set
CONFIG_X86_RESERVE_LOW=64
CONFIG_MTRR=y
CONFIG_MTRR_SANITIZER=y
CONFIG_MTRR_SANITIZER_ENABLE_DEFAULT=0
CONFIG_MTRR_SANITIZER_SPARE_REG_NR_DEFAULT=1
CONFIG_X86_PAT=y
CONFIG_ARCH_USES_PG_UNCACHED=y
CONFIG_ARCH_RANDOM=y
CONFIG_EFI=y
# CONFIG_EFI_STUB is not set
CONFIG_SECCOMP=y
CONFIG_CC_STACKPROTECTOR=y
# CONFIG_HZ_100 is not set
CONFIG_HZ_250=y
# CONFIG_HZ_300 is not set
# CONFIG_HZ_1000 is not set
CONFIG_HZ=250
CONFIG_SCHED_HRTICK=y
CONFIG_KEXEC=y
# CONFIG_CRASH_DUMP is not set
# CONFIG_KEXEC_JUMP is not set
CONFIG_PHYSICAL_START=0x1000000
CONFIG_RELOCATABLE=y
CONFIG_PHYSICAL_ALIGN=0x1000000
CONFIG_HOTPLUG_CPU=y
# CONFIG_COMPAT_VDSO is not set
# CONFIG_CMDLINE_BOOL is not set
CONFIG_ARCH_ENABLE_MEMORY_HOTPLUG=y
CONFIG_ARCH_ENABLE_MEMORY_HOTREMOVE=y
CONFIG_USE_PERCPU_NUMA_NODE_ID=y

#
# Power management and ACPI options
#
CONFIG_ARCH_HIBERNATION_HEADER=y
CONFIG_SUSPEND=y
CONFIG_SUSPEND_FREEZER=y
CONFIG_HIBERNATE_CALLBACKS=y
CONFIG_HIBERNATION=y
CONFIG_PM_STD_PARTITION=""
CONFIG_PM_SLEEP=y
CONFIG_PM_SLEEP_SMP=y
# CONFIG_PM_AUTOSLEEP is not set
# CONFIG_PM_WAKELOCKS is not set
CONFIG_PM_RUNTIME=y
CONFIG_PM=y
CONFIG_PM_DEBUG=y
CONFIG_PM_ADVANCED_DEBUG=y
CONFIG_PM_TEST_SUSPEND=y
CONFIG_CAN_PM_TRACE=y
# CONFIG_PM_TRACE_RTC is not set
CONFIG_ACPI=y
CONFIG_ACPI_SLEEP=y
# CONFIG_ACPI_PROCFS is not set
# CONFIG_ACPI_PROCFS_POWER is not set
# CONFIG_ACPI_EC_DEBUGFS is not set
# CONFIG_ACPI_PROC_EVENT is not set
CONFIG_ACPI_AC=y
CONFIG_ACPI_BATTERY=y
CONFIG_ACPI_BUTTON=y
CONFIG_ACPI_VIDEO=y
CONFIG_ACPI_FAN=y
CONFIG_ACPI_DOCK=y
CONFIG_ACPI_PROCESSOR=y
CONFIG_ACPI_IPMI=y
CONFIG_ACPI_HOTPLUG_CPU=y
CONFIG_ACPI_PROCESSOR_AGGREGATOR=y
CONFIG_ACPI_THERMAL=y
CONFIG_ACPI_NUMA=y
# CONFIG_ACPI_CUSTOM_DSDT is not set
CONFIG_ACPI_BLACKLIST_YEAR=0
# CONFIG_ACPI_DEBUG is not set
CONFIG_ACPI_PCI_SLOT=y
CONFIG_X86_PM_TIMER=y
CONFIG_ACPI_CONTAINER=y
CONFIG_ACPI_HOTPLUG_MEMORY=y
CONFIG_ACPI_SBS=y
CONFIG_ACPI_HED=y
# CONFIG_ACPI_CUSTOM_METHOD is not set
# CONFIG_ACPI_BGRT is not set
CONFIG_ACPI_APEI=y
CONFIG_ACPI_APEI_GHES=y
CONFIG_ACPI_APEI_PCIEAER=y
CONFIG_ACPI_APEI_MEMORY_FAILURE=y
# CONFIG_ACPI_APEI_EINJ is not set
# CONFIG_ACPI_APEI_ERST_DEBUG is not set
CONFIG_SFI=y

#
# CPU Frequency scaling
#
CONFIG_CPU_FREQ=y
CONFIG_CPU_FREQ_TABLE=y
CONFIG_CPU_FREQ_STAT=y
# CONFIG_CPU_FREQ_STAT_DETAILS is not set
# CONFIG_CPU_FREQ_DEFAULT_GOV_PERFORMANCE is not set
# CONFIG_CPU_FREQ_DEFAULT_GOV_USERSPACE is not set
CONFIG_CPU_FREQ_DEFAULT_GOV_ONDEMAND=y
# CONFIG_CPU_FREQ_DEFAULT_GOV_CONSERVATIVE is not set
CONFIG_CPU_FREQ_GOV_PERFORMANCE=y
CONFIG_CPU_FREQ_GOV_POWERSAVE=y
CONFIG_CPU_FREQ_GOV_USERSPACE=y
CONFIG_CPU_FREQ_GOV_ONDEMAND=y
CONFIG_CPU_FREQ_GOV_CONSERVATIVE=y

#
# x86 CPU frequency scaling drivers
#
CONFIG_X86_PCC_CPUFREQ=y
CONFIG_X86_ACPI_CPUFREQ=y
CONFIG_X86_POWERNOW_K8=y
CONFIG_X86_SPEEDSTEP_CENTRINO=y
CONFIG_X86_P4_CLOCKMOD=y

#
# shared options
#
CONFIG_X86_SPEEDSTEP_LIB=y
CONFIG_CPU_IDLE=y
CONFIG_CPU_IDLE_GOV_LADDER=y
CONFIG_CPU_IDLE_GOV_MENU=y
CONFIG_INTEL_IDLE=y

#
# Memory power savings
#
CONFIG_I7300_IDLE_IOAT_CHANNEL=y
CONFIG_I7300_IDLE=y

#
# Bus options (PCI etc.)
#
CONFIG_PCI=y
CONFIG_PCI_DIRECT=y
CONFIG_PCI_MMCONFIG=y
CONFIG_PCI_XEN=y
CONFIG_PCI_DOMAINS=y
# CONFIG_PCI_CNB20LE_QUIRK is not set
CONFIG_PCIEPORTBUS=y
CONFIG_HOTPLUG_PCI_PCIE=y
CONFIG_PCIEAER=y
# CONFIG_PCIE_ECRC is not set
CONFIG_PCIEAER_INJECT=y
CONFIG_PCIEASPM=y
CONFIG_PCIEASPM_DEBUG=y
CONFIG_PCIEASPM_DEFAULT=y
# CONFIG_PCIEASPM_POWERSAVE is not set
# CONFIG_PCIEASPM_PERFORMANCE is not set
CONFIG_PCIE_PME=y
CONFIG_ARCH_SUPPORTS_MSI=y
CONFIG_PCI_MSI=y
# CONFIG_PCI_DEBUG is not set
# CONFIG_PCI_REALLOC_ENABLE_AUTO is not set
CONFIG_PCI_STUB=y
CONFIG_XEN_PCIDEV_FRONTEND=y
CONFIG_HT_IRQ=y
CONFIG_PCI_ATS=y
CONFIG_PCI_IOV=y
CONFIG_PCI_PRI=y
CONFIG_PCI_PASID=y
CONFIG_PCI_IOAPIC=y
CONFIG_PCI_LABEL=y
CONFIG_ISA_DMA_API=y
CONFIG_AMD_NB=y
CONFIG_PCCARD=y
CONFIG_PCMCIA=y
CONFIG_PCMCIA_LOAD_CIS=y
CONFIG_CARDBUS=y

#
# PC-card bridges
#
CONFIG_YENTA=y
CONFIG_YENTA_O2=y
CONFIG_YENTA_RICOH=y
CONFIG_YENTA_TI=y
CONFIG_YENTA_ENE_TUNE=y
CONFIG_YENTA_TOSHIBA=y
CONFIG_PD6729=y
CONFIG_I82092=y
CONFIG_PCCARD_NONSTATIC=y
CONFIG_HOTPLUG_PCI=y
CONFIG_HOTPLUG_PCI_FAKE=y
CONFIG_HOTPLUG_PCI_ACPI=y
CONFIG_HOTPLUG_PCI_ACPI_IBM=y
CONFIG_HOTPLUG_PCI_CPCI=y
CONFIG_HOTPLUG_PCI_CPCI_ZT5550=y
CONFIG_HOTPLUG_PCI_CPCI_GENERIC=y
CONFIG_HOTPLUG_PCI_SHPC=y
# CONFIG_RAPIDIO is not set

#
# Executable file formats / Emulations
#
CONFIG_BINFMT_ELF=y
CONFIG_COMPAT_BINFMT_ELF=y
CONFIG_ARCH_BINFMT_ELF_RANDOMIZE_PIE=y
CONFIG_CORE_DUMP_DEFAULT_ELF_HEADERS=y
# CONFIG_HAVE_AOUT is not set
CONFIG_BINFMT_MISC=y
CONFIG_IA32_EMULATION=y
CONFIG_IA32_AOUT=y
# CONFIG_X86_X32 is not set
CONFIG_COMPAT=y
CONFIG_COMPAT_FOR_U64_ALIGNMENT=y
CONFIG_SYSVIPC_COMPAT=y
CONFIG_KEYS_COMPAT=y
CONFIG_HAVE_TEXT_POKE_SMP=y
CONFIG_X86_DEV_DMA_OPS=y
CONFIG_NET=y
CONFIG_COMPAT_NETLINK_MESSAGES=y

#
# Networking options
#
CONFIG_PACKET=y
CONFIG_UNIX=y
# CONFIG_UNIX_DIAG is not set
CONFIG_XFRM=y
CONFIG_XFRM_ALGO=y
CONFIG_XFRM_USER=y
CONFIG_XFRM_SUB_POLICY=y
CONFIG_XFRM_MIGRATE=y
# CONFIG_XFRM_STATISTICS is not set
CONFIG_XFRM_IPCOMP=y
CONFIG_NET_KEY=y
CONFIG_NET_KEY_MIGRATE=y
CONFIG_INET=y
CONFIG_IP_MULTICAST=y
CONFIG_IP_ADVANCED_ROUTER=y
CONFIG_IP_FIB_TRIE_STATS=y
CONFIG_IP_MULTIPLE_TABLES=y
CONFIG_IP_ROUTE_MULTIPATH=y
CONFIG_IP_ROUTE_VERBOSE=y
CONFIG_IP_ROUTE_CLASSID=y
CONFIG_IP_PNP=y
CONFIG_IP_PNP_DHCP=y
CONFIG_IP_PNP_BOOTP=y
CONFIG_IP_PNP_RARP=y
CONFIG_NET_IPIP=y
CONFIG_NET_IPGRE_DEMUX=y
CONFIG_NET_IPGRE=y
CONFIG_NET_IPGRE_BROADCAST=y
CONFIG_IP_MROUTE=y
CONFIG_IP_MROUTE_MULTIPLE_TABLES=y
CONFIG_IP_PIMSM_V1=y
CONFIG_IP_PIMSM_V2=y
# CONFIG_ARPD is not set
CONFIG_SYN_COOKIES=y
CONFIG_INET_AH=y
CONFIG_INET_ESP=y
CONFIG_INET_IPCOMP=y
CONFIG_INET_XFRM_TUNNEL=y
CONFIG_INET_TUNNEL=y
CONFIG_INET_XFRM_MODE_TRANSPORT=y
CONFIG_INET_XFRM_MODE_TUNNEL=y
CONFIG_INET_XFRM_MODE_BEET=y
CONFIG_INET_LRO=y
CONFIG_INET_DIAG=y
CONFIG_INET_TCP_DIAG=y
# CONFIG_INET_UDP_DIAG is not set
CONFIG_TCP_CONG_ADVANCED=y
CONFIG_TCP_CONG_BIC=y
CONFIG_TCP_CONG_CUBIC=y
CONFIG_TCP_CONG_WESTWOOD=y
CONFIG_TCP_CONG_HTCP=y
CONFIG_TCP_CONG_HSTCP=y
CONFIG_TCP_CONG_HYBLA=y
CONFIG_TCP_CONG_VEGAS=y
CONFIG_TCP_CONG_SCALABLE=y
CONFIG_TCP_CONG_LP=y
CONFIG_TCP_CONG_VENO=y
CONFIG_TCP_CONG_YEAH=y
CONFIG_TCP_CONG_ILLINOIS=y
# CONFIG_DEFAULT_BIC is not set
CONFIG_DEFAULT_CUBIC=y
# CONFIG_DEFAULT_HTCP is not set
# CONFIG_DEFAULT_HYBLA is not set
# CONFIG_DEFAULT_VEGAS is not set
# CONFIG_DEFAULT_VENO is not set
# CONFIG_DEFAULT_WESTWOOD is not set
# CONFIG_DEFAULT_RENO is not set
CONFIG_DEFAULT_TCP_CONG="cubic"
CONFIG_TCP_MD5SIG=y
CONFIG_IPV6=y
CONFIG_IPV6_PRIVACY=y
CONFIG_IPV6_ROUTER_PREF=y
CONFIG_IPV6_ROUTE_INFO=y
CONFIG_IPV6_OPTIMISTIC_DAD=y
CONFIG_INET6_AH=y
CONFIG_INET6_ESP=y
CONFIG_INET6_IPCOMP=y
CONFIG_IPV6_MIP6=y
CONFIG_INET6_XFRM_TUNNEL=y
CONFIG_INET6_TUNNEL=y
CONFIG_INET6_XFRM_MODE_TRANSPORT=y
CONFIG_INET6_XFRM_MODE_TUNNEL=y
CONFIG_INET6_XFRM_MODE_BEET=y
CONFIG_INET6_XFRM_MODE_ROUTEOPTIMIZATION=y
CONFIG_IPV6_SIT=y
CONFIG_IPV6_SIT_6RD=y
CONFIG_IPV6_NDISC_NODETYPE=y
CONFIG_IPV6_TUNNEL=y
CONFIG_IPV6_MULTIPLE_TABLES=y
CONFIG_IPV6_SUBTREES=y
CONFIG_IPV6_MROUTE=y
CONFIG_IPV6_MROUTE_MULTIPLE_TABLES=y
CONFIG_IPV6_PIMSM_V2=y
# CONFIG_NETLABEL is not set
CONFIG_NETWORK_SECMARK=y
# CONFIG_NETWORK_PHY_TIMESTAMPING is not set
CONFIG_NETFILTER=y
# CONFIG_NETFILTER_DEBUG is not set
CONFIG_NETFILTER_ADVANCED=y
CONFIG_BRIDGE_NETFILTER=y

#
# Core Netfilter Configuration
#
CONFIG_NETFILTER_NETLINK=y
# CONFIG_NETFILTER_NETLINK_ACCT is not set
CONFIG_NETFILTER_NETLINK_QUEUE=y
CONFIG_NETFILTER_NETLINK_LOG=y
CONFIG_NF_CONNTRACK=y
CONFIG_NF_CONNTRACK_MARK=y
CONFIG_NF_CONNTRACK_SECMARK=y
CONFIG_NF_CONNTRACK_ZONES=y
CONFIG_NF_CONNTRACK_PROCFS=y
CONFIG_NF_CONNTRACK_EVENTS=y
# CONFIG_NF_CONNTRACK_TIMEOUT is not set
CONFIG_NF_CONNTRACK_TIMESTAMP=y
CONFIG_NF_CT_PROTO_DCCP=y
CONFIG_NF_CT_PROTO_GRE=y
CONFIG_NF_CT_PROTO_SCTP=y
CONFIG_NF_CT_PROTO_UDPLITE=y
CONFIG_NF_CONNTRACK_AMANDA=y
CONFIG_NF_CONNTRACK_FTP=y
CONFIG_NF_CONNTRACK_H323=y
CONFIG_NF_CONNTRACK_IRC=y
CONFIG_NF_CONNTRACK_BROADCAST=y
CONFIG_NF_CONNTRACK_NETBIOS_NS=y
CONFIG_NF_CONNTRACK_SNMP=y
CONFIG_NF_CONNTRACK_PPTP=y
CONFIG_NF_CONNTRACK_SANE=y
CONFIG_NF_CONNTRACK_SIP=y
CONFIG_NF_CONNTRACK_TFTP=y
CONFIG_NF_CT_NETLINK=y
# CONFIG_NF_CT_NETLINK_TIMEOUT is not set
CONFIG_NETFILTER_TPROXY=y
CONFIG_NETFILTER_XTABLES=y

#
# Xtables combined modules
#
CONFIG_NETFILTER_XT_MARK=y
CONFIG_NETFILTER_XT_CONNMARK=y
CONFIG_NETFILTER_XT_SET=y

#
# Xtables targets
#
CONFIG_NETFILTER_XT_TARGET_AUDIT=y
CONFIG_NETFILTER_XT_TARGET_CHECKSUM=y
CONFIG_NETFILTER_XT_TARGET_CLASSIFY=y
CONFIG_NETFILTER_XT_TARGET_CONNMARK=y
CONFIG_NETFILTER_XT_TARGET_CONNSECMARK=y
CONFIG_NETFILTER_XT_TARGET_CT=y
CONFIG_NETFILTER_XT_TARGET_DSCP=y
CONFIG_NETFILTER_XT_TARGET_HL=y
# CONFIG_NETFILTER_XT_TARGET_HMARK is not set
CONFIG_NETFILTER_XT_TARGET_IDLETIMER=y
CONFIG_NETFILTER_XT_TARGET_LED=y
# CONFIG_NETFILTER_XT_TARGET_LOG is not set
CONFIG_NETFILTER_XT_TARGET_MARK=y
CONFIG_NETFILTER_XT_TARGET_NFLOG=y
CONFIG_NETFILTER_XT_TARGET_NFQUEUE=y
CONFIG_NETFILTER_XT_TARGET_NOTRACK=y
CONFIG_NETFILTER_XT_TARGET_RATEEST=y
CONFIG_NETFILTER_XT_TARGET_TEE=y
CONFIG_NETFILTER_XT_TARGET_TPROXY=y
CONFIG_NETFILTER_XT_TARGET_TRACE=y
CONFIG_NETFILTER_XT_TARGET_SECMARK=y
CONFIG_NETFILTER_XT_TARGET_TCPMSS=y
CONFIG_NETFILTER_XT_TARGET_TCPOPTSTRIP=y

#
# Xtables matches
#
CONFIG_NETFILTER_XT_MATCH_ADDRTYPE=y
CONFIG_NETFILTER_XT_MATCH_CLUSTER=y
CONFIG_NETFILTER_XT_MATCH_COMMENT=y
CONFIG_NETFILTER_XT_MATCH_CONNBYTES=y
CONFIG_NETFILTER_XT_MATCH_CONNLIMIT=y
CONFIG_NETFILTER_XT_MATCH_CONNMARK=y
CONFIG_NETFILTER_XT_MATCH_CONNTRACK=y
CONFIG_NETFILTER_XT_MATCH_CPU=y
CONFIG_NETFILTER_XT_MATCH_DCCP=y
CONFIG_NETFILTER_XT_MATCH_DEVGROUP=y
CONFIG_NETFILTER_XT_MATCH_DSCP=y
CONFIG_NETFILTER_XT_MATCH_ECN=y
CONFIG_NETFILTER_XT_MATCH_ESP=y
CONFIG_NETFILTER_XT_MATCH_HASHLIMIT=y
CONFIG_NETFILTER_XT_MATCH_HELPER=y
CONFIG_NETFILTER_XT_MATCH_HL=y
CONFIG_NETFILTER_XT_MATCH_IPRANGE=y
CONFIG_NETFILTER_XT_MATCH_IPVS=y
CONFIG_NETFILTER_XT_MATCH_LENGTH=y
CONFIG_NETFILTER_XT_MATCH_LIMIT=y
CONFIG_NETFILTER_XT_MATCH_MAC=y
CONFIG_NETFILTER_XT_MATCH_MARK=y
CONFIG_NETFILTER_XT_MATCH_MULTIPORT=y
# CONFIG_NETFILTER_XT_MATCH_NFACCT is not set
CONFIG_NETFILTER_XT_MATCH_OSF=y
CONFIG_NETFILTER_XT_MATCH_OWNER=y
CONFIG_NETFILTER_XT_MATCH_POLICY=y
CONFIG_NETFILTER_XT_MATCH_PHYSDEV=y
CONFIG_NETFILTER_XT_MATCH_PKTTYPE=y
CONFIG_NETFILTER_XT_MATCH_QUOTA=y
CONFIG_NETFILTER_XT_MATCH_RATEEST=y
CONFIG_NETFILTER_XT_MATCH_REALM=y
CONFIG_NETFILTER_XT_MATCH_RECENT=y
CONFIG_NETFILTER_XT_MATCH_SCTP=y
CONFIG_NETFILTER_XT_MATCH_SOCKET=y
CONFIG_NETFILTER_XT_MATCH_STATE=y
CONFIG_NETFILTER_XT_MATCH_STATISTIC=y
CONFIG_NETFILTER_XT_MATCH_STRING=y
CONFIG_NETFILTER_XT_MATCH_TCPMSS=y
CONFIG_NETFILTER_XT_MATCH_TIME=y
CONFIG_NETFILTER_XT_MATCH_U32=y
CONFIG_IP_SET=y
CONFIG_IP_SET_MAX=256
CONFIG_IP_SET_BITMAP_IP=y
CONFIG_IP_SET_BITMAP_IPMAC=y
CONFIG_IP_SET_BITMAP_PORT=y
CONFIG_IP_SET_HASH_IP=y
CONFIG_IP_SET_HASH_IPPORT=y
CONFIG_IP_SET_HASH_IPPORTIP=y
CONFIG_IP_SET_HASH_IPPORTNET=y
CONFIG_IP_SET_HASH_NET=y
CONFIG_IP_SET_HASH_NETPORT=y
CONFIG_IP_SET_HASH_NETIFACE=y
CONFIG_IP_SET_LIST_SET=y
CONFIG_IP_VS=y
CONFIG_IP_VS_IPV6=y
# CONFIG_IP_VS_DEBUG is not set
CONFIG_IP_VS_TAB_BITS=12

#
# IPVS transport protocol load balancing support
#
CONFIG_IP_VS_PROTO_TCP=y
CONFIG_IP_VS_PROTO_UDP=y
CONFIG_IP_VS_PROTO_AH_ESP=y
CONFIG_IP_VS_PROTO_ESP=y
CONFIG_IP_VS_PROTO_AH=y
CONFIG_IP_VS_PROTO_SCTP=y

#
# IPVS scheduler
#
CONFIG_IP_VS_RR=y
CONFIG_IP_VS_WRR=y
CONFIG_IP_VS_LC=y
CONFIG_IP_VS_WLC=y
CONFIG_IP_VS_LBLC=y
CONFIG_IP_VS_LBLCR=y
CONFIG_IP_VS_DH=y
CONFIG_IP_VS_SH=y
CONFIG_IP_VS_SED=y
CONFIG_IP_VS_NQ=y

#
# IPVS SH scheduler
#
CONFIG_IP_VS_SH_TAB_BITS=8

#
# IPVS application helper
#
CONFIG_IP_VS_FTP=y
CONFIG_IP_VS_NFCT=y
CONFIG_IP_VS_PE_SIP=y

#
# IP: Netfilter Configuration
#
CONFIG_NF_DEFRAG_IPV4=y
CONFIG_NF_CONNTRACK_IPV4=y
CONFIG_NF_CONNTRACK_PROC_COMPAT=y
CONFIG_IP_NF_QUEUE=y
CONFIG_IP_NF_IPTABLES=y
CONFIG_IP_NF_MATCH_AH=y
CONFIG_IP_NF_MATCH_ECN=y
# CONFIG_IP_NF_MATCH_RPFILTER is not set
CONFIG_IP_NF_MATCH_TTL=y
CONFIG_IP_NF_FILTER=y
CONFIG_IP_NF_TARGET_REJECT=y
CONFIG_IP_NF_TARGET_ULOG=y
CONFIG_NF_NAT=y
CONFIG_NF_NAT_NEEDED=y
CONFIG_IP_NF_TARGET_MASQUERADE=y
CONFIG_IP_NF_TARGET_NETMAP=y
CONFIG_IP_NF_TARGET_REDIRECT=y
CONFIG_NF_NAT_SNMP_BASIC=y
CONFIG_NF_NAT_PROTO_DCCP=y
CONFIG_NF_NAT_PROTO_GRE=y
CONFIG_NF_NAT_PROTO_UDPLITE=y
CONFIG_NF_NAT_PROTO_SCTP=y
CONFIG_NF_NAT_FTP=y
CONFIG_NF_NAT_IRC=y
CONFIG_NF_NAT_TFTP=y
CONFIG_NF_NAT_AMANDA=y
CONFIG_NF_NAT_PPTP=y
CONFIG_NF_NAT_H323=y
CONFIG_NF_NAT_SIP=y
CONFIG_IP_NF_MANGLE=y
CONFIG_IP_NF_TARGET_CLUSTERIP=y
CONFIG_IP_NF_TARGET_ECN=y
CONFIG_IP_NF_TARGET_TTL=y
CONFIG_IP_NF_RAW=y
CONFIG_IP_NF_SECURITY=y
CONFIG_IP_NF_ARPTABLES=y
CONFIG_IP_NF_ARPFILTER=y
CONFIG_IP_NF_ARP_MANGLE=y

#
# IPv6: Netfilter Configuration
#
CONFIG_NF_DEFRAG_IPV6=y
CONFIG_NF_CONNTRACK_IPV6=y
CONFIG_IP6_NF_IPTABLES=y
CONFIG_IP6_NF_MATCH_AH=y
CONFIG_IP6_NF_MATCH_EUI64=y
CONFIG_IP6_NF_MATCH_FRAG=y
CONFIG_IP6_NF_MATCH_OPTS=y
CONFIG_IP6_NF_MATCH_HL=y
CONFIG_IP6_NF_MATCH_IPV6HEADER=y
CONFIG_IP6_NF_MATCH_MH=y
# CONFIG_IP6_NF_MATCH_RPFILTER is not set
CONFIG_IP6_NF_MATCH_RT=y
CONFIG_IP6_NF_TARGET_HL=y
CONFIG_IP6_NF_FILTER=y
CONFIG_IP6_NF_TARGET_REJECT=y
CONFIG_IP6_NF_MANGLE=y
CONFIG_IP6_NF_RAW=y
CONFIG_IP6_NF_SECURITY=y

#
# DECnet: Netfilter Configuration
#
CONFIG_DECNET_NF_GRABULATOR=y
CONFIG_BRIDGE_NF_EBTABLES=y
CONFIG_BRIDGE_EBT_BROUTE=y
CONFIG_BRIDGE_EBT_T_FILTER=y
CONFIG_BRIDGE_EBT_T_NAT=y
CONFIG_BRIDGE_EBT_802_3=y
CONFIG_BRIDGE_EBT_AMONG=y
CONFIG_BRIDGE_EBT_ARP=y
CONFIG_BRIDGE_EBT_IP=y
CONFIG_BRIDGE_EBT_IP6=y
CONFIG_BRIDGE_EBT_LIMIT=y
CONFIG_BRIDGE_EBT_MARK=y
CONFIG_BRIDGE_EBT_PKTTYPE=y
CONFIG_BRIDGE_EBT_STP=y
CONFIG_BRIDGE_EBT_VLAN=y
CONFIG_BRIDGE_EBT_ARPREPLY=y
CONFIG_BRIDGE_EBT_DNAT=y
CONFIG_BRIDGE_EBT_MARK_T=y
CONFIG_BRIDGE_EBT_REDIRECT=y
CONFIG_BRIDGE_EBT_SNAT=y
CONFIG_BRIDGE_EBT_LOG=y
CONFIG_BRIDGE_EBT_ULOG=y
CONFIG_BRIDGE_EBT_NFLOG=y
CONFIG_IP_DCCP=y
CONFIG_INET_DCCP_DIAG=y

#
# DCCP CCIDs Configuration (EXPERIMENTAL)
#
# CONFIG_IP_DCCP_CCID2_DEBUG is not set
CONFIG_IP_DCCP_CCID3=y
# CONFIG_IP_DCCP_CCID3_DEBUG is not set
CONFIG_IP_DCCP_TFRC_LIB=y

#
# DCCP Kernel Hacking
#
# CONFIG_IP_DCCP_DEBUG is not set
CONFIG_NET_DCCPPROBE=y
CONFIG_IP_SCTP=y
CONFIG_NET_SCTPPROBE=y
# CONFIG_SCTP_DBG_MSG is not set
# CONFIG_SCTP_DBG_OBJCNT is not set
# CONFIG_SCTP_HMAC_NONE is not set
# CONFIG_SCTP_HMAC_SHA1 is not set
CONFIG_SCTP_HMAC_MD5=y
CONFIG_RDS=y
CONFIG_RDS_RDMA=y
CONFIG_RDS_TCP=y
# CONFIG_RDS_DEBUG is not set
CONFIG_TIPC=y
CONFIG_TIPC_ADVANCED=y
CONFIG_TIPC_PORTS=8191
CONFIG_TIPC_LOG=0
# CONFIG_TIPC_DEBUG is not set
CONFIG_ATM=y
CONFIG_ATM_CLIP=y
# CONFIG_ATM_CLIP_NO_ICMP is not set
CONFIG_ATM_LANE=y
CONFIG_ATM_MPOA=y
CONFIG_ATM_BR2684=y
# CONFIG_ATM_BR2684_IPFILTER is not set
CONFIG_L2TP=y
CONFIG_L2TP_DEBUGFS=y
CONFIG_L2TP_V3=y
CONFIG_L2TP_IP=y
CONFIG_L2TP_ETH=y
CONFIG_STP=y
CONFIG_GARP=y
CONFIG_BRIDGE=y
CONFIG_BRIDGE_IGMP_SNOOPING=y
# CONFIG_NET_DSA is not set
CONFIG_VLAN_8021Q=y
CONFIG_VLAN_8021Q_GVRP=y
CONFIG_DECNET=y
# CONFIG_DECNET_ROUTER is not set
CONFIG_LLC=y
CONFIG_LLC2=y
CONFIG_IPX=y
# CONFIG_IPX_INTERN is not set
CONFIG_ATALK=y
CONFIG_DEV_APPLETALK=y
CONFIG_IPDDP=y
CONFIG_IPDDP_ENCAP=y
CONFIG_IPDDP_DECAP=y
# CONFIG_X25 is not set
CONFIG_LAPB=y
CONFIG_WAN_ROUTER=y
CONFIG_PHONET=y
CONFIG_IEEE802154=y
CONFIG_IEEE802154_6LOWPAN=y
# CONFIG_MAC802154 is not set
CONFIG_NET_SCHED=y

#
# Queueing/Scheduling
#
CONFIG_NET_SCH_CBQ=y
CONFIG_NET_SCH_HTB=y
CONFIG_NET_SCH_HFSC=y
CONFIG_NET_SCH_ATM=y
CONFIG_NET_SCH_PRIO=y
CONFIG_NET_SCH_MULTIQ=y
CONFIG_NET_SCH_RED=y
CONFIG_NET_SCH_SFB=y
CONFIG_NET_SCH_SFQ=y
CONFIG_NET_SCH_TEQL=y
CONFIG_NET_SCH_TBF=y
CONFIG_NET_SCH_GRED=y
CONFIG_NET_SCH_DSMARK=y
CONFIG_NET_SCH_NETEM=y
CONFIG_NET_SCH_DRR=y
CONFIG_NET_SCH_MQPRIO=y
CONFIG_NET_SCH_CHOKE=y
CONFIG_NET_SCH_QFQ=y
# CONFIG_NET_SCH_CODEL is not set
# CONFIG_NET_SCH_FQ_CODEL is not set
CONFIG_NET_SCH_INGRESS=y
# CONFIG_NET_SCH_PLUG is not set

#
# Classification
#
CONFIG_NET_CLS=y
CONFIG_NET_CLS_BASIC=y
CONFIG_NET_CLS_TCINDEX=y
CONFIG_NET_CLS_ROUTE4=y
CONFIG_NET_CLS_FW=y
CONFIG_NET_CLS_U32=y
CONFIG_CLS_U32_PERF=y
CONFIG_CLS_U32_MARK=y
CONFIG_NET_CLS_RSVP=y
CONFIG_NET_CLS_RSVP6=y
CONFIG_NET_CLS_FLOW=y
CONFIG_NET_CLS_CGROUP=y
CONFIG_NET_EMATCH=y
CONFIG_NET_EMATCH_STACK=32
CONFIG_NET_EMATCH_CMP=y
CONFIG_NET_EMATCH_NBYTE=y
CONFIG_NET_EMATCH_U32=y
CONFIG_NET_EMATCH_META=y
CONFIG_NET_EMATCH_TEXT=y
CONFIG_NET_CLS_ACT=y
CONFIG_NET_ACT_POLICE=y
CONFIG_NET_ACT_GACT=y
CONFIG_GACT_PROB=y
CONFIG_NET_ACT_MIRRED=y
CONFIG_NET_ACT_IPT=y
CONFIG_NET_ACT_NAT=y
CONFIG_NET_ACT_PEDIT=y
CONFIG_NET_ACT_SIMP=y
CONFIG_NET_ACT_SKBEDIT=y
CONFIG_NET_ACT_CSUM=y
CONFIG_NET_CLS_IND=y
CONFIG_NET_SCH_FIFO=y
CONFIG_DCB=y
CONFIG_DNS_RESOLVER=y
CONFIG_BATMAN_ADV=y
CONFIG_BATMAN_ADV_BLA=y
# CONFIG_BATMAN_ADV_DEBUG is not set
# CONFIG_OPENVSWITCH is not set
CONFIG_RPS=y
CONFIG_RFS_ACCEL=y
CONFIG_XPS=y
# CONFIG_NETPRIO_CGROUP is not set
CONFIG_BQL=y
CONFIG_BPF_JIT=y

#
# Network testing
#
CONFIG_NET_PKTGEN=y
# CONFIG_NET_TCPPROBE is not set
CONFIG_NET_DROP_MONITOR=y
CONFIG_HAMRADIO=y

#
# Packet Radio protocols
#
CONFIG_AX25=y
# CONFIG_AX25_DAMA_SLAVE is not set
CONFIG_NETROM=y
CONFIG_ROSE=y

#
# AX.25 network device drivers
#
CONFIG_MKISS=y
CONFIG_6PACK=y
CONFIG_BPQETHER=y
CONFIG_BAYCOM_SER_FDX=y
CONFIG_BAYCOM_SER_HDX=y
CONFIG_BAYCOM_PAR=y
CONFIG_YAM=y
CONFIG_CAN=y
CONFIG_CAN_RAW=y
CONFIG_CAN_BCM=y
CONFIG_CAN_GW=y

#
# CAN Device Drivers
#
CONFIG_CAN_VCAN=y
CONFIG_CAN_SLCAN=y
CONFIG_CAN_DEV=y
CONFIG_CAN_CALC_BITTIMING=y
CONFIG_CAN_MCP251X=y
CONFIG_PCH_CAN=y
CONFIG_CAN_SJA1000=y
# CONFIG_CAN_SJA1000_ISA is not set
# CONFIG_CAN_SJA1000_PLATFORM is not set
CONFIG_CAN_EMS_PCMCIA=y
CONFIG_CAN_EMS_PCI=y
# CONFIG_CAN_PEAK_PCMCIA is not set
CONFIG_CAN_PEAK_PCI=y
CONFIG_CAN_PEAK_PCIEC=y
CONFIG_CAN_KVASER_PCI=y
CONFIG_CAN_PLX_PCI=y
# CONFIG_CAN_C_CAN is not set
# CONFIG_CAN_CC770 is not set

#
# CAN USB interfaces
#
CONFIG_CAN_EMS_USB=y
CONFIG_CAN_ESD_USB2=y
# CONFIG_CAN_PEAK_USB is not set
CONFIG_CAN_SOFTING=y
CONFIG_CAN_SOFTING_CS=y
# CONFIG_CAN_DEBUG_DEVICES is not set
CONFIG_IRDA=y

#
# IrDA protocols
#
CONFIG_IRLAN=y
CONFIG_IRNET=y
CONFIG_IRCOMM=y
# CONFIG_IRDA_ULTRA is not set

#
# IrDA options
#
CONFIG_IRDA_CACHE_LAST_LSAP=y
CONFIG_IRDA_FAST_RR=y
# CONFIG_IRDA_DEBUG is not set

#
# Infrared-port device drivers
#

#
# SIR device drivers
#
CONFIG_IRTTY_SIR=y

#
# Dongle support
#
CONFIG_DONGLE=y
CONFIG_ESI_DONGLE=y
CONFIG_ACTISYS_DONGLE=y
CONFIG_TEKRAM_DONGLE=y
CONFIG_TOIM3232_DONGLE=y
CONFIG_LITELINK_DONGLE=y
CONFIG_MA600_DONGLE=y
CONFIG_GIRBIL_DONGLE=y
CONFIG_MCP2120_DONGLE=y
CONFIG_OLD_BELKIN_DONGLE=y
CONFIG_ACT200L_DONGLE=y
CONFIG_KINGSUN_DONGLE=y
CONFIG_KSDAZZLE_DONGLE=y
CONFIG_KS959_DONGLE=y

#
# FIR device drivers
#
CONFIG_USB_IRDA=y
CONFIG_SIGMATEL_FIR=y
CONFIG_NSC_FIR=y
CONFIG_WINBOND_FIR=y
CONFIG_SMC_IRCC_FIR=y
CONFIG_ALI_FIR=y
CONFIG_VLSI_FIR=y
CONFIG_VIA_FIR=y
CONFIG_MCS_FIR=y
CONFIG_BT=y
CONFIG_BT_RFCOMM=y
CONFIG_BT_RFCOMM_TTY=y
CONFIG_BT_BNEP=y
CONFIG_BT_BNEP_MC_FILTER=y
CONFIG_BT_BNEP_PROTO_FILTER=y
CONFIG_BT_CMTP=y
CONFIG_BT_HIDP=y

#
# Bluetooth device drivers
#
CONFIG_BT_HCIBTUSB=y
CONFIG_BT_HCIBTSDIO=y
CONFIG_BT_HCIUART=y
CONFIG_BT_HCIUART_H4=y
CONFIG_BT_HCIUART_BCSP=y
CONFIG_BT_HCIUART_ATH3K=y
CONFIG_BT_HCIUART_LL=y
CONFIG_BT_HCIBCM203X=y
CONFIG_BT_HCIBPA10X=y
CONFIG_BT_HCIBFUSB=y
CONFIG_BT_HCIDTL1=y
CONFIG_BT_HCIBT3C=y
CONFIG_BT_HCIBLUECARD=y
CONFIG_BT_HCIBTUART=y
CONFIG_BT_HCIVHCI=y
CONFIG_BT_MRVL=y
CONFIG_BT_MRVL_SDIO=y
CONFIG_BT_ATH3K=y
CONFIG_AF_RXRPC=y
# CONFIG_AF_RXRPC_DEBUG is not set
CONFIG_RXKAD=y
CONFIG_FIB_RULES=y
CONFIG_WIRELESS=y
CONFIG_WIRELESS_EXT=y
CONFIG_WEXT_CORE=y
CONFIG_WEXT_PROC=y
CONFIG_WEXT_SPY=y
CONFIG_WEXT_PRIV=y
CONFIG_CFG80211=y
# CONFIG_NL80211_TESTMODE is not set
# CONFIG_CFG80211_DEVELOPER_WARNINGS is not set
# CONFIG_CFG80211_REG_DEBUG is not set
CONFIG_CFG80211_DEFAULT_PS=y
# CONFIG_CFG80211_DEBUGFS is not set
# CONFIG_CFG80211_INTERNAL_REGDB is not set
CONFIG_CFG80211_WEXT=y
# CONFIG_WIRELESS_EXT_SYSFS is not set
CONFIG_LIB80211=y
CONFIG_LIB80211_CRYPT_WEP=y
CONFIG_LIB80211_CRYPT_CCMP=y
CONFIG_LIB80211_CRYPT_TKIP=y
# CONFIG_LIB80211_DEBUG is not set
CONFIG_MAC80211=y
CONFIG_MAC80211_HAS_RC=y
CONFIG_MAC80211_RC_MINSTREL=y
CONFIG_MAC80211_RC_MINSTREL_HT=y
CONFIG_MAC80211_RC_DEFAULT_MINSTREL=y
CONFIG_MAC80211_RC_DEFAULT="minstrel_ht"
CONFIG_MAC80211_MESH=y
CONFIG_MAC80211_LEDS=y
# CONFIG_MAC80211_DEBUGFS is not set
# CONFIG_MAC80211_DEBUG_MENU is not set
CONFIG_WIMAX=y
CONFIG_WIMAX_DEBUG_LEVEL=8
CONFIG_RFKILL=y
CONFIG_RFKILL_LEDS=y
CONFIG_RFKILL_INPUT=y
# CONFIG_RFKILL_REGULATOR is not set
CONFIG_NET_9P=y
CONFIG_NET_9P_VIRTIO=y
CONFIG_NET_9P_RDMA=y
# CONFIG_NET_9P_DEBUG is not set
# CONFIG_CAIF is not set
CONFIG_CEPH_LIB=y
# CONFIG_CEPH_LIB_PRETTYDEBUG is not set
# CONFIG_CEPH_LIB_USE_DNS_RESOLVER is not set
CONFIG_NFC=y
CONFIG_NFC_NCI=y
# CONFIG_NFC_HCI is not set
# CONFIG_NFC_LLCP is not set

#
# Near Field Communication (NFC) devices
#
# CONFIG_PN544_NFC is not set
CONFIG_NFC_PN533=y
CONFIG_HAVE_BPF_JIT=y

#
# Device Drivers
#

#
# Generic Driver Options
#
CONFIG_UEVENT_HELPER_PATH=""
CONFIG_DEVTMPFS=y
# CONFIG_DEVTMPFS_MOUNT is not set
CONFIG_STANDALONE=y
CONFIG_PREVENT_FIRMWARE_BUILD=y
CONFIG_FW_LOADER=y
# CONFIG_FIRMWARE_IN_KERNEL is not set
CONFIG_EXTRA_FIRMWARE=""
# CONFIG_DEBUG_DRIVER is not set
# CONFIG_DEBUG_DEVRES is not set
CONFIG_SYS_HYPERVISOR=y
# CONFIG_GENERIC_CPU_DEVICES is not set
CONFIG_REGMAP=y
CONFIG_REGMAP_I2C=y
CONFIG_DMA_SHARED_BUFFER=y
CONFIG_CONNECTOR=y
CONFIG_PROC_EVENTS=y
CONFIG_MTD=y
# CONFIG_MTD_TESTS is not set
CONFIG_MTD_REDBOOT_PARTS=y
CONFIG_MTD_REDBOOT_DIRECTORY_BLOCK=-1
# CONFIG_MTD_REDBOOT_PARTS_UNALLOCATED is not set
# CONFIG_MTD_REDBOOT_PARTS_READONLY is not set
# CONFIG_MTD_CMDLINE_PARTS is not set
CONFIG_MTD_AR7_PARTS=y

#
# User Modules And Translation Layers
#
CONFIG_MTD_CHAR=y
CONFIG_MTD_BLKDEVS=y
CONFIG_MTD_BLOCK=y
CONFIG_FTL=y
CONFIG_NFTL=y
CONFIG_NFTL_RW=y
CONFIG_INFTL=y
CONFIG_RFD_FTL=y
CONFIG_SSFDC=y
# CONFIG_SM_FTL is not set
CONFIG_MTD_OOPS=y
CONFIG_MTD_SWAP=y

#
# RAM/ROM/Flash chip drivers
#
CONFIG_MTD_CFI=y
CONFIG_MTD_JEDECPROBE=y
CONFIG_MTD_GEN_PROBE=y
# CONFIG_MTD_CFI_ADV_OPTIONS is not set
CONFIG_MTD_MAP_BANK_WIDTH_1=y
CONFIG_MTD_MAP_BANK_WIDTH_2=y
CONFIG_MTD_MAP_BANK_WIDTH_4=y
# CONFIG_MTD_MAP_BANK_WIDTH_8 is not set
# CONFIG_MTD_MAP_BANK_WIDTH_16 is not set
# CONFIG_MTD_MAP_BANK_WIDTH_32 is not set
CONFIG_MTD_CFI_I1=y
CONFIG_MTD_CFI_I2=y
# CONFIG_MTD_CFI_I4 is not set
# CONFIG_MTD_CFI_I8 is not set
CONFIG_MTD_CFI_INTELEXT=y
CONFIG_MTD_CFI_AMDSTD=y
CONFIG_MTD_CFI_STAA=y
CONFIG_MTD_CFI_UTIL=y
CONFIG_MTD_RAM=y
CONFIG_MTD_ROM=y
CONFIG_MTD_ABSENT=y

#
# Mapping drivers for chip access
#
CONFIG_MTD_COMPLEX_MAPPINGS=y
CONFIG_MTD_PHYSMAP=y
# CONFIG_MTD_PHYSMAP_COMPAT is not set
CONFIG_MTD_SC520CDP=y
CONFIG_MTD_NETSC520=y
CONFIG_MTD_TS5500=y
CONFIG_MTD_SBC_GXX=y
# CONFIG_MTD_AMD76XROM is not set
# CONFIG_MTD_ICHXROM is not set
# CONFIG_MTD_ESB2ROM is not set
# CONFIG_MTD_CK804XROM is not set
# CONFIG_MTD_SCB2_FLASH is not set
# CONFIG_MTD_NETtel is not set
# CONFIG_MTD_L440GX is not set
CONFIG_MTD_PCI=y
CONFIG_MTD_PCMCIA=y
# CONFIG_MTD_PCMCIA_ANONYMOUS is not set
# CONFIG_MTD_GPIO_ADDR is not set
CONFIG_MTD_INTEL_VR_NOR=y
CONFIG_MTD_PLATRAM=y
# CONFIG_MTD_LATCH_ADDR is not set

#
# Self-contained MTD device drivers
#
CONFIG_MTD_PMC551=y
# CONFIG_MTD_PMC551_BUGFIX is not set
# CONFIG_MTD_PMC551_DEBUG is not set
CONFIG_MTD_DATAFLASH=y
# CONFIG_MTD_DATAFLASH_WRITE_VERIFY is not set
# CONFIG_MTD_DATAFLASH_OTP is not set
CONFIG_MTD_M25P80=y
CONFIG_M25PXX_USE_FAST_READ=y
CONFIG_MTD_SST25L=y
CONFIG_MTD_SLRAM=y
CONFIG_MTD_PHRAM=y
CONFIG_MTD_MTDRAM=y
CONFIG_MTDRAM_TOTAL_SIZE=4096
CONFIG_MTDRAM_ERASE_SIZE=128
CONFIG_MTDRAM_ABS_POS=0
CONFIG_MTD_BLOCK2MTD=y

#
# Disk-On-Chip Device Drivers
#
CONFIG_MTD_DOC2000=y
CONFIG_MTD_DOC2001=y
CONFIG_MTD_DOC2001PLUS=y
# CONFIG_MTD_DOCG3 is not set
CONFIG_MTD_DOCPROBE=y
CONFIG_MTD_DOCECC=y
# CONFIG_MTD_DOCPROBE_ADVANCED is not set
CONFIG_MTD_DOCPROBE_ADDRESS=0x0
CONFIG_MTD_NAND_ECC=y
# CONFIG_MTD_NAND_ECC_SMC is not set
CONFIG_MTD_NAND=y
# CONFIG_MTD_NAND_VERIFY_WRITE is not set
# CONFIG_MTD_NAND_ECC_BCH is not set
CONFIG_MTD_SM_COMMON=y
# CONFIG_MTD_NAND_MUSEUM_IDS is not set
# CONFIG_MTD_NAND_DENALI is not set
CONFIG_MTD_NAND_IDS=y
CONFIG_MTD_NAND_RICOH=y
CONFIG_MTD_NAND_DISKONCHIP=y
# CONFIG_MTD_NAND_DISKONCHIP_PROBE_ADVANCED is not set
CONFIG_MTD_NAND_DISKONCHIP_PROBE_ADDRESS=0
# CONFIG_MTD_NAND_DISKONCHIP_BBTWRITE is not set
# CONFIG_MTD_NAND_DOCG4 is not set
CONFIG_MTD_NAND_CAFE=y
CONFIG_MTD_NAND_NANDSIM=y
CONFIG_MTD_NAND_PLATFORM=y
CONFIG_MTD_ALAUDA=y
CONFIG_MTD_ONENAND=y
CONFIG_MTD_ONENAND_VERIFY_WRITE=y
CONFIG_MTD_ONENAND_GENERIC=y
# CONFIG_MTD_ONENAND_OTP is not set
CONFIG_MTD_ONENAND_2X_PROGRAM=y
CONFIG_MTD_ONENAND_SIM=y

#
# LPDDR flash memory drivers
#
CONFIG_MTD_LPDDR=y
CONFIG_MTD_QINFO_PROBE=y
CONFIG_MTD_UBI=y
CONFIG_MTD_UBI_WL_THRESHOLD=4096
CONFIG_MTD_UBI_BEB_RESERVE=1
# CONFIG_MTD_UBI_GLUEBI is not set
CONFIG_PARPORT=y
CONFIG_PARPORT_PC=y
CONFIG_PARPORT_SERIAL=y
# CONFIG_PARPORT_PC_FIFO is not set
# CONFIG_PARPORT_PC_SUPERIO is not set
CONFIG_PARPORT_PC_PCMCIA=y
# CONFIG_PARPORT_GSC is not set
CONFIG_PARPORT_AX88796=y
CONFIG_PARPORT_1284=y
CONFIG_PARPORT_NOT_PC=y
CONFIG_PNP=y
# CONFIG_PNP_DEBUG_MESSAGES is not set

#
# Protocols
#
CONFIG_PNPACPI=y
CONFIG_BLK_DEV=y
CONFIG_BLK_DEV_FD=y
CONFIG_PARIDE=m

#
# Parallel IDE high-level drivers
#
CONFIG_PARIDE_PD=m
CONFIG_PARIDE_PCD=m
CONFIG_PARIDE_PF=m
CONFIG_PARIDE_PT=m
CONFIG_PARIDE_PG=m

#
# Parallel IDE protocol modules
#
CONFIG_PARIDE_ATEN=m
CONFIG_PARIDE_BPCK=m
CONFIG_PARIDE_COMM=m
CONFIG_PARIDE_DSTR=m
CONFIG_PARIDE_FIT2=m
CONFIG_PARIDE_FIT3=m
CONFIG_PARIDE_EPAT=m
# CONFIG_PARIDE_EPATC8 is not set
CONFIG_PARIDE_EPIA=m
CONFIG_PARIDE_FRIQ=m
CONFIG_PARIDE_FRPW=m
CONFIG_PARIDE_KBIC=m
CONFIG_PARIDE_KTTI=m
CONFIG_PARIDE_ON20=m
CONFIG_PARIDE_ON26=m
# CONFIG_BLK_DEV_PCIESSD_MTIP32XX is not set
CONFIG_BLK_CPQ_DA=y
CONFIG_BLK_CPQ_CISS_DA=y
CONFIG_CISS_SCSI_TAPE=y
CONFIG_BLK_DEV_DAC960=y
CONFIG_BLK_DEV_UMEM=y
# CONFIG_BLK_DEV_COW_COMMON is not set
CONFIG_BLK_DEV_LOOP=y
CONFIG_BLK_DEV_LOOP_MIN_COUNT=8
# CONFIG_BLK_DEV_CRYPTOLOOP is not set
CONFIG_BLK_DEV_DRBD=y
# CONFIG_DRBD_FAULT_INJECTION is not set
CONFIG_BLK_DEV_NBD=y
# CONFIG_BLK_DEV_NVME is not set
CONFIG_BLK_DEV_OSD=y
CONFIG_BLK_DEV_SX8=y
# CONFIG_BLK_DEV_UB is not set
CONFIG_BLK_DEV_RAM=y
CONFIG_BLK_DEV_RAM_COUNT=16
CONFIG_BLK_DEV_RAM_SIZE=65536
# CONFIG_BLK_DEV_XIP is not set
CONFIG_CDROM_PKTCDVD=y
CONFIG_CDROM_PKTCDVD_BUFFERS=8
# CONFIG_CDROM_PKTCDVD_WCACHE is not set
CONFIG_ATA_OVER_ETH=y
CONFIG_XEN_BLKDEV_FRONTEND=y
CONFIG_XEN_BLKDEV_BACKEND=y
CONFIG_VIRTIO_BLK=y
# CONFIG_BLK_DEV_HD is not set
CONFIG_BLK_DEV_RBD=y

#
# Misc devices
#
CONFIG_SENSORS_LIS3LV02D=y
CONFIG_AD525X_DPOT=y
CONFIG_AD525X_DPOT_I2C=y
CONFIG_AD525X_DPOT_SPI=y
CONFIG_IBM_ASM=y
CONFIG_PHANTOM=y
# CONFIG_INTEL_MID_PTI is not set
CONFIG_SGI_IOC4=y
CONFIG_TIFM_CORE=y
CONFIG_TIFM_7XX1=y
CONFIG_ICS932S401=y
CONFIG_ENCLOSURE_SERVICES=y
CONFIG_HP_ILO=y
CONFIG_APDS9802ALS=y
CONFIG_ISL29003=y
CONFIG_ISL29020=y
CONFIG_SENSORS_TSL2550=y
CONFIG_SENSORS_BH1780=y
CONFIG_SENSORS_BH1770=y
CONFIG_SENSORS_APDS990X=y
CONFIG_HMC6352=y
CONFIG_DS1682=y
CONFIG_TI_DAC7512=y
CONFIG_VMWARE_BALLOON=y
# CONFIG_BMP085_I2C is not set
# CONFIG_BMP085_SPI is not set
CONFIG_PCH_PHUB=y
# CONFIG_USB_SWITCH_FSA9480 is not set
CONFIG_C2PORT=y
CONFIG_C2PORT_DURAMAR_2150=y

#
# EEPROM support
#
CONFIG_EEPROM_AT24=y
CONFIG_EEPROM_AT25=y
CONFIG_EEPROM_LEGACY=y
CONFIG_EEPROM_MAX6875=y
CONFIG_EEPROM_93CX6=y
# CONFIG_EEPROM_93XX46 is not set
CONFIG_CB710_CORE=y
# CONFIG_CB710_DEBUG is not set
CONFIG_CB710_DEBUG_ASSUMPTIONS=y
# CONFIG_IWMC3200TOP is not set

#
# Texas Instruments shared transport line discipline
#
# CONFIG_TI_ST is not set
CONFIG_SENSORS_LIS3_I2C=y

#
# Altera FPGA firmware download module
#
# CONFIG_ALTERA_STAPL is not set
# CONFIG_INTEL_MEI is not set
CONFIG_HAVE_IDE=y
CONFIG_IDE=y

#
# Please see Documentation/ide/ide.txt for help/info on IDE drives
#
CONFIG_IDE_XFER_MODE=y
CONFIG_IDE_ATAPI=y
# CONFIG_BLK_DEV_IDE_SATA is not set
CONFIG_IDE_GD=y
CONFIG_IDE_GD_ATA=y
CONFIG_IDE_GD_ATAPI=y
# CONFIG_BLK_DEV_IDECS is not set
CONFIG_BLK_DEV_DELKIN=y
CONFIG_BLK_DEV_IDECD=y
CONFIG_BLK_DEV_IDECD_VERBOSE_ERRORS=y
CONFIG_BLK_DEV_IDETAPE=y
# CONFIG_BLK_DEV_IDEACPI is not set
# CONFIG_IDE_TASK_IOCTL is not set
CONFIG_IDE_PROC_FS=y

#
# IDE chipset support/bugfixes
#
CONFIG_IDE_GENERIC=y
# CONFIG_BLK_DEV_PLATFORM is not set
# CONFIG_BLK_DEV_CMD640 is not set
CONFIG_BLK_DEV_IDEPNP=y
CONFIG_BLK_DEV_IDEDMA_SFF=y

#
# PCI IDE chipsets support
#
CONFIG_BLK_DEV_IDEPCI=y
CONFIG_IDEPCI_PCIBUS_ORDER=y
# CONFIG_BLK_DEV_OFFBOARD is not set
# CONFIG_BLK_DEV_GENERIC is not set
CONFIG_BLK_DEV_OPTI621=y
# CONFIG_BLK_DEV_RZ1000 is not set
CONFIG_BLK_DEV_IDEDMA_PCI=y
# CONFIG_BLK_DEV_AEC62XX is not set
# CONFIG_BLK_DEV_ALI15X3 is not set
# CONFIG_BLK_DEV_AMD74XX is not set
# CONFIG_BLK_DEV_ATIIXP is not set
# CONFIG_BLK_DEV_CMD64X is not set
# CONFIG_BLK_DEV_TRIFLEX is not set
# CONFIG_BLK_DEV_CS5520 is not set
# CONFIG_BLK_DEV_CS5530 is not set
CONFIG_BLK_DEV_HPT366=y
# CONFIG_BLK_DEV_JMICRON is not set
# CONFIG_BLK_DEV_SC1200 is not set
CONFIG_BLK_DEV_PIIX=y
CONFIG_BLK_DEV_IT8172=y
CONFIG_BLK_DEV_IT8213=y
# CONFIG_BLK_DEV_IT821X is not set
# CONFIG_BLK_DEV_NS87415 is not set
# CONFIG_BLK_DEV_PDC202XX_OLD is not set
# CONFIG_BLK_DEV_PDC202XX_NEW is not set
# CONFIG_BLK_DEV_SVWKS is not set
# CONFIG_BLK_DEV_SIIMAGE is not set
# CONFIG_BLK_DEV_SIS5513 is not set
# CONFIG_BLK_DEV_SLC90E66 is not set
CONFIG_BLK_DEV_TRM290=y
# CONFIG_BLK_DEV_VIA82CXXX is not set
CONFIG_BLK_DEV_TC86C001=y
CONFIG_BLK_DEV_IDEDMA=y

#
# SCSI device support
#
CONFIG_SCSI_MOD=y
CONFIG_RAID_ATTRS=y
CONFIG_SCSI=y
CONFIG_SCSI_DMA=y
CONFIG_SCSI_TGT=y
CONFIG_SCSI_NETLINK=y
# CONFIG_SCSI_PROC_FS is not set

#
# SCSI support type (disk, tape, CD-ROM)
#
CONFIG_BLK_DEV_SD=y
CONFIG_CHR_DEV_ST=y
CONFIG_CHR_DEV_OSST=y
CONFIG_BLK_DEV_SR=y
CONFIG_BLK_DEV_SR_VENDOR=y
CONFIG_CHR_DEV_SG=y
CONFIG_CHR_DEV_SCH=y
CONFIG_SCSI_ENCLOSURE=y
CONFIG_SCSI_MULTI_LUN=y
CONFIG_SCSI_CONSTANTS=y
CONFIG_SCSI_LOGGING=y
CONFIG_SCSI_SCAN_ASYNC=y
CONFIG_SCSI_WAIT_SCAN=m

#
# SCSI Transports
#
CONFIG_SCSI_SPI_ATTRS=y
CONFIG_SCSI_FC_ATTRS=y
CONFIG_SCSI_FC_TGT_ATTRS=y
CONFIG_SCSI_ISCSI_ATTRS=y
CONFIG_SCSI_SAS_ATTRS=y
CONFIG_SCSI_SAS_LIBSAS=y
CONFIG_SCSI_SAS_ATA=y
CONFIG_SCSI_SAS_HOST_SMP=y
CONFIG_SCSI_SRP_ATTRS=y
CONFIG_SCSI_SRP_TGT_ATTRS=y
CONFIG_SCSI_LOWLEVEL=y
CONFIG_ISCSI_TCP=y
CONFIG_ISCSI_BOOT_SYSFS=y
CONFIG_SCSI_CXGB3_ISCSI=y
CONFIG_SCSI_CXGB4_ISCSI=y
CONFIG_SCSI_BNX2_ISCSI=y
CONFIG_SCSI_BNX2X_FCOE=y
CONFIG_BE2ISCSI=y
CONFIG_BLK_DEV_3W_XXXX_RAID=y
CONFIG_SCSI_HPSA=y
CONFIG_SCSI_3W_9XXX=y
CONFIG_SCSI_3W_SAS=y
CONFIG_SCSI_ACARD=y
CONFIG_SCSI_AACRAID=y
CONFIG_SCSI_AIC7XXX=y
CONFIG_AIC7XXX_CMDS_PER_DEVICE=8
CONFIG_AIC7XXX_RESET_DELAY_MS=15000
CONFIG_AIC7XXX_DEBUG_ENABLE=y
CONFIG_AIC7XXX_DEBUG_MASK=0
CONFIG_AIC7XXX_REG_PRETTY_PRINT=y
CONFIG_SCSI_AIC7XXX_OLD=y
CONFIG_SCSI_AIC79XX=y
CONFIG_AIC79XX_CMDS_PER_DEVICE=32
CONFIG_AIC79XX_RESET_DELAY_MS=15000
CONFIG_AIC79XX_DEBUG_ENABLE=y
CONFIG_AIC79XX_DEBUG_MASK=0
CONFIG_AIC79XX_REG_PRETTY_PRINT=y
CONFIG_SCSI_AIC94XX=y
# CONFIG_AIC94XX_DEBUG is not set
CONFIG_SCSI_MVSAS=y
# CONFIG_SCSI_MVSAS_DEBUG is not set
# CONFIG_SCSI_MVSAS_TASKLET is not set
CONFIG_SCSI_MVUMI=y
CONFIG_SCSI_DPT_I2O=y
CONFIG_SCSI_ADVANSYS=y
CONFIG_SCSI_ARCMSR=y
CONFIG_MEGARAID_NEWGEN=y
CONFIG_MEGARAID_MM=y
CONFIG_MEGARAID_MAILBOX=y
CONFIG_MEGARAID_LEGACY=y
CONFIG_MEGARAID_SAS=y
CONFIG_SCSI_MPT2SAS=y
CONFIG_SCSI_MPT2SAS_MAX_SGE=128
# CONFIG_SCSI_MPT2SAS_LOGGING is not set
# CONFIG_SCSI_UFSHCD is not set
CONFIG_SCSI_HPTIOP=y
CONFIG_SCSI_BUSLOGIC=y
CONFIG_VMWARE_PVSCSI=y
CONFIG_HYPERV_STORAGE=y
CONFIG_LIBFC=y
CONFIG_LIBFCOE=y
CONFIG_FCOE=y
CONFIG_FCOE_FNIC=y
CONFIG_SCSI_DMX3191D=y
CONFIG_SCSI_EATA=y
CONFIG_SCSI_EATA_TAGGED_QUEUE=y
CONFIG_SCSI_EATA_LINKED_COMMANDS=y
CONFIG_SCSI_EATA_MAX_TAGS=16
CONFIG_SCSI_FUTURE_DOMAIN=y
CONFIG_SCSI_GDTH=y
CONFIG_SCSI_ISCI=y
CONFIG_SCSI_IPS=y
CONFIG_SCSI_INITIO=y
CONFIG_SCSI_INIA100=y
CONFIG_SCSI_PPA=y
CONFIG_SCSI_IMM=y
# CONFIG_SCSI_IZIP_EPP16 is not set
# CONFIG_SCSI_IZIP_SLOW_CTR is not set
CONFIG_SCSI_STEX=y
CONFIG_SCSI_SYM53C8XX_2=y
CONFIG_SCSI_SYM53C8XX_DMA_ADDRESSING_MODE=1
CONFIG_SCSI_SYM53C8XX_DEFAULT_TAGS=16
CONFIG_SCSI_SYM53C8XX_MAX_TAGS=64
CONFIG_SCSI_SYM53C8XX_MMIO=y
CONFIG_SCSI_IPR=y
# CONFIG_SCSI_IPR_TRACE is not set
# CONFIG_SCSI_IPR_DUMP is not set
CONFIG_SCSI_QLOGIC_1280=y
CONFIG_SCSI_QLA_FC=y
# CONFIG_TCM_QLA2XXX is not set
CONFIG_SCSI_QLA_ISCSI=y
# CONFIG_SCSI_LPFC is not set
CONFIG_SCSI_DC395x=y
CONFIG_SCSI_DC390T=y
CONFIG_SCSI_DEBUG=y
CONFIG_SCSI_PMCRAID=y
CONFIG_SCSI_PM8001=y
CONFIG_SCSI_SRP=y
CONFIG_SCSI_BFA_FC=y
CONFIG_SCSI_VIRTIO=y
CONFIG_SCSI_LOWLEVEL_PCMCIA=y
CONFIG_PCMCIA_AHA152X=m
CONFIG_PCMCIA_FDOMAIN=m
CONFIG_PCMCIA_QLOGIC=m
CONFIG_PCMCIA_SYM53C500=m
CONFIG_SCSI_DH=y
CONFIG_SCSI_DH_RDAC=y
CONFIG_SCSI_DH_HP_SW=y
CONFIG_SCSI_DH_EMC=y
CONFIG_SCSI_DH_ALUA=y
CONFIG_SCSI_OSD_INITIATOR=y
CONFIG_SCSI_OSD_ULD=y
CONFIG_SCSI_OSD_DPRINT_SENSE=1
# CONFIG_SCSI_OSD_DEBUG is not set
CONFIG_ATA=y
# CONFIG_ATA_NONSTANDARD is not set
CONFIG_ATA_VERBOSE_ERROR=y
CONFIG_ATA_ACPI=y
CONFIG_SATA_PMP=y

#
# Controllers with non-SFF native interface
#
CONFIG_SATA_AHCI=y
# CONFIG_SATA_AHCI_PLATFORM is not set
CONFIG_SATA_INIC162X=y
CONFIG_SATA_ACARD_AHCI=y
CONFIG_SATA_SIL24=y
CONFIG_ATA_SFF=y

#
# SFF controllers with custom DMA interface
#
CONFIG_PDC_ADMA=y
CONFIG_SATA_QSTOR=y
CONFIG_SATA_SX4=y
CONFIG_ATA_BMDMA=y

#
# SATA SFF controllers with BMDMA
#
CONFIG_ATA_PIIX=y
CONFIG_SATA_MV=y
CONFIG_SATA_NV=y
CONFIG_SATA_PROMISE=y
CONFIG_SATA_SIL=y
CONFIG_SATA_SIS=y
CONFIG_SATA_SVW=y
CONFIG_SATA_ULI=y
CONFIG_SATA_VIA=y
CONFIG_SATA_VITESSE=y

#
# PATA SFF controllers with BMDMA
#
CONFIG_PATA_ALI=y
CONFIG_PATA_AMD=y
CONFIG_PATA_ARASAN_CF=y
CONFIG_PATA_ARTOP=y
CONFIG_PATA_ATIIXP=y
CONFIG_PATA_ATP867X=y
CONFIG_PATA_CMD64X=y
CONFIG_PATA_CS5520=y
CONFIG_PATA_CS5530=y
# CONFIG_PATA_CS5536 is not set
# CONFIG_PATA_CYPRESS is not set
CONFIG_PATA_EFAR=y
# CONFIG_PATA_HPT366 is not set
# CONFIG_PATA_HPT37X is not set
# CONFIG_PATA_HPT3X2N is not set
# CONFIG_PATA_HPT3X3 is not set
# CONFIG_PATA_IT8213 is not set
CONFIG_PATA_IT821X=y
CONFIG_PATA_JMICRON=y
CONFIG_PATA_MARVELL=y
CONFIG_PATA_NETCELL=y
# CONFIG_PATA_NINJA32 is not set
CONFIG_PATA_NS87415=y
CONFIG_PATA_OLDPIIX=y
# CONFIG_PATA_OPTIDMA is not set
CONFIG_PATA_PDC2027X=y
CONFIG_PATA_PDC_OLD=y
# CONFIG_PATA_RADISYS is not set
CONFIG_PATA_RDC=y
CONFIG_PATA_SC1200=y
CONFIG_PATA_SCH=y
CONFIG_PATA_SERVERWORKS=y
CONFIG_PATA_SIL680=y
CONFIG_PATA_SIS=y
CONFIG_PATA_TOSHIBA=y
CONFIG_PATA_TRIFLEX=y
CONFIG_PATA_VIA=y
# CONFIG_PATA_WINBOND is not set

#
# PIO-only SFF controllers
#
# CONFIG_PATA_CMD640_PCI is not set
CONFIG_PATA_MPIIX=y
CONFIG_PATA_NS87410=y
# CONFIG_PATA_OPTI is not set
CONFIG_PATA_PCMCIA=y
CONFIG_PATA_RZ1000=y

#
# Generic fallback / legacy drivers
#
# CONFIG_PATA_ACPI is not set
CONFIG_ATA_GENERIC=y
# CONFIG_PATA_LEGACY is not set
CONFIG_MD=y
CONFIG_BLK_DEV_MD=y
CONFIG_MD_AUTODETECT=y
CONFIG_MD_LINEAR=y
CONFIG_MD_RAID0=y
CONFIG_MD_RAID1=y
CONFIG_MD_RAID10=y
CONFIG_MD_RAID456=y
# CONFIG_MULTICORE_RAID456 is not set
CONFIG_MD_MULTIPATH=y
CONFIG_MD_FAULTY=y
CONFIG_BLK_DEV_DM=y
# CONFIG_DM_DEBUG is not set
CONFIG_DM_BUFIO=y
CONFIG_DM_PERSISTENT_DATA=y
CONFIG_DM_CRYPT=y
CONFIG_DM_SNAPSHOT=y
CONFIG_DM_THIN_PROVISIONING=y
# CONFIG_DM_DEBUG_BLOCK_STACK_TRACING is not set
# CONFIG_DM_DEBUG_SPACE_MAPS is not set
CONFIG_DM_MIRROR=y
CONFIG_DM_RAID=y
CONFIG_DM_LOG_USERSPACE=y
CONFIG_DM_ZERO=y
CONFIG_DM_MULTIPATH=y
CONFIG_DM_MULTIPATH_QL=y
CONFIG_DM_MULTIPATH_ST=y
CONFIG_DM_DELAY=y
CONFIG_DM_UEVENT=y
CONFIG_DM_FLAKEY=y
# CONFIG_DM_VERITY is not set
CONFIG_TARGET_CORE=y
CONFIG_TCM_IBLOCK=y
CONFIG_TCM_FILEIO=y
CONFIG_TCM_PSCSI=y
CONFIG_LOOPBACK_TARGET=y
CONFIG_TCM_FC=y
CONFIG_ISCSI_TARGET=y
# CONFIG_SBP_TARGET is not set
CONFIG_FUSION=y
CONFIG_FUSION_SPI=y
CONFIG_FUSION_FC=y
CONFIG_FUSION_SAS=y
CONFIG_FUSION_MAX_SGE=128
CONFIG_FUSION_CTL=y
CONFIG_FUSION_LAN=y
# CONFIG_FUSION_LOGGING is not set

#
# IEEE 1394 (FireWire) support
#
CONFIG_FIREWIRE=y
CONFIG_FIREWIRE_OHCI=y
CONFIG_FIREWIRE_SBP2=y
CONFIG_FIREWIRE_NET=y
CONFIG_FIREWIRE_NOSY=y
CONFIG_I2O=y
CONFIG_I2O_LCT_NOTIFY_ON_CHANGES=y
CONFIG_I2O_EXT_ADAPTEC=y
CONFIG_I2O_EXT_ADAPTEC_DMA64=y
CONFIG_I2O_CONFIG=y
CONFIG_I2O_CONFIG_OLD_IOCTL=y
CONFIG_I2O_BUS=y
CONFIG_I2O_BLOCK=y
CONFIG_I2O_SCSI=y
CONFIG_I2O_PROC=y
CONFIG_MACINTOSH_DRIVERS=y
CONFIG_MAC_EMUMOUSEBTN=y
CONFIG_NETDEVICES=y
CONFIG_NET_CORE=y
CONFIG_BONDING=y
CONFIG_DUMMY=y
CONFIG_EQUALIZER=y
CONFIG_NET_FC=y
CONFIG_MII=y
CONFIG_IEEE802154_DRIVERS=y
CONFIG_IEEE802154_FAKEHARD=y
CONFIG_IFB=y
# CONFIG_NET_TEAM is not set
CONFIG_MACVLAN=y
CONFIG_MACVTAP=y
CONFIG_NETCONSOLE=y
CONFIG_NETCONSOLE_DYNAMIC=y
CONFIG_NETPOLL=y
# CONFIG_NETPOLL_TRAP is not set
CONFIG_NET_POLL_CONTROLLER=y
CONFIG_TUN=y
CONFIG_VETH=y
CONFIG_VIRTIO_NET=y
CONFIG_SUNGEM_PHY=y
CONFIG_ARCNET=y
CONFIG_ARCNET_1201=y
CONFIG_ARCNET_1051=y
CONFIG_ARCNET_RAW=y
CONFIG_ARCNET_CAP=y
CONFIG_ARCNET_COM90xx=y
CONFIG_ARCNET_COM90xxIO=y
CONFIG_ARCNET_RIM_I=y
CONFIG_ARCNET_COM20020=y
CONFIG_ARCNET_COM20020_PCI=y
CONFIG_ARCNET_COM20020_CS=y
CONFIG_ATM_DRIVERS=y
CONFIG_ATM_DUMMY=y
CONFIG_ATM_TCP=y
CONFIG_ATM_LANAI=y
CONFIG_ATM_ENI=y
# CONFIG_ATM_ENI_DEBUG is not set
# CONFIG_ATM_ENI_TUNE_BURST is not set
CONFIG_ATM_FIRESTREAM=y
CONFIG_ATM_ZATM=y
# CONFIG_ATM_ZATM_DEBUG is not set
CONFIG_ATM_NICSTAR=y
CONFIG_ATM_NICSTAR_USE_SUNI=y
CONFIG_ATM_NICSTAR_USE_IDT77105=y
CONFIG_ATM_IDT77252=y
# CONFIG_ATM_IDT77252_DEBUG is not set
# CONFIG_ATM_IDT77252_RCV_ALL is not set
CONFIG_ATM_IDT77252_USE_SUNI=y
CONFIG_ATM_AMBASSADOR=y
# CONFIG_ATM_AMBASSADOR_DEBUG is not set
CONFIG_ATM_HORIZON=y
# CONFIG_ATM_HORIZON_DEBUG is not set
CONFIG_ATM_IA=y
# CONFIG_ATM_IA_DEBUG is not set
CONFIG_ATM_FORE200E=y
# CONFIG_ATM_FORE200E_USE_TASKLET is not set
CONFIG_ATM_FORE200E_TX_RETRY=16
CONFIG_ATM_FORE200E_DEBUG=0
CONFIG_ATM_HE=y
CONFIG_ATM_HE_USE_SUNI=y
CONFIG_ATM_SOLOS=y

#
