Path: news.gmane.org!not-for-mail
From: Fengguang Wu <fengguang.wu@intel.com>
Newsgroups: gmane.linux.kernel
Subject: [wq:review-wq-mod_delayed]  WARNING: at __queue_work()
Date: Sun, 29 Jul 2012 13:21:59 +0800
Lines: 4736
Approved: news@gmane.org
Message-ID: <20120729052159.GA12776@localhost>
NNTP-Posting-Host: plane.gmane.org
Mime-Version: 1.0
Content-Type: multipart/mixed; boundary="PEIAKu/WMn1b1Hv9"
X-Trace: dough.gmane.org 1343539374 24960 80.91.229.3 (29 Jul 2012 05:22:54 GMT)
X-Complaints-To: usenet@dough.gmane.org
NNTP-Posting-Date: Sun, 29 Jul 2012 05:22:54 +0000 (UTC)
Cc: LKML <linux-kernel@vger.kernel.org>
To: Tejun Heo <tj@kernel.org>
Original-X-From: linux-kernel-owner@vger.kernel.org Sun Jul 29 07:22:51 2012
Return-path: <linux-kernel-owner@vger.kernel.org>
Envelope-to: glk-linux-kernel-3@plane.gmane.org
Original-Received: from vger.kernel.org ([209.132.180.67])
	by plane.gmane.org with esmtp (Exim 4.69)
	(envelope-from <linux-kernel-owner@vger.kernel.org>)
	id 1SvLxp-0001xc-MY
	for glk-linux-kernel-3@plane.gmane.org; Sun, 29 Jul 2012 07:22:51 +0200
Original-Received: (majordomo@vger.kernel.org) by vger.kernel.org via listexpand
	id S1752487Ab2G2FWU (ORCPT <rfc822;glk-linux-kernel-3@m.gmane.org>);
	Sun, 29 Jul 2012 01:22:20 -0400
Original-Received: from mga01.intel.com ([192.55.52.88]:57312 "EHLO mga01.intel.com"
	rhost-flags-OK-OK-OK-OK) by vger.kernel.org with ESMTP
	id S1751194Ab2G2FWQ (ORCPT <rfc822;linux-kernel@vger.kernel.org>);
	Sun, 29 Jul 2012 01:22:16 -0400
Original-Received: from fmsmga001.fm.intel.com ([10.253.24.23])
  by fmsmga101.fm.intel.com with ESMTP; 28 Jul 2012 22:22:14 -0700
X-ExtLoop1: 1
X-IronPort-AV: E=Sophos;i="4.71,315,1320652800"; 
   d="scan'208";a="189115943"
Original-Received: from unknown (HELO wfg-t420.sh.intel.com) ([10.255.20.162])
  by fmsmga001.fm.intel.com with ESMTP; 28 Jul 2012 22:22:03 -0700
Original-Received: from wfg by wfg-t420.sh.intel.com with local (Exim 4.77)
	(envelope-from <fengguang.wu@intel.com>)
	id 1SvLx1-0003Kg-4E; Sun, 29 Jul 2012 13:21:59 +0800
Content-Disposition: inline
User-Agent: Heirloom mailx 12.5 6/20/10
Original-Sender: linux-kernel-owner@vger.kernel.org
Precedence: bulk
List-ID: <linux-kernel.vger.kernel.org>
X-Mailing-List: linux-kernel@vger.kernel.org
Xref: news.gmane.org gmane.linux.kernel:1334692
Archived-At: <http://permalink.gmane.org/gmane.linux.kernel/1334692>


--PEIAKu/WMn1b1Hv9
Content-Type: text/plain; charset=us-ascii
Content-Disposition: inline

Hi Tejun,

I got the below warning on

tree:   git://git.kernel.org/pub/scm/linux/kernel/git/tj/wq.git review-wq-mod_delayed
head:   6f510bfa84f26319b1021b9e706ebb814809c4a3
commit: 54eaaeaa4d2b871c835ff826af5dab3b96f90da0 [4/15] workqueue: disable preemption while manipulating PENDING

[    0.624901] NET: Registered protocol family 1
[    0.626536] ------------[ cut here ]------------
[    0.627849] WARNING: at /c/kernel-tests/src/tip/kernel/workqueue.c:995 __queue_work+0x33/0x1ab()
[    0.630262] Pid: 1, comm: swapper Not tainted 3.5.0-07346-g54eaaea #1043
[    0.632100] Call Trace:
[    0.632803]  [<8102546a>] warn_slowpath_common+0x54/0x69
[    0.634246]  [<81034e5d>] ? __queue_work+0x33/0x1ab
[    0.635578]  [<81034e5d>] ? __queue_work+0x33/0x1ab
[    0.636944]  [<8102551d>] warn_slowpath_null+0x1d/0x20
[    0.638344]  [<81034e5d>] __queue_work+0x33/0x1ab
[    0.639632]  [<8103506c>] queue_work_on+0x13/0x1c
[    0.640945]  [<81035083>] queue_work+0xe/0x10
[    0.642137]  [<81035136>] queue_delayed_work+0xf/0x22
[    0.643525]  [<81035642>] schedule_delayed_work+0x11/0x13
[    0.645038]  [<815a3750>] sunrpc_init_cache_detail+0x7f/0x82
[    0.646579]  [<815a3db6>] cache_register_net+0x8/0xc
[    0.647941]  [<815a0520>] ip_map_cache_create+0x34/0x56
[    0.649399]  [<81ac0ffe>] sunrpc_init_net+0x73/0xce
[    0.650743]  [<81ac0f8b>] ? init_sunrpc+0x5f/0x5f
[    0.652049]  [<814f3bba>] ops_init.constprop.5+0xc5/0xeb
[    0.653510]  [<814f3c34>] register_pernet_operations.isra.2+0x54/0x7d
[    0.655325]  [<81ac0f2c>] ? rpc_init_generic_auth+0xf/0xf
[    0.656821]  [<814f3dbb>] register_pernet_subsys+0x19/0x2a
[    0.658316]  [<81ac0f55>] init_sunrpc+0x29/0x5f
[    0.659555]  [<81a879cb>] do_one_initcall+0x7e/0x129
[    0.660936]  [<81a87b59>] kernel_init+0xe3/0x17a
[    0.662205]  [<81a87435>] ? do_early_param+0x7a/0x7a
[    0.663574]  [<81a87a76>] ? do_one_initcall+0x129/0x129
[    0.665038]  [<81652f36>] kernel_thread_helper+0x6/0xd

Thanks,
Fengguang

--PEIAKu/WMn1b1Hv9
Content-Type: text/plain; charset=us-ascii
Content-Disposition: attachment; filename=dmesg-kvm-slim-5917-2012-07-28-08-01-37

[    0.000000] Linux version 3.5.0-07346-g54eaaea (kbuild@kbuild) (gcc version 4.7.0 (Debian 4.7.0-11) ) #1043 Sat Jul 28 07:55:44 CST 2012
[    0.000000] Disabled fast string operations
[    0.000000] e820: BIOS-provided physical RAM map:
[    0.000000] BIOS-e820: [mem 0x0000000000000000-0x0000000000093bff] usable
[    0.000000] BIOS-e820: [mem 0x0000000000093c00-0x000000000009ffff] reserved
[    0.000000] BIOS-e820: [mem 0x00000000000f0000-0x00000000000fffff] reserved
[    0.000000] BIOS-e820: [mem 0x0000000000100000-0x000000000fffcfff] usable
[    0.000000] BIOS-e820: [mem 0x000000000fffd000-0x000000000fffffff] reserved
[    0.000000] BIOS-e820: [mem 0x00000000feffc000-0x00000000feffffff] reserved
[    0.000000] BIOS-e820: [mem 0x00000000fffc0000-0x00000000ffffffff] reserved
[    0.000000] debug: ignoring loglevel setting.
[    0.000000] Notice: NX (Execute Disable) protection cannot be enabled: non-PAE kernel!
[    0.000000] Hypervisor detected: KVM
[    0.000000] e820: update [mem 0x00000000-0x0000ffff] usable ==> reserved
[    0.000000] e820: remove [mem 0x000a0000-0x000fffff] usable
[    0.000000] e820: last_pfn = 0xfffd max_arch_pfn = 0x100000
[    0.000000] MTRR default type: write-back
[    0.000000] MTRR fixed ranges enabled:
[    0.000000]   00000-9FFFF write-back
[    0.000000]   A0000-BFFFF uncachable
[    0.000000]   C0000-FFFFF write-protect
[    0.000000] MTRR variable ranges enabled:
[    0.000000]   0 base 00E0000000 mask FFE0000000 uncachable
[    0.000000]   1 disabled
[    0.000000]   2 disabled
[    0.000000]   3 disabled
[    0.000000]   4 disabled
[    0.000000]   5 disabled
[    0.000000]   6 disabled
[    0.000000]   7 disabled
[    0.000000] Scan for SMP in [mem 0x00000000-0x000003ff]
[    0.000000] Scan for SMP in [mem 0x0009fc00-0x0009ffff]
[    0.000000] Scan for SMP in [mem 0x000f0000-0x000fffff]
[    0.000000] found SMP MP-table at [mem 0x000fdac0-0x000fdacf] mapped at [800fdac0]
[    0.000000]   mpc: fdad0-fdbec
[    0.000000] initial memory mapped: [mem 0x00000000-0x027fffff]
[    0.000000] Base memory trampoline at [8008f000] 8f000 size 16384
[    0.000000] init_memory_mapping: [mem 0x00000000-0x0fffcfff]
[    0.000000]  [mem 0x00000000-0x0fffcfff] page 4k
[    0.000000] kernel direct mapping tables up to 0xfffcfff @ [mem 0x027bd000-0x027fffff]
[    0.000000] log_buf_len: 8388608
[    0.000000] early log buf free: 128704(98%)
[    0.000000] RAMDISK: [mem 0x0fce4000-0x0ffeffff]
[    0.000000] 0MB HIGHMEM available.
[    0.000000] 255MB LOWMEM available.
[    0.000000]   mapped low ram: 0 - 0fffd000
[    0.000000]   low ram: 0 - 0fffd000
[    0.000000] kvm-clock: Using msrs 12 and 11
[    0.000000] kvm-clock: cpu 0, msr 0:19e6ca1, boot clock
[    0.000000] Zone ranges:
[    0.000000]   DMA      [mem 0x00010000-0x00ffffff]
[    0.000000]   Normal   [mem 0x01000000-0x0fffcfff]
[    0.000000]   HighMem  empty
[    0.000000] Movable zone start for each node
[    0.000000] Early memory node ranges
[    0.000000]   node   0: [mem 0x00010000-0x00092fff]
[    0.000000]   node   0: [mem 0x00100000-0x0fffcfff]
[    0.000000] On node 0 totalpages: 65408
[    0.000000] free_area_init_node: node 0, pgdat 81a7f158, node_mem_map 8f2a4240
[    0.000000]   DMA zone: 36 pages used for memmap
[    0.000000]   DMA zone: 0 pages reserved
[    0.000000]   DMA zone: 3935 pages, LIFO batch:0
[    0.000000]   Normal zone: 540 pages used for memmap
[    0.000000]   Normal zone: 60897 pages, LIFO batch:15
[    0.000000] Using APIC driver default
[    0.000000] SFI: Simple Firmware Interface v0.81 http://simplefirmware.org
[    0.000000] Intel MultiProcessor Specification v1.4
[    0.000000]     Virtual Wire compatibility mode.
[    0.000000]   mpc: fdad0-fdbec
[    0.000000] MPTABLE: OEM ID: BOCHSCPU
[    0.000000] MPTABLE: Product ID: 0.1         
[    0.000000] MPTABLE: APIC at: 0xFEE00000
[    0.000000] mapped APIC to         ffffa000 (        fee00000)
[    0.000000] Processor #0 (Bootup-CPU)
[    0.000000] Processor #1
[    0.000000] ACPI: NR_CPUS/possible_cpus limit of 1 reached.  Processor 1/0x1 ignored.
[    0.000000] Lint: type 3, pol 0, trig 0, bus 01, IRQ 00, APIC ID 0, APIC LINT 00
[    0.000000] Lint: type 1, pol 0, trig 0, bus 01, IRQ 00, APIC ID 0, APIC LINT 01
[    0.000000] Processors: 1
[    0.000000] e820: [mem 0x10000000-0xfeffbfff] available for PCI devices
[    0.000000] Booting paravirtualized kernel on KVM
[    0.000000] pcpu-alloc: s0 r0 d32768 u32768 alloc=1*32768
[    0.000000] pcpu-alloc: [0] 0 
[    0.000000] Built 1 zonelists in Zone order, mobility grouping on.  Total pages: 64832
[    0.000000] Kernel command line: trinity=1m hung_task_panic=1 tree=wq:review-wq-mod_delayed log_buf_len=8M ignore_loglevel debug sched_debug apic=debug dynamic_printk sysrq_always_enabled panic=10 softlockup_panic=1 unknown_nmi_panic=1 nmi_watchdog=panic,lapic  prompt_ramdisk=0 console=ttyS0,115200 console=tty0 vga=normal  root=/dev/ram0 rw link=vmlinuz-2012-07-28-07-56-21-wq:review-wq-mod_delayed:6f510bf-54eaaea-i386-randconfig-k003-1-slim BOOT_IMAGE=kernel-tests/kernels/i386-randconfig-k003/54eaaea/vmlinuz-3.5.0-07346-g54eaaea
[    0.000000] sysrq: sysrq always enabled.
[    0.000000] PID hash table entries: 1024 (order: 0, 4096 bytes)
[    0.000000] Dentry cache hash table entries: 32768 (order: 5, 131072 bytes)
[    0.000000] Inode-cache hash table entries: 16384 (order: 4, 65536 bytes)
[    0.000000] __ex_table already sorted, skipping sort
[    0.000000] Initializing CPU#0
[    0.000000] Initializing HighMem for node 0 (00000000:00000000)
[    0.000000] Memory: 231096k/262132k available (6477k kernel code, 30536k reserved, 4301k data, 392k init, 0k highmem)
[    0.000000] virtual kernel memory layout:
[    0.000000]     fixmap  : 0xfffe1000 - 0xfffff000   ( 120 kB)
[    0.000000]     pkmap   : 0xff800000 - 0xffc00000   (4096 kB)
[    0.000000]     vmalloc : 0x907fd000 - 0xff7fe000   (1776 MB)
[    0.000000]     lowmem  : 0x80000000 - 0x8fffd000   ( 255 MB)
[    0.000000]       .init : 0x81a87000 - 0x81ae9000   ( 392 kB)
[    0.000000]       .data : 0x816536fa - 0x81a86cc0   (4301 kB)
[    0.000000]       .text : 0x81000000 - 0x816536fa   (6477 kB)
[    0.000000] Checking if this processor honours the WP bit even in supervisor mode...Ok.
[    0.000000] NR_IRQS:16 nr_irqs:16 16
[    0.000000] CPU 0 irqstacks, hard=8ec02000 soft=8ec04000
[    0.000000] console [ttyS0] enabled
[    0.000000] Lock dependency validator: Copyright (c) 2006 Red Hat, Inc., Ingo Molnar
[    0.000000] ... MAX_LOCKDEP_SUBCLASSES:  8
[    0.000000] ... MAX_LOCK_DEPTH:          48
[    0.000000] ... MAX_LOCKDEP_KEYS:        8191
[    0.000000] ... CLASSHASH_SIZE:          4096
[    0.000000] ... MAX_LOCKDEP_ENTRIES:     16384
[    0.000000] ... MAX_LOCKDEP_CHAINS:      32768
[    0.000000] ... CHAINHASH_SIZE:          16384
[    0.000000]  memory used by lock dependency info: 3551 kB
[    0.000000]  per task-struct memory footprint: 1152 bytes
[    0.000000] ------------------------
[    0.000000] | Locking API testsuite:
[    0.000000] ----------------------------------------------------------------------------
[    0.000000]                                  | spin |wlock |rlock |mutex | wsem | rsem |
[    0.000000]   --------------------------------------------------------------------------
[    0.000000]                      A-A deadlock:failed|failed|  ok  |failed|failed|failed|
[    0.000000]                  A-B-B-A deadlock:failed|failed|  ok  |failed|failed|failed|
[    0.000000]              A-B-B-C-C-A deadlock:failed|failed|  ok  |failed|failed|failed|
[    0.000000]              A-B-C-A-B-C deadlock:failed|failed|  ok  |failed|failed|failed|
[    0.000000]          A-B-B-C-C-D-D-A deadlock:failed|failed|  ok  |failed|failed|failed|
[    0.000000]          A-B-C-D-B-D-D-A deadlock:failed|failed|  ok  |failed|failed|failed|
[    0.000000]          A-B-C-D-B-C-D-A deadlock:failed|failed|  ok  |failed|failed|failed|
[    0.000000]                     double unlock:  ok  |  ok  |  ok  |  ok  |  ok  |  ok  |
[    0.000000]                   initialize held:  ok  |  ok  |  ok  |  ok  |  ok  |  ok  |
[    0.000000]                  bad unlock order:  ok  |  ok  |  ok  |  ok  |  ok  |  ok  |
[    0.000000]   --------------------------------------------------------------------------
[    0.000000]               recursive read-lock:             |  ok  |             |failed|
[    0.000000]            recursive read-lock #2:             |  ok  |             |failed|
[    0.000000]             mixed read-write-lock:             |failed|             |failed|
[    0.000000]             mixed write-read-lock:             |failed|             |failed|
[    0.000000]   --------------------------------------------------------------------------
[    0.000000]      hard-irqs-on + irq-safe-A/12:failed|failed|  ok  |
[    0.000000]      soft-irqs-on + irq-safe-A/12:failed|failed|  ok  |
[    0.000000]      hard-irqs-on + irq-safe-A/21:failed|failed|  ok  |
[    0.000000]      soft-irqs-on + irq-safe-A/21:failed|failed|  ok  |
[    0.000000]        sirq-safe-A => hirqs-on/12:failed|failed|  ok  |
[    0.000000]        sirq-safe-A => hirqs-on/21:failed|failed|  ok  |
[    0.000000]          hard-safe-A + irqs-on/12:failed|failed|  ok  |
[    0.000000]          soft-safe-A + irqs-on/12:failed|failed|  ok  |
[    0.000000]          hard-safe-A + irqs-on/21:failed|failed|  ok  |
[    0.000000]          soft-safe-A + irqs-on/21:failed|failed|  ok  |
[    0.000000]     hard-safe-A + unsafe-B #1/123:failed|failed|  ok  |
[    0.000000]     soft-safe-A + unsafe-B #1/123:failed|failed|  ok  |
[    0.000000]     hard-safe-A + unsafe-B #1/132:failed|failed|  ok  |
[    0.000000]     soft-safe-A + unsafe-B #1/132:failed|failed|  ok  |
[    0.000000]     hard-safe-A + unsafe-B #1/213:failed|failed|  ok  |
[    0.000000]     soft-safe-A + unsafe-B #1/213:failed|failed|  ok  |
[    0.000000]     hard-safe-A + unsafe-B #1/231:failed|failed|  ok  |
[    0.000000]     soft-safe-A + unsafe-B #1/231:failed|failed|  ok  |
[    0.000000]     hard-safe-A + unsafe-B #1/312:failed|failed|  ok  |
[    0.000000]     soft-safe-A + unsafe-B #1/312:failed|failed|  ok  |
[    0.000000]     hard-safe-A + unsafe-B #1/321:failed|failed|  ok  |
[    0.000000]     soft-safe-A + unsafe-B #1/321:failed|failed|  ok  |
[    0.000000]     hard-safe-A + unsafe-B #2/123:failed|failed|  ok  |
[    0.000000]     soft-safe-A + unsafe-B #2/123:failed|failed|  ok  |
[    0.000000]     hard-safe-A + unsafe-B #2/132:failed|failed|  ok  |
[    0.000000]     soft-safe-A + unsafe-B #2/132:failed|failed|  ok  |
[    0.000000]     hard-safe-A + unsafe-B #2/213:failed|failed|  ok  |
[    0.000000]     soft-safe-A + unsafe-B #2/213:failed|failed|  ok  |
[    0.000000]     hard-safe-A + unsafe-B #2/231:failed|failed|  ok  |
[    0.000000]     soft-safe-A + unsafe-B #2/231:failed|failed|  ok  |
[    0.000000]     hard-safe-A + unsafe-B #2/312:failed|failed|  ok  |
[    0.000000]     soft-safe-A + unsafe-B #2/312:failed|failed|  ok  |
[    0.000000]     hard-safe-A + unsafe-B #2/321:failed|failed|  ok  |
[    0.000000]     soft-safe-A + unsafe-B #2/321:failed|failed|  ok  |
[    0.000000]       hard-irq lock-inversion/123:failed|failed|  ok  |
[    0.000000]       soft-irq lock-inversion/123:failed|failed|  ok  |
[    0.000000]       hard-irq lock-inversion/132:failed|failed|  ok  |
[    0.000000]       soft-irq lock-inversion/132:failed|failed|  ok  |
[    0.000000]       hard-irq lock-inversion/213:failed|failed|  ok  |
[    0.000000]       soft-irq lock-inversion/213:failed|failed|  ok  |
[    0.000000]       hard-irq lock-inversion/231:failed|failed|  ok  |
[    0.000000]       soft-irq lock-inversion/231:failed|failed|  ok  |
[    0.000000]       hard-irq lock-inversion/312:failed|failed|  ok  |
[    0.000000]       soft-irq lock-inversion/312:failed|failed|  ok  |
[    0.000000]       hard-irq lock-inversion/321:failed|failed|  ok  |
[    0.000000]       soft-irq lock-inversion/321:failed|failed|  ok  |
[    0.000000]       hard-irq read-recursion/123:  ok  |
[    0.000000]       soft-irq read-recursion/123:  ok  |
[    0.000000]       hard-irq read-recursion/132:  ok  |
[    0.000000]       soft-irq read-recursion/132:  ok  |
[    0.000000]       hard-irq read-recursion/213:  ok  |
[    0.000000]       soft-irq read-recursion/213:  ok  |
[    0.000000]       hard-irq read-recursion/231:  ok  |
[    0.000000]       soft-irq read-recursion/231:  ok  |
[    0.000000]       hard-irq read-recursion/312:  ok  |
[    0.000000]       soft-irq read-recursion/312:  ok  |
[    0.000000]       hard-irq read-recursion/321:  ok  |
[    0.000000]       soft-irq read-recursion/321:  ok  |
[    0.000000] --------------------------------------------------------
[    0.000000] 133 out of 218 testcases failed, as expected. |
[    0.000000] ----------------------------------------------------
[    0.000000] ODEBUG: 8 of 8 active objects replaced
[    0.000000] tsc: Detected 2999.462 MHz processor
[    0.004000] Calibrating delay loop (skipped) preset value.. 5998.92 BogoMIPS (lpj=11997848)
[    0.004000] pid_max: default: 32768 minimum: 301
[    0.004184] Mount-cache hash table entries: 512
[    0.005777] Disabled fast string operations
[    0.006991] Last level iTLB entries: 4KB 0, 2MB 0, 4MB 0
[    0.006991] Last level dTLB entries: 4KB 0, 2MB 0, 4MB 0
[    0.006991] tlb_flushall_shift is 0x6
[    0.008006] CPU: Intel Common KVM processor stepping 01
[    0.015041] Performance Events: unsupported Netburst CPU model 6 no PMU driver, software events only.
[    0.018288] Getting VERSION: 50014
[    0.019244] Getting VERSION: 50014
[    0.020014] Getting ID: 0
[    0.020765] Getting ID: f000000
[    0.021636] Getting LVT0: 8700
[    0.022495] Getting LVT1: 8400
[    0.023428] enabled ExtINT on CPU#0
[    0.024042] Using local APIC timer interrupts.
[    0.024042] calibrating APIC timer ...
[    0.028001] ... lapic delta = 6250254
[    0.028001] ..... delta 6250254
[    0.028001] ..... mult: 268429588
[    0.028001] ..... calibration result: 4000162
[    0.028001] ..... CPU clock speed is 2999.2404 MHz.
[    0.028001] ..... host bus clock speed is 1000.0162 MHz.
[    0.028001] ... verify APIC timer
[    0.139848] ... jiffies delta = 25
[    0.140015] ... jiffies result ok
[    0.141506] devtmpfs: initialized
[    0.142467] device: 'platform': device_add
[    0.143609] PM: Adding info for No Bus:platform
[    0.144009] bus: 'platform': registered
[    0.144106] bus: 'cpu': registered
[    0.145148] device: 'cpu': device_add
[    0.146183] PM: Adding info for No Bus:cpu
[    0.149593] atomic64 test passed for i586+ platform with CX8 and with SSE
[    0.151560] bus: 'virtio': registered
[    0.152013] device class 'regulator': registering
[    0.153458] Registering platform device 'reg-dummy'. Parent at platform
[    0.156013] device: 'reg-dummy': device_add
[    0.157167] bus: 'platform': add device reg-dummy
[    0.158461] PM: Adding info for platform:reg-dummy
[    0.160043] bus: 'platform': add driver reg-dummy
[    0.161336] bus: 'platform': driver_probe_device: matched device reg-dummy with driver reg-dummy
[    0.163694] bus: 'platform': really_probe: probing driver reg-dummy with device reg-dummy
[    0.164029] device: 'regulator.0': device_add
[    0.165264] PM: Adding info for No Bus:regulator.0
[    0.168078] dummy: 
[    0.168674] driver: 'reg-dummy': driver_bound: bound to device 'reg-dummy'
[    0.170539] bus: 'platform': really_probe: bound device reg-dummy to driver reg-dummy
[    0.172187] NET: Registered protocol family 16
[    0.174268] device class 'bdi': registering
[    0.176085] device class 'pci_bus': registering
[    0.177461] bus: 'pci': registered
[    0.178397] device class 'backlight': registering
[    0.180072] device class 'video_output': registering
[    0.181467] device class 'tty': registering
[    0.182777] bus: 'spi': registered
[    0.183714] device class 'spi_master': registering
[    0.184130] bus: 'i2c': registered
[    0.185067] bus: 'i2c': add driver dummy
[    0.186258] bus: 'eisa': registered
[    0.188014] EISA bus registered
[    0.189776] device class 'dma': registering
[    0.192015] PCI: PCI BIOS revision 2.10 entry at 0xfc8f3, last bus=0
[    0.193758] PCI: Using configuration type 1 for base access
[    0.196680] device: 'cpu0': device_add
[    0.197712] bus: 'cpu': add device cpu0
[    0.198770] PM: Adding info for cpu:cpu0
[    0.232891] device: 'default': device_add
[    0.234076] PM: Adding info for No Bus:default
[    0.235716] bio: create slab <bio-0> at 0
[    0.236171] device class 'block': registering
[    0.237630] bus: 'spi': add driver max7301
[    0.238824] bus: 'spi': add driver mc33880
[    0.240083] bus: 'spi': add driver mcp23s08
[    0.241292] bus: 'i2c': add driver mcp230xx
[    0.242512] bus: 'i2c': add driver pca953x
[    0.244085] bus: 'platform': add driver tps65912-gpio
[    0.245527] bus: 'platform': add driver wm8350-gpio
[    0.247063] bus: 'pnp': registered
[    0.248020] bus: 'platform': add driver reg-fixed-voltage
[    0.249564] bus: 'platform': add driver 88pm860x-regulator
[    0.251136] bus: 'i2c': add driver ad5398
[    0.252086] bus: 'platform': add driver da903x-regulator
[    0.253627] bus: 'platform': add driver da9052-regulator
[    0.255144] bus: 'platform': add driver gpio-regulator
[    0.256086] bus: 'i2c': add driver max8660
[    0.257338] bus: 'i2c': add driver max8952
[    0.258531] bus: 'platform': add driver max8997-pmic
[    0.260087] bus: 'platform': add driver pcap-regulator
[    0.261570] bus: 'i2c': add driver tps62360
[    0.262792] bus: 'i2c': add driver tps65023
[    0.264087] bus: 'platform': add driver tps65217-pmic
[    0.265656] bus: 'platform': add driver tps65912-pmic
[    0.268089] bus: 'platform': add driver twl_reg
[    0.269482] bus: 'platform': add driver wm831x-buckv
[    0.270902] bus: 'platform': add driver wm831x-buckp
[    0.272088] bus: 'platform': add driver wm831x-boostp
[    0.273531] bus: 'platform': add driver wm831x-epe
[    0.274929] bus: 'platform': add driver wm831x-isink
[    0.276087] bus: 'platform': add driver wm831x-ldo
[    0.277460] bus: 'platform': add driver wm831x-aldo
[    0.278978] bus: 'platform': add driver wm831x-alive-ldo
[    0.280089] device class 'misc': registering
[    0.281345] bus: 'i2c': add driver 88PM860x
[    0.282567] bus: 'i2c': add driver tc3589x
[    0.284089] bus: 'spi': add driver wm831x
[    0.285266] bus: 'i2c': add driver wm8350
[    0.286435] bus: 'i2c': add driver tps6507x
[    0.288089] bus: 'i2c': add driver tps65217
[    0.289310] bus: 'spi': add driver tps65912
[    0.290593] bus: 'i2c': add driver twl
[    0.292077] bus: 'spi': add driver ezx-pcap
[    0.293305] bus: 'i2c': add driver da903x
[    0.294533] bus: 'spi': add driver da9052
[    0.295774] bus: 'i2c': add driver da9052
[    0.296089] bus: 'i2c': add driver max8997
[    0.297283] bus: 'i2c': add driver tps6586x
[    0.298513] bus: 'i2c': add driver tps65090
[    0.300148] bus: 'i2c': add driver rc5t583
[    0.301343] bus: 'platform': add driver pxa2xx-spi
[    0.302733] device class 'mdio_bus': registering
[    0.304155] bus: 'mdio_bus': registered
[    0.305215] bus: 'mdio_bus': add driver Generic PHY
[    0.306694] bus: 'serio': registered
[    0.308137] bus: 'gameport': registered
[    0.309195] device class 'input': registering
[    0.310462] device class 'rtc': registering
[    0.311682] bus: 'platform': add driver i2c-gpio
[    0.312100] device class 'power_supply': registering
[    0.313579] device class 'hwmon': registering
[    0.316089] device class 'watchdog': registering
[    0.317507] bus: 'mmc': registered
[    0.318448] device class 'mmc_host': registering
[    0.319878] bus: 'sdio': registered
[    0.320023] device class 'leds': registering
[    0.321280] device class 'devfreq': registering
[    0.322599] device class 'sound': registering
[    0.324138] Advanced Linux Sound Architecture Driver Version 1.0.25.
[    0.325956] PCI: Probing PCI hardware
[    0.326979] PCI: root bus 00: using default resources
[    0.328024] PCI: Probing PCI hardware (bus 00)
[    0.329295] device: 'pci0000:00': device_add
[    0.330480] PM: Adding info for No Bus:pci0000:00
[    0.332032] device: '0000:00': device_add
[    0.333154] PM: Adding info for No Bus:0000:00
[    0.334467] PCI host bridge to bus 0000:00
[    0.336026] pci_bus 0000:00: root bus resource [io  0x0000-0xffff]
[    0.337715] pci_bus 0000:00: root bus resource [mem 0x00000000-0xffffffff]
[    0.339570] pci_bus 0000:00: No busn resource found for root bus, will use [bus 00-ff]
[    0.340028] pci_bus 0000:00: busn_res: [bus 00-ff] is inserted under domain [bus 00-ff]
[    0.344025] pci_bus 0000:00: scanning bus
[    0.345237] pci 0000:00:00.0: [8086:1237] type 00 class 0x060000
[    0.346919] pci 0000:00:00.0: calling quirk_mmio_always_on+0x0/0x9
[    0.348518] pci 0000:00:01.0: [8086:7000] type 00 class 0x060100
[    0.350879] pci 0000:00:01.1: [8086:7010] type 00 class 0x010180
[    0.352449] pci 0000:00:01.1: reg 20: [io  0xc000-0xc00f]
[    0.354418] pci 0000:00:01.3: [8086:7113] type 00 class 0x068000
[    0.356659] pci 0000:00:01.3: calling quirk_piix4_acpi+0x0/0x134
[    0.358303] pci 0000:00:01.3: quirk: [io  0xb000-0xb03f] claimed by PIIX4 ACPI
[    0.360040] pci 0000:00:01.3: quirk: [io  0xb100-0xb10f] claimed by PIIX4 SMB
[    0.362056] pci 0000:00:01.3: calling pci_fixup_piix4_acpi+0x0/0xf
[    0.364187] pci 0000:00:02.0: [1013:00b8] type 00 class 0x030000
[    0.368525] pci 0000:00:02.0: reg 10: [mem 0xf0000000-0xf1ffffff pref]
[    0.373810] pci 0000:00:02.0: reg 14: [mem 0xf2000000-0xf2000fff]
[    0.384718] pci 0000:00:02.0: reg 30: [mem 0xf2010000-0xf201ffff pref]
[    0.388552] pci 0000:00:03.0: [8086:100e] type 00 class 0x020000
[    0.392245] pci 0000:00:03.0: reg 10: [mem 0xf2020000-0xf203ffff]
[    0.396666] pci 0000:00:03.0: reg 14: [io  0xc040-0xc07f]
[    0.402248] pci 0000:00:03.0: reg 30: [mem 0xf2040000-0xf205ffff pref]
[    0.404713] pci 0000:00:04.0: [1af4:1001] type 00 class 0x010000
[    0.406510] pci 0000:00:04.0: reg 10: [io  0xc080-0xc0bf]
[    0.408135] pci 0000:00:04.0: reg 14: [mem 0xf2060000-0xf2060fff]
[    0.410656] pci 0000:00:05.0: [1af4:1001] type 00 class 0x010000
[    0.412188] pci 0000:00:05.0: reg 10: [io  0xc0c0-0xc0ff]
[    0.413768] pci 0000:00:05.0: reg 14: [mem 0xf2061000-0xf2061fff]
[    0.416887] pci 0000:00:06.0: [1af4:1001] type 00 class 0x010000
[    0.418673] pci 0000:00:06.0: reg 10: [io  0xc100-0xc13f]
[    0.420134] pci 0000:00:06.0: reg 14: [mem 0xf2062000-0xf2062fff]
[    0.422668] pci 0000:00:07.0: [1af4:1001] type 00 class 0x010000
[    0.424198] pci 0000:00:07.0: reg 10: [io  0xc140-0xc17f]
[    0.425760] pci 0000:00:07.0: reg 14: [mem 0xf2063000-0xf2063fff]
[    0.428894] pci 0000:00:08.0: [1af4:1001] type 00 class 0x010000
[    0.430676] pci 0000:00:08.0: reg 10: [io  0xc180-0xc1bf]
[    0.432135] pci 0000:00:08.0: reg 14: [mem 0xf2064000-0xf2064fff]
[    0.434663] pci 0000:00:09.0: [1af4:1001] type 00 class 0x010000
[    0.436189] pci 0000:00:09.0: reg 10: [io  0xc1c0-0xc1ff]
[    0.437760] pci 0000:00:09.0: reg 14: [mem 0xf2065000-0xf2065fff]
[    0.440874] pci 0000:00:0a.0: [8086:25ab] type 00 class 0x088000
[    0.442611] pci 0000:00:0a.0: reg 10: [mem 0xf2066000-0xf206600f]
[    0.445067] pci_bus 0000:00: fixups for bus
[    0.446215] pci_bus 0000:00: bus scan returning with max=00
[    0.448039] pci_bus 0000:00: busn_res: [bus 00-ff] end is updated to 00
[    0.449834] device: '0000:00:00.0': device_add
[    0.451093] bus: 'pci': add device 0000:00:00.0
[    0.452185] PM: Adding info for pci:0000:00:00.0
[    0.453528] device: '0000:00:01.0': device_add
[    0.454769] bus: 'pci': add device 0000:00:01.0
[    0.456055] PM: Adding info for pci:0000:00:01.0
[    0.457330] device: '0000:00:01.1': device_add
[    0.458550] bus: 'pci': add device 0000:00:01.1
[    0.460106] PM: Adding info for pci:0000:00:01.1
[    0.461391] device: '0000:00:01.3': device_add
[    0.462612] bus: 'pci': add device 0000:00:01.3
[    0.464107] PM: Adding info for pci:0000:00:01.3
[    0.465397] device: '0000:00:02.0': device_add
[    0.466619] bus: 'pci': add device 0000:00:02.0
[    0.468055] PM: Adding info for pci:0000:00:02.0
[    0.469338] device: '0000:00:03.0': device_add
[    0.470558] bus: 'pci': add device 0000:00:03.0
[    0.471873] PM: Adding info for pci:0000:00:03.0
[    0.472040] device: '0000:00:04.0': device_add
[    0.473272] bus: 'pci': add device 0000:00:04.0
[    0.474589] PM: Adding info for pci:0000:00:04.0
[    0.476040] device: '0000:00:05.0': device_add
[    0.477281] bus: 'pci': add device 0000:00:05.0
[    0.478602] PM: Adding info for pci:0000:00:05.0
[    0.480040] device: '0000:00:06.0': device_add
[    0.481274] bus: 'pci': add device 0000:00:06.0
[    0.482602] PM: Adding info for pci:0000:00:06.0
[    0.484041] device: '0000:00:07.0': device_add
[    0.485263] bus: 'pci': add device 0000:00:07.0
[    0.486537] PM: Adding info for pci:0000:00:07.0
[    0.488040] device: '0000:00:08.0': device_add
[    0.489259] bus: 'pci': add device 0000:00:08.0
[    0.490574] PM: Adding info for pci:0000:00:08.0
[    0.492041] device: '0000:00:09.0': device_add
[    0.493261] bus: 'pci': add device 0000:00:09.0
[    0.494539] PM: Adding info for pci:0000:00:09.0
[    0.496041] device: '0000:00:0a.0': device_add
[    0.497276] bus: 'pci': add device 0000:00:0a.0
[    0.498595] PM: Adding info for pci:0000:00:0a.0
[    0.500090] pci 0000:00:01.0: PIIX/ICH IRQ router [8086:7000]
[    0.501863] PCI: pci_cache_line_size set to 64 bytes
[    0.503278] pci 0000:00:01.1: BAR 0: reserving [io  0x01f0-0x01f7 flags 0x110] (d=0, p=0)
[    0.504037] pci 0000:00:01.1: BAR 1: reserving [io  0x03f6 flags 0x110] (d=0, p=0)
[    0.506091] pci 0000:00:01.1: BAR 2: reserving [io  0x0170-0x0177 flags 0x110] (d=0, p=0)
[    0.508036] pci 0000:00:01.1: BAR 3: reserving [io  0x0376 flags 0x110] (d=0, p=0)
[    0.510089] pci 0000:00:01.1: BAR 4: reserving [io  0xc000-0xc00f flags 0x40101] (d=0, p=0)
[    0.512092] pci 0000:00:02.0: BAR 0: reserving [mem 0xf0000000-0xf1ffffff flags 0x42208] (d=0, p=0)
[    0.516044] pci 0000:00:02.0: BAR 1: reserving [mem 0xf2000000-0xf2000fff flags 0x40200] (d=0, p=0)
[    0.518511] pci 0000:00:03.0: BAR 0: reserving [mem 0xf2020000-0xf203ffff flags 0x40200] (d=0, p=0)
[    0.520037] pci 0000:00:03.0: BAR 1: reserving [io  0xc040-0xc07f flags 0x40101] (d=0, p=0)
[    0.522309] pci 0000:00:04.0: BAR 0: reserving [io  0xc080-0xc0bf flags 0x40101] (d=0, p=0)
[    0.524037] pci 0000:00:04.0: BAR 1: reserving [mem 0xf2060000-0xf2060fff flags 0x40200] (d=0, p=0)
[    0.528053] pci 0000:00:05.0: BAR 0: reserving [io  0xc0c0-0xc0ff flags 0x40101] (d=0, p=0)
[    0.530317] pci 0000:00:05.0: BAR 1: reserving [mem 0xf2061000-0xf2061fff flags 0x40200] (d=0, p=0)
[    0.532053] pci 0000:00:06.0: BAR 0: reserving [io  0xc100-0xc13f flags 0x40101] (d=0, p=0)
[    0.534386] pci 0000:00:06.0: BAR 1: reserving [mem 0xf2062000-0xf2062fff flags 0x40200] (d=0, p=0)
[    0.536054] pci 0000:00:07.0: BAR 0: reserving [io  0xc140-0xc17f flags 0x40101] (d=0, p=0)
[    0.540038] pci 0000:00:07.0: BAR 1: reserving [mem 0xf2063000-0xf2063fff flags 0x40200] (d=0, p=0)
[    0.542496] pci 0000:00:08.0: BAR 0: reserving [io  0xc180-0xc1bf flags 0x40101] (d=0, p=0)
[    0.544038] pci 0000:00:08.0: BAR 1: reserving [mem 0xf2064000-0xf2064fff flags 0x40200] (d=0, p=0)
[    0.546495] pci 0000:00:09.0: BAR 0: reserving [io  0xc1c0-0xc1ff flags 0x40101] (d=0, p=0)
[    0.548038] pci 0000:00:09.0: BAR 1: reserving [mem 0xf2065000-0xf2065fff flags 0x40200] (d=0, p=0)
[    0.552055] pci 0000:00:0a.0: BAR 0: reserving [mem 0xf2066000-0xf206600f flags 0x40200] (d=0, p=0)
[    0.554718] e820: reserve RAM buffer [mem 0x00093c00-0x0009ffff]
[    0.556044] e820: reserve RAM buffer [mem 0x0fffd000-0x0fffffff]
[    0.557693] device class 'net': registering
[    0.558956] device: 'lo': device_add
[    0.560167] PM: Adding info for No Bus:lo
[    0.561448] Sangoma WANPIPE Router v1.1 (c) 1995-2000 Sangoma Technologies Inc.
[    0.564038] irda_init()
[    0.564826] NET: Registered protocol family 23
[    0.566184] NET: Registered protocol family 8
[    0.567390] NET: Registered protocol family 20
[    0.568038] device class 'atm': registering
[    0.569197] device class 'ieee802154': registering
[    0.572426] Switching to clocksource kvm-clock
[    0.573725] bus: 'pnp': add driver system
[    0.574856] PnPBIOS: Disabled
[    0.575685] INFO_MDMA: LNW DMA Driver Version 1.1.0
[    0.576036] bus: 'pci': add driver Intel MID DMA
[    0.576781] device class 'mem': registering
[    0.577972] device: 'mem': device_add
[    0.579113] PM: Adding info for No Bus:mem
[    0.580276] device: 'null': device_add
[    0.581340] PM: Adding info for No Bus:null
[    0.582496] device: 'port': device_add
[    0.583575] PM: Adding info for No Bus:port
[    0.584763] device: 'zero': device_add
[    0.585914] PM: Adding info for No Bus:zero
[    0.587093] device: 'full': device_add
[    0.588168] PM: Adding info for No Bus:full
[    0.589324] device: 'random': device_add
[    0.590417] PM: Adding info for No Bus:random
[    0.591633] device: 'urandom': device_add
[    0.592845] PM: Adding info for No Bus:urandom
[    0.594165] device: 'kmsg': device_add
[    0.595229] PM: Adding info for No Bus:kmsg
[    0.596409] device: 'oldmem': device_add
[    0.597512] PM: Adding info for No Bus:oldmem
[    0.598773] device: 'tty': device_add
[    0.599828] PM: Adding info for No Bus:tty
[    0.600989] device: 'console': device_add
[    0.602158] PM: Adding info for No Bus:console
[    0.603400] device class 'firmware': registering
[    0.604721] device class 'thermal': registering
[    0.606120] bus: 'bcma': registered
[    0.607127] pci_bus 0000:00: resource 4 [io  0x0000-0xffff]
[    0.608677] pci_bus 0000:00: resource 5 [mem 0x00000000-0xffffffff]
[    0.610438] NET: Registered protocol family 2
[    0.611854] TCP established hash table entries: 8192 (order: 4, 65536 bytes)
[    0.615636] TCP bind hash table entries: 8192 (order: 6, 294912 bytes)
[    0.618209] TCP: Hash tables configured (established 8192 bind 8192)
[    0.620071] TCP: reno registered
[    0.621118] UDP hash table entries: 256 (order: 2, 20480 bytes)
[    0.622955] UDP-Lite hash table entries: 256 (order: 2, 20480 bytes)
[    0.624901] NET: Registered protocol family 1
[    0.626536] ------------[ cut here ]------------
[    0.627849] WARNING: at /c/kernel-tests/src/tip/kernel/workqueue.c:995 __queue_work+0x33/0x1ab()
[    0.630262] Pid: 1, comm: swapper Not tainted 3.5.0-07346-g54eaaea #1043
[    0.632100] Call Trace:
[    0.632803]  [<8102546a>] warn_slowpath_common+0x54/0x69
[    0.634246]  [<81034e5d>] ? __queue_work+0x33/0x1ab
[    0.635578]  [<81034e5d>] ? __queue_work+0x33/0x1ab
[    0.636944]  [<8102551d>] warn_slowpath_null+0x1d/0x20
[    0.638344]  [<81034e5d>] __queue_work+0x33/0x1ab
[    0.639632]  [<8103506c>] queue_work_on+0x13/0x1c
[    0.640945]  [<81035083>] queue_work+0xe/0x10
[    0.642137]  [<81035136>] queue_delayed_work+0xf/0x22
[    0.643525]  [<81035642>] schedule_delayed_work+0x11/0x13
[    0.645038]  [<815a3750>] sunrpc_init_cache_detail+0x7f/0x82
[    0.646579]  [<815a3db6>] cache_register_net+0x8/0xc
[    0.647941]  [<815a0520>] ip_map_cache_create+0x34/0x56
[    0.649399]  [<81ac0ffe>] sunrpc_init_net+0x73/0xce
[    0.650743]  [<81ac0f8b>] ? init_sunrpc+0x5f/0x5f
[    0.652049]  [<814f3bba>] ops_init.constprop.5+0xc5/0xeb
[    0.653510]  [<814f3c34>] register_pernet_operations.isra.2+0x54/0x7d
[    0.655325]  [<81ac0f2c>] ? rpc_init_generic_auth+0xf/0xf
[    0.656821]  [<814f3dbb>] register_pernet_subsys+0x19/0x2a
[    0.658316]  [<81ac0f55>] init_sunrpc+0x29/0x5f
[    0.659555]  [<81a879cb>] do_one_initcall+0x7e/0x129
[    0.660936]  [<81a87b59>] kernel_init+0xe3/0x17a
[    0.662205]  [<81a87435>] ? do_early_param+0x7a/0x7a
[    0.663574]  [<81a87a76>] ? do_one_initcall+0x129/0x129
[    0.665038]  [<81652f36>] kernel_thread_helper+0x6/0xd
[    0.666438] ---[ end trace 0007ad9d59420718 ]---
[    0.667742] RPC: Registered named UNIX socket transport module.
[    0.669383] RPC: Registered udp transport module.
[    0.670679] RPC: Registered tcp transport module.
[    0.671956] RPC: Registered tcp NFSv4.1 backchannel transport module.
[    0.673755] pci 0000:00:00.0: calling quirk_natoma+0x0/0x2b
[    0.675272] pci 0000:00:00.0: Limiting direct PCI/PCI transfers
[    0.676919] pci 0000:00:00.0: calling quirk_passive_release+0x0/0x68
[    0.678670] pci 0000:00:01.0: PIIX3: Enabling Passive Release
[    0.680283] pci 0000:00:01.0: calling quirk_isa_dma_hangs+0x0/0x2e
[    0.681970] pci 0000:00:01.0: Activating ISA DMA hang workarounds
[    0.683725] pci 0000:00:02.0: calling pci_fixup_video+0x0/0x8d
[    0.685370] pci 0000:00:02.0: Boot video device
[    0.686632] pci 0000:00:03.0: calling quirk_e100_interrupt+0x0/0x14a
[    0.688492] PCI: CLS 0 bytes, default 64
[    0.691065] Unpacking initramfs...
[    1.643965] debug: unmapping init [mem 0x8fce4000-0x8ffeffff]
[    1.872691] DMA-API: preallocated 32768 debug entries
[    1.874098] DMA-API: debugging enabled by kernel config
[    1.876318] Registering platform device 'rtc_cmos'. Parent at platform
[    1.878097] device: 'rtc_cmos': device_add
[    1.879225] bus: 'platform': add device rtc_cmos
[    1.880523] PM: Adding info for platform:rtc_cmos
[    1.882033] platform rtc_cmos: registered platform RTC device (no PNP device found)
[    1.885305] device class 'cpuid': registering
[    1.886821] device: 'cpu0': device_add
[    1.887951] PM: Adding info for No Bus:cpu0
[    1.889380] Registering platform device 'pcspkr'. Parent at platform
[    1.891122] device: 'pcspkr': device_add
[    1.892223] bus: 'platform': add device pcspkr
[    1.893470] PM: Adding info for platform:pcspkr
[    1.894915] Registering platform device 'microcode'. Parent at platform
[    1.896739] device: 'microcode': device_add
[    1.897886] bus: 'platform': add device microcode
[    1.900438] PM: Adding info for platform:microcode
[    1.902012] microcode: CPU0 sig=0xf61, pf=0x1, revision=0x1
[    1.903678] device: 'microcode': device_add
[    1.904888] PM: Adding info for No Bus:microcode
[    1.906353] microcode: Microcode Update Driver: v2.00 <tigran@aivazian.fsnet.co.uk>, Peter Oruba
[    1.913294] NatSemi SCx200 Driver
[    1.914215] bus: 'pci': add driver scx200
[    1.916670] bus: 'clocksource': registered
[    1.917808] device: 'clocksource': device_add
[    1.919064] PM: Adding info for No Bus:clocksource
[    1.920417] device: 'clocksource0': device_add
[    1.921645] bus: 'clocksource': add device clocksource0
[    1.923137] PM: Adding info for clocksource:clocksource0
[    1.924813] bus: 'platform': add driver alarmtimer
[    1.926298] Registering platform device 'alarmtimer'. Parent at platform
[    1.928116] device: 'alarmtimer': device_add
[    1.929273] bus: 'platform': add device alarmtimer
[    1.931243] PM: Adding info for platform:alarmtimer
[    1.932819] bus: 'platform': driver_probe_device: matched device alarmtimer with driver alarmtimer
[    1.935210] bus: 'platform': really_probe: probing driver alarmtimer with device alarmtimer
[    1.937480] driver: 'alarmtimer': driver_bound: bound to device 'alarmtimer'
[    1.939408] bus: 'platform': really_probe: bound device alarmtimer to driver alarmtimer
[    1.941657] audit: initializing netlink socket (disabled)
[    1.943370] type=2000 audit(1343433693.940:1): initialized
[    1.945016] rcu-torture:--- Start of test: nreaders=2 nfakewriters=4 stat_interval=0 verbose=0 test_no_idle_hz=0 shuffle_interval=3 stutter=5 irqreader=1 fqs_duration=0 fqs_holdoff=0 fqs_stutter=3 test_boost=1/0 test_boost_interval=7 test_boost_duration=4 shutdown_secs=0 onoff_interval=0 onoff_holdoff=0
[    1.955286] bus: 'event_source': registered
[    1.956501] device: 'breakpoint': device_add
[    1.957689] bus: 'event_source': add device breakpoint
[    1.959100] PM: Adding info for event_source:breakpoint
[    1.960751] device: 'software': device_add
[    1.961892] bus: 'event_source': add device software
[    1.963303] PM: Adding info for event_source:software
[    1.967049] Installing knfsd (copyright (C) 1996 okir@monad.swb.de).
[    1.982830] Key type cifs.spnego registered
[    1.983994] SGI XFS with ACLs, security attributes, debug enabled
[    1.987184] 9p: Installing v9fs 9p2000 file system support
[    1.988763] device: 'btrfs-control': device_add
[    1.991280] PM: Adding info for No Bus:btrfs-control
[    1.992731] Btrfs loaded
[    1.993439] msgmni has been set to 451
[    2.011759] NET: Registered protocol family 38
[    2.013229] device class 'bsg': registering
[    2.014389] Block layer SCSI generic (bsg) driver version 0.4 loaded (major 253)
[    2.016424] io scheduler noop registered
[    2.017505] io scheduler cfq registered (default)
[    2.018798] list_sort_test: start testing list_sort()
[    2.021938] crc32: CRC_LE_BITS = 64, CRC_BE BITS = 64
[    2.023343] crc32: self tests passed, processed 225944 bytes in 164831 nsec
[    2.025434] crc32c: CRC_LE_BITS = 64
[    2.026419] crc32c: self tests passed, processed 225944 bytes in 82586 nsec
[    2.047647] xz_dec_test: module loaded
[    2.048709] xz_dec_test: Create a device node with 'mknod xz_dec_test c 252 0' and write .xz files to it.
[    2.051303] bus: 'platform': add driver basic-mmio-gpio
[    2.053468] bus: 'i2c': add driver adp5588-gpio
[    2.054780] bus: 'pci': add driver bt8xxgpio
[    2.056144] bus: 'pci': add driver langwell_gpio
[    2.057460] bus: 'platform': add driver wp_gpio
[    2.058758] bus: 'platform': add driver rdc321x-gpio
[    2.060225] bus: 'pci_express': registered
[    2.061355] bus: 'pci': add driver pcieport
[    2.063099] pci_hotplug: PCI Hot Plug PCI Core version: 0.5
[    2.064665] cpqphp: Compaq Hot Plug PCI Controller Driver version: 0.9.8
[    2.066521] bus: 'pci': add driver compaq_pci_hotplug
[    2.067979] cpcihp_generic: Generic port I/O CompactPCI Hot Plug Driver version: 0.1
[    2.070191] cpcihp_generic: not configured, disabling.
[    2.071599] bus: 'pci': add driver pci-stub
[    2.074800] device: 'pnp0': device_add
[    2.075855] PM: Adding info for No Bus:pnp0
[    2.077030] isapnp: Scanning for PnP cards...
[    2.441496] isapnp: No Plug & Play device found
[    2.442793] bus: 'platform': add driver timb-dma
[    2.444169] bus: 'pci': add driver virtio-pci
[    2.446137] bus: 'pci': driver_probe_device: matched device 0000:00:04.0 with driver virtio-pci
[    2.448539] bus: 'pci': really_probe: probing driver virtio-pci with device 0000:00:04.0
[    2.450934] virtio-pci 0000:00:04.0: PCI INT A -> PIRQ 63, mask def8, excl 0000
[    2.452966] virtio-pci 0000:00:04.0: PCI INT A -> newirq 11
[    2.454498] PCI: setting IRQ 11 as level-triggered
[    2.455818] virtio-pci 0000:00:04.0: found PCI INT A -> IRQ 11
[    2.457646] virtio-pci 0000:00:04.0: enabling bus mastering
[    2.459245] virtio-pci 0000:00:04.0: setting latency timer to 64
[    2.460990] device: 'virtio0': device_add
[    2.462097] bus: 'virtio': add device virtio0
[    2.463321] PM: Adding info for virtio:virtio0
[    2.464631] driver: '0000:00:04.0': driver_bound: bound to device 'virtio-pci'
[    2.466586] bus: 'pci': really_probe: bound device 0000:00:04.0 to driver virtio-pci
[    2.468719] bus: 'pci': driver_probe_device: matched device 0000:00:05.0 with driver virtio-pci
[    2.471068] bus: 'pci': really_probe: probing driver virtio-pci with device 0000:00:05.0
[    2.474005] virtio-pci 0000:00:05.0: PCI INT A -> PIRQ 60, mask def8, excl 0000
[    2.475998] virtio-pci 0000:00:05.0: PCI INT A -> newirq 10
[    2.477559] PCI: setting IRQ 10 as level-triggered
[    2.478886] virtio-pci 0000:00:05.0: found PCI INT A -> IRQ 10
[    2.480548] pci 0000:00:01.3: IRQ routing conflict: have IRQ 9, want IRQ 10
[    2.482586] virtio-pci 0000:00:05.0: enabling bus mastering
[    2.484166] virtio-pci 0000:00:05.0: setting latency timer to 64
[    2.485865] device: 'virtio1': device_add
[    2.486969] bus: 'virtio': add device virtio1
[    2.488194] PM: Adding info for virtio:virtio1
[    2.489519] driver: '0000:00:05.0': driver_bound: bound to device 'virtio-pci'
[    2.491497] bus: 'pci': really_probe: bound device 0000:00:05.0 to driver virtio-pci
[    2.493652] bus: 'pci': driver_probe_device: matched device 0000:00:06.0 with driver virtio-pci
[    2.496029] bus: 'pci': really_probe: probing driver virtio-pci with device 0000:00:06.0
[    2.498373] virtio-pci 0000:00:06.0: PCI INT A -> PIRQ 61, mask def8, excl 0000
[    2.500382] virtio-pci 0000:00:06.0: PCI INT A -> newirq 10
[    2.501928] virtio-pci 0000:00:06.0: found PCI INT A -> IRQ 10
[    2.503740] virtio-pci 0000:00:06.0: enabling bus mastering
[    2.505303] virtio-pci 0000:00:06.0: setting latency timer to 64
[    2.506988] device: 'virtio2': device_add
[    2.508113] bus: 'virtio': add device virtio2
[    2.509323] PM: Adding info for virtio:virtio2
[    2.510584] driver: '0000:00:06.0': driver_bound: bound to device 'virtio-pci'
[    2.512571] bus: 'pci': really_probe: bound device 0000:00:06.0 to driver virtio-pci
[    2.514701] bus: 'pci': driver_probe_device: matched device 0000:00:07.0 with driver virtio-pci
[    2.517079] bus: 'pci': really_probe: probing driver virtio-pci with device 0000:00:07.0
[    2.519481] virtio-pci 0000:00:07.0: PCI INT A not found in routing table
[    2.521385] virtio-pci 0000:00:07.0: enabling bus mastering
[    2.522949] virtio-pci 0000:00:07.0: setting latency timer to 64
[    2.524654] device: 'virtio3': device_add
[    2.526313] bus: 'virtio': add device virtio3
[    2.527536] PM: Adding info for virtio:virtio3
[    2.528855] driver: '0000:00:07.0': driver_bound: bound to device 'virtio-pci'
[    2.530826] bus: 'pci': really_probe: bound device 0000:00:07.0 to driver virtio-pci
[    2.532973] bus: 'pci': driver_probe_device: matched device 0000:00:08.0 with driver virtio-pci
[    2.535328] bus: 'pci': really_probe: probing driver virtio-pci with device 0000:00:08.0
[    2.537742] virtio-pci 0000:00:08.0: PCI INT A not found in routing table
[    2.539606] virtio-pci 0000:00:08.0: enabling bus mastering
[    2.541184] virtio-pci 0000:00:08.0: setting latency timer to 64
[    2.542914] device: 'virtio4': device_add
[    2.544037] bus: 'virtio': add device virtio4
[    2.545245] PM: Adding info for virtio:virtio4
[    2.546512] driver: '0000:00:08.0': driver_bound: bound to device 'virtio-pci'
[    2.548500] bus: 'pci': really_probe: bound device 0000:00:08.0 to driver virtio-pci
[    2.550678] bus: 'pci': driver_probe_device: matched device 0000:00:09.0 with driver virtio-pci
[    2.553062] bus: 'pci': really_probe: probing driver virtio-pci with device 0000:00:09.0
[    2.555419] virtio-pci 0000:00:09.0: PCI INT A not found in routing table
[    2.557309] virtio-pci 0000:00:09.0: enabling bus mastering
[    2.558859] virtio-pci 0000:00:09.0: setting latency timer to 64
[    2.560562] device: 'virtio5': device_add
[    2.561680] bus: 'virtio': add device virtio5
[    2.563462] PM: Adding info for virtio:virtio5
[    2.564789] driver: '0000:00:09.0': driver_bound: bound to device 'virtio-pci'
[    2.566759] bus: 'pci': really_probe: bound device 0000:00:09.0 to driver virtio-pci
[    2.568932] bus: 'virtio': add driver virtio_balloon
[    2.570342] bus: 'i2c': add driver LP3971
[    2.571504] bus: 'spi': add driver tps6524x
[    2.572790] device: 'ptyp0': device_add
[    2.574424] PM: Adding info for No Bus:ptyp0
[    2.575673] device: 'ptyp1': device_add
[    2.578946] PM: Adding info for No Bus:ptyp1
[    2.580185] device: 'ptyp2': device_add
[    2.581300] PM: Adding info for No Bus:ptyp2
[    2.582520] device: 'ptyp3': device_add
[    2.585254] PM: Adding info for No Bus:ptyp3
[    2.586499] device: 'ptyp4': device_add
[    2.587584] PM: Adding info for No Bus:ptyp4
[    2.588839] device: 'ptyp5': device_add
[    2.590341] PM: Adding info for No Bus:ptyp5
[    2.591583] device: 'ptyp6': device_add
[    2.593208] PM: Adding info for No Bus:ptyp6
[    2.594447] device: 'ptyp7': device_add
[    2.595531] PM: Adding info for No Bus:ptyp7
[    2.596793] device: 'ptyp8': device_add
[    2.597893] PM: Adding info for No Bus:ptyp8
[    2.599117] device: 'ptyp9': device_add
[    2.601385] PM: Adding info for No Bus:ptyp9
[    2.602651] device: 'ptypa': device_add
[    2.603741] PM: Adding info for No Bus:ptypa
[    2.604986] device: 'ptypb': device_add
[    2.606069] PM: Adding info for No Bus:ptypb
[    2.607290] device: 'ptypc': device_add
[    2.609771] PM: Adding info for No Bus:ptypc
[    2.611029] device: 'ptypd': device_add
[    2.612140] PM: Adding info for No Bus:ptypd
[    2.613381] device: 'ptype': device_add
[    2.614468] PM: Adding info for No Bus:ptype
[    2.615701] device: 'ptypf': device_add
[    2.618192] PM: Adding info for No Bus:ptypf
[    2.619431] device: 'ptyq0': device_add
[    2.621233] PM: Adding info for No Bus:ptyq0
[    2.622459] device: 'ptyq1': device_add
[    2.623557] PM: Adding info for No Bus:ptyq1
[    2.624812] device: 'ptyq2': device_add
[    2.626967] PM: Adding info for No Bus:ptyq2
[    2.628222] device: 'ptyq3': device_add
[    2.629310] PM: Adding info for No Bus:ptyq3
[    2.630554] device: 'ptyq4': device_add
[    2.631648] PM: Adding info for No Bus:ptyq4
[    2.632916] device: 'ptyq5': device_add
[    2.634462] PM: Adding info for No Bus:ptyq5
[    2.635712] device: 'ptyq6': device_add
[    2.636825] PM: Adding info for No Bus:ptyq6
[    2.638045] device: 'ptyq7': device_add
[    2.639629] PM: Adding info for No Bus:ptyq7
[    2.640881] device: 'ptyq8': device_add
[    2.642393] PM: Adding info for No Bus:ptyq8
[    2.643653] device: 'ptyq9': device_add
[    2.644765] PM: Adding info for No Bus:ptyq9
[    2.645994] device: 'ptyqa': device_add
[    2.647078] PM: Adding info for No Bus:ptyqa
[    2.648343] device: 'ptyqb': device_add
[    2.649939] PM: Adding info for No Bus:ptyqb
[    2.651177] device: 'ptyqc': device_add
[    2.652351] PM: Adding info for No Bus:ptyqc
[    2.653588] device: 'ptyqd': device_add
[    2.654680] PM: Adding info for No Bus:ptyqd
[    2.655905] device: 'ptyqe': device_add
[    2.657480] PM: Adding info for No Bus:ptyqe
[    2.658730] device: 'ptyqf': device_add
[    2.659818] PM: Adding info for No Bus:ptyqf
[    2.661064] device: 'ptyr0': device_add
[    2.662148] PM: Adding info for No Bus:ptyr0
[    2.663379] device: 'ptyr1': device_add
[    2.664940] PM: Adding info for No Bus:ptyr1
[    2.666203] device: 'ptyr2': device_add
[    2.668216] PM: Adding info for No Bus:ptyr2
[    2.669494] device: 'ptyr3': device_add
[    2.670933] PM: Adding info for No Bus:ptyr3
[    2.672177] device: 'ptyr4': device_add
[    2.674015] PM: Adding info for No Bus:ptyr4
[    2.675247] device: 'ptyr5': device_add
[    2.676766] PM: Adding info for No Bus:ptyr5
[    2.678005] device: 'ptyr6': device_add
[    2.679092] PM: Adding info for No Bus:ptyr6
[    2.680338] device: 'ptyr7': device_add
[    2.682249] PM: Adding info for No Bus:ptyr7
[    2.683503] device: 'ptyr8': device_add
[    2.684613] PM: Adding info for No Bus:ptyr8
[    2.685866] device: 'ptyr9': device_add
[    2.686954] PM: Adding info for No Bus:ptyr9
[    2.688207] device: 'ptyra': device_add
[    2.689728] PM: Adding info for No Bus:ptyra
[    2.690971] device: 'ptyrb': device_add
[    2.692389] PM: Adding info for No Bus:ptyrb
[    2.693630] device: 'ptyrc': device_add
[    2.694740] PM: Adding info for No Bus:ptyrc
[    2.695974] device: 'ptyrd': device_add
[    2.698155] PM: Adding info for No Bus:ptyrd
[    2.699463] device: 'ptyre': device_add
[    2.700570] PM: Adding info for No Bus:ptyre
[    2.701806] device: 'ptyrf': device_add
[    2.702903] PM: Adding info for No Bus:ptyrf
[    2.704171] device: 'ptys0': device_add
[    2.705724] PM: Adding info for No Bus:ptys0
[    2.706959] device: 'ptys1': device_add
[    2.708898] PM: Adding info for No Bus:ptys1
[    2.710123] device: 'ptys2': device_add
[    2.711209] PM: Adding info for No Bus:ptys2
[    2.712458] device: 'ptys3': device_add
[    2.714253] PM: Adding info for No Bus:ptys3
[    2.715498] device: 'ptys4': device_add
[    2.716716] PM: Adding info for No Bus:ptys4
[    2.717942] device: 'ptys5': device_add
[    2.719027] PM: Adding info for No Bus:ptys5
[    2.720310] device: 'ptys6': device_add
[    2.721841] PM: Adding info for No Bus:ptys6
[    2.723115] device: 'ptys7': device_add
[    2.724656] PM: Adding info for No Bus:ptys7
[    2.725889] device: 'ptys8': device_add
[    2.726981] PM: Adding info for No Bus:ptys8
[    2.728223] device: 'ptys9': device_add
[    2.729833] PM: Adding info for No Bus:ptys9
[    2.731076] device: 'ptysa': device_add
[    2.732815] PM: Adding info for No Bus:ptysa
[    2.734047] device: 'ptysb': device_add
[    2.735130] PM: Adding info for No Bus:ptysb
[    2.736378] device: 'ptysc': device_add
[    2.738634] PM: Adding info for No Bus:ptysc
[    2.739873] device: 'ptysd': device_add
[    2.740983] PM: Adding info for No Bus:ptysd
[    2.742244] device: 'ptyse': device_add
[    2.743348] PM: Adding info for No Bus:ptyse
[    2.744602] device: 'ptysf': device_add
[    2.746141] PM: Adding info for No Bus:ptysf
[    2.747384] device: 'ptyt0': device_add
[    2.748492] PM: Adding info for No Bus:ptyt0
[    2.749730] device: 'ptyt1': device_add
[    2.750847] PM: Adding info for No Bus:ptyt1
[    2.752102] device: 'ptyt2': device_add
[    2.754056] PM: Adding info for No Bus:ptyt2
[    2.755297] device: 'ptyt3': device_add
[    2.756402] PM: Adding info for No Bus:ptyt3
[    2.757641] device: 'ptyt4': device_add
[    2.758770] PM: Adding info for No Bus:ptyt4
[    2.760061] device: 'ptyt5': device_add
[    2.762095] PM: Adding info for No Bus:ptyt5
[    2.763378] device: 'ptyt6': device_add
[    2.764920] PM: Adding info for No Bus:ptyt6
[    2.766158] device: 'ptyt7': device_add
[    2.767246] PM: Adding info for No Bus:ptyt7
[    2.768491] device: 'ptyt8': device_add
[    2.769605] PM: Adding info for No Bus:ptyt8
[    2.770850] device: 'ptyt9': device_add
[    2.772716] PM: Adding info for No Bus:ptyt9
[    2.773956] device: 'ptyta': device_add
[    2.775043] PM: Adding info for No Bus:ptyta
[    2.776760] device: 'ptytb': device_add
[    2.778672] PM: Adding info for No Bus:ptytb
[    2.779930] device: 'ptytc': device_add
[    2.781040] PM: Adding info for No Bus:ptytc
[    2.782274] device: 'ptytd': device_add
[    2.783817] PM: Adding info for No Bus:ptytd
[    2.785093] device: 'ptyte': device_add
[    2.786182] PM: Adding info for No Bus:ptyte
[    2.787406] device: 'ptytf': device_add
[    2.788707] PM: Adding info for No Bus:ptytf
[    2.789989] device: 'ptyu0': device_add
[    2.791939] PM: Adding info for No Bus:ptyu0
[    2.793265] device: 'ptyu1': device_add
[    2.795080] PM: Adding info for No Bus:ptyu1
[    2.796328] device: 'ptyu2': device_add
[    2.797415] PM: Adding info for No Bus:ptyu2
[    2.798678] device: 'ptyu3': device_add
[    2.800842] PM: Adding info for No Bus:ptyu3
[    2.802086] device: 'ptyu4': device_add
[    2.803192] PM: Adding info for No Bus:ptyu4
[    2.804447] device: 'ptyu5': device_add
[    2.805530] PM: Adding info for No Bus:ptyu5
[    2.806769] device: 'ptyu6': device_add
[    2.808378] PM: Adding info for No Bus:ptyu6
[    2.809635] device: 'ptyu7': device_add
[    2.810723] PM: Adding info for No Bus:ptyu7
[    2.811953] device: 'ptyu8': device_add
[    2.813074] PM: Adding info for No Bus:ptyu8
[    2.814306] device: 'ptyu9': device_add
[    2.815820] PM: Adding info for No Bus:ptyu9
[    2.817118] device: 'ptyua': device_add
[    2.818667] PM: Adding info for No Bus:ptyua
[    2.819941] device: 'ptyub': device_add
[    2.821056] PM: Adding info for No Bus:ptyub
[    2.822284] device: 'ptyuc': device_add
[    2.823947] PM: Adding info for No Bus:ptyuc
[    2.825225] device: 'ptyud': device_add
[    2.826352] PM: Adding info for No Bus:ptyud
[    2.827595] device: 'ptyue': device_add
[    2.828708] PM: Adding info for No Bus:ptyue
[    2.829939] device: 'ptyuf': device_add
[    2.831476] PM: Adding info for No Bus:ptyuf
[    2.832776] device: 'ptyv0': device_add
[    2.833883] PM: Adding info for No Bus:ptyv0
[    2.835136] device: 'ptyv1': device_add
[    2.836240] PM: Adding info for No Bus:ptyv1
[    2.837478] device: 'ptyv2': device_add
[    2.839641] PM: Adding info for No Bus:ptyv2
[    2.840911] device: 'ptyv3': device_add
[    2.842002] PM: Adding info for No Bus:ptyv3
[    2.843250] device: 'ptyv4': device_add
[    2.844389] PM: Adding info for No Bus:ptyv4
[    2.845631] device: 'ptyv5': device_add
[    2.847492] PM: Adding info for No Bus:ptyv5
[    2.848827] device: 'ptyv6': device_add
[    2.851041] PM: Adding info for No Bus:ptyv6
[    2.852291] device: 'ptyv7': device_add
[    2.853390] PM: Adding info for No Bus:ptyv7
[    2.854660] device: 'ptyv8': device_add
[    2.856278] PM: Adding info for No Bus:ptyv8
[    2.857526] device: 'ptyv9': device_add
[    2.859200] PM: Adding info for No Bus:ptyv9
[    2.860457] device: 'ptyva': device_add
[    2.861539] PM: Adding info for No Bus:ptyva
[    2.862796] device: 'ptyvb': device_add
[    2.865279] PM: Adding info for No Bus:ptyvb
[    2.866522] device: 'ptyvc': device_add
[    2.867613] PM: Adding info for No Bus:ptyvc
[    2.868878] device: 'ptyvd': device_add
[    2.869975] PM: Adding info for No Bus:ptyvd
[    2.871203] device: 'ptyve': device_add
[    2.872794] PM: Adding info for No Bus:ptyve
[    2.874075] device: 'ptyvf': device_add
[    2.875161] PM: Adding info for No Bus:ptyvf
[    2.876478] device: 'ptyw0': device_add
[    2.877567] PM: Adding info for No Bus:ptyw0
[    2.878835] device: 'ptyw1': device_add
[    2.880858] PM: Adding info for No Bus:ptyw1
[    2.882114] device: 'ptyw2': device_add
[    2.883247] PM: Adding info for No Bus:ptyw2
[    2.884529] device: 'ptyw3': device_add
[    2.885683] PM: Adding info for No Bus:ptyw3
[    2.886914] device: 'ptyw4': device_add
[    2.888521] PM: Adding info for No Bus:ptyw4
[    2.889779] device: 'ptyw5': device_add
[    2.890867] PM: Adding info for No Bus:ptyw5
[    2.892156] device: 'ptyw6': device_add
[    2.893263] PM: Adding info for No Bus:ptyw6
[    2.894504] device: 'ptyw7': device_add
[    2.896058] PM: Adding info for No Bus:ptyw7
[    2.897300] device: 'ptyw8': device_add
[    2.898389] PM: Adding info for No Bus:ptyw8
[    2.899630] device: 'ptyw9': device_add
[    2.900772] PM: Adding info for No Bus:ptyw9
[    2.902019] device: 'ptywa': device_add
[    2.903925] PM: Adding info for No Bus:ptywa
[    2.905200] device: 'ptywb': device_add
[    2.906287] PM: Adding info for No Bus:ptywb
[    2.907519] device: 'ptywc': device_add
[    2.908641] PM: Adding info for No Bus:ptywc
[    2.909962] device: 'ptywd': device_add
[    2.911501] PM: Adding info for No Bus:ptywd
[    2.912801] device: 'ptywe': device_add
[    2.913893] PM: Adding info for No Bus:ptywe
[    2.915128] device: 'ptywf': device_add
[    2.916626] PM: Adding info for No Bus:ptywf
[    2.917861] device: 'ptyx0': device_add
[    2.919466] PM: Adding info for No Bus:ptyx0
[    2.920778] device: 'ptyx1': device_add
[    2.922653] PM: Adding info for No Bus:ptyx1
[    2.923892] device: 'ptyx2': device_add
[    2.925001] PM: Adding info for No Bus:ptyx2
[    2.926237] device: 'ptyx3': device_add
[    2.927823] PM: Adding info for No Bus:ptyx3
[    2.929132] device: 'ptyx4': device_add
[    2.931051] PM: Adding info for No Bus:ptyx4
[    2.932314] device: 'ptyx5': device_add
[    2.933558] PM: Adding info for No Bus:ptyx5
[    2.934805] device: 'ptyx6': device_add
[    2.936398] PM: Adding info for No Bus:ptyx6
[    2.937660] device: 'ptyx7': device_add
[    2.938813] PM: Adding info for No Bus:ptyx7
[    2.940093] device: 'ptyx8': device_add
[    2.942024] PM: Adding info for No Bus:ptyx8
[    2.943276] device: 'ptyx9': device_add
[    2.945790] PM: Adding info for No Bus:ptyx9
[    2.947041] device: 'ptyxa': device_add
[    2.948814] PM: Adding info for No Bus:ptyxa
[    2.950078] device: 'ptyxb': device_add
[    2.951164] PM: Adding info for No Bus:ptyxb
[    2.952435] device: 'ptyxc': device_add
[    2.954203] PM: Adding info for No Bus:ptyxc
[    2.955466] device: 'ptyxd': device_add
[    2.956828] PM: Adding info for No Bus:ptyxd
[    2.958063] device: 'ptyxe': device_add
[    2.959250] PM: Adding info for No Bus:ptyxe
[    2.960517] device: 'ptyxf': device_add
[    2.962183] PM: Adding info for No Bus:ptyxf
[    2.963455] device: 'ptyy0': device_add
[    2.964866] PM: Adding info for No Bus:ptyy0
[    2.966113] device: 'ptyy1': device_add
[    2.967232] PM: Adding info for No Bus:ptyy1
[    2.968520] device: 'ptyy2': device_add
[    2.970161] PM: Adding info for No Bus:ptyy2
[    2.971413] device: 'ptyy3': device_add
[    2.972598] PM: Adding info for No Bus:ptyy3
[    2.973860] device: 'ptyy4': device_add
[    2.975140] PM: Adding info for No Bus:ptyy4
[    2.976404] device: 'ptyy5': device_add
[    2.978105] PM: Adding info for No Bus:ptyy5
[    2.979362] device: 'ptyy6': device_add
[    2.980638] PM: Adding info for No Bus:ptyy6
[    2.981876] device: 'ptyy7': device_add
[    2.983037] PM: Adding info for No Bus:ptyy7
[    2.984299] device: 'ptyy8': device_add
[    2.985913] PM: Adding info for No Bus:ptyy8
[    2.987198] device: 'ptyy9': device_add
[    2.988826] PM: Adding info for No Bus:ptyy9
[    2.990077] device: 'ptyya': device_add
[    2.992122] PM: Adding info for No Bus:ptyya
[    2.993373] device: 'ptyyb': device_add
[    2.994524] PM: Adding info for No Bus:ptyyb
[    2.995773] device: 'ptyyc': device_add
[    2.998650] PM: Adding info for No Bus:ptyyc
[    2.999931] device: 'ptyyd': device_add
[    3.001773] PM: Adding info for No Bus:ptyyd
[    3.003039] device: 'ptyye': device_add
[    3.004603] PM: Adding info for No Bus:ptyye
[    3.005851] device: 'ptyyf': device_add
[    3.007004] PM: Adding info for No Bus:ptyyf
[    3.008303] device: 'ptyz0': device_add
[    3.010503] PM: Adding info for No Bus:ptyz0
[    3.011772] device: 'ptyz1': device_add
[    3.013640] PM: Adding info for No Bus:ptyz1
[    3.014880] device: 'ptyz2': device_add
[    3.016855] PM: Adding info for No Bus:ptyz2
[    3.018093] device: 'ptyz3': device_add
[    3.019685] PM: Adding info for No Bus:ptyz3
[    3.020962] device: 'ptyz4': device_add
[    3.022281] PM: Adding info for No Bus:ptyz4
[    3.023537] device: 'ptyz5': device_add
[    3.024657] PM: Adding info for No Bus:ptyz5
[    3.025895] device: 'ptyz6': device_add
[    3.027542] PM: Adding info for No Bus:ptyz6
[    3.028920] device: 'ptyz7': device_add
[    3.030075] PM: Adding info for No Bus:ptyz7
[    3.031320] device: 'ptyz8': device_add
[    3.032455] PM: Adding info for No Bus:ptyz8
[    3.033715] device: 'ptyz9': device_add
[    3.035454] PM: Adding info for No Bus:ptyz9
[    3.036744] device: 'ptyza': device_add
[    3.037924] PM: Adding info for No Bus:ptyza
[    3.039170] device: 'ptyzb': device_add
[    3.040991] PM: Adding info for No Bus:ptyzb
[    3.042232] device: 'ptyzc': device_add
[    3.043923] PM: Adding info for No Bus:ptyzc
[    3.045206] device: 'ptyzd': device_add
[    3.046511] PM: Adding info for No Bus:ptyzd
[    3.047792] device: 'ptyze': device_add
[    3.048900] PM: Adding info for No Bus:ptyze
[    3.050145] device: 'ptyzf': device_add
[    3.051700] PM: Adding info for No Bus:ptyzf
[    3.052993] device: 'ptya0': device_add
[    3.054095] PM: Adding info for No Bus:ptya0
[    3.055335] device: 'ptya1': device_add
[    3.056511] PM: Adding info for No Bus:ptya1
[    3.057812] device: 'ptya2': device_add
[    3.059513] PM: Adding info for No Bus:ptya2
[    3.060826] device: 'ptya3': device_add
[    3.063519] PM: Adding info for No Bus:ptya3
[    3.064806] device: 'ptya4': device_add
[    3.065964] PM: Adding info for No Bus:ptya4
[    3.067239] device: 'ptya5': device_add
[    3.069392] PM: Adding info for No Bus:ptya5
[    3.070668] device: 'ptya6': device_add
[    3.071852] PM: Adding info for No Bus:ptya6
[    3.073150] device: 'ptya7': device_add
[    3.075207] PM: Adding info for No Bus:ptya7
[    3.076476] device: 'ptya8': device_add
[    3.078227] PM: Adding info for No Bus:ptya8
[    3.079496] device: 'ptya9': device_add
[    3.080938] PM: Adding info for No Bus:ptya9
[    3.082182] device: 'ptyaa': device_add
[    3.083331] PM: Adding info for No Bus:ptyaa
[    3.084594] device: 'ptyab': device_add
[    3.086824] PM: Adding info for No Bus:ptyab
[    3.088145] device: 'ptyac': device_add
[    3.089367] PM: Adding info for No Bus:ptyac
[    3.090627] device: 'ptyad': device_add
[    3.091778] PM: Adding info for No Bus:ptyad
[    3.093061] device: 'ptyae': device_add
[    3.094678] PM: Adding info for No Bus:ptyae
[    3.095937] device: 'ptyaf': device_add
[    3.097336] PM: Adding info for No Bus:ptyaf
[    3.098585] device: 'ptyb0': device_add
[    3.099883] PM: Adding info for No Bus:ptyb0
[    3.101153] device: 'ptyb1': device_add
[    3.102749] PM: Adding info for No Bus:ptyb1
[    3.104030] device: 'ptyb2': device_add
[    3.105464] PM: Adding info for No Bus:ptyb2
[    3.106756] device: 'ptyb3': device_add
[    3.107842] PM: Adding info for No Bus:ptyb3
[    3.109112] device: 'ptyb4': device_add
[    3.110667] PM: Adding info for No Bus:ptyb4
[    3.111921] device: 'ptyb5': device_add
[    3.113097] PM: Adding info for No Bus:ptyb5
[    3.114340] device: 'ptyb6': device_add
[    3.116541] PM: Adding info for No Bus:ptyb6
[    3.117799] device: 'ptyb7': device_add
[    3.119454] PM: Adding info for No Bus:ptyb7
[    3.120780] device: 'ptyb8': device_add
[    3.122108] PM: Adding info for No Bus:ptyb8
[    3.123363] device: 'ptyb9': device_add
[    3.124505] PM: Adding info for No Bus:ptyb9
[    3.125796] device: 'ptyba': device_add
[    3.127918] PM: Adding info for No Bus:ptyba
[    3.129202] device: 'ptybb': device_add
[    3.130322] PM: Adding info for No Bus:ptybb
[    3.131565] device: 'ptybc': device_add
[    3.133411] PM: Adding info for No Bus:ptybc
[    3.134666] device: 'ptybd': device_add
[    3.136345] PM: Adding info for No Bus:ptybd
[    3.137603] device: 'ptybe': device_add
[    3.138781] PM: Adding info for No Bus:ptybe
[    3.140045] device: 'ptybf': device_add
[    3.141199] PM: Adding info for No Bus:ptybf
[    3.142444] device: 'ptyc0': device_add
[    3.144087] PM: Adding info for No Bus:ptyc0
[    3.145385] device: 'ptyc1': device_add
[    3.146927] PM: Adding info for No Bus:ptyc1
[    3.148198] device: 'ptyc2': device_add
[    3.149403] PM: Adding info for No Bus:ptyc2
[    3.150656] device: 'ptyc3': device_add
[    3.153803] PM: Adding info for No Bus:ptyc3
[    3.155065] device: 'ptyc4': device_add
[    3.156366] PM: Adding info for No Bus:ptyc4
[    3.157635] device: 'ptyc5': device_add
[    3.158969] PM: Adding info for No Bus:ptyc5
[    3.160234] device: 'ptyc6': device_add
[    3.161823] PM: Adding info for No Bus:ptyc6
[    3.163102] device: 'ptyc7': device_add
[    3.164263] PM: Adding info for No Bus:ptyc7
[    3.165540] device: 'ptyc8': device_add
[    3.166674] PM: Adding info for No Bus:ptyc8
[    3.167923] device: 'ptyc9': device_add
[    3.170353] PM: Adding info for No Bus:ptyc9
[    3.171614] device: 'ptyca': device_add
[    3.172802] PM: Adding info for No Bus:ptyca
[    3.174047] device: 'ptycb': device_add
[    3.175969] PM: Adding info for No Bus:ptycb
[    3.177245] device: 'ptycc': device_add
[    3.178844] PM: Adding info for No Bus:ptycc
[    3.180162] device: 'ptycd': device_add
[    3.181329] PM: Adding info for No Bus:ptycd
[    3.182578] device: 'ptyce': device_add
[    3.183760] PM: Adding info for No Bus:ptyce
[    3.185070] device: 'ptycf': device_add
[    3.187719] PM: Adding info for No Bus:ptycf
[    3.189015] device: 'ptyd0': device_add
[    3.190174] PM: Adding info for No Bus:ptyd0
[    3.191421] device: 'ptyd1': device_add
[    3.192598] PM: Adding info for No Bus:ptyd1
[    3.193899] device: 'ptyd2': device_add
[    3.196775] PM: Adding info for No Bus:ptyd2
[    3.198047] device: 'ptyd3': device_add
[    3.199204] PM: Adding info for No Bus:ptyd3
[    3.200481] device: 'ptyd4': device_add
[    3.201645] PM: Adding info for No Bus:ptyd4
[    3.202906] device: 'ptyd5': device_add
[    3.204692] PM: Adding info for No Bus:ptyd5
[    3.205988] device: 'ptyd6': device_add
[    3.207142] PM: Adding info for No Bus:ptyd6
[    3.208422] device: 'ptyd7': device_add
[    3.210304] PM: Adding info for No Bus:ptyd7
[    3.211556] device: 'ptyd8': device_add
[    3.213311] PM: Adding info for No Bus:ptyd8
[    3.214581] device: 'ptyd9': device_add
[    3.215785] PM: Adding info for No Bus:ptyd9
[    3.217071] device: 'ptyda': device_add
[    3.218219] PM: Adding info for No Bus:ptyda
[    3.219470] device: 'ptydb': device_add
[    3.221128] PM: Adding info for No Bus:ptydb
[    3.222400] device: 'ptydc': device_add
[    3.223598] PM: Adding info for No Bus:ptydc
[    3.226666] device: 'ptydd': device_add
[    3.228615] PM: Adding info for No Bus:ptydd
[    3.229898] device: 'ptyde': device_add
[    3.231056] PM: Adding info for No Bus:ptyde
[    3.232545] device: 'ptydf': device_add
[    3.233753] PM: Adding info for No Bus:ptydf
[    3.235140] device: 'ptye0': device_add
[    3.237191] PM: Adding info for No Bus:ptye0
[    3.238704] device: 'ptye1': device_add
[    3.239921] PM: Adding info for No Bus:ptye1
[    3.241287] device: 'ptye2': device_add
[    3.242415] PM: Adding info for No Bus:ptye2
[    3.243693] device: 'ptye3': device_add
[    3.246298] PM: Adding info for No Bus:ptye3
[    3.247636] device: 'ptye4': device_add
[    3.248993] PM: Adding info for No Bus:ptye4
[    3.250266] device: 'ptye5': device_add
[    3.251386] PM: Adding info for No Bus:ptye5
[    3.252673] device: 'ptye6': device_add
[    3.254320] PM: Adding info for No Bus:ptye6
[    3.255589] device: 'ptye7': device_add
[    3.256994] PM: Adding info for No Bus:ptye7
[    3.258257] device: 'ptye8': device_add
[    3.261063] PM: Adding info for No Bus:ptye8
[    3.262316] device: 'ptye9': device_add
[    3.263982] PM: Adding info for No Bus:ptye9
[    3.265276] device: 'ptyea': device_add
[    3.266385] PM: Adding info for No Bus:ptyea
[    3.267682] device: 'ptyeb': device_add
[    3.269029] PM: Adding info for No Bus:ptyeb
[    3.270284] device: 'ptyec': device_add
[    3.271850] PM: Adding info for No Bus:ptyec
[    3.273166] device: 'ptyed': device_add
[    3.274317] PM: Adding info for No Bus:ptyed
[    3.275627] device: 'ptyee': device_add
[    3.276847] PM: Adding info for No Bus:ptyee
[    3.278108] device: 'ptyef': device_add
[    3.279909] PM: Adding info for No Bus:ptyef
[    3.281252] device: 'ttyp0': device_add
[    3.282725] PM: Adding info for No Bus:ttyp0
[    3.283985] device: 'ttyp1': device_add
[    3.285354] PM: Adding info for No Bus:ttyp1
[    3.286654] device: 'ttyp2': device_add
[    3.288384] PM: Adding info for No Bus:ttyp2
[    3.289667] device: 'ttyp3': device_add
[    3.290982] PM: Adding info for No Bus:ttyp3
[    3.292252] device: 'ttyp4': device_add
[    3.293653] PM: Adding info for No Bus:ttyp4
[    3.294900] device: 'ttyp5': device_add
[    3.296542] PM: Adding info for No Bus:ttyp5
[    3.297821] device: 'ttyp6': device_add
[    3.298944] PM: Adding info for No Bus:ttyp6
[    3.300231] device: 'ttyp7': device_add
[    3.301958] PM: Adding info for No Bus:ttyp7
[    3.303222] device: 'ttyp8': device_add
[    3.305588] PM: Adding info for No Bus:ttyp8
[    3.306911] device: 'ttyp9': device_add
[    3.308072] PM: Adding info for No Bus:ttyp9
[    3.309328] device: 'ttypa': device_add
[    3.311057] PM: Adding info for No Bus:ttypa
[    3.312327] device: 'ttypb': device_add
[    3.315017] PM: Adding info for No Bus:ttypb
[    3.316309] device: 'ttypc': device_add
[    3.317504] PM: Adding info for No Bus:ttypc
[    3.318770] device: 'ttypd': device_add
[    3.320895] PM: Adding info for No Bus:ttypd
[    3.322145] device: 'ttype': device_add
[    3.324046] PM: Adding info for No Bus:ttype
[    3.325329] device: 'ttypf': device_add
[    3.326448] PM: Adding info for No Bus:ttypf
[    3.327744] device: 'ttyq0': device_add
[    3.329783] PM: Adding info for No Bus:ttyq0
[    3.331038] device: 'ttyq1': device_add
[    3.332666] PM: Adding info for No Bus:ttyq1
[    3.333934] device: 'ttyq2': device_add
[    3.335060] PM: Adding info for No Bus:ttyq2
[    3.336343] device: 'ttyq3': device_add
[    3.337514] PM: Adding info for No Bus:ttyq3
[    3.338785] device: 'ttyq4': device_add
[    3.340750] PM: Adding info for No Bus:ttyq4
[    3.342020] device: 'ttyq5': device_add
[    3.343158] PM: Adding info for No Bus:ttyq5
[    3.344432] device: 'ttyq6': device_add
[    3.345553] PM: Adding info for No Bus:ttyq6
[    3.346847] device: 'ttyq7': device_add
[    3.348474] PM: Adding info for No Bus:ttyq7
[    3.349753] device: 'ttyq8': device_add
[    3.351021] PM: Adding info for No Bus:ttyq8
[    3.352297] device: 'ttyq9': device_add
[    3.353654] PM: Adding info for No Bus:ttyq9
[    3.354905] device: 'ttyqa': device_add
[    3.357465] PM: Adding info for No Bus:ttyqa
[    3.358772] device: 'ttyqb': device_add
[    3.360742] PM: Adding info for No Bus:ttyqb
[    3.361996] device: 'ttyqc': device_add
[    3.363106] PM: Adding info for No Bus:ttyqc
[    3.364389] device: 'ttyqd': device_add
[    3.366085] PM: Adding info for No Bus:ttyqd
[    3.367405] device: 'ttyqe': device_add
[    3.368710] PM: Adding info for No Bus:ttyqe
[    3.369977] device: 'ttyqf': device_add
[    3.371132] PM: Adding info for No Bus:ttyqf
[    3.372407] device: 'ttyr0': device_add
[    3.374305] PM: Adding info for No Bus:ttyr0
[    3.375576] device: 'ttyr1': device_add
[    3.377117] PM: Adding info for No Bus:ttyr1
[    3.378382] device: 'ttyr2': device_add
[    3.379466] PM: Adding info for No Bus:ttyr2
[    3.380752] device: 'ttyr3': device_add
[    3.382814] PM: Adding info for No Bus:ttyr3
[    3.384129] device: 'ttyr4': device_add
[    3.386064] PM: Adding info for No Bus:ttyr4
[    3.387356] device: 'ttyr5': device_add
[    3.388958] PM: Adding info for No Bus:ttyr5
[    3.390221] device: 'ttyr6': device_add
[    3.391871] PM: Adding info for No Bus:ttyr6
[    3.393185] device: 'ttyr7': device_add
[    3.395163] PM: Adding info for No Bus:ttyr7
[    3.396444] device: 'ttyr8': device_add
[    3.397639] PM: Adding info for No Bus:ttyr8
[    3.398900] device: 'ttyr9': device_add
[    3.401250] PM: Adding info for No Bus:ttyr9
[    3.402549] device: 'ttyra': device_add
[    3.403764] PM: Adding info for No Bus:ttyra
[    3.405047] device: 'ttyrb': device_add
[    3.406198] PM: Adding info for No Bus:ttyrb
[    3.407502] device: 'ttyrc': device_add
[    3.409365] PM: Adding info for No Bus:ttyrc
[    3.410651] device: 'ttyrd': device_add
[    3.412208] PM: Adding info for No Bus:ttyrd
[    3.413489] device: 'ttyre': device_add
[    3.414649] PM: Adding info for No Bus:ttyre
[    3.415906] device: 'ttyrf': device_add
[    3.418054] PM: Adding info for No Bus:ttyrf
[    3.419387] device: 'ttys0': device_add
[    3.420557] PM: Adding info for No Bus:ttys0
[    3.421825] device: 'ttys1': device_add
[    3.422995] PM: Adding info for No Bus:ttys1
[    3.424275] device: 'ttys2': device_add
[    3.425934] PM: Adding info for No Bus:ttys2
[    3.427245] device: 'ttys3': device_add
[    3.429356] PM: Adding info for No Bus:ttys3
[    3.430629] device: 'ttys4': device_add
[    3.431961] PM: Adding info for No Bus:ttys4
[    3.433260] device: 'ttys5': device_add
[    3.434877] PM: Adding info for No Bus:ttys5
[    3.436172] device: 'ttys6': device_add
[    3.437337] PM: Adding info for No Bus:ttys6
[    3.438600] device: 'ttys7': device_add
[    3.439724] PM: Adding info for No Bus:ttys7
[    3.441004] device: 'ttys8': device_add
[    3.442577] PM: Adding info for No Bus:ttys8
[    3.443873] device: 'ttys9': device_add
[    3.445039] PM: Adding info for No Bus:ttys9
[    3.446347] device: 'ttysa': device_add
[    3.447489] PM: Adding info for No Bus:ttysa
[    3.448814] device: 'ttysb': device_add
[    3.451319] PM: Adding info for No Bus:ttysb
[    3.452644] device: 'ttysc': device_add
[    3.453819] PM: Adding info for No Bus:ttysc
[    3.455077] device: 'ttysd': device_add
[    3.457256] PM: Adding info for No Bus:ttysd
[    3.458521] device: 'ttyse': device_add
[    3.460456] PM: Adding info for No Bus:ttyse
[    3.461752] device: 'ttysf': device_add
[    3.462925] PM: Adding info for No Bus:ttysf
[    3.464209] device: 'ttyt0': device_add
[    3.465811] PM: Adding info for No Bus:ttyt0
[    3.467120] device: 'ttyt1': device_add
[    3.468356] PM: Adding info for No Bus:ttyt1
[    3.469628] device: 'ttyt2': device_add
[    3.470781] PM: Adding info for No Bus:ttyt2
[    3.472058] device: 'ttyt3': device_add
[    3.474637] PM: Adding info for No Bus:ttyt3
[    3.475920] device: 'ttyt4': device_add
[    3.478026] PM: Adding info for No Bus:ttyt4
[    3.479346] device: 'ttyt5': device_add
[    3.480892] PM: Adding info for No Bus:ttyt5
[    3.482152] device: 'ttyt6': device_add
[    3.483885] PM: Adding info for No Bus:ttyt6
[    3.485191] device: 'ttyt7': device_add
[    3.486503] PM: Adding info for No Bus:ttyt7
[    3.487811] device: 'ttyt8': device_add
[    3.489239] PM: Adding info for No Bus:ttyt8
[    3.490506] device: 'ttyt9': device_add
[    3.492169] PM: Adding info for No Bus:ttyt9
[    3.493462] device: 'ttyta': device_add
[    3.494581] PM: Adding info for No Bus:ttyta
[    3.495849] device: 'ttytb': device_add
[    3.497852] PM: Adding info for No Bus:ttytb
[    3.499128] device: 'ttytc': device_add
[    3.500772] PM: Adding info for No Bus:ttytc
[    3.502047] device: 'ttytd': device_add
[    3.503735] PM: Adding info for No Bus:ttytd
[    3.505021] device: 'ttyte': device_add
[    3.506156] PM: Adding info for No Bus:ttyte
[    3.507455] device: 'ttytf': device_add
[    3.509395] PM: Adding info for No Bus:ttytf
[    3.510687] device: 'ttyu0': device_add
[    3.511806] PM: Adding info for No Bus:ttyu0
[    3.513108] device: 'ttyu1': device_add
[    3.514684] PM: Adding info for No Bus:ttyu1
[    3.515946] device: 'ttyu2': device_add
[    3.517633] PM: Adding info for No Bus:ttyu2
[    3.518908] device: 'ttyu3': device_add
[    3.520614] PM: Adding info for No Bus:ttyu3
[    3.521886] device: 'ttyu4': device_add
[    3.523027] PM: Adding info for No Bus:ttyu4
[    3.524313] device: 'ttyu5': device_add
[    3.526008] PM: Adding info for No Bus:ttyu5
[    3.527333] device: 'ttyu6': device_add
[    3.529565] PM: Adding info for No Bus:ttyu6
[    3.530847] device: 'ttyu7': device_add
[    3.532031] PM: Adding info for No Bus:ttyu7
[    3.533306] device: 'ttyu8': device_add
[    3.534968] PM: Adding info for No Bus:ttyu8
[    3.536264] device: 'ttyu9': device_add
[    3.537651] PM: Adding info for No Bus:ttyu9
[    3.538942] device: 'ttyua': device_add
[    3.540088] PM: Adding info for No Bus:ttyua
[    3.541355] device: 'ttyub': device_add
[    3.543051] PM: Adding info for No Bus:ttyub
[    3.544352] device: 'ttyuc': device_add
[    3.545663] PM: Adding info for No Bus:ttyuc
[    3.546967] device: 'ttyud': device_add
[    3.548073] PM: Adding info for No Bus:ttyud
[    3.549338] device: 'ttyue': device_add
[    3.552260] PM: Adding info for No Bus:ttyue
[    3.553558] device: 'ttyuf': device_add
[    3.554691] PM: Adding info for No Bus:ttyuf
[    3.555951] device: 'ttyv0': device_add
[    3.558477] PM: Adding info for No Bus:ttyv0
[    3.559755] device: 'ttyv1': device_add
[    3.561364] PM: Adding info for No Bus:ttyv1
[    3.562677] device: 'ttyv2': device_add
[    3.563823] PM: Adding info for No Bus:ttyv2
[    3.565109] device: 'ttyv3': device_add
[    3.566256] PM: Adding info for No Bus:ttyv3
[    3.567565] device: 'ttyv4': device_add
[    3.569370] PM: Adding info for No Bus:ttyv4
[    3.570666] device: 'ttyv5': device_add
[    3.571824] PM: Adding info for No Bus:ttyv5
[    3.573137] device: 'ttyv6': device_add
[    3.574585] PM: Adding info for No Bus:ttyv6
[    3.575857] device: 'ttyv7': device_add
[    3.577921] PM: Adding info for No Bus:ttyv7
[    3.579199] device: 'ttyv8': device_add
[    3.580392] PM: Adding info for No Bus:ttyv8
[    3.581663] device: 'ttyv9': device_add
[    3.583011] PM: Adding info for No Bus:ttyv9
[    3.584305] device: 'ttyva': device_add
[    3.586179] PM: Adding info for No Bus:ttyva
[    3.587515] device: 'ttyvb': device_add
[    3.588642] PM: Adding info for No Bus:ttyvb
[    3.590004] device: 'ttyvc': device_add
[    3.591088] PM: Adding info for No Bus:ttyvc
[    3.592377] device: 'ttyvd': device_add
[    3.594026] PM: Adding info for No Bus:ttyvd
[    3.595316] device: 'ttyve': device_add
[    3.597966] PM: Adding info for No Bus:ttyve
[    3.599287] device: 'ttyvf': device_add
[    3.601212] PM: Adding info for No Bus:ttyvf
[    3.602478] device: 'ttyw0': device_add
[    3.604445] PM: Adding info for No Bus:ttyw0
[    3.605741] device: 'ttyw1': device_add
[    3.606864] PM: Adding info for No Bus:ttyw1
[    3.608194] device: 'ttyw2': device_add
[    3.609320] PM: Adding info for No Bus:ttyw2
[    3.610588] device: 'ttyw3': device_add
[    3.612222] PM: Adding info for No Bus:ttyw3
[    3.613525] device: 'ttyw4': device_add
[    3.615661] PM: Adding info for No Bus:ttyw4
[    3.616957] device: 'ttyw5': device_add
[    3.618120] PM: Adding info for No Bus:ttyw5
[    3.619388] device: 'ttyw6': device_add
[    3.621348] PM: Adding info for No Bus:ttyw6
[    3.622657] device: 'ttyw7': device_add
[    3.623774] PM: Adding info for No Bus:ttyw7
[    3.625066] device: 'ttyw8': device_add
[    3.626181] PM: Adding info for No Bus:ttyw8
[    3.627490] device: 'ttyw9': device_add
[    3.629138] PM: Adding info for No Bus:ttyw9
[    3.630419] device: 'ttywa': device_add
[    3.631546] PM: Adding info for No Bus:ttywa
[    3.632864] device: 'ttywb': device_add
[    3.633986] PM: Adding info for No Bus:ttywb
[    3.635249] device: 'ttywc': device_add
[    3.637053] PM: Adding info for No Bus:ttywc
[    3.638337] device: 'ttywd': device_add
[    3.640770] PM: Adding info for No Bus:ttywd
[    3.642040] device: 'ttywe': device_add
[    3.643210] PM: Adding info for No Bus:ttywe
[    3.644500] device: 'ttywf': device_add
[    3.646150] PM: Adding info for No Bus:ttywf
[    3.647486] device: 'ttyx0': device_add
[    3.648828] PM: Adding info for No Bus:ttyx0
[    3.650102] device: 'ttyx1': device_add
[    3.651259] PM: Adding info for No Bus:ttyx1
[    3.652554] device: 'ttyx2': device_add
[    3.654429] PM: Adding info for No Bus:ttyx2
[    3.655723] device: 'ttyx3': device_add
[    3.657196] PM: Adding info for No Bus:ttyx3
[    3.658475] device: 'ttyx4': device_add
[    3.660364] PM: Adding info for No Bus:ttyx4
[    3.661642] device: 'ttyx5': device_add
[    3.663511] PM: Adding info for No Bus:ttyx5
[    3.664832] device: 'ttyx6': device_add
[    3.665944] PM: Adding info for No Bus:ttyx6
[    3.667254] device: 'ttyx7': device_add
[    3.668412] PM: Adding info for No Bus:ttyx7
[    3.669701] device: 'ttyx8': device_add
[    3.671501] PM: Adding info for No Bus:ttyx8
[    3.672844] device: 'ttyx9': device_add
[    3.673966] PM: Adding info for No Bus:ttyx9
[    3.675235] device: 'ttyxa': device_add
[    3.676430] PM: Adding info for No Bus:ttyxa
[    3.677712] device: 'ttyxb': device_add
[    3.680203] PM: Adding info for No Bus:ttyxb
[    3.681514] device: 'ttyxc': device_add
[    3.683164] PM: Adding info for No Bus:ttyxc
[    3.684457] device: 'ttyxd': device_add
[    3.685577] PM: Adding info for No Bus:ttyxd
[    3.686892] device: 'ttyxe': device_add
[    3.689266] PM: Adding info for No Bus:ttyxe
[    3.690559] device: 'ttyxf': device_add
[    3.691707] PM: Adding info for No Bus:ttyxf
[    3.693015] device: 'ttyy0': device_add
[    3.694883] PM: Adding info for No Bus:ttyy0
[    3.696174] device: 'ttyy1': device_add
[    3.698268] PM: Adding info for No Bus:ttyy1
[    3.699564] device: 'ttyy2': device_add
[    3.701315] PM: Adding info for No Bus:ttyy2
[    3.702594] device: 'ttyy3': device_add
[    3.704588] PM: Adding info for No Bus:ttyy3
[    3.705913] device: 'ttyy4': device_add
[    3.707086] PM: Adding info for No Bus:ttyy4
[    3.708430] device: 'ttyy5': device_add
[    3.709589] PM: Adding info for No Bus:ttyy5
[    3.710873] device: 'ttyy6': device_add
[    3.713184] PM: Adding info for No Bus:ttyy6
[    3.714488] device: 'ttyy7': device_add
[    3.716050] PM: Adding info for No Bus:ttyy7
[    3.717326] device: 'ttyy8': device_add
[    3.718536] PM: Adding info for No Bus:ttyy8
[    3.719948] device: 'ttyy9': device_add
[    3.722833] PM: Adding info for No Bus:ttyy9
[    3.724206] device: 'ttyya': device_add
[    3.725338] PM: Adding info for No Bus:ttyya
[    3.726604] device: 'ttyyb': device_add
[    3.727986] PM: Adding info for No Bus:ttyyb
[    3.729332] device: 'ttyyc': device_add
[    3.732232] PM: Adding info for No Bus:ttyyc
[    3.733566] device: 'ttyyd': device_add
[    3.734699] PM: Adding info for No Bus:ttyyd
[    3.735972] device: 'ttyye': device_add
[    3.738132] PM: Adding info for No Bus:ttyye
[    3.739408] device: 'ttyyf': device_add
[    3.741459] PM: Adding info for No Bus:ttyyf
[    3.742815] device: 'ttyz0': device_add
[    3.743967] PM: Adding info for No Bus:ttyz0
[    3.745287] device: 'ttyz1': device_add
[    3.746928] PM: Adding info for No Bus:ttyz1
[    3.748226] device: 'ttyz2': device_add
[    3.750845] PM: Adding info for No Bus:ttyz2
[    3.752225] device: 'ttyz3': device_add
[    3.753406] PM: Adding info for No Bus:ttyz3
[    3.754696] device: 'ttyz4': device_add
[    3.755857] PM: Adding info for No Bus:ttyz4
[    3.757153] device: 'ttyz5': device_add
[    3.758857] PM: Adding info for No Bus:ttyz5
[    3.760175] device: 'ttyz6': device_add
[    3.761825] PM: Adding info for No Bus:ttyz6
[    3.763132] device: 'ttyz7': device_add
[    3.764633] PM: Adding info for No Bus:ttyz7
[    3.765908] device: 'ttyz8': device_add
[    3.767688] PM: Adding info for No Bus:ttyz8
[    3.768999] device: 'ttyz9': device_add
[    3.770090] PM: Adding info for No Bus:ttyz9
[    3.771414] device: 'ttyza': device_add
[    3.773438] PM: Adding info for No Bus:ttyza
[    3.774729] device: 'ttyzb': device_add
[    3.776480] PM: Adding info for No Bus:ttyzb
[    3.777785] device: 'ttyzc': device_add
[    3.778898] PM: Adding info for No Bus:ttyzc
[    3.780228] device: 'ttyzd': device_add
[    3.782146] PM: Adding info for No Bus:ttyzd
[    3.783454] device: 'ttyze': device_add
[    3.785238] PM: Adding info for No Bus:ttyze
[    3.786540] device: 'ttyzf': device_add
[    3.787980] PM: Adding info for No Bus:ttyzf
[    3.789290] device: 'ttya0': device_add
[    3.790406] PM: Adding info for No Bus:ttya0
[    3.791742] device: 'ttya1': device_add
[    3.793895] PM: Adding info for No Bus:ttya1
[    3.795186] device: 'ttya2': device_add
[    3.796334] PM: Adding info for No Bus:ttya2
[    3.797626] device: 'ttya3': device_add
[    3.798745] PM: Adding info for No Bus:ttya3
[    3.800041] device: 'ttya4': device_add
[    3.802591] PM: Adding info for No Bus:ttya4
[    3.803907] device: 'ttya5': device_add
[    3.806260] PM: Adding info for No Bus:ttya5
[    3.807538] device: 'ttya6': device_add
[    3.808701] PM: Adding info for No Bus:ttya6
[    3.810004] device: 'ttya7': device_add
[    3.811688] PM: Adding info for No Bus:ttya7
[    3.813072] device: 'ttya8': device_add
[    3.814364] PM: Adding info for No Bus:ttya8
[    3.815654] device: 'ttya9': device_add
[    3.816995] PM: Adding info for No Bus:ttya9
[    3.818270] device: 'ttyaa': device_add
[    3.819906] PM: Adding info for No Bus:ttyaa
[    3.821223] device: 'ttyab': device_add
[    3.823303] PM: Adding info for No Bus:ttyab
[    3.824627] device: 'ttyac': device_add
[    3.825749] PM: Adding info for No Bus:ttyac
[    3.827025] device: 'ttyad': device_add
[    3.828655] PM: Adding info for No Bus:ttyad
[    3.829955] device: 'ttyae': device_add
[    3.831274] PM: Adding info for No Bus:ttyae
[    3.832643] device: 'ttyaf': device_add
[    3.833748] PM: Adding info for No Bus:ttyaf
[    3.835033] device: 'ttyb0': device_add
[    3.836773] PM: Adding info for No Bus:ttyb0
[    3.838068] device: 'ttyb1': device_add
[    3.839745] PM: Adding info for No Bus:ttyb1
[    3.841055] device: 'ttyb2': device_add
[    3.842196] PM: Adding info for No Bus:ttyb2
[    3.843487] device: 'ttyb3': device_add
[    3.845375] PM: Adding info for No Bus:ttyb3
[    3.846690] device: 'ttyb4': device_add
[    3.847788] PM: Adding info for No Bus:ttyb4
[    3.849090] device: 'ttyb5': device_add
[    3.851229] PM: Adding info for No Bus:ttyb5
[    3.852583] device: 'ttyb6': device_add
[    3.854263] PM: Adding info for No Bus:ttyb6
[    3.855559] device: 'ttyb7': device_add
[    3.856920] PM: Adding info for No Bus:ttyb7
[    3.858196] device: 'ttyb8': device_add
[    3.859488] PM: Adding info for No Bus:ttyb8
[    3.860800] device: 'ttyb9': device_add
[    3.862435] PM: Adding info for No Bus:ttyb9
[    3.863749] device: 'ttyba': device_add
[    3.864864] PM: Adding info for No Bus:ttyba
[    3.866142] device: 'ttybb': device_add
[    3.867256] PM: Adding info for No Bus:ttybb
[    3.868558] device: 'ttybc': device_add
[    3.870670] PM: Adding info for No Bus:ttybc
[    3.872044] device: 'ttybd': device_add
[    3.873974] PM: Adding info for No Bus:ttybd
[    3.875258] device: 'ttybe': device_add
[    3.877286] PM: Adding info for No Bus:ttybe
[    3.878563] device: 'ttybf': device_add
[    3.880259] PM: Adding info for No Bus:ttybf
[    3.881561] device: 'ttyc0': device_add
[    3.882803] PM: Adding info for No Bus:ttyc0
[    3.884114] device: 'ttyc1': device_add
[    3.885272] PM: Adding info for No Bus:ttyc1
[    3.886551] device: 'ttyc2': device_add
[    3.888314] PM: Adding info for No Bus:ttyc2
[    3.889630] device: 'ttyc3': device_add
[    3.890787] PM: Adding info for No Bus:ttyc3
[    3.892138] device: 'ttyc4': device_add
[    3.893686] PM: Adding info for No Bus:ttyc4
[    3.894973] device: 'ttyc5': device_add
[    3.896949] PM: Adding info for No Bus:ttyc5
[    3.898245] device: 'ttyc6': device_add
[    3.899635] PM: Adding info for No Bus:ttyc6
[    3.900943] device: 'ttyc7': device_add
[    3.902088] PM: Adding info for No Bus:ttyc7
[    3.903387] device: 'ttyc8': device_add
[    3.905001] PM: Adding info for No Bus:ttyc8
[    3.906299] device: 'ttyc9': device_add
[    3.907386] PM: Adding info for No Bus:ttyc9
[    3.908697] device: 'ttyca': device_add
[    3.910348] PM: Adding info for No Bus:ttyca
[    3.911686] device: 'ttycb': device_add
[    3.914024] PM: Adding info for No Bus:ttycb
[    3.915326] device: 'ttycc': device_add
[    3.916479] PM: Adding info for No Bus:ttycc
[    3.917767] device: 'ttycd': device_add
[    3.918923] PM: Adding info for No Bus:ttycd
[    3.920241] device: 'ttyce': device_add
[    3.922760] PM: Adding info for No Bus:ttyce
[    3.924081] device: 'ttycf': device_add
[    3.925942] PM: Adding info for No Bus:ttycf
[    3.927224] device: 'ttyd0': device_add
[    3.929580] PM: Adding info for No Bus:ttyd0
[    3.930874] device: 'ttyd1': device_add
[    3.932684] PM: Adding info for No Bus:ttyd1
[    3.934033] device: 'ttyd2': device_add
[    3.935195] PM: Adding info for No Bus:ttyd2
[    3.936513] device: 'ttyd3': device_add
[    3.937674] PM: Adding info for No Bus:ttyd3
[    3.938951] device: 'ttyd4': device_add
[    3.940644] PM: Adding info for No Bus:ttyd4
[    3.941938] device: 'ttyd5': device_add
[    3.943161] PM: Adding info for No Bus:ttyd5
[    3.944472] device: 'ttyd6': device_add
[    3.946144] PM: Adding info for No Bus:ttyd6
[    3.947452] device: 'ttyd7': device_add
[    3.948809] PM: Adding info for No Bus:ttyd7
[    3.950091] device: 'ttyd8': device_add
[    3.951413] PM: Adding info for No Bus:ttyd8
[    3.952789] device: 'ttyd9': device_add
[    3.954736] PM: Adding info for No Bus:ttyd9
[    3.956052] device: 'ttyda': device_add
[    3.957185] PM: Adding info for No Bus:ttyda
[    3.958470] device: 'ttydb': device_add
[    3.959692] PM: Adding info for No Bus:ttydb
[    3.960997] device: 'ttydc': device_add
[    3.962766] PM: Adding info for No Bus:ttydc
[    3.964096] device: 'ttydd': device_add
[    3.966100] PM: Adding info for No Bus:ttydd
[    3.967385] device: 'ttyde': device_add
[    3.968998] PM: Adding info for No Bus:ttyde
[    3.970281] device: 'ttydf': device_add
[    3.971940] PM: Adding info for No Bus:ttydf
[    3.973334] device: 'ttye0': device_add
[    3.974690] PM: Adding info for No Bus:ttye0
[    3.975974] device: 'ttye1': device_add
[    3.978052] PM: Adding info for No Bus:ttye1
[    3.979345] device: 'ttye2': device_add
[    3.981314] PM: Adding info for No Bus:ttye2
[    3.982644] device: 'ttye3': device_add
[    3.984033] PM: Adding info for No Bus:ttye3
[    3.985318] device: 'ttye4': device_add
[    3.986803] PM: Adding info for No Bus:ttye4
[    3.988104] device: 'ttye5': device_add
[    3.989749] PM: Adding info for No Bus:ttye5
[    3.991048] device: 'ttye6': device_add
[    3.992247] PM: Adding info for No Bus:ttye6
[    3.993593] device: 'ttye7': device_add
[    3.994724] PM: Adding info for No Bus:ttye7
[    3.996029] device: 'ttye8': device_add
[    3.997816] PM: Adding info for No Bus:ttye8
[    3.999111] device: 'ttye9': device_add
[    4.001517] PM: Adding info for No Bus:ttye9
[    4.002836] device: 'ttyea': device_add
[    4.003986] PM: Adding info for No Bus:ttyea
[    4.005504] device: 'ttyeb': device_add
[    4.007996] PM: Adding info for No Bus:ttyeb
[    4.009326] device: 'ttyec': device_add
[    4.010412] PM: Adding info for No Bus:ttyec
[    4.011711] device: 'ttyed': device_add
[    4.012835] PM: Adding info for No Bus:ttyed
[    4.014169] device: 'ttyee': device_add
[    4.015801] PM: Adding info for No Bus:ttyee
[    4.017131] device: 'ttyef': device_add
[    4.018998] PM: Adding info for No Bus:ttyef
[    4.020316] device: 'ptmx': device_add
[    4.022051] PM: Adding info for No Bus:ptmx
[    4.023381] r3964: Philips r3964 Driver $Revision: 1.10 $
[    4.024895] Serial: 8250/16550 driver, 4 ports, IRQ sharing disabled
[    4.026640] Registering platform device 'serial8250'. Parent at platform
[    4.028476] device: 'serial8250': device_add
[    4.029659] bus: 'platform': add device serial8250
[    4.030975] PM: Adding info for platform:serial8250
[    4.057309] serial8250: ttyS0 at I/O 0x3f8 (irq = 4) is a 16550A
[    4.059019] device: 'ttyS0': device_add
[    4.080719] PM: Adding info for No Bus:ttyS0
[    4.083032] device: 'ttyS1': device_add
[    4.085013] PM: Adding info for No Bus:ttyS1
[    4.086384] device: 'ttyS2': device_add
[    4.087471] PM: Adding info for No Bus:ttyS2
[    4.089540] device: 'ttyS3': device_add
[    4.090729] PM: Adding info for No Bus:ttyS3
[    4.092052] bus: 'platform': add driver serial8250
[    4.093398] bus: 'platform': driver_probe_device: matched device serial8250 with driver serial8250
[    4.095835] bus: 'platform': really_probe: probing driver serial8250 with device serial8250
[    4.098147] driver: 'serial8250': driver_bound: bound to device 'serial8250'
[    4.100087] bus: 'platform': really_probe: bound device serial8250 to driver serial8250
[    4.102369] bus: 'pci': add driver serial
[    4.103629] bus: 'platform': add driver dw-apb-uart
[    4.105664] bus: 'spi': add driver max3100
[    4.107021] bus: 'pci': add driver HSU serial
[    4.108369] Initializing Nozomi driver 2.1d
[    4.109651] bus: 'pci': add driver nozomi
[    4.111362] SyncLink MultiPort driver $Revision: 4.38 $
[    4.112845] bus: 'pci': add driver synclinkmp
[    4.114165] device: 'ttySLM0': device_add
[    4.116817] PM: Adding info for No Bus:ttySLM0
[    4.118164] device: 'ttySLM1': device_add
[    4.119995] PM: Adding info for No Bus:ttySLM1
[    4.121371] device: 'ttySLM2': device_add
[    4.122512] PM: Adding info for No Bus:ttySLM2
[    4.123873] device: 'ttySLM3': device_add
[    4.125025] PM: Adding info for No Bus:ttySLM3
[    4.126360] device: 'ttySLM4': device_add
[    4.127997] PM: Adding info for No Bus:ttySLM4
[    4.129434] device: 'ttySLM5': device_add
[    4.130611] PM: Adding info for No Bus:ttySLM5
[    4.131969] device: 'ttySLM6': device_add
[    4.134314] PM: Adding info for No Bus:ttySLM6
[    4.135694] device: 'ttySLM7': device_add
[    4.138423] PM: Adding info for No Bus:ttySLM7
[    4.139862] device: 'ttySLM8': device_add
[    4.141219] PM: Adding info for No Bus:ttySLM8
[    4.142562] device: 'ttySLM9': device_add
[    4.143789] PM: Adding info for No Bus:ttySLM9
[    4.145145] device: 'ttySLM10': device_add
[    4.146963] PM: Adding info for No Bus:ttySLM10
[    4.148368] device: 'ttySLM11': device_add
[    4.149628] PM: Adding info for No Bus:ttySLM11
[    4.151039] device: 'ttySLM12': device_add
[    4.153067] PM: Adding info for No Bus:ttySLM12
[    4.154433] device: 'ttySLM13': device_add
[    4.156161] PM: Adding info for No Bus:ttySLM13
[    4.157542] device: 'ttySLM14': device_add
[    4.159658] PM: Adding info for No Bus:ttySLM14
[    4.161047] device: 'ttySLM15': device_add
[    4.162291] PM: Adding info for No Bus:ttySLM15
[    4.163679] device: 'ttySLM16': device_add
[    4.165544] PM: Adding info for No Bus:ttySLM16
[    4.166928] device: 'ttySLM17': device_add
[    4.168116] PM: Adding info for No Bus:ttySLM17
[    4.169525] device: 'ttySLM18': device_add
[    4.170724] PM: Adding info for No Bus:ttySLM18
[    4.172158] device: 'ttySLM19': device_add
[    4.174438] PM: Adding info for No Bus:ttySLM19
[    4.175820] device: 'ttySLM20': device_add
[    4.177960] PM: Adding info for No Bus:ttySLM20
[    4.179366] device: 'ttySLM21': device_add
[    4.180645] PM: Adding info for No Bus:ttySLM21
[    4.182028] device: 'ttySLM22': device_add
[    4.184479] PM: Adding info for No Bus:ttySLM22
[    4.185905] device: 'ttySLM23': device_add
[    4.187153] PM: Adding info for No Bus:ttySLM23
[    4.188563] device: 'ttySLM24': device_add
[    4.190350] PM: Adding info for No Bus:ttySLM24
[    4.191732] device: 'ttySLM25': device_add
[    4.194256] PM: Adding info for No Bus:ttySLM25
[    4.195726] device: 'ttySLM26': device_add
[    4.197008] PM: Adding info for No Bus:ttySLM26
[    4.198387] device: 'ttySLM27': device_add
[    4.199745] PM: Adding info for No Bus:ttySLM27
[    4.201152] device: 'ttySLM28': device_add
[    4.203859] PM: Adding info for No Bus:ttySLM28
[    4.205355] device: 'ttySLM29': device_add
[    4.206676] PM: Adding info for No Bus:ttySLM29
[    4.208108] device: 'ttySLM30': device_add
[    4.209362] PM: Adding info for No Bus:ttySLM30
[    4.211694] device: 'ttySLM31': device_add

--PEIAKu/WMn1b1Hv9
Content-Type: text/plain; charset=us-ascii
Content-Disposition: attachment; filename="config-3.5.0-07346-g54eaaea"

#
# Automatically generated file; DO NOT EDIT.
# Linux/i386 3.5.0 Kernel Configuration
#
# CONFIG_64BIT is not set
CONFIG_X86_32=y
# CONFIG_X86_64 is not set
CONFIG_X86=y
CONFIG_INSTRUCTION_DECODER=y
CONFIG_OUTPUT_FORMAT="elf32-i386"
CONFIG_ARCH_DEFCONFIG="arch/x86/configs/i386_defconfig"
CONFIG_LOCKDEP_SUPPORT=y
