Path: news.gmane.org!not-for-mail
From: Fengguang Wu <fengguang.wu@intel.com>
Newsgroups: gmane.linux.kernel,gmane.linux.file-systems
Subject: [vfs:fsfreeze] umount BUG: sleeping function called from invalid
 context
Date: Tue, 31 Jul 2012 16:38:39 +0800
Lines: 4426
Approved: news@gmane.org
Message-ID: <20120731083839.GC14475@localhost>
NNTP-Posting-Host: plane.gmane.org
Mime-Version: 1.0
Content-Type: multipart/mixed; boundary="xXmbgvnjoT4axfJE"
X-Trace: dough.gmane.org 1343723963 20223 80.91.229.3 (31 Jul 2012 08:39:23 GMT)
X-Complaints-To: usenet@dough.gmane.org
NNTP-Posting-Date: Tue, 31 Jul 2012 08:39:23 +0000 (UTC)
Cc: Al Viro <viro@zeniv.linux.org.uk>, linux-fsdevel@vger.kernel.org,
	LKML <linux-kernel@vger.kernel.org>
To: Jan Kara <jack@suse.cz>
Original-X-From: linux-kernel-owner@vger.kernel.org Tue Jul 31 10:39:19 2012
Return-path: <linux-kernel-owner@vger.kernel.org>
Envelope-to: glk-linux-kernel-3@plane.gmane.org
Original-Received: from vger.kernel.org ([209.132.180.67])
	by plane.gmane.org with esmtp (Exim 4.69)
	(envelope-from <linux-kernel-owner@vger.kernel.org>)
	id 1Sw7z1-0000zi-G1
	for glk-linux-kernel-3@plane.gmane.org; Tue, 31 Jul 2012 10:39:17 +0200
Original-Received: (majordomo@vger.kernel.org) by vger.kernel.org via listexpand
	id S1755917Ab2GaIi7 (ORCPT <rfc822;glk-linux-kernel-3@m.gmane.org>);
	Tue, 31 Jul 2012 04:38:59 -0400
Original-Received: from mga01.intel.com ([192.55.52.88]:47412 "EHLO mga01.intel.com"
	rhost-flags-OK-OK-OK-OK) by vger.kernel.org with ESMTP
	id S1755809Ab2GaIit (ORCPT <rfc822;linux-kernel@vger.kernel.org>);
	Tue, 31 Jul 2012 04:38:49 -0400
Original-Received: from fmsmga001.fm.intel.com ([10.253.24.23])
  by fmsmga101.fm.intel.com with ESMTP; 31 Jul 2012 01:38:48 -0700
X-ExtLoop1: 1
X-IronPort-AV: E=Sophos;i="4.71,315,1320652800"; 
   d="scan'208";a="190963964"
Original-Received: from unknown (HELO wfg-t420.sh.intel.com) ([10.255.20.167])
  by fmsmga001.fm.intel.com with ESMTP; 31 Jul 2012 01:38:42 -0700
Original-Received: from wfg by wfg-t420.sh.intel.com with local (Exim 4.77)
	(envelope-from <fengguang.wu@intel.com>)
	id 1Sw7yR-0003qi-KL; Tue, 31 Jul 2012 16:38:39 +0800
Content-Disposition: inline
User-Agent: Heirloom mailx 12.5 6/20/10
Original-Sender: linux-kernel-owner@vger.kernel.org
Precedence: bulk
List-ID: <linux-kernel.vger.kernel.org>
X-Mailing-List: linux-kernel@vger.kernel.org
Xref: news.gmane.org gmane.linux.kernel:1335556 gmane.linux.file-systems:66343
Archived-At: <http://permalink.gmane.org/gmane.linux.kernel/1335556>


--xXmbgvnjoT4axfJE
Content-Type: text/plain; charset=us-ascii
Content-Disposition: inline

Hi Jan,

Here is another warning for the fs freeze series.

tree:   git://git.kernel.org/pub/scm/linux/kernel/git/viro/vfs.git fsfreeze
head:   7aff72a61f45337d83ab2b7fb16d7b542db16ad8
commit: bc875c078f72993e6c44925cdedef5a304ca7429 [37/51] fs: Improve filesystem freezing handling

The warning shows up reliably since commit bc875c0. The 2nd commit
51205f9 triggers the same warning as the previous email.

36:	b 4a55c10  GOOD
37:	B bc875c0  kvm-xgwo     [  995.982449] BUG: sleeping function called from invalid context
38:	B 51205f9  kvm-stoakley [    7.209014] [ INFO: possible circular locking dependency detected ] [mnt_want_write vfs_readdir __lock_acquire lock_acquire mutex_lock_nested do_last path_openat do_filp_open do_sys_open sys_open system_call_fastpath validate_chain __lock_acquire lock_acquire __sb_start_write mnt_want_write touch_atime vfs_readdir sys_getdents system_call_fastpath vfs_readdir print_circular_bug validate_chain __lock_acquire lock_acquire __sb_start_write mnt_want_write touch_atime vfs_readdir sys_getdents system_call_fastpath]
39:	B 5bc2ab9  kvm-stoakley [  737.432929] BUG: sleeping function called from invalid context
40:	B f7df8ce  kvm-waimea   [  178.809146] BUG: sleeping function called from invalid context
41:	B e681724  kvm-waimea   [  174.246222] BUG: sleeping function called from invalid context
42:	B 3b6be95  kvm-waimea   [  227.717663] BUG: sleeping function called from invalid context
43:	B 770324a  kvm-slim     [  978.365294] BUG: sleeping function called from invalid context
44:	B 412c18b  kvm-xgwo     [  941.146711] BUG: sleeping function called from invalid context
45:	B bc20d4d  kvm-waimea   [  158.598232] BUG: sleeping function called from invalid context
46:	B 34daaf5  kvm-waimea   [  162.483310] BUG: sleeping function called from invalid context
47:	B 1e8b839  kvm-waimea   [  197.966631] BUG: sleeping function called from invalid context
48:	B 3720c99  kvm-waimea   [  173.272378] BUG: sleeping function called from invalid context
49:	B 0a82c22  kvm-waimea   [  165.639282] BUG: sleeping function called from invalid context
50:	B 76fd41e  kvm-xgwo     [ 1236.146262] BUG: sleeping function called from invalid context
51:	B 7aff72a  kvm-slim     [ 1052.894214] BUG: sleeping function called from invalid context
51:	B 7aff72a  kvm-waimea   [  318.361556] BUG: sleeping function called from invalid context
51:	B 7aff72a  kvm-waimea   [  319.006427] BUG: sleeping function called from invalid context
51:	B 7aff72a  kvm-waimea   [  316.651432] BUG: sleeping function called from invalid context
51:	B 7aff72a  kvm-waimea   [  324.405158] BUG: sleeping function called from invalid context
51:	B 7aff72a  kvm-waimea   [  322.427800] BUG: sleeping function called from invalid context
51:	B 7aff72a  kvm-waimea   [  318.240169] BUG: sleeping function called from invalid context
51:	B 7aff72a  kvm-waimea   [  249.749861] BUG: sleeping function called from invalid context
51:	B 7aff72a  kvm-xgwo     [ 1215.732446] BUG: sleeping function called from invalid context

case-small-allocs-mt
case-truncate
[  995.982449] BUG: sleeping function called from invalid context at /c/kernel-tests/src/stable/kernel/mutex.c:269
[  995.993807] in_atomic(): 1, irqs_disabled(): 0, pid: 4795, name: umount
[  996.001491] 1 lock held by umount/4795:
[  996.006358]  #0:  (sb_lock){+.+.-.}, at: [<ffffffff8115d53b>] put_super+0x1a/0x32
[  996.013847] Pid: 4795, comm: umount Not tainted 3.5.0-rc6+ #63
[  996.017888] Call Trace:
[  996.020450]  [<ffffffff810950ed>] __might_sleep+0x107/0x10c
[  996.024074]  [<ffffffff81a1e7bd>] mutex_lock_nested+0x41/0x315
[  996.027416]  [<ffffffff81a214c4>] ? _raw_spin_unlock_irqrestore+0x47/0x65
[  996.031181]  [<ffffffff810bb0b6>] ? trace_hardirqs_on_caller+0x125/0x181
[  996.035415]  [<ffffffff8143e5c6>] percpu_counter_destroy+0x1e/0x48
[  996.039401]  [<ffffffff8115d305>] destroy_sb_writers+0x1b/0x37
[  996.043161]  [<ffffffff8115d4dc>] __put_super+0x36/0x7b
[  996.046590]  [<ffffffff8115d53b>] ? put_super+0x1a/0x32
[  996.050098]  [<ffffffff8115d543>] put_super+0x22/0x32
[  996.053322]  [<ffffffff8115d5bd>] deactivate_locked_super+0x47/0x57
[  996.056870]  [<ffffffff8115e372>] deactivate_super+0x41/0x45
[  996.060170]  [<ffffffff81175441>] mntput_no_expire+0x112/0x11b
[  996.063529]  [<ffffffff81176237>] sys_umount+0x2f4/0x30f
[  996.066975]  [<ffffffff81a287d0>] tracesys+0xdd/0xe2

Thanks,
Fengguang

--xXmbgvnjoT4axfJE
Content-Type: text/plain; charset=us-ascii
Content-Disposition: attachment; filename=dmesg-kvm-xgwo-3469-2012-07-31-06-56-29

[    0.000000] Initializing cgroup subsys cpuset
[    0.000000] Initializing cgroup subsys cpu
[    0.000000] Linux version 3.5.0-rc6+ (kbuild@bee) (gcc version 4.7.1 (Debian 4.7.1-5) ) #63 SMP Tue Jul 31 06:39:07 CST 2012
[    0.000000] Command line: trinity=1m hung_task_panic=1 tree=vfs:fsfreeze log_buf_len=8M ignore_loglevel debug sched_debug apic=debug dynamic_printk sysrq_always_enabled panic=10 softlockup_panic=1 unknown_nmi_panic=1 nmi_watchdog=panic,lapic load_ramdisk=2 prompt_ramdisk=0 console=ttyS0,115200 console=tty0 vga=normal ip=::::kvm::dhcp nfsroot=10.239.97.14:/nfsroot/wfg,tcp,v3,nocto,actimeo=600,nolock,rsize=524288,wsize=524288 rw link=vmlinuz-2012-07-31-06-39-24-vfs:fsfreeze:7aff72a-bc875c0-x86_64-nfsroot-1-xgwo BOOT_IMAGE=kernel-tests/kernels/x86_64-nfsroot/bc875c0/vmlinuz-3.5.0-rc6+
[    0.000000] KERNEL supported cpus:
[    0.000000]   Intel GenuineIntel
[    0.000000]   Centaur CentaurHauls
[    0.000000] Disabled fast string operations
[    0.000000] e820: BIOS-provided physical RAM map:
[    0.000000] BIOS-e820: [mem 0x0000000000000000-0x000000000009f3ff] usable
[    0.000000] BIOS-e820: [mem 0x000000000009f400-0x000000000009ffff] reserved
[    0.000000] BIOS-e820: [mem 0x00000000000f0000-0x00000000000fffff] reserved
[    0.000000] BIOS-e820: [mem 0x0000000000100000-0x000000001fffcfff] usable
[    0.000000] BIOS-e820: [mem 0x000000001fffd000-0x000000001fffffff] reserved
[    0.000000] BIOS-e820: [mem 0x00000000fffbc000-0x00000000ffffffff] reserved
[    0.000000] debug: ignoring loglevel setting.
[    0.000000] NX (Execute Disable) protection: active
[    0.000000] DMI 2.4 present.
[    0.000000] DMI: Bochs Bochs, BIOS Bochs 01/01/2007
[    0.000000] e820: update [mem 0x00000000-0x0000ffff] usable ==> reserved
[    0.000000] e820: remove [mem 0x000a0000-0x000fffff] usable
[    0.000000] e820: last_pfn = 0x1fffd max_arch_pfn = 0x400000000
[    0.000000] MTRR default type: write-back
[    0.000000] MTRR fixed ranges enabled:
[    0.000000]   00000-9FFFF write-back
[    0.000000]   A0000-BFFFF uncachable
[    0.000000]   C0000-FFFFF write-protect
[    0.000000] MTRR variable ranges enabled:
[    0.000000]   0 base 00E0000000 mask FFE0000000 uncachable
[    0.000000]   1 disabled
[    0.000000]   2 disabled
[    0.000000]   3 disabled
[    0.000000]   4 disabled
[    0.000000]   5 disabled
[    0.000000]   6 disabled
[    0.000000]   7 disabled
[    0.000000] x86 PAT enabled: cpu 0, old 0x0, new 0x7010600070106
[    0.000000] Scan for SMP in [mem 0x00000000-0x000003ff]
[    0.000000] Scan for SMP in [mem 0x0009fc00-0x0009ffff]
[    0.000000] Scan for SMP in [mem 0x000f0000-0x000fffff]
[    0.000000] found SMP MP-table at [mem 0x000f8860-0x000f886f] mapped at [ffff8800000f8860]
[    0.000000]   mpc: f8870-f898c
[    0.000000] initial memory mapped: [mem 0x00000000-0x1fffffff]
[    0.000000] Base memory trampoline at [ffff880000099000] 99000 size 24576
[    0.000000] init_memory_mapping: [mem 0x00000000-0x1fffcfff]
[    0.000000]  [mem 0x00000000-0x1fffcfff] page 4k
[    0.000000] kernel direct mapping tables up to 0x1fffcfff @ [mem 0x1fefb000-0x1fffcfff]
[    0.000000] log_buf_len: 8388608
[    0.000000] early log buf free: 258960(98%)
[    0.000000] ACPI: RSDP 00000000000f8810 00014 (v00 BOCHS )
[    0.000000] ACPI: RSDT 000000001fffde10 00034 (v01 BOCHS  BXPCRSDT 00000001 BXPC 00000001)
[    0.000000] ACPI: FACP 000000001ffffe40 00074 (v01 BOCHS  BXPCFACP 00000001 BXPC 00000001)
[    0.000000] ACPI: DSDT 000000001fffdfd0 01E22 (v01   BXPC   BXDSDT 00000001 INTL 20090123)
[    0.000000] ACPI: FACS 000000001ffffe00 00040
[    0.000000] ACPI: SSDT 000000001fffdf80 00044 (v01 BOCHS  BXPCSSDT 00000001 BXPC 00000001)
[    0.000000] ACPI: APIC 000000001fffde90 0007A (v01 BOCHS  BXPCAPIC 00000001 BXPC 00000001)
[    0.000000] ACPI: HPET 000000001fffde50 00038 (v01 BOCHS  BXPCHPET 00000001 BXPC 00000001)
[    0.000000] ACPI: Local APIC address 0xfee00000
[    0.000000] mapped APIC to ffffffffff5fb000 (        fee00000)
[    0.000000] No NUMA configuration found
[    0.000000] Faking a node at [mem 0x0000000000000000-0x000000001fffcfff]
[    0.000000] Initmem setup node 0 [mem 0x00000000-0x1fffcfff]
[    0.000000]   NODE_DATA [mem 0x1f6f6000-0x1f6fafff]
[    0.000000] kvm-clock: Using msrs 12 and 11
[    0.000000] kvm-clock: cpu 0, msr 0:2223241, boot clock
[    0.000000]  [ffffea0000000000-ffffea00007fffff] PMD -> [ffff88001e600000-ffff88001edfffff] on node 0
[    0.000000] Zone ranges:
[    0.000000]   DMA      [mem 0x00010000-0x00ffffff]
[    0.000000]   DMA32    [mem 0x01000000-0xffffffff]
[    0.000000]   Normal   empty
[    0.000000] Movable zone start for each node
[    0.000000] Early memory node ranges
[    0.000000]   node   0: [mem 0x00010000-0x0009efff]
[    0.000000]   node   0: [mem 0x00100000-0x1fffcfff]
[    0.000000] On node 0 totalpages: 130956
[    0.000000]   DMA zone: 64 pages used for memmap
[    0.000000]   DMA zone: 6 pages reserved
[    0.000000]   DMA zone: 3913 pages, LIFO batch:0
[    0.000000]   DMA32 zone: 1984 pages used for memmap
[    0.000000]   DMA32 zone: 124989 pages, LIFO batch:31
[    0.000000] ACPI: PM-Timer IO Port: 0xb008
[    0.000000] ACPI: Local APIC address 0xfee00000
[    0.000000] mapped APIC to ffffffffff5fb000 (        fee00000)
[    0.000000] ACPI: LAPIC (acpi_id[0x00] lapic_id[0x00] enabled)
[    0.000000] ACPI: LAPIC (acpi_id[0x01] lapic_id[0x01] enabled)
[    0.000000] ACPI: IOAPIC (id[0x02] address[0xfec00000] gsi_base[0])
[    0.000000] IOAPIC[0]: apic_id 2, version 17, address 0xfec00000, GSI 0-23
[    0.000000] ACPI: INT_SRC_OVR (bus 0 bus_irq 0 global_irq 2 dfl dfl)
[    0.000000] Int: type 0, pol 0, trig 0, bus 00, IRQ 00, APIC ID 2, APIC INT 02
[    0.000000] ACPI: INT_SRC_OVR (bus 0 bus_irq 5 global_irq 5 high level)
[    0.000000] Int: type 0, pol 1, trig 3, bus 00, IRQ 05, APIC ID 2, APIC INT 05
[    0.000000] ACPI: INT_SRC_OVR (bus 0 bus_irq 9 global_irq 9 high level)
[    0.000000] Int: type 0, pol 1, trig 3, bus 00, IRQ 09, APIC ID 2, APIC INT 09
[    0.000000] ACPI: INT_SRC_OVR (bus 0 bus_irq 10 global_irq 10 high level)
[    0.000000] Int: type 0, pol 1, trig 3, bus 00, IRQ 0a, APIC ID 2, APIC INT 0a
[    0.000000] ACPI: INT_SRC_OVR (bus 0 bus_irq 11 global_irq 11 high level)
[    0.000000] Int: type 0, pol 1, trig 3, bus 00, IRQ 0b, APIC ID 2, APIC INT 0b
[    0.000000] ACPI: IRQ0 used by override.
[    0.000000] Int: type 0, pol 0, trig 0, bus 00, IRQ 01, APIC ID 2, APIC INT 01
[    0.000000] ACPI: IRQ2 used by override.
[    0.000000] Int: type 0, pol 0, trig 0, bus 00, IRQ 03, APIC ID 2, APIC INT 03
[    0.000000] Int: type 0, pol 0, trig 0, bus 00, IRQ 04, APIC ID 2, APIC INT 04
[    0.000000] ACPI: IRQ5 used by override.
[    0.000000] Int: type 0, pol 0, trig 0, bus 00, IRQ 06, APIC ID 2, APIC INT 06
[    0.000000] Int: type 0, pol 0, trig 0, bus 00, IRQ 07, APIC ID 2, APIC INT 07
[    0.000000] Int: type 0, pol 0, trig 0, bus 00, IRQ 08, APIC ID 2, APIC INT 08
[    0.000000] ACPI: IRQ9 used by override.
[    0.000000] ACPI: IRQ10 used by override.
[    0.000000] ACPI: IRQ11 used by override.
[    0.000000] Int: type 0, pol 0, trig 0, bus 00, IRQ 0c, APIC ID 2, APIC INT 0c
[    0.000000] Int: type 0, pol 0, trig 0, bus 00, IRQ 0d, APIC ID 2, APIC INT 0d
[    0.000000] Int: type 0, pol 0, trig 0, bus 00, IRQ 0e, APIC ID 2, APIC INT 0e
[    0.000000] Int: type 0, pol 0, trig 0, bus 00, IRQ 0f, APIC ID 2, APIC INT 0f
[    0.000000] Using ACPI (MADT) for SMP configuration information
[    0.000000] ACPI: HPET id: 0x8086a201 base: 0xfed00000
[    0.000000] SMP: Allowing 2 CPUs, 0 hotplug CPUs
[    0.000000] mapped IOAPIC to ffffffffff5fa000 (fec00000)
[    0.000000] nr_irqs_gsi: 40
[    0.000000] PM: Registered nosave memory: 000000000009f000 - 00000000000a0000
[    0.000000] PM: Registered nosave memory: 00000000000a0000 - 00000000000f0000
[    0.000000] PM: Registered nosave memory: 00000000000f0000 - 0000000000100000
[    0.000000] e820: [mem 0x20000000-0xfffbbfff] available for PCI devices
[    0.000000] Booting paravirtualized kernel on KVM
[    0.000000] setup_percpu: NR_CPUS:64 nr_cpumask_bits:64 nr_cpu_ids:2 nr_node_ids:1
[    0.000000] PERCPU: Embedded 476 pages/cpu @ffff88001f200000 s1917056 r8192 d24448 u2097152
[    0.000000] pcpu-alloc: s1917056 r8192 d24448 u2097152 alloc=1*2097152
[    0.000000] pcpu-alloc: [0] 0 [0] 1 
[    0.000000] kvm-clock: cpu 0, msr 0:1f3d3241, primary cpu clock
[    0.000000] Built 1 zonelists in Node order, mobility grouping on.  Total pages: 128902
[    0.000000] Policy zone: DMA32
[    0.000000] Kernel command line: trinity=1m hung_task_panic=1 tree=vfs:fsfreeze log_buf_len=8M ignore_loglevel debug sched_debug apic=debug dynamic_printk sysrq_always_enabled panic=10 softlockup_panic=1 unknown_nmi_panic=1 nmi_watchdog=panic,lapic load_ramdisk=2 prompt_ramdisk=0 console=ttyS0,115200 console=tty0 vga=normal ip=::::kvm::dhcp nfsroot=10.239.97.14:/nfsroot/wfg,tcp,v3,nocto,actimeo=600,nolock,rsize=524288,wsize=524288 rw link=vmlinuz-2012-07-31-06-39-24-vfs:fsfreeze:7aff72a-bc875c0-x86_64-nfsroot-1-xgwo BOOT_IMAGE=kernel-tests/kernels/x86_64-nfsroot/bc875c0/vmlinuz-3.5.0-rc6+
[    0.000000] sysrq: sysrq always enabled.
[    0.000000] PID hash table entries: 2048 (order: 2, 16384 bytes)
[    0.000000] __ex_table already sorted, skipping sort
[    0.000000] Memory: 470820k/524276k available (10423k kernel code, 452k absent, 53004k reserved, 6272k data, 2836k init)
[    0.000000] SLUB: Genslabs=15, HWalign=64, Order=0-3, MinObjects=0, CPUs=2, Nodes=1
[    0.000000] Hierarchical RCU implementation.
[    0.000000] 	RCU debugfs-based tracing is enabled.
[    0.000000] 	Additional per-CPU info printed with stalls.
[    0.000000] NR_IRQS:4352 nr_irqs:512 16
[    0.000000] Console: colour VGA+ 80x25
[    0.000000] console [tty0] enabled
[    0.000000] console [ttyS0] enabled
[    0.000000] Lock dependency validator: Copyright (c) 2006 Red Hat, Inc., Ingo Molnar
[    0.000000] ... MAX_LOCKDEP_SUBCLASSES:  8
[    0.000000] ... MAX_LOCK_DEPTH:          48
[    0.000000] ... MAX_LOCKDEP_KEYS:        8191
[    0.000000] ... CLASSHASH_SIZE:          4096
[    0.000000] ... MAX_LOCKDEP_ENTRIES:     16384
[    0.000000] ... MAX_LOCKDEP_CHAINS:      32768
[    0.000000] ... CHAINHASH_SIZE:          16384
[    0.000000]  memory used by lock dependency info: 6367 kB
[    0.000000]  per task-struct memory footprint: 2688 bytes
[    0.000000] ------------------------
[    0.000000] | Locking API testsuite:
[    0.000000] ----------------------------------------------------------------------------
[    0.000000]                                  | spin |wlock |rlock |mutex | wsem | rsem |
[    0.000000]   --------------------------------------------------------------------------
[    0.000000]                      A-A deadlock:  ok  |  ok  |  ok  |  ok  |  ok  |  ok  |
[    0.000000]                  A-B-B-A deadlock:  ok  |  ok  |  ok  |  ok  |  ok  |  ok  |
[    0.000000]              A-B-B-C-C-A deadlock:  ok  |  ok  |  ok  |  ok  |  ok  |  ok  |
[    0.000000]              A-B-C-A-B-C deadlock:  ok  |  ok  |  ok  |  ok  |  ok  |  ok  |
[    0.000000]          A-B-B-C-C-D-D-A deadlock:  ok  |  ok  |  ok  |  ok  |  ok  |  ok  |
[    0.000000]          A-B-C-D-B-D-D-A deadlock:  ok  |  ok  |  ok  |  ok  |  ok  |  ok  |
[    0.000000]          A-B-C-D-B-C-D-A deadlock:  ok  |  ok  |  ok  |  ok  |  ok  |  ok  |
[    0.000000]                     double unlock:  ok  |  ok  |  ok  |  ok  |  ok  |  ok  |
[    0.000000]                   initialize held:  ok  |  ok  |  ok  |  ok  |  ok  |  ok  |
[    0.000000]                  bad unlock order:  ok  |  ok  |  ok  |  ok  |  ok  |  ok  |
[    0.000000]   --------------------------------------------------------------------------
[    0.000000]               recursive read-lock:             |  ok  |             |  ok  |
[    0.000000]            recursive read-lock #2:             |  ok  |             |  ok  |
[    0.000000]             mixed read-write-lock:             |  ok  |             |  ok  |
[    0.000000]             mixed write-read-lock:             |  ok  |             |  ok  |
[    0.000000]   --------------------------------------------------------------------------
[    0.000000]      hard-irqs-on + irq-safe-A/12:  ok  |  ok  |  ok  |
[    0.000000]      soft-irqs-on + irq-safe-A/12:  ok  |  ok  |  ok  |
[    0.000000]      hard-irqs-on + irq-safe-A/21:  ok  |  ok  |  ok  |
[    0.000000]      soft-irqs-on + irq-safe-A/21:  ok  |  ok  |  ok  |
[    0.000000]        sirq-safe-A => hirqs-on/12:  ok  |  ok  |  ok  |
[    0.000000]        sirq-safe-A => hirqs-on/21:  ok  |  ok  |  ok  |
[    0.000000]          hard-safe-A + irqs-on/12:  ok  |  ok  |  ok  |
[    0.000000]          soft-safe-A + irqs-on/12:  ok  |  ok  |  ok  |
[    0.000000]          hard-safe-A + irqs-on/21:  ok  |  ok  |  ok  |
[    0.000000]          soft-safe-A + irqs-on/21:  ok  |  ok  |  ok  |
[    0.000000]     hard-safe-A + unsafe-B #1/123:  ok  |  ok  |  ok  |
[    0.000000]     soft-safe-A + unsafe-B #1/123:  ok  |  ok  |  ok  |
[    0.000000]     hard-safe-A + unsafe-B #1/132:  ok  |  ok  |  ok  |
[    0.000000]     soft-safe-A + unsafe-B #1/132:  ok  |  ok  |  ok  |
[    0.000000]     hard-safe-A + unsafe-B #1/213:  ok  |  ok  |  ok  |
[    0.000000]     soft-safe-A + unsafe-B #1/213:  ok  |  ok  |  ok  |
[    0.000000]     hard-safe-A + unsafe-B #1/231:  ok  |  ok  |  ok  |
[    0.000000]     soft-safe-A + unsafe-B #1/231:  ok  |  ok  |  ok  |
[    0.000000]     hard-safe-A + unsafe-B #1/312:  ok  |  ok  |  ok  |
[    0.000000]     soft-safe-A + unsafe-B #1/312:  ok  |  ok  |  ok  |
[    0.000000]     hard-safe-A + unsafe-B #1/321:  ok  |  ok  |  ok  |
[    0.000000]     soft-safe-A + unsafe-B #1/321:  ok  |  ok  |  ok  |
[    0.000000]     hard-safe-A + unsafe-B #2/123:  ok  |  ok  |  ok  |
[    0.000000]     soft-safe-A + unsafe-B #2/123:  ok  |  ok  |  ok  |
[    0.000000]     hard-safe-A + unsafe-B #2/132:  ok  |  ok  |  ok  |
[    0.000000]     soft-safe-A + unsafe-B #2/132:  ok  |  ok  |  ok  |
[    0.000000]     hard-safe-A + unsafe-B #2/213:  ok  |  ok  |  ok  |
[    0.000000]     soft-safe-A + unsafe-B #2/213:  ok  |  ok  |  ok  |
[    0.000000]     hard-safe-A + unsafe-B #2/231:  ok  |  ok  |  ok  |
[    0.000000]     soft-safe-A + unsafe-B #2/231:  ok  |  ok  |  ok  |
[    0.000000]     hard-safe-A + unsafe-B #2/312:  ok  |  ok  |  ok  |
[    0.000000]     soft-safe-A + unsafe-B #2/312:  ok  |  ok  |  ok  |
[    0.000000]     hard-safe-A + unsafe-B #2/321:  ok  |  ok  |  ok  |
[    0.000000]     soft-safe-A + unsafe-B #2/321:  ok  |  ok  |  ok  |
[    0.000000]       hard-irq lock-inversion/123:  ok  |  ok  |  ok  |
[    0.000000]       soft-irq lock-inversion/123:  ok  |  ok  |  ok  |
[    0.000000]       hard-irq lock-inversion/132:  ok  |  ok  |  ok  |
[    0.000000]       soft-irq lock-inversion/132:  ok  |  ok  |  ok  |
[    0.000000]       hard-irq lock-inversion/213:  ok  |  ok  |  ok  |
[    0.000000]       soft-irq lock-inversion/213:  ok  |  ok  |  ok  |
[    0.000000]       hard-irq lock-inversion/231:  ok  |  ok  |  ok  |
[    0.000000]       soft-irq lock-inversion/231:  ok  |  ok  |  ok  |
[    0.000000]       hard-irq lock-inversion/312:  ok  |  ok  |  ok  |
[    0.000000]       soft-irq lock-inversion/312:  ok  |  ok  |  ok  |
[    0.000000]       hard-irq lock-inversion/321:  ok  |  ok  |  ok  |
[    0.000000]       soft-irq lock-inversion/321:  ok  |  ok  |  ok  |
[    0.000000]       hard-irq read-recursion/123:  ok  |
[    0.000000]       soft-irq read-recursion/123:  ok  |
[    0.000000]       hard-irq read-recursion/132:  ok  |
[    0.000000]       soft-irq read-recursion/132:  ok  |
[    0.000000]       hard-irq read-recursion/213:  ok  |
[    0.000000]       soft-irq read-recursion/213:  ok  |
[    0.000000]       hard-irq read-recursion/231:  ok  |
[    0.000000]       soft-irq read-recursion/231:  ok  |
[    0.000000]       hard-irq read-recursion/312:  ok  |
[    0.000000]       soft-irq read-recursion/312:  ok  |
[    0.000000]       hard-irq read-recursion/321:  ok  |
[    0.000000]       soft-irq read-recursion/321:  ok  |
[    0.000000] -------------------------------------------------------
[    0.000000] Good, all 218 testcases passed! |
[    0.000000] ---------------------------------
[    0.000000] ODEBUG: 0 of 0 active objects replaced
[    0.000000] hpet clockevent registered
[    0.000000] Detected 2666.662 MHz processor.
[    0.002999] Calibrating delay loop (skipped) preset value.. 5333.32 BogoMIPS (lpj=2666662)
[    0.004010] pid_max: default: 32768 minimum: 301
[    0.013464] Dentry cache hash table entries: 65536 (order: 7, 524288 bytes)
[    0.017621] Inode-cache hash table entries: 32768 (order: 6, 262144 bytes)
[    0.019356] Mount-cache hash table entries: 256
[    0.024822] Initializing cgroup subsys debug
[    0.025018] Initializing cgroup subsys cpuacct
[    0.026010] Initializing cgroup subsys devices
[    0.027031] Initializing cgroup subsys freezer
[    0.028016] Initializing cgroup subsys blkio
[    0.029570] Disabled fast string operations
[    0.030043] mce: CPU supports 10 MCE banks
[    0.031092] numa_add_cpu cpu 0 node 0: mask now 0
[    0.043435] ACPI: Core revision 20120320
[    0.089625] ftrace: allocating 40168 entries in 157 pages
[    0.106729] Getting VERSION: 50014
[    0.107010] Getting VERSION: 50014
[    0.108011] Getting ID: 0
[    0.109010] Getting ID: ff000000
[    0.110021] Getting LVT0: 8700
[    0.111005] Getting LVT1: 8400
[    0.112139] enabled ExtINT on CPU#0
[    0.115280] ENABLING IO-APIC IRQs
[    0.116014] init IO_APIC IRQs
[    0.117000]  apic 2 pin 0 not connected
[    0.118043] IOAPIC[0]: Set routing entry (2-1 -> 0x31 -> IRQ 1 Mode:0 Active:0 Dest:1)
[    0.119039] IOAPIC[0]: Set routing entry (2-2 -> 0x30 -> IRQ 0 Mode:0 Active:0 Dest:1)
[    0.120044] IOAPIC[0]: Set routing entry (2-3 -> 0x33 -> IRQ 3 Mode:0 Active:0 Dest:1)
[    0.121054] IOAPIC[0]: Set routing entry (2-4 -> 0x34 -> IRQ 4 Mode:0 Active:0 Dest:1)
[    0.122141] IOAPIC[0]: Set routing entry (2-5 -> 0x35 -> IRQ 5 Mode:1 Active:0 Dest:1)
[    0.123030] IOAPIC[0]: Set routing entry (2-6 -> 0x36 -> IRQ 6 Mode:0 Active:0 Dest:1)
[    0.124043] IOAPIC[0]: Set routing entry (2-7 -> 0x37 -> IRQ 7 Mode:0 Active:0 Dest:1)
[    0.125090] IOAPIC[0]: Set routing entry (2-8 -> 0x38 -> IRQ 8 Mode:0 Active:0 Dest:1)
[    0.126035] IOAPIC[0]: Set routing entry (2-9 -> 0x39 -> IRQ 9 Mode:1 Active:0 Dest:1)
[    0.127029] IOAPIC[0]: Set routing entry (2-10 -> 0x3a -> IRQ 10 Mode:1 Active:0 Dest:1)
[    0.128032] IOAPIC[0]: Set routing entry (2-11 -> 0x3b -> IRQ 11 Mode:1 Active:0 Dest:1)
[    0.129030] IOAPIC[0]: Set routing entry (2-12 -> 0x3c -> IRQ 12 Mode:0 Active:0 Dest:1)
[    0.130030] IOAPIC[0]: Set routing entry (2-13 -> 0x3d -> IRQ 13 Mode:0 Active:0 Dest:1)
[    0.131134] IOAPIC[0]: Set routing entry (2-14 -> 0x3e -> IRQ 14 Mode:0 Active:0 Dest:1)
[    0.133034] IOAPIC[0]: Set routing entry (2-15 -> 0x3f -> IRQ 15 Mode:0 Active:0 Dest:1)
[    0.134022]  apic 2 pin 16 not connected
[    0.134993]  apic 2 pin 17 not connected
[    0.135994]  apic 2 pin 18 not connected
[    0.136993]  apic 2 pin 19 not connected
[    0.137994]  apic 2 pin 20 not connected
[    0.138993]  apic 2 pin 21 not connected
[    0.139992]  apic 2 pin 22 not connected
[    0.140992]  apic 2 pin 23 not connected
[    0.142197] ..TIMER: vector=0x30 apic1=0 pin1=2 apic2=-1 pin2=-1
[    0.142995] CPU0: Intel Common KVM processor stepping 01
[    0.146992] Using local APIC timer interrupts.
[    0.146992] calibrating APIC timer ...
[    0.148985] ... lapic delta = 6250041
[    0.148985] ... PM-Timer delta = 357959
[    0.148985] ... PM-Timer result ok
[    0.148985] ..... delta 6250041
[    0.148985] ..... mult: 268478025
[    0.148985] ..... calibration result: 1000006
[    0.148985] ..... CPU clock speed is 2666.0808 MHz.
[    0.148985] ..... host bus clock speed is 1000.0006 MHz.
[    0.149082] Performance Events: unsupported Netburst CPU model 6 no PMU driver, software events only.
[    0.158621] lockdep: fixing up alternatives.
[    0.160001] Booting Node   0, Processors  #1 Ok.
[    0.002999] kvm-clock: cpu 1, msr 0:1f5d3241, secondary cpu clock
[    0.002999] masked ExtINT on CPU#1
[    0.002999] Disabled fast string operations
[    0.002999] numa_add_cpu cpu 1 node 0: mask now 0-1
[    0.195764] Brought up 2 CPUs
[    0.196992] ----------------
[    0.199080] | NMI testsuite:
[    0.200983] --------------------
[    0.202983]   remote IPI:  ok  |
[    0.211983]    local IPI:  ok  |
[    0.219989] --------------------
[    0.221980] Good, all   2 testcases passed! |
[    0.223980] ---------------------------------
[    0.225981] Total of 2 processors activated (10666.64 BogoMIPS).
[    0.231973] x86 PAT enabled: cpu 0, old 0x70106, new 0x7010600070106
[    0.233346] CPU0 attaching sched-domain:
[    0.234990]  domain 0: span 0-1 level CPU
[    0.239011]   groups: 0 1
[    0.241992] CPU1 attaching sched-domain:
[    0.243985]  domain 0: span 0-1 level CPU
[    0.246976]   groups: 1 0
[    0.254979] devtmpfs: initialized
[    0.269338] xor: automatically using best checksumming function:
[    0.280973]    generic_sse:  6788.000 MB/sec
[    0.284000] atomic64 test passed for x86-64 platform with CX8 and with SSE
[    0.289374] kworker/u:0 (14) used greatest stack depth: 5208 bytes left
[    0.290972] RTC time: 22:39:38, date: 07/30/12
[    0.293134] NET: Registered protocol family 16
[    0.313137] kworker/u:0 (24) used greatest stack depth: 4696 bytes left
[    0.323966] ACPI: bus type pci registered
[    0.331045] dca service started, version 1.12.1
[    0.334161] PCI: Using configuration type 1 for base access
[    0.342064] mtrr: your CPUs had inconsistent variable MTRR settings
[    0.343969] mtrr: your CPUs had inconsistent MTRRdefType settings
[    0.345963] mtrr: probably your BIOS does not setup all CPUs.
[    0.347979] mtrr: corrected configuration.
[    0.737324] bio: create slab <bio-0> at 0
[    0.759916] raid6: sse2x1    2535 MB/s
[    0.778906] raid6: sse2x2    6339 MB/s
[    0.797901] raid6: sse2x4    7457 MB/s
[    0.799893] raid6: using algorithm sse2x4 (7457 MB/s)
[    0.802898] raid6: using intx1 recovery algorithm
[    0.809146] ACPI: Added _OSI(Module Device)
[    0.810918] ACPI: Added _OSI(Processor Device)
[    0.812905] ACPI: Added _OSI(3.0 _SCP Extensions)
[    0.814912] ACPI: Added _OSI(Processor Aggregator Device)
[    0.822245] ACPI: EC: Look up EC in DSDT
[    0.927249] ACPI: Interpreter enabled
[    0.928875] ACPI: (supports S0 S3 S4 S5)
[    0.932918] ACPI: Using IOAPIC for interrupt routing
[    1.131010] ACPI: No dock devices found.
[    1.132847] PCI: Ignoring host bridge windows from ACPI; if necessary, use "pci=use_crs" and report a bug
[    1.135257] ACPI: PCI Root Bridge [PCI0] (domain 0000 [bus 00-ff])
[    1.137932] pci_root PNP0A03:00: host bridge window [io  0x0000-0x0cf7] (ignored)
[    1.139844] pci_root PNP0A03:00: host bridge window [io  0x0d00-0xffff] (ignored)
[    1.141844] pci_root PNP0A03:00: host bridge window [mem 0x000a0000-0x000bffff] (ignored)
[    1.143843] pci_root PNP0A03:00: host bridge window [mem 0xe0000000-0xfebfffff] (ignored)
[    1.145924] PCI: root bus 00: using default resources
[    1.150940] PCI host bridge to bus 0000:00
[    1.152856] pci_bus 0000:00: root bus resource [io  0x0000-0xffff]
[    1.154868] pci_bus 0000:00: root bus resource [mem 0x00000000-0xffffffffff]
[    1.157031] pci 0000:00:00.0: [8086:1237] type 00 class 0x060000
[    1.160134] pci 0000:00:01.0: [8086:7000] type 00 class 0x060100
[    1.163177] pci 0000:00:01.1: [8086:7010] type 00 class 0x010180
[    1.165620] pci 0000:00:01.1: reg 20: [io  0xc000-0xc00f]
[    1.167876] pci 0000:00:01.3: [8086:7113] type 00 class 0x068000
[    1.171749] pci 0000:00:01.3: quirk: [io  0xb000-0xb03f] claimed by PIIX4 ACPI
[    1.172858] pci 0000:00:01.3: quirk: [io  0xb100-0xb10f] claimed by PIIX4 SMB
[    1.175869] pci 0000:00:02.0: [1013:00b8] type 00 class 0x030000
[    1.180947] pci 0000:00:02.0: reg 10: [mem 0xf0000000-0xf1ffffff pref]
[    1.185947] pci 0000:00:02.0: reg 14: [mem 0xf2000000-0xf2000fff]
[    1.202155] pci 0000:00:02.0: reg 30: [mem 0xf2010000-0xf201ffff pref]
[    1.204498] pci 0000:00:03.0: [8086:100e] type 00 class 0x020000
[    1.206276] pci 0000:00:03.0: reg 10: [mem 0xf2020000-0xf203ffff]
[    1.208831] pci 0000:00:03.0: reg 14: [io  0xc040-0xc07f]
[    1.212830] pci 0000:00:03.0: reg 30: [mem 0xf2040000-0xf2047fff pref]
[    1.215249] pci 0000:00:04.0: [1af4:1001] type 00 class 0x010000
[    1.217098] pci 0000:00:04.0: reg 10: [io  0xc080-0xc0bf]
[    1.218981] pci 0000:00:04.0: reg 14: [mem 0xf2048000-0xf2048fff]
[    1.222559] pci 0000:00:05.0: [1af4:1001] type 00 class 0x010000
[    1.224234] pci 0000:00:05.0: reg 10: [io  0xc0c0-0xc0ff]
[    1.225989] pci 0000:00:05.0: reg 14: [mem 0xf2049000-0xf2049fff]
[    1.229828] pci 0000:00:06.0: [1af4:1001] type 00 class 0x010000
[    1.232855] pci 0000:00:06.0: reg 10: [io  0xc100-0xc13f]
[    1.235036] pci 0000:00:06.0: reg 14: [mem 0xf204a000-0xf204afff]
[    1.239019] pci 0000:00:07.0: [1af4:1001] type 00 class 0x010000
[    1.241132] pci 0000:00:07.0: reg 10: [io  0xc140-0xc17f]
[    1.243949] pci 0000:00:07.0: reg 14: [mem 0xf204b000-0xf204bfff]
[    1.247684] pci 0000:00:08.0: [1af4:1001] type 00 class 0x010000
[    1.249147] pci 0000:00:08.0: reg 10: [io  0xc180-0xc1bf]
[    1.250970] pci 0000:00:08.0: reg 14: [mem 0xf204c000-0xf204cfff]
[    1.254859] pci 0000:00:09.0: [1af4:1001] type 00 class 0x010000
[    1.257976] pci 0000:00:09.0: reg 10: [io  0xc1c0-0xc1ff]
[    1.260066] pci 0000:00:09.0: reg 14: [mem 0xf204d000-0xf204dfff]
[    1.263964] pci 0000:00:0a.0: [8086:25ab] type 00 class 0x088000
[    1.266986] pci 0000:00:0a.0: reg 10: [mem 0xf204e000-0xf204e00f]
[    1.270749] ACPI: PCI Interrupt Routing Table [\_SB_.PCI0._PRT]
[    1.306277]  pci0000:00: Unable to request _OSC control (_OSC support mask: 0x18)
[    1.606100] ACPI: PCI Interrupt Link [LNKA] (IRQs 5 *10 11)
[    1.612329] ACPI: PCI Interrupt Link [LNKB] (IRQs 5 *10 11)
[    1.619002] ACPI: PCI Interrupt Link [LNKC] (IRQs 5 10 *11)
[    1.625766] ACPI: PCI Interrupt Link [LNKD] (IRQs 5 10 *11)
[    1.635971] vgaarb: device added: PCI:0000:00:02.0,decodes=io+mem,owns=io+mem,locks=none
[    1.637866] vgaarb: loaded
[    1.639769] vgaarb: bridge control possible 0000:00:02.0
[    1.648902] SCSI subsystem initialized
[    1.653884] libata version 3.00 loaded.
[    1.657913] ACPI: bus type usb registered
[    1.661808] usbcore: registered new interface driver usbfs
[    1.665207] usbcore: registered new interface driver hub
[    1.667793] usbcore: registered new device driver usb
[    1.676136] wmi: Mapper loaded
[    1.679143] Advanced Linux Sound Architecture Driver Version 1.0.25.
[    1.680774] PCI: Using ACPI for IRQ routing
[    1.682789] PCI: pci_cache_line_size set to 64 bytes
[    1.685925] e820: reserve RAM buffer [mem 0x0009f400-0x0009ffff]
[    1.687789] e820: reserve RAM buffer [mem 0x1fffd000-0x1fffffff]
[    1.696289] HPET: 3 timers in total, 0 timers will be used for per-cpu timer
[    1.697821] hpet0: at MMIO 0xfed00000, IRQs 2, 8, 0
[    1.702761] hpet0: 3 comparators, 64-bit 100.000000 MHz counter
[    1.715784] Switching to clocksource kvm-clock
[    2.096527] pnp: PnP ACPI init
[    2.099315] ACPI: bus type pnp registered
[    2.102445] pnp 00:00: [bus 00-ff]
[    2.105259] pnp 00:00: [io  0x0cf8-0x0cff]
[    2.108201] pnp 00:00: [io  0x0000-0x0cf7 window]
[    2.111316] pnp 00:00: [io  0x0d00-0xffff window]
[    2.114439] pnp 00:00: [mem 0x000a0000-0x000bffff window]
[    2.117876] pnp 00:00: [mem 0xe0000000-0xfebfffff window]
[    2.135327] pnp 00:00: Plug and Play ACPI device, IDs PNP0a03 (active)
[    2.140622] pnp 00:01: [io  0x0070-0x0071]
[    2.143448] IOAPIC[0]: Set routing entry (2-8 -> 0x38 -> IRQ 8 Mode:0 Active:0 Dest:3)
[    2.148872] pnp 00:01: [irq 8]
[    2.151290] pnp 00:01: [io  0x0072-0x0077]
[    2.165285] pnp 00:01: Plug and Play ACPI device, IDs PNP0b00 (active)
[    2.169883] pnp 00:02: [io  0x0060]
[    2.172430] pnp 00:02: [io  0x0064]
[    2.175186] IOAPIC[0]: Set routing entry (2-1 -> 0x31 -> IRQ 1 Mode:0 Active:0 Dest:3)
[    2.180077] pnp 00:02: [irq 1]
[    2.197288] pnp 00:02: Plug and Play ACPI device, IDs PNP0303 (active)
[    2.201334] IOAPIC[0]: Set routing entry (2-12 -> 0x3c -> IRQ 12 Mode:0 Active:0 Dest:3)
[    2.207286] pnp 00:03: [irq 12]
[    2.234358] pnp 00:03: Plug and Play ACPI device, IDs PNP0f13 (active)
[    2.239304] pnp 00:04: [io  0x03f2-0x03f5]
[    2.242239] pnp 00:04: [io  0x03f7]
[    2.244928] IOAPIC[0]: Set routing entry (2-6 -> 0x36 -> IRQ 6 Mode:0 Active:0 Dest:3)
[    2.250443] pnp 00:04: [irq 6]
[    2.262811] pnp 00:04: [dma 2]
[    2.267127] pnp 00:04: Plug and Play ACPI device, IDs PNP0700 (active)
[    2.272763] pnp 00:05: [io  0x0378-0x037f]
[    2.275819] IOAPIC[0]: Set routing entry (2-7 -> 0x37 -> IRQ 7 Mode:0 Active:0 Dest:3)
[    2.281355] pnp 00:05: [irq 7]
[    2.295211] pnp 00:05: Plug and Play ACPI device, IDs PNP0400 (active)
[    2.299922] pnp 00:06: [io  0x03f8-0x03ff]
[    2.302445] IOAPIC[0]: Set routing entry (2-4 -> 0x34 -> IRQ 4 Mode:0 Active:0 Dest:3)
[    2.307460] pnp 00:06: [irq 4]
[    2.320250] pnp 00:06: Plug and Play ACPI device, IDs PNP0501 (active)
[    2.333514] pnp 00:07: [mem 0xfed00000-0xfed003ff]
[    2.349794] pnp 00:07: Plug and Play ACPI device, IDs PNP0103 (active)
[    2.356889] pnp: PnP ACPI: found 8 devices
[    2.359848] ACPI: ACPI bus type pnp unregistered
[    2.622407] pci_bus 0000:00: resource 4 [io  0x0000-0xffff]
[    2.632451] pci_bus 0000:00: resource 5 [mem 0x00000000-0xffffffffff]
[    2.639415] NET: Registered protocol family 2
[    2.648585] IP route cache hash table entries: 4096 (order: 3, 32768 bytes)
[    2.694762] TCP established hash table entries: 16384 (order: 6, 262144 bytes)
[    2.714381] TCP bind hash table entries: 16384 (order: 8, 1310720 bytes)
[    2.726869] TCP: Hash tables configured (established 16384 bind 16384)
[    2.730213] TCP: reno registered
[    2.732725] UDP hash table entries: 256 (order: 3, 49152 bytes)
[    2.736597] UDP-Lite hash table entries: 256 (order: 3, 49152 bytes)
[    2.741176] NET: Registered protocol family 1
[    2.756334] RPC: Registered named UNIX socket transport module.
[    2.759845] RPC: Registered udp transport module.
[    2.762915] RPC: Registered tcp transport module.
[    2.765882] RPC: Registered tcp NFSv4.1 backchannel transport module.
[    2.769520] pci 0000:00:00.0: Limiting direct PCI/PCI transfers
[    2.773084] pci 0000:00:01.0: PIIX3: Enabling Passive Release
[    2.776491] pci 0000:00:01.0: Activating ISA DMA hang workarounds
[    2.780194] pci 0000:00:02.0: Boot video device
[    2.783443] PCI: CLS 0 bytes, default 64
[    3.134234] DMA-API: preallocated 32768 debug entries
[    3.137357] DMA-API: debugging enabled by kernel config
[    3.156512] kvm: no hardware support
[    3.177806] Machine check injector initialized
[    3.195957] microcode: CPU0 sig=0xf61, pf=0x1, revision=0x1
[    3.199465] microcode: CPU1 sig=0xf61, pf=0x1, revision=0x1
[    3.204480] microcode: Microcode Update Driver: v2.00 <tigran@aivazian.fsnet.co.uk>, Peter Oruba
[    3.261665] Initializing RT-Tester: OK
[    3.264668] audit: initializing netlink socket (disabled)
[    3.268322] type=2000 audit(1343687981.267:1): initialized
[    3.321606] Kprobe smoke test started
[    3.375246] Kprobe smoke test passed successfully
[    3.393834] rcu-torture:--- Start of test: nreaders=4 nfakewriters=4 stat_interval=0 verbose=0 test_no_idle_hz=0 shuffle_interval=3 stutter=5 irqreader=1 fqs_duration=0 fqs_holdoff=0 fqs_stutter=3 test_boost=1/0 test_boost_interval=7 test_boost_duration=4 shutdown_secs=0 onoff_interval=0 onoff_holdoff=0
[    3.469399] HugeTLB registered 2 MB page size, pre-allocated 0 pages
[    4.172942] Refined TSC clocksource calibration: 2666.760 MHz.
[    4.406790] NFS: Registering the id_resolver key type
[    4.415499] Key type id_resolver registered
[    4.477869] Installing knfsd (copyright (C) 1996 okir@monad.swb.de).
[    4.570342] fuse init (API version 7.19)
[    4.606580] JFS: nTxBlock = 3678, nTxLock = 29426
[    4.674579] SGI XFS with ACLs, security attributes, large block/inode numbers, no debug enabled
[    4.753256] NILFS version 2 loaded
[    4.779035] Btrfs loaded
[    4.781365] msgmni has been set to 919
[    4.797051] async_tx: api initialized (async)
[    4.813532] Block layer SCSI generic (bsg) driver version 0.4 loaded (major 252)
[    4.826894] io scheduler noop registered
[    4.833213] io scheduler deadline registered
[    4.839523] io scheduler cfq registered (default)
[    4.843185] start plist test
[    4.848186] end plist test
[    4.850910] list_sort_test: start testing list_sort()
[    4.874576] pci_hotplug: PCI Hot Plug PCI Core version: 0.5
[    4.883785] input: Power Button as /devices/LNXSYSTM:00/LNXPWRBN:00/input/input0
[    4.890158] ACPI: Power Button [PWRF]
[    5.086223] ioatdma: Intel(R) QuickData Technology Driver 4.00
[    5.116231] ACPI: PCI Interrupt Link [LNKD] enabled at IRQ 11
[    5.120168] IOAPIC[0]: Set routing entry (2-11 -> 0x3b -> IRQ 11 Mode:1 Active:0 Dest:3)
[    5.126106] virtio-pci 0000:00:04.0: setting latency timer to 64
[    5.135071] ACPI: PCI Interrupt Link [LNKA] enabled at IRQ 10
[    5.138498] IOAPIC[0]: Set routing entry (2-10 -> 0x3a -> IRQ 10 Mode:1 Active:0 Dest:3)
[    5.144137] virtio-pci 0000:00:05.0: setting latency timer to 64
[    5.153215] ACPI: PCI Interrupt Link [LNKB] enabled at IRQ 10
[    5.156842] virtio-pci 0000:00:06.0: setting latency timer to 64
[    5.176618] ACPI: PCI Interrupt Link [LNKC] enabled at IRQ 11
[    5.180472] virtio-pci 0000:00:07.0: setting latency timer to 64
[    5.196765] virtio-pci 0000:00:08.0: setting latency timer to 64
[    5.206570] virtio-pci 0000:00:09.0: setting latency timer to 64
[    6.201153] Serial: 8250/16550 driver, 4 ports, IRQ sharing enabled
[    6.238452] serial8250: ttyS0 at I/O 0x3f8 (irq = 4) is a 16550A
[    6.294774] 00:06: ttyS0 at I/O 0x3f8 (irq = 4) is a 16550A
[    6.313171] Initializing Nozomi driver 2.1d
[    6.328188] Non-volatile memory driver v1.3
[    6.339441] Linux agpgart interface v0.103
[    6.350436] Hangcheck: starting hangcheck timer 0.9.1 (tick is 180 seconds, margin is 60 seconds).
[    6.356273] Hangcheck: Using getrawmonotonic().
[    6.368680] [drm] Initialized drm 1.1.0 20060810
[    6.371647] [drm:i915_init] *ERROR* drm/i915 can't work without intel_agp module!
[    6.404331] FDC 0 is a S82078B
[    6.516438] brd: module loaded
[    6.584360] loop: module loaded
[    6.595164] virtio-pci 0000:00:04.0: irq 40 for MSI/MSI-X
[    6.609478] virtio-pci 0000:00:04.0: irq 41 for MSI/MSI-X
[    6.641843]  vda: unknown partition table
[    6.653081] virtio-pci 0000:00:05.0: irq 42 for MSI/MSI-X
[    6.656499] virtio-pci 0000:00:05.0: irq 43 for MSI/MSI-X
[    6.685567]  vdb: unknown partition table
[    6.697220] virtio-pci 0000:00:06.0: irq 44 for MSI/MSI-X
[    6.700619] virtio-pci 0000:00:06.0: irq 45 for MSI/MSI-X
[    6.729846]  vdc: unknown partition table
[    6.755203] virtio-pci 0000:00:07.0: irq 46 for MSI/MSI-X
[    6.758807] virtio-pci 0000:00:07.0: irq 47 for MSI/MSI-X
[    6.788260]  vdd: unknown partition table
[    6.799107] virtio-pci 0000:00:08.0: irq 48 for MSI/MSI-X
[    6.802796] virtio-pci 0000:00:08.0: irq 49 for MSI/MSI-X
[    6.824168]  vde: unknown partition table
[    6.830415] virtio-pci 0000:00:09.0: irq 50 for MSI/MSI-X
[    6.834161] virtio-pci 0000:00:09.0: irq 51 for MSI/MSI-X
[    6.867285]  vdf: unknown partition table
[    6.872493] lkdtm: No crash points registered, enable through debugfs
[    6.877300] Uniform Multi-Platform E-IDE driver
[    6.881944] piix 0000:00:01.1: IDE controller (0x8086:0x7010 rev 0x00)
[    6.886076] piix 0000:00:01.1: not 100% native mode: will probe irqs later
[    6.890189]     ide0: BM-DMA at 0xc000-0xc007
[    6.893256]     ide1: BM-DMA at 0xc008-0xc00f
[    6.896206] Probing IDE interface ide0...
[    7.419688] Probing IDE interface ide1...
[    8.102400] hdc: QEMU DVD-ROM, ATAPI CD/DVD-ROM drive
[    8.719443] hdc: host max PIO4 wanted PIO255(auto-tune) selected PIO0
[    8.723164] hdc: MWDMA2 mode selected
[    8.726365] ide0 at 0x1f0-0x1f7,0x3f6 on irq 14
[    8.729865] ide1 at 0x170-0x177,0x376 on irq 15
[    8.739582] ide_generic: please use "probe_mask=0x3f" module parameter for probing all legacy ISA IDE ports
[    8.745622] ide-gd driver 1.18
[    8.763811] Loading iSCSI transport class v2.0-870.
[    8.785525] Loading Adaptec I2O RAID: Version 2.4 Build 5go
[    8.789782] Detecting Adaptec I2O RAID controllers...
[    8.802619] Adaptec aacraid driver 1.2-0[28900]-ms
[    8.807367] aic94xx: Adaptec aic94xx SAS/SATA driver version 1.0.3 loaded
[    8.823762] isci: Intel(R) C600 SAS Controller Driver - version 1.1.0
[    8.836729] qla2xxx [0000:00:00.0]-0005: : QLogic Fibre Channel HBA Driver: 8.04.00.03-k.
[    8.854179] iscsi: registered transport (qla4xxx)
[    8.863531] QLogic iSCSI HBA Driver
[    8.867211] megaraid cmm: 2.20.2.7 (Release Date: Sun Jul 16 00:01:03 EST 2006)
[    8.881517] megaraid: 2.20.5.1 (Release Date: Thu Nov 16 15:32:35 EST 2006)
[    8.892161] megasas: 00.00.06.15-rc1 Mon. Mar. 19 17:00:00 PDT 2012
[    8.901762] mpt2sas version 13.100.00.00 loaded
[    8.911287] GDT-HA: Storage RAID Controller Driver. Version: 3.05
[    8.984064] tun: Universal TUN/TAP device driver, 1.6
[    8.987874] tun: (C) 1999-2004 Max Krasnyansky <maxk@qualcomm.com>
[    9.002321] Atheros(R) L2 Ethernet Driver - version 2.2.3
[    9.005897] Copyright (c) 2007 Atheros Corporation.
[    9.020914] cnic: Broadcom NetXtreme II CNIC Driver cnic v2.5.10 (March 21, 2012)
[    9.032919] e100: Intel(R) PRO/100 Network Driver, 3.5.24-k2-NAPI
[    9.036744] e100: Copyright(c) 1999-2006 Intel Corporation
[    9.049424] e1000: Intel(R) PRO/1000 Network Driver - version 7.3.21-k8-NAPI
[    9.053601] e1000: Copyright (c) 1999-2006 Intel Corporation.
[    9.057607] e1000 0000:00:03.0: setting latency timer to 64
[    9.478158] e1000 0000:00:03.0: eth0: (PCI:33MHz:32-bit) 52:54:00:12:34:56
[    9.482258] e1000 0000:00:03.0: eth0: Intel(R) PRO/1000 Network Connection
[    9.495533] e1000e: Intel(R) PRO/1000 Network Driver - 2.0.0-k
[    9.499164] e1000e: Copyright(c) 1999 - 2012 Intel Corporation.
[    9.510208] igb: Intel(R) Gigabit Ethernet Network Driver - version 3.4.7-k
[    9.514263] igb: Copyright (c) 2007-2012 Intel Corporation.
[    9.526346] igbvf: Intel(R) Gigabit Virtual Function Network Driver - version 2.0.1-k
[    9.531871] igbvf: Copyright (c) 2009 - 2012 Intel Corporation.
[    9.544305] ixgbe: Intel(R) 10 Gigabit PCI Express Network Driver - version 3.9.15-k
[    9.549618] ixgbe: Copyright (c) 1999-2012 Intel Corporation.
[    9.562354] ixgb: Intel(R) PRO/10GbE Network Driver - version 1.0.135-k2-NAPI
[    9.566428] ixgb: Copyright (c) 1999-2008 Intel Corporation.
[    9.579082] jme: JMicron JMC2XX ethernet driver version 1.0.8
[    9.588106] sky2: driver version 1.30
[    9.600152] usbcore: registered new interface driver catc
[    9.608822] usbcore: registered new interface driver kaweth
[    9.612330] pegasus: v0.6.14 (2006/09/27), Pegasus/Pegasus II USB Ethernet driver
[    9.626218] usbcore: registered new interface driver pegasus
[    9.630557] usbcore: registered new interface driver rtl8150
[    9.641608] usbcore: registered new interface driver asix
[    9.645800] usbcore: registered new interface driver cdc_ether
[    9.657407] usbcore: registered new interface driver cdc_eem
[    9.661615] usbcore: registered new interface driver dm9601
[    9.673501] usbcore: registered new interface driver smsc75xx
[    9.677857] usbcore: registered new interface driver smsc95xx
[    9.688544] usbcore: registered new interface driver gl620a
[    9.692617] usbcore: registered new interface driver net1080
[    9.725491] usbcore: registered new interface driver plusb
[    9.729592] usbcore: registered new interface driver rndis_host
[    9.741365] usbcore: registered new interface driver cdc_subset
[    9.745614] usbcore: registered new interface driver zaurus
[    9.756382] usbcore: registered new interface driver MOSCHIP usb-ethernet driver
[    9.767382] usbcore: registered new interface driver int51x1
[    9.772931] usbcore: registered new interface driver cdc_ncm
[    9.775924] Fusion MPT base driver 3.04.20
[    9.778337] Copyright (c) 1999-2008 LSI Corporation
[    9.781365] Fusion MPT SPI Host driver 3.04.20
[    9.785117] Fusion MPT FC Host driver 3.04.20
[    9.788799] Fusion MPT SAS Host driver 3.04.20
[    9.792375] Fusion MPT misc device (ioctl) driver 3.04.20
[    9.796659] mptctl: Registered with Fusion MPT base driver
[    9.799922] mptctl: /dev/mptctl @ (major,minor=10,220)
[    9.803826] ehci_hcd: USB 2.0 'Enhanced' Host Controller (EHCI) Driver
[    9.807494] ehci_hcd: block sizes: qh 112 qtd 96 itd 192 sitd 96
[    9.813641] uhci_hcd: USB Universal Host Controller Interface driver
[    9.825076] Initializing USB Mass Storage driver...
[    9.829134] usbcore: registered new interface driver usb-storage
[    9.832813] USB Mass Storage support registered.
[    9.847486] usbcore: registered new interface driver libusual
[    9.851830] usbcore: registered new interface driver ums-alauda
[    9.862345] usbcore: registered new interface driver ums-cypress
[    9.866572] usbcore: registered new interface driver ums-datafab
[    9.878351] usbcore: registered new interface driver ums-freecom
[    9.882798] usbcore: registered new interface driver ums-isd200
[    9.894337] usbcore: registered new interface driver ums-jumpshot
[    9.898583] usbcore: registered new interface driver ums-karma
[    9.910342] usbcore: registered new interface driver ums-onetouch
[    9.914665] usbcore: registered new interface driver ums-sddr09
[    9.925528] usbcore: registered new interface driver ums-sddr55
[    9.929789] usbcore: registered new interface driver ums-usbat
[    9.942250] usbcore: registered new interface driver usbserial
[    9.946619] usbcore: registered new interface driver usbserial_generic
[    9.959440] USB Serial support registered for generic
[    9.962780] usbserial: USB Serial Driver core
[    9.972150] usbcore: registered new interface driver belkin_sa
[    9.976402] USB Serial support registered for Belkin / Peracom / GoHubs USB Serial Adapter
[    9.991332] usbcore: registered new interface driver mct_u232
[    9.995577] USB Serial support registered for MCT U232
[   10.004038] usbcore: registered new interface driver usbtest
[   10.008601] i8042: PNP: PS/2 Controller [PNP0303:KBD,PNP0f13:MOU] at 0x60,0x64 irq 1,12
[   10.045706] serio: i8042 KBD port at 0x60,0x64 irq 1
[   10.048816] serio: i8042 AUX port at 0x60,0x64 irq 12
[   10.072964] mousedev: PS/2 mouse device common for all mice
[   10.087932] input: AT Translated Set 2 keyboard as /devices/platform/i8042/serio0/input/input1
[   10.112768] rtc_cmos 00:01: rtc core: registered rtc_cmos as rtc0
[   10.116842] rtc0: alarms up to one day, 114 bytes nvram, hpet irqs
[   10.149910] rtc-test rtc-test.0: rtc core: registered test as rtc1
[   10.163457] rtc-test rtc-test.1: rtc core: registered test as rtc2
[   10.167277] i6300esb: Intel 6300ESB WatchDog Timer Driver v0.05
[   10.195769] i6300esb: initialized (0xffffc9000059e000). heartbeat=30 sec (nowayout=0)
[   10.208884] iTCO_wdt: Intel TCO WatchDog Timer Driver v1.07
[   10.231195] iTCO_vendor_support: vendor-support=0
[   10.244931] watchdog: Software Watchdog: cannot register miscdev on minor=130 (err=-16).
[   10.250242] watchdog: Software Watchdog: a legacy watchdog module is probably present.
[   10.263495] softdog: Software Watchdog Timer: 0.08 initialized. soft_noboot=0 soft_margin=60 sec soft_panic=0 (nowayout=0)
[   10.277826] md: linear personality registered for level -1
[   10.281431] md: raid0 personality registered for level 0
[   10.290768] md: raid1 personality registered for level 1
[   10.294412] md: raid10 personality registered for level 10
[   10.304771] md: raid6 personality registered for level 6
[   10.308351] md: raid5 personality registered for level 5
[   10.317773] md: raid4 personality registered for level 4
[   10.321300] md: multipath personality registered for level -4
[   10.331773] md: faulty personality registered for level -5
[   10.352828] device-mapper: uevent: version 1.0.3
[   10.365905] device-mapper: ioctl: 4.22.0-ioctl (2011-10-19) initialised: dm-devel@redhat.com
[   10.388390] device-mapper: multipath: version 1.4.0 loaded
[   10.392281] device-mapper: multipath round-robin: version 1.0.0 loaded
[   10.396846] device-mapper: multipath queue-length: version 0.1.0 loaded
[   10.400751] device-mapper: multipath service-time: version 0.2.0 loaded
[   10.422420] device-mapper: dm-log-userspace: version 1.1.0 loaded
[   10.426215] cpuidle: using governor ladder
[   10.429166] cpuidle: using governor menu
[   10.444360] usbcore: registered new interface driver usbhid
[   10.448109] usbhid: USB HID core driver
[   10.462124] dell_wmi: No known WMI GUID found
[   10.465112] acer_wmi: Acer Laptop ACPI-WMI Extras
[   10.468321] acer_wmi: No or unsupported WMI interface, unable to load
[   10.487809] oprofile: using NMI interrupt.
[   10.497481] netem: version 1.3
[   10.500148] Netfilter messages via NETLINK v0.30.
[   10.503460] nf_conntrack version 0.5.0 (3678 buckets, 14712 max)
[   10.521481] ctnetlink v0.93: registering with nfnetlink.
[   10.525483] NF_TPROXY: Transparent proxy support initialized, version 4.1.0
[   10.529451] NF_TPROXY: Copyright (c) 2006-2007 BalaBit IT Ltd.
[   10.547126] xt_time: kernel timezone is -0000
[   10.550781] ip_tables: (C) 2000-2006 Netfilter Core Team
[   10.562180] ipt_CLUSTERIP: ClusterIP Version 0.8 loaded successfully
[   10.566424] arp_tables: (C) 2002 David S. Miller
[   10.576217] TCP: bic registered
[   10.578949] TCP: cubic registered
[   10.586771] TCP: westwood registered
[   10.589638] TCP: highspeed registered
[   10.597757] TCP: hybla registered
[   10.600550] TCP: htcp registered
[   10.608074] TCP: vegas registered
[   10.610812] TCP: veno registered
[   10.618768] TCP: scalable registered
[   10.621572] TCP: lp registered
[   10.628754] TCP: yeah registered
[   10.631484] TCP: illinois registered
[   10.639037] Initializing XFRM netlink socket
[   10.655395] input: ImExPS/2 Generic Explorer Mouse as /devices/platform/i8042/serio1/input/input2
[   10.665765] NET: Registered protocol family 10
[   10.681797] sit: IPv6 over IPv4 tunneling driver
[   10.696852] NET: Registered protocol family 17
[   10.699905] NET: Registered protocol family 15
[   10.714291] Bridge firewalling registered
[   10.717123] Ebtables v2.0 registered
[   10.721502] Key type dns_resolver registered
[   10.726218] 
[   10.726218] printing PIC contents
[   10.730328] ... PIC  IMR: ffff
[   10.731298] ... PIC  IRR: 1153
[   10.735127] ... PIC  ISR: 0000
[   10.737460] ... PIC ELCR: 0c00
[   10.739980] printing local APIC contents on CPU#0/0:
[   10.740961] ... APIC ID:      00000000 (0)
[   10.740961] ... APIC VERSION: 00050014
[   10.740961] ... APIC TASKPRI: 00000000 (00)
[   10.740961] ... APIC PROCPRI: 00000000
[   10.740961] ... APIC LDR: 01000000
[   10.740961] ... APIC DFR: ffffffff
[   10.740961] ... APIC SPIV: 000001ff
[   10.740961] ... APIC ISR field:
[   10.740961] 0000000000000000000000000000000000000000000000000000000000000000
[   10.740961] ... APIC TMR field:
[   10.740961] 0000000000000000000000000000000000000000000000000000000000000000
[   10.740961] ... APIC IRR field:
[   10.740961] 0000000000000000000000000000000000000000000000000000000000000000
[   10.740961] ... APIC ESR: 00000000
[   10.740961] ... APIC ICR: 000008fd
[   10.740961] ... APIC ICR2: 02000000
[   10.740961] ... APIC LVTT: 000000ef
[   10.740961] ... APIC LVTPC: 00010000
[   10.740961] ... APIC LVT0: 00010700
[   10.740961] ... APIC LVT1: 00000400
[   10.740961] ... APIC LVTERR: 000000fe
[   10.740961] ... APIC TMICT: 03b017cc
[   10.740961] ... APIC TMCCT: 0306e4f4
[   10.740961] ... APIC TDCR: 00000003
[   10.740961] 
[   10.905060] number of MP IRQ sources: 15.
[   10.907793] number of IO-APIC #2 registers: 24.
[   10.910636] testing the IO APIC.......................
[   10.913848] 
[   10.915667] IO APIC #2......
[   10.918042] .... register #00: 00000000
[   10.920617] .......    : physical APIC id: 00
[   10.923512] .......    : Delivery Type: 0
[   10.926293] .......    : LTS          : 0
[   10.929054] .... register #01: 00170011
[   10.931619] .......     : max redirection entries: 17
[   10.934661] .......     : PRQ implemented: 0
[   10.937470] .......     : IO APIC version: 11
[   10.940312] .... register #02: 00000000
[   10.942958] .......     : arbitration: 00
[   10.945662] .... IRQ redirection table:
[   10.948335]  NR Dst Mask Trig IRR Pol Stat Dmod Deli Vect:
[   10.951621]  00 00  1    0    0   0   0    0    0    00
[   10.955121]  01 03  0    0    0   0   0    1    1    31
[   10.958484]  02 03  0    0    0   0   0    1    1    30
[   10.961912]  03 03  0    0    0   0   0    1    1    33
[   10.965357]  04 03  1    0    0   0   0    1    1    34
[   10.968787]  05 03  1    1    0   0   0    1    1    35
[   10.972234]  06 03  0    0    0   0   0    1    1    36
[   10.975634]  07 03  0    0    0   0   0    1    1    37
[   10.996581]  08 03  0    0    0   0   0    1    1    38
[   10.999958]  09 03  0    1    0   0   0    1    1    39
[   11.003424]  0a 03  1    1    0   0   0    1    1    3A
[   11.006876]  0b 03  1    1    0   0   0    1    1    3B
[   11.010290]  0c 03  0    0    0   0   0    1    1    3C
[   11.013761]  0d 03  0    0    0   0   0    1    1    3D
[   11.017206]  0e 03  0    0    0   0   0    1    1    3E
[   11.020583]  0f 03  0    0    0   0   0    1    1    3F
[   11.024087]  10 00  1    0    0   0   0    0    0    00
[   11.027439]  11 00  1    0    0   0   0    0    0    00
[   11.030860]  12 00  1    0    0   0   0    0    0    00
[   11.034239]  13 00  1    0    0   0   0    0    0    00
[   11.037581]  14 00  1    0    0   0   0    0    0    00
[   11.041063]  15 00  1    0    0   0   0    0    0    00
[   11.044445]  16 00  1    0    0   0   0    0    0    00
[   11.047883]  17 00  1    0    0   0   0    0    0    00
[   11.051283] IRQ to pin mappings:
[   11.053678] IRQ0 -> 0:2
[   11.056367] IRQ1 -> 0:1
[   11.059047] IRQ3 -> 0:3
[   11.061600] IRQ4 -> 0:4
[   11.064294] IRQ5 -> 0:5
[   11.066933] IRQ6 -> 0:6
[   11.069589] IRQ7 -> 0:7
[   11.072270] IRQ8 -> 0:8
[   11.074906] IRQ9 -> 0:9
[   11.077550] IRQ10 -> 0:10
[   11.080323] IRQ11 -> 0:11
[   11.083064] IRQ12 -> 0:12
[   11.085677] IRQ13 -> 0:13
[   11.088452] IRQ14 -> 0:14
[   11.091167] IRQ15 -> 0:15
[   11.093821] .................................... done.
[   11.100646] PM: Hibernation image not present or could not be loaded.
[   11.104426] registered taskstats version 1
[   11.112083]   Magic number: 4:728:705
[   11.116182] console [netcon0] enabled
[   11.118835] netconsole: network logging started
[   11.122148] rtc_cmos 00:01: setting system clock to 2012-07-30 22:39:49 UTC (1343687989)
[   11.149494] e1000: eth0 NIC Link is Up 1000 Mbps Full Duplex, Flow Control: RX
[   11.157122] IPv6: ADDRCONF(NETDEV_UP): eth0: link is not ready
[   11.161634] IPv6: ADDRCONF(NETDEV_CHANGE): eth0: link becomes ready
[   11.172076] Sending DHCP requests ., OK
[   11.180106] IP-Config: Got DHCP answer from 10.0.2.2, my address is 10.0.2.15
[   11.186413] IP-Config: Complete:
[   11.189185]      device=eth0, addr=10.0.2.15, mask=255.255.255.0, gw=10.0.2.2
[   11.193357]      host=kvm, domain=, nis-domain=(none)
[   11.196738]      bootserver=10.0.2.2, rootserver=10.239.97.14, rootpath=
[   11.200868] ALSA device list:
[   11.203471]   No soundcards found.
[   11.207355] md: Waiting for all devices to be available before autodetect
[   11.211294] md: If you don't use raid, use raid=noautodetect
[   11.229947] md: Autodetecting RAID arrays.
[   11.232768] md: Scanned 0 and added 0 devices.
[   11.235928] md: autorun ...
[   11.238347] md: ... autorun DONE.
[   11.277522] VFS: Mounted root (nfs filesystem) on device 0:14.
[   11.282378] devtmpfs: mounted
[   11.285364] debug: unmapping init [mem 0xffffffff82050000-0xffffffff82314fff]
[   11.895604] modprobe (1915) used greatest stack depth: 3208 bytes left
[   15.549280] S02mountkernfs. (1936) used greatest stack depth: 3056 bytes left
[   16.183393] grep (1992) used greatest stack depth: 3040 bytes left
[   16.448439] udevd[1999]: starting version 175
[   19.968818] hwclock (2085) used greatest stack depth: 2976 bytes left
[   22.637555] blkid (2087) used greatest stack depth: 2784 bytes left
[   60.650929] NFSD: Using /var/lib/nfs/v4recovery as the NFSv4 state recovery directory
[   60.660154] NFSD: starting 90-second grace period
Kernel tests: Boot OK!
[   67.344937] Adding 307196k swap on /dev/vda.  Priority:-1 extents:1 across:307196k 
[   70.512627] kjournald starting.  Commit interval 5 seconds
[   70.517495] EXT3-fs (loop0): using internal journal
[   70.520927] EXT3-fs (loop0): mounted filesystem with writeback data mode
case-anon-cow-rand
case-anon-cow-rand-mt
case-anon-cow-seq
case-anon-cow-seq-mt
case-anon-r-rand
case-anon-r-rand-mt
case-anon-r-seq
case-anon-r-seq-mt
case-anon-rx-rand-mt
case-anon-rx-seq-mt
case-anon-w-rand
case-anon-w-rand-mt
case-anon-w-seq
case-anon-w-seq-mt
case-anon-wx-rand-mt
case-anon-wx-seq-mt
case-fork
case-fork-sleep
case-hugetlb
case-lru-file-mmap-read
case-lru-file-mmap-read-rand
case-lru-file-readonce
case-lru-file-readtwice
[  565.095432] hrtimer: interrupt took 3017760 ns
case-lru-memcg
case-migrate
case-mlock
case-mmap-pread-rand
case-mmap-pread-rand-mt
case-mmap-pread-seq
case-mmap-pread-seq-mt
case-mmap-xread-rand-mt
case-mmap-xread-seq-mt
case-shm-pread-rand
case-shm-pread-rand-mt
case-shm-pread-seq
case-shm-pread-seq-mt
case-shm-xread-rand
case-shm-xread-rand-mt
case-shm-xread-seq
case-shm-xread-seq-mt
case-small-allocs
case-small-allocs-mt
case-truncate
[  995.982449] BUG: sleeping function called from invalid context at /c/kernel-tests/src/stable/kernel/mutex.c:269
[  995.993807] in_atomic(): 1, irqs_disabled(): 0, pid: 4795, name: umount
[  996.001491] 1 lock held by umount/4795:
[  996.006358]  #0:  (sb_lock){+.+.-.}, at: [<ffffffff8115d53b>] put_super+0x1a/0x32
[  996.013847] Pid: 4795, comm: umount Not tainted 3.5.0-rc6+ #63
[  996.017888] Call Trace:
[  996.020450]  [<ffffffff810950ed>] __might_sleep+0x107/0x10c
[  996.024074]  [<ffffffff81a1e7bd>] mutex_lock_nested+0x41/0x315
[  996.027416]  [<ffffffff81a214c4>] ? _raw_spin_unlock_irqrestore+0x47/0x65
[  996.031181]  [<ffffffff810bb0b6>] ? trace_hardirqs_on_caller+0x125/0x181
[  996.035415]  [<ffffffff8143e5c6>] percpu_counter_destroy+0x1e/0x48
[  996.039401]  [<ffffffff8115d305>] destroy_sb_writers+0x1b/0x37
[  996.043161]  [<ffffffff8115d4dc>] __put_super+0x36/0x7b
[  996.046590]  [<ffffffff8115d53b>] ? put_super+0x1a/0x32
[  996.050098]  [<ffffffff8115d543>] put_super+0x22/0x32
[  996.053322]  [<ffffffff8115d5bd>] deactivate_locked_super+0x47/0x57
[  996.056870]  [<ffffffff8115e372>] deactivate_super+0x41/0x45
[  996.060170]  [<ffffffff81175441>] mntput_no_expire+0x112/0x11b
[  996.063529]  [<ffffffff81176237>] sys_umount+0x2f4/0x30f
[  996.066975]  [<ffffffff81a287d0>] tracesys+0xdd/0xe2
[  996.071255] BUG: scheduling while atomic: umount/4795/0x10000002
[  996.075262] 1 lock held by umount/4795:
[  996.078601]  #0:  (sb_lock){+.+.-.}, at: [<ffffffff8115d53b>] put_super+0x1a/0x32
[  996.086503] Modules linked in:
[  996.089718] Pid: 4795, comm: umount Not tainted 3.5.0-rc6+ #63
[  996.093627] Call Trace:
[  996.096109]  [<ffffffff81a0a0b4>] __schedule_bug+0x67/0x75
[  996.099278]  [<ffffffff81a1f39c>] __schedule+0xb0/0x8b0
[  996.102339]  [<ffffffff8103b10b>] ? show_trace_log_lvl+0x54/0x5d
[  996.105668]  [<ffffffff8103b129>] ? show_trace+0x15/0x17
[  996.108693]  [<ffffffff8109659b>] __cond_resched+0x27/0x32
[  996.111752]  [<ffffffff81a1fc15>] _cond_resched+0x2e/0x35
[  996.114805]  [<ffffffff81a1e7c2>] mutex_lock_nested+0x46/0x315
[  996.118119]  [<ffffffff81a214c4>] ? _raw_spin_unlock_irqrestore+0x47/0x65
[  996.121782]  [<ffffffff810bb0b6>] ? trace_hardirqs_on_caller+0x125/0x181
[  996.125393]  [<ffffffff8143e5c6>] percpu_counter_destroy+0x1e/0x48
[  996.128907]  [<ffffffff8115d305>] destroy_sb_writers+0x1b/0x37
[  996.132401]  [<ffffffff8115d4dc>] __put_super+0x36/0x7b
[  996.135583]  [<ffffffff8115d53b>] ? put_super+0x1a/0x32
[  996.138699]  [<ffffffff8115d543>] put_super+0x22/0x32
[  996.141767]  [<ffffffff8115d5bd>] deactivate_locked_super+0x47/0x57
[  996.145241]  [<ffffffff8115e372>] deactivate_super+0x41/0x45
[  996.148511]  [<ffffffff81175441>] mntput_no_expire+0x112/0x11b
[  996.151954]  [<ffffffff81176237>] sys_umount+0x2f4/0x30f
[  996.155297]  [<ffffffff81a287d0>] tracesys+0xdd/0xe2
[  996.159598] BUG: spinlock wrong CPU on CPU#1, umount/4795
[  996.164417]  lock: sb_lock, .magic: dead4ead, .owner: umount/4795, .owner_cpu: 0
[  996.169586] Pid: 4795, comm: umount Tainted: G        W    3.5.0-rc6+ #63
[  996.175248] Call Trace:
[  996.178686]  [<ffffffff81a13c44>] spin_dump+0x8c/0x91
[  996.182260]  [<ffffffff81a13c6f>] spin_bug+0x26/0x28
[  996.185585]  [<ffffffff814357bd>] do_raw_spin_unlock+0x6e/0x84
[  996.189511]  [<ffffffff81a21469>] _raw_spin_unlock+0x29/0x3d
[  996.193227]  [<ffffffff8115d54f>] put_super+0x2e/0x32
[  996.196579]  [<ffffffff8115d5bd>] deactivate_locked_super+0x47/0x57
[  996.200441]  [<ffffffff8115e372>] deactivate_super+0x41/0x45
[  996.204137]  [<ffffffff81175441>] mntput_no_expire+0x112/0x11b
[  996.207795]  [<ffffffff81176237>] sys_umount+0x2f4/0x30f
[  996.211323]  [<ffffffff81a287d0>] tracesys+0xdd/0xe2

--xXmbgvnjoT4axfJE
Content-Type: text/plain; charset=us-ascii
Content-Disposition: attachment; filename="config-3.5.0-rc6+"

#
# Automatically generated file; DO NOT EDIT.
# Linux/x86_64 3.5.0-rc6 Kernel Configuration
#
CONFIG_64BIT=y
# CONFIG_X86_32 is not set
CONFIG_X86_64=y
CONFIG_X86=y
CONFIG_INSTRUCTION_DECODER=y
CONFIG_OUTPUT_FORMAT="elf64-x86-64"
CONFIG_ARCH_DEFCONFIG="arch/x86/configs/x86_64_defconfig"
CONFIG_LOCKDEP_SUPPORT=y
CONFIG_STACKTRACE_SUPPORT=y
CONFIG_HAVE_LATENCYTOP_SUPPORT=y
CONFIG_MMU=y
CONFIG_NEED_DMA_MAP_STATE=y
CONFIG_NEED_SG_DMA_LENGTH=y
CONFIG_GENERIC_ISA_DMA=y
CONFIG_GENERIC_BUG=y
CONFIG_GENERIC_BUG_RELATIVE_POINTERS=y
CONFIG_GENERIC_HWEIGHT=y
CONFIG_ARCH_MAY_HAVE_PC_FDC=y
# CONFIG_RWSEM_GENERIC_SPINLOCK is not set
CONFIG_RWSEM_XCHGADD_ALGORITHM=y
CONFIG_GENERIC_CALIBRATE_DELAY=y
CONFIG_ARCH_HAS_CPU_RELAX=y
CONFIG_ARCH_HAS_DEFAULT_IDLE=y
CONFIG_ARCH_HAS_CACHE_LINE_SIZE=y
CONFIG_ARCH_HAS_CPU_AUTOPROBE=y
CONFIG_HAVE_SETUP_PER_CPU_AREA=y
CONFIG_NEED_PER_CPU_EMBED_FIRST_CHUNK=y
CONFIG_NEED_PER_CPU_PAGE_FIRST_CHUNK=y
CONFIG_ARCH_HIBERNATION_POSSIBLE=y
CONFIG_ARCH_SUSPEND_POSSIBLE=y
CONFIG_ZONE_DMA32=y
CONFIG_AUDIT_ARCH=y
CONFIG_ARCH_SUPPORTS_OPTIMIZED_INLINING=y
CONFIG_ARCH_SUPPORTS_DEBUG_PAGEALLOC=y
CONFIG_X86_64_SMP=y
CONFIG_X86_HT=y
CONFIG_ARCH_HWEIGHT_CFLAGS="-fcall-saved-rdi -fcall-saved-rsi -fcall-saved-rdx -fcall-saved-rcx -fcall-saved-r8 -fcall-saved-r9 -fcall-saved-r10 -fcall-saved-r11"
CONFIG_ARCH_CPU_PROBE_RELEASE=y
CONFIG_ARCH_SUPPORTS_UPROBES=y
CONFIG_DEFCONFIG_LIST="/lib/modules/$UNAME_RELEASE/.config"
CONFIG_HAVE_IRQ_WORK=y
CONFIG_IRQ_WORK=y
CONFIG_BUILDTIME_EXTABLE_SORT=y

#
# General setup
#
CONFIG_EXPERIMENTAL=y
CONFIG_INIT_ENV_ARG_LIMIT=32
CONFIG_CROSS_COMPILE=""
CONFIG_LOCALVERSION=""
# CONFIG_LOCALVERSION_AUTO is not set
CONFIG_HAVE_KERNEL_GZIP=y
CONFIG_HAVE_KERNEL_BZIP2=y
CONFIG_HAVE_KERNEL_LZMA=y
CONFIG_HAVE_KERNEL_XZ=y
CONFIG_HAVE_KERNEL_LZO=y
CONFIG_KERNEL_GZIP=y
# CONFIG_KERNEL_BZIP2 is not set
# CONFIG_KERNEL_LZMA is not set
# CONFIG_KERNEL_XZ is not set
# CONFIG_KERNEL_LZO is not set
CONFIG_DEFAULT_HOSTNAME="(none)"
CONFIG_SWAP=y
CONFIG_SYSVIPC=y
CONFIG_SYSVIPC_SYSCTL=y
CONFIG_POSIX_MQUEUE=y
CONFIG_POSIX_MQUEUE_SYSCTL=y
CONFIG_BSD_PROCESS_ACCT=y
CONFIG_BSD_PROCESS_ACCT_V3=y
# CONFIG_FHANDLE is not set
CONFIG_TASKSTATS=y
CONFIG_TASK_DELAY_ACCT=y
CONFIG_TASK_XACCT=y
CONFIG_TASK_IO_ACCOUNTING=y
CONFIG_AUDIT=y
CONFIG_AUDITSYSCALL=y
CONFIG_AUDIT_WATCH=y
CONFIG_AUDIT_TREE=y
# CONFIG_AUDIT_LOGINUID_IMMUTABLE is not set
CONFIG_HAVE_GENERIC_HARDIRQS=y

#
# IRQ subsystem
#
CONFIG_GENERIC_HARDIRQS=y
CONFIG_GENERIC_IRQ_PROBE=y
CONFIG_GENERIC_IRQ_SHOW=y
CONFIG_GENERIC_PENDING_IRQ=y
CONFIG_IRQ_FORCED_THREADING=y
CONFIG_SPARSE_IRQ=y
CONFIG_CLOCKSOURCE_WATCHDOG=y
CONFIG_ARCH_CLOCKSOURCE_DATA=y
CONFIG_GENERIC_TIME_VSYSCALL=y
CONFIG_GENERIC_CLOCKEVENTS=y
CONFIG_GENERIC_CLOCKEVENTS_BUILD=y
CONFIG_GENERIC_CLOCKEVENTS_BROADCAST=y
CONFIG_GENERIC_CLOCKEVENTS_MIN_ADJUST=y
CONFIG_GENERIC_CMOS_UPDATE=y

#
# Timers subsystem
#
CONFIG_TICK_ONESHOT=y
CONFIG_NO_HZ=y
CONFIG_HIGH_RES_TIMERS=y

#
# RCU Subsystem
#
CONFIG_TREE_RCU=y
# CONFIG_PREEMPT_RCU is not set
CONFIG_RCU_FANOUT=64
CONFIG_RCU_FANOUT_LEAF=16
# CONFIG_RCU_FANOUT_EXACT is not set
# CONFIG_RCU_FAST_NO_HZ is not set
CONFIG_TREE_RCU_TRACE=y
CONFIG_IKCONFIG=y
CONFIG_IKCONFIG_PROC=y
CONFIG_LOG_BUF_SHIFT=18
CONFIG_HAVE_UNSTABLE_SCHED_CLOCK=y
CONFIG_CGROUPS=y
CONFIG_CGROUP_DEBUG=y
CONFIG_CGROUP_FREEZER=y
CONFIG_CGROUP_DEVICE=y
CONFIG_CPUSETS=y
CONFIG_PROC_PID_CPUSET=y
CONFIG_CGROUP_CPUACCT=y
CONFIG_RESOURCE_COUNTERS=y
# CONFIG_CGROUP_MEM_RES_CTLR is not set
# CONFIG_CGROUP_PERF is not set
CONFIG_CGROUP_SCHED=y
CONFIG_FAIR_GROUP_SCHED=y
# CONFIG_CFS_BANDWIDTH is not set
# CONFIG_RT_GROUP_SCHED is not set
CONFIG_BLK_CGROUP=y
CONFIG_DEBUG_BLK_CGROUP=y
# CONFIG_CHECKPOINT_RESTORE is not set
# CONFIG_NAMESPACES is not set
CONFIG_SCHED_AUTOGROUP=y
# CONFIG_SYSFS_DEPRECATED is not set
CONFIG_RELAY=y
CONFIG_BLK_DEV_INITRD=y
CONFIG_INITRAMFS_SOURCE=""
CONFIG_RD_GZIP=y
# CONFIG_RD_BZIP2 is not set
# CONFIG_RD_LZMA is not set
# CONFIG_RD_XZ is not set
# CONFIG_RD_LZO is not set
CONFIG_CC_OPTIMIZE_FOR_SIZE=y
CONFIG_SYSCTL=y
CONFIG_ANON_INODES=y
CONFIG_EXPERT=y
CONFIG_UID16=y
CONFIG_SYSCTL_SYSCALL=y
CONFIG_KALLSYMS=y
CONFIG_KALLSYMS_ALL=y
CONFIG_HOTPLUG=y
CONFIG_PRINTK=y
CONFIG_BUG=y
CONFIG_ELF_CORE=y
CONFIG_PCSPKR_PLATFORM=y
CONFIG_HAVE_PCSPKR_PLATFORM=y
CONFIG_BASE_FULL=y
CONFIG_FUTEX=y
CONFIG_EPOLL=y
CONFIG_SIGNALFD=y
CONFIG_TIMERFD=y
CONFIG_EVENTFD=y
CONFIG_SHMEM=y
CONFIG_AIO=y
CONFIG_EMBEDDED=y
CONFIG_HAVE_PERF_EVENTS=y

#
# Kernel Performance Events And Counters
#
CONFIG_PERF_EVENTS=y
# CONFIG_DEBUG_PERF_USE_VMALLOC is not set
CONFIG_VM_EVENT_COUNTERS=y
CONFIG_PCI_QUIRKS=y
CONFIG_SLUB_DEBUG=y
CONFIG_COMPAT_BRK=y
# CONFIG_SLAB is not set
CONFIG_SLUB=y
# CONFIG_SLOB is not set
CONFIG_PROFILING=y
CONFIG_TRACEPOINTS=y
CONFIG_OPROFILE=y
# CONFIG_OPROFILE_EVENT_MULTIPLEX is not set
CONFIG_HAVE_OPROFILE=y
CONFIG_OPROFILE_NMI_TIMER=y
CONFIG_KPROBES=y
# CONFIG_JUMP_LABEL is not set
CONFIG_OPTPROBES=y
CONFIG_HAVE_EFFICIENT_UNALIGNED_ACCESS=y
CONFIG_KRETPROBES=y
CONFIG_USER_RETURN_NOTIFIER=y
CONFIG_HAVE_IOREMAP_PROT=y
CONFIG_HAVE_KPROBES=y
CONFIG_HAVE_KRETPROBES=y
CONFIG_HAVE_OPTPROBES=y
CONFIG_HAVE_ARCH_TRACEHOOK=y
CONFIG_HAVE_DMA_ATTRS=y
CONFIG_USE_GENERIC_SMP_HELPERS=y
CONFIG_GENERIC_SMP_IDLE_THREAD=y
CONFIG_HAVE_REGS_AND_STACK_ACCESS_API=y
CONFIG_HAVE_DMA_API_DEBUG=y
CONFIG_HAVE_HW_BREAKPOINT=y
CONFIG_HAVE_MIXED_BREAKPOINTS_REGS=y
CONFIG_HAVE_USER_RETURN_NOTIFIER=y
CONFIG_HAVE_PERF_EVENTS_NMI=y
CONFIG_HAVE_ARCH_JUMP_LABEL=y
CONFIG_ARCH_HAVE_NMI_SAFE_CMPXCHG=y
CONFIG_HAVE_ALIGNED_STRUCT_PAGE=y
CONFIG_HAVE_CMPXCHG_LOCAL=y
CONFIG_HAVE_CMPXCHG_DOUBLE=y
CONFIG_ARCH_WANT_OLD_COMPAT_IPC=y
CONFIG_HAVE_ARCH_SECCOMP_FILTER=y
CONFIG_SECCOMP_FILTER=y

#
# GCOV-based kernel profiling
#
# CONFIG_GCOV_KERNEL is not set
# CONFIG_HAVE_GENERIC_DMA_COHERENT is not set
CONFIG_SLABINFO=y
CONFIG_RT_MUTEXES=y
CONFIG_BASE_SMALL=0
CONFIG_MODULES=y
# CONFIG_MODULE_FORCE_LOAD is not set
CONFIG_MODULE_UNLOAD=y
CONFIG_MODULE_FORCE_UNLOAD=y
# CONFIG_MODVERSIONS is not set
# CONFIG_MODULE_SRCVERSION_ALL is not set
CONFIG_STOP_MACHINE=y
CONFIG_BLOCK=y
CONFIG_BLK_DEV_BSG=y
CONFIG_BLK_DEV_BSGLIB=y
CONFIG_BLK_DEV_INTEGRITY=y
CONFIG_BLK_DEV_THROTTLING=y

#
# Partition Types
#
# CONFIG_PARTITION_ADVANCED is not set
CONFIG_MSDOS_PARTITION=y
CONFIG_BLOCK_COMPAT=y

#
# IO Schedulers
#
CONFIG_IOSCHED_NOOP=y
CONFIG_IOSCHED_DEADLINE=y
CONFIG_IOSCHED_CFQ=y
CONFIG_CFQ_GROUP_IOSCHED=y
# CONFIG_DEFAULT_DEADLINE is not set
CONFIG_DEFAULT_CFQ=y
# CONFIG_DEFAULT_NOOP is not set
CONFIG_DEFAULT_IOSCHED="cfq"
CONFIG_PREEMPT_NOTIFIERS=y
# CONFIG_INLINE_SPIN_TRYLOCK is not set
# CONFIG_INLINE_SPIN_TRYLOCK_BH is not set
# CONFIG_INLINE_SPIN_LOCK is not set
# CONFIG_INLINE_SPIN_LOCK_BH is not set
# CONFIG_INLINE_SPIN_LOCK_IRQ is not set
# CONFIG_INLINE_SPIN_LOCK_IRQSAVE is not set
CONFIG_UNINLINE_SPIN_UNLOCK=y
# CONFIG_INLINE_SPIN_UNLOCK_BH is not set
# CONFIG_INLINE_SPIN_UNLOCK_IRQ is not set
# CONFIG_INLINE_SPIN_UNLOCK_IRQRESTORE is not set
# CONFIG_INLINE_READ_TRYLOCK is not set
# CONFIG_INLINE_READ_LOCK is not set
# CONFIG_INLINE_READ_LOCK_BH is not set
# CONFIG_INLINE_READ_LOCK_IRQ is not set
# CONFIG_INLINE_READ_LOCK_IRQSAVE is not set
# CONFIG_INLINE_READ_UNLOCK is not set
# CONFIG_INLINE_READ_UNLOCK_BH is not set
# CONFIG_INLINE_READ_UNLOCK_IRQ is not set
# CONFIG_INLINE_READ_UNLOCK_IRQRESTORE is not set
# CONFIG_INLINE_WRITE_TRYLOCK is not set
# CONFIG_INLINE_WRITE_LOCK is not set
# CONFIG_INLINE_WRITE_LOCK_BH is not set
# CONFIG_INLINE_WRITE_LOCK_IRQ is not set
# CONFIG_INLINE_WRITE_LOCK_IRQSAVE is not set
# CONFIG_INLINE_WRITE_UNLOCK is not set
# CONFIG_INLINE_WRITE_UNLOCK_BH is not set
# CONFIG_INLINE_WRITE_UNLOCK_IRQ is not set
# CONFIG_INLINE_WRITE_UNLOCK_IRQRESTORE is not set
# CONFIG_MUTEX_SPIN_ON_OWNER is not set
CONFIG_FREEZER=y

#
# Processor type and features
#
CONFIG_ZONE_DMA=y
CONFIG_SMP=y
CONFIG_X86_MPPARSE=y
CONFIG_X86_EXTENDED_PLATFORM=y
# CONFIG_X86_VSMP is not set
CONFIG_X86_SUPPORTS_MEMORY_FAILURE=y
CONFIG_SCHED_OMIT_FRAME_POINTER=y
CONFIG_PARAVIRT_GUEST=y
# CONFIG_PARAVIRT_TIME_ACCOUNTING is not set
# CONFIG_XEN is not set
# CONFIG_XEN_PRIVILEGED_GUEST is not set
CONFIG_KVM_CLOCK=y
CONFIG_KVM_GUEST=y
CONFIG_PARAVIRT=y
# CONFIG_PARAVIRT_SPINLOCKS is not set
CONFIG_PARAVIRT_CLOCK=y
# CONFIG_PARAVIRT_DEBUG is not set
CONFIG_NO_BOOTMEM=y
CONFIG_MEMTEST=y
# CONFIG_MK8 is not set
# CONFIG_MPSC is not set
CONFIG_MCORE2=y
# CONFIG_MATOM is not set
# CONFIG_GENERIC_CPU is not set
CONFIG_X86_INTERNODE_CACHE_SHIFT=6
CONFIG_X86_CMPXCHG=y
CONFIG_X86_L1_CACHE_SHIFT=6
CONFIG_X86_XADD=y
CONFIG_X86_WP_WORKS_OK=y
CONFIG_X86_INTEL_USERCOPY=y
CONFIG_X86_USE_PPRO_CHECKSUM=y
CONFIG_X86_P6_NOP=y
CONFIG_X86_TSC=y
CONFIG_X86_CMPXCHG64=y
CONFIG_X86_CMOV=y
CONFIG_X86_MINIMUM_CPU_FAMILY=64
CONFIG_X86_DEBUGCTLMSR=y
CONFIG_PROCESSOR_SELECT=y
CONFIG_CPU_SUP_INTEL=y
# CONFIG_CPU_SUP_AMD is not set
CONFIG_CPU_SUP_CENTAUR=y
CONFIG_HPET_TIMER=y
CONFIG_HPET_EMULATE_RTC=y
CONFIG_DMI=y
# CONFIG_CALGARY_IOMMU is not set
CONFIG_SWIOTLB=y
CONFIG_IOMMU_HELPER=y
# CONFIG_MAXSMP is not set
CONFIG_NR_CPUS=64
CONFIG_SCHED_SMT=y
CONFIG_SCHED_MC=y
# CONFIG_IRQ_TIME_ACCOUNTING is not set
# CONFIG_PREEMPT_NONE is not set
CONFIG_PREEMPT_VOLUNTARY=y
# CONFIG_PREEMPT is not set
CONFIG_PREEMPT_COUNT=y
CONFIG_X86_LOCAL_APIC=y
CONFIG_X86_IO_APIC=y
# CONFIG_X86_REROUTE_FOR_BROKEN_BOOT_IRQS is not set
CONFIG_X86_MCE=y
CONFIG_X86_MCE_INTEL=y
# CONFIG_X86_MCE_AMD is not set
CONFIG_X86_MCE_THRESHOLD=y
CONFIG_X86_MCE_INJECT=y
CONFIG_X86_THERMAL_VECTOR=y
# CONFIG_I8K is not set
CONFIG_MICROCODE=y
CONFIG_MICROCODE_INTEL=y
# CONFIG_MICROCODE_AMD is not set
CONFIG_MICROCODE_OLD_INTERFACE=y
CONFIG_X86_MSR=y
CONFIG_X86_CPUID=y
CONFIG_ARCH_PHYS_ADDR_T_64BIT=y
CONFIG_ARCH_DMA_ADDR_T_64BIT=y
CONFIG_DIRECT_GBPAGES=y
CONFIG_NUMA=y
CONFIG_AMD_NUMA=y
CONFIG_X86_64_ACPI_NUMA=y
CONFIG_NODES_SPAN_OTHER_NODES=y
CONFIG_NUMA_EMU=y
CONFIG_NODES_SHIFT=6
CONFIG_ARCH_SPARSEMEM_ENABLE=y
CONFIG_ARCH_SPARSEMEM_DEFAULT=y
CONFIG_ARCH_SELECT_MEMORY_MODEL=y
CONFIG_ARCH_MEMORY_PROBE=y
CONFIG_ARCH_PROC_KCORE_TEXT=y
CONFIG_ILLEGAL_POINTER_VALUE=0xdead000000000000
CONFIG_SELECT_MEMORY_MODEL=y
CONFIG_SPARSEMEM_MANUAL=y
CONFIG_SPARSEMEM=y
CONFIG_NEED_MULTIPLE_NODES=y
CONFIG_HAVE_MEMORY_PRESENT=y
CONFIG_SPARSEMEM_EXTREME=y
CONFIG_SPARSEMEM_VMEMMAP_ENABLE=y
CONFIG_SPARSEMEM_ALLOC_MEM_MAP_TOGETHER=y
CONFIG_SPARSEMEM_VMEMMAP=y
CONFIG_HAVE_MEMBLOCK=y
CONFIG_HAVE_MEMBLOCK_NODE_MAP=y
CONFIG_ARCH_DISCARD_MEMBLOCK=y
CONFIG_MEMORY_HOTPLUG=y
CONFIG_MEMORY_HOTPLUG_SPARSE=y
CONFIG_MEMORY_HOTREMOVE=y
CONFIG_PAGEFLAGS_EXTENDED=y
CONFIG_SPLIT_PTLOCK_CPUS=999999
# CONFIG_COMPACTION is not set
CONFIG_MIGRATION=y
CONFIG_PHYS_ADDR_T_64BIT=y
CONFIG_ZONE_DMA_FLAG=1
CONFIG_BOUNCE=y
CONFIG_VIRT_TO_BUS=y
CONFIG_MMU_NOTIFIER=y
CONFIG_KSM=y
CONFIG_DEFAULT_MMAP_MIN_ADDR=4096
CONFIG_ARCH_SUPPORTS_MEMORY_FAILURE=y
CONFIG_MEMORY_FAILURE=y
CONFIG_HWPOISON_INJECT=y
# CONFIG_TRANSPARENT_HUGEPAGE is not set
CONFIG_CROSS_MEMORY_ATTACH=y
# CONFIG_CLEANCACHE is not set
# CONFIG_FRONTSWAP is not set
CONFIG_X86_CHECK_BIOS_CORRUPTION=y
CONFIG_X86_BOOTPARAM_MEMORY_CORRUPTION_CHECK=y
CONFIG_X86_RESERVE_LOW=64
CONFIG_MTRR=y
# CONFIG_MTRR_SANITIZER is not set
CONFIG_X86_PAT=y
CONFIG_ARCH_USES_PG_UNCACHED=y
CONFIG_ARCH_RANDOM=y
CONFIG_EFI=y
# CONFIG_EFI_STUB is not set
CONFIG_SECCOMP=y
# CONFIG_CC_STACKPROTECTOR is not set
# CONFIG_HZ_100 is not set
# CONFIG_HZ_250 is not set
# CONFIG_HZ_300 is not set
CONFIG_HZ_1000=y
CONFIG_HZ=1000
CONFIG_SCHED_HRTICK=y
CONFIG_KEXEC=y
CONFIG_CRASH_DUMP=y
# CONFIG_KEXEC_JUMP is not set
CONFIG_PHYSICAL_START=0x1000000
CONFIG_RELOCATABLE=y
CONFIG_PHYSICAL_ALIGN=0x1000000
CONFIG_HOTPLUG_CPU=y
CONFIG_COMPAT_VDSO=y
# CONFIG_CMDLINE_BOOL is not set
CONFIG_ARCH_ENABLE_MEMORY_HOTPLUG=y
CONFIG_ARCH_ENABLE_MEMORY_HOTREMOVE=y
CONFIG_USE_PERCPU_NUMA_NODE_ID=y

#
# Power management and ACPI options
#
CONFIG_ARCH_HIBERNATION_HEADER=y
CONFIG_SUSPEND=y
CONFIG_SUSPEND_FREEZER=y
CONFIG_HIBERNATE_CALLBACKS=y
CONFIG_HIBERNATION=y
CONFIG_PM_STD_PARTITION=""
CONFIG_PM_SLEEP=y
CONFIG_PM_SLEEP_SMP=y
# CONFIG_PM_AUTOSLEEP is not set
# CONFIG_PM_WAKELOCKS is not set
CONFIG_PM_RUNTIME=y
CONFIG_PM=y
CONFIG_PM_DEBUG=y
CONFIG_PM_ADVANCED_DEBUG=y
CONFIG_PM_TEST_SUSPEND=y
CONFIG_CAN_PM_TRACE=y
CONFIG_PM_TRACE=y
CONFIG_PM_TRACE_RTC=y
CONFIG_ACPI=y
CONFIG_ACPI_SLEEP=y
CONFIG_ACPI_PROCFS=y
CONFIG_ACPI_PROCFS_POWER=y
CONFIG_ACPI_EC_DEBUGFS=y
CONFIG_ACPI_PROC_EVENT=y
CONFIG_ACPI_AC=y
CONFIG_ACPI_BATTERY=y
CONFIG_ACPI_BUTTON=y
CONFIG_ACPI_VIDEO=y
CONFIG_ACPI_FAN=y
CONFIG_ACPI_DOCK=y
CONFIG_ACPI_PROCESSOR=y
CONFIG_ACPI_HOTPLUG_CPU=y
# CONFIG_ACPI_PROCESSOR_AGGREGATOR is not set
CONFIG_ACPI_THERMAL=y
CONFIG_ACPI_NUMA=y
CONFIG_ACPI_CUSTOM_DSDT_FILE=""
# CONFIG_ACPI_CUSTOM_DSDT is not set
CONFIG_ACPI_BLACKLIST_YEAR=0
CONFIG_ACPI_DEBUG=y
CONFIG_ACPI_DEBUG_FUNC_TRACE=y
CONFIG_ACPI_PCI_SLOT=y
CONFIG_X86_PM_TIMER=y
CONFIG_ACPI_CONTAINER=y
# CONFIG_ACPI_HOTPLUG_MEMORY is not set
CONFIG_ACPI_SBS=y
# CONFIG_ACPI_HED is not set
# CONFIG_ACPI_CUSTOM_METHOD is not set
# CONFIG_ACPI_BGRT is not set
# CONFIG_ACPI_APEI is not set
# CONFIG_SFI is not set

#
# CPU Frequency scaling
#
CONFIG_CPU_FREQ=y
CONFIG_CPU_FREQ_TABLE=y
CONFIG_CPU_FREQ_STAT=y
CONFIG_CPU_FREQ_STAT_DETAILS=y
# CONFIG_CPU_FREQ_DEFAULT_GOV_PERFORMANCE is not set
# CONFIG_CPU_FREQ_DEFAULT_GOV_POWERSAVE is not set
# CONFIG_CPU_FREQ_DEFAULT_GOV_USERSPACE is not set
CONFIG_CPU_FREQ_DEFAULT_GOV_ONDEMAND=y
# CONFIG_CPU_FREQ_DEFAULT_GOV_CONSERVATIVE is not set
CONFIG_CPU_FREQ_GOV_PERFORMANCE=y
CONFIG_CPU_FREQ_GOV_POWERSAVE=y
CONFIG_CPU_FREQ_GOV_USERSPACE=y
CONFIG_CPU_FREQ_GOV_ONDEMAND=y
CONFIG_CPU_FREQ_GOV_CONSERVATIVE=y

#
# x86 CPU frequency scaling drivers
#
# CONFIG_X86_PCC_CPUFREQ is not set
CONFIG_X86_ACPI_CPUFREQ=y
# CONFIG_X86_POWERNOW_K8 is not set
CONFIG_X86_SPEEDSTEP_CENTRINO=y
# CONFIG_X86_P4_CLOCKMOD is not set

#
# shared options
#
# CONFIG_X86_SPEEDSTEP_LIB is not set
CONFIG_CPU_IDLE=y
CONFIG_CPU_IDLE_GOV_LADDER=y
CONFIG_CPU_IDLE_GOV_MENU=y
# CONFIG_INTEL_IDLE is not set

#
# Memory power savings
#
CONFIG_I7300_IDLE_IOAT_CHANNEL=y
CONFIG_I7300_IDLE=y

#
# Bus options (PCI etc.)
#
CONFIG_PCI=y
CONFIG_PCI_DIRECT=y
CONFIG_PCI_MMCONFIG=y
CONFIG_PCI_DOMAINS=y
# CONFIG_PCI_CNB20LE_QUIRK is not set
CONFIG_PCIEPORTBUS=y
# CONFIG_HOTPLUG_PCI_PCIE is not set
CONFIG_PCIEAER=y
# CONFIG_PCIE_ECRC is not set
# CONFIG_PCIEAER_INJECT is not set
# CONFIG_PCIEASPM is not set
CONFIG_PCIE_PME=y
CONFIG_ARCH_SUPPORTS_MSI=y
CONFIG_PCI_MSI=y
# CONFIG_PCI_DEBUG is not set
# CONFIG_PCI_REALLOC_ENABLE_AUTO is not set
# CONFIG_PCI_STUB is not set
CONFIG_HT_IRQ=y
# CONFIG_PCI_IOV is not set
# CONFIG_PCI_PRI is not set
# CONFIG_PCI_PASID is not set
CONFIG_PCI_IOAPIC=y
CONFIG_PCI_LABEL=y
CONFIG_ISA_DMA_API=y
# CONFIG_PCCARD is not set
CONFIG_HOTPLUG_PCI=y
# CONFIG_HOTPLUG_PCI_FAKE is not set
# CONFIG_HOTPLUG_PCI_ACPI is not set
# CONFIG_HOTPLUG_PCI_CPCI is not set
# CONFIG_HOTPLUG_PCI_SHPC is not set
# CONFIG_RAPIDIO is not set

#
# Executable file formats / Emulations
#
CONFIG_BINFMT_ELF=y
CONFIG_COMPAT_BINFMT_ELF=y
CONFIG_ARCH_BINFMT_ELF_RANDOMIZE_PIE=y
# CONFIG_CORE_DUMP_DEFAULT_ELF_HEADERS is not set
# CONFIG_HAVE_AOUT is not set
# CONFIG_BINFMT_MISC is not set
CONFIG_IA32_EMULATION=y
# CONFIG_IA32_AOUT is not set
# CONFIG_X86_X32 is not set
CONFIG_COMPAT=y
CONFIG_COMPAT_FOR_U64_ALIGNMENT=y
CONFIG_SYSVIPC_COMPAT=y
CONFIG_KEYS_COMPAT=y
CONFIG_HAVE_TEXT_POKE_SMP=y
CONFIG_X86_DEV_DMA_OPS=y
CONFIG_NET=y

#
# Networking options
#
CONFIG_PACKET=y
CONFIG_UNIX=y
# CONFIG_UNIX_DIAG is not set
CONFIG_XFRM=y
CONFIG_XFRM_ALGO=y
CONFIG_XFRM_USER=y
# CONFIG_XFRM_SUB_POLICY is not set
# CONFIG_XFRM_MIGRATE is not set
# CONFIG_XFRM_STATISTICS is not set
CONFIG_XFRM_IPCOMP=y
CONFIG_NET_KEY=y
# CONFIG_NET_KEY_MIGRATE is not set
CONFIG_INET=y
# CONFIG_IP_MULTICAST is not set
# CONFIG_IP_ADVANCED_ROUTER is not set
CONFIG_IP_ROUTE_CLASSID=y
CONFIG_IP_PNP=y
CONFIG_IP_PNP_DHCP=y
# CONFIG_IP_PNP_BOOTP is not set
# CONFIG_IP_PNP_RARP is not set
# CONFIG_NET_IPIP is not set
# CONFIG_NET_IPGRE_DEMUX is not set
# CONFIG_ARPD is not set
# CONFIG_SYN_COOKIES is not set
CONFIG_INET_AH=y
CONFIG_INET_ESP=y
CONFIG_INET_IPCOMP=y
CONFIG_INET_XFRM_TUNNEL=y
CONFIG_INET_TUNNEL=y
# CONFIG_INET_XFRM_MODE_TRANSPORT is not set
# CONFIG_INET_XFRM_MODE_TUNNEL is not set
# CONFIG_INET_XFRM_MODE_BEET is not set
CONFIG_INET_LRO=y
CONFIG_INET_DIAG=y
CONFIG_INET_TCP_DIAG=y
# CONFIG_INET_UDP_DIAG is not set
CONFIG_TCP_CONG_ADVANCED=y
CONFIG_TCP_CONG_BIC=y
CONFIG_TCP_CONG_CUBIC=y
CONFIG_TCP_CONG_WESTWOOD=y
CONFIG_TCP_CONG_HTCP=y
CONFIG_TCP_CONG_HSTCP=y
CONFIG_TCP_CONG_HYBLA=y
CONFIG_TCP_CONG_VEGAS=y
CONFIG_TCP_CONG_SCALABLE=y
CONFIG_TCP_CONG_LP=y
CONFIG_TCP_CONG_VENO=y
CONFIG_TCP_CONG_YEAH=y
CONFIG_TCP_CONG_ILLINOIS=y
# CONFIG_DEFAULT_BIC is not set
CONFIG_DEFAULT_CUBIC=y
# CONFIG_DEFAULT_HTCP is not set
# CONFIG_DEFAULT_HYBLA is not set
# CONFIG_DEFAULT_VEGAS is not set
# CONFIG_DEFAULT_VENO is not set
# CONFIG_DEFAULT_WESTWOOD is not set
# CONFIG_DEFAULT_RENO is not set
CONFIG_DEFAULT_TCP_CONG="cubic"
# CONFIG_TCP_MD5SIG is not set
CONFIG_IPV6=y
# CONFIG_IPV6_PRIVACY is not set
# CONFIG_IPV6_ROUTER_PREF is not set
# CONFIG_IPV6_OPTIMISTIC_DAD is not set
# CONFIG_INET6_AH is not set
# CONFIG_INET6_ESP is not set
# CONFIG_INET6_IPCOMP is not set
# CONFIG_IPV6_MIP6 is not set
# CONFIG_INET6_XFRM_TUNNEL is not set
# CONFIG_INET6_TUNNEL is not set
CONFIG_INET6_XFRM_MODE_TRANSPORT=y
CONFIG_INET6_XFRM_MODE_TUNNEL=y
CONFIG_INET6_XFRM_MODE_BEET=y
# CONFIG_INET6_XFRM_MODE_ROUTEOPTIMIZATION is not set
CONFIG_IPV6_SIT=y
# CONFIG_IPV6_SIT_6RD is not set
CONFIG_IPV6_NDISC_NODETYPE=y
# CONFIG_IPV6_TUNNEL is not set
# CONFIG_IPV6_MULTIPLE_TABLES is not set
# CONFIG_IPV6_MROUTE is not set
# CONFIG_NETWORK_SECMARK is not set
# CONFIG_NETWORK_PHY_TIMESTAMPING is not set
CONFIG_NETFILTER=y
# CONFIG_NETFILTER_DEBUG is not set
CONFIG_NETFILTER_ADVANCED=y
CONFIG_BRIDGE_NETFILTER=y

#
# Core Netfilter Configuration
#
CONFIG_NETFILTER_NETLINK=y
# CONFIG_NETFILTER_NETLINK_ACCT is not set
CONFIG_NETFILTER_NETLINK_QUEUE=y
CONFIG_NETFILTER_NETLINK_LOG=y
CONFIG_NF_CONNTRACK=y
CONFIG_NF_CONNTRACK_MARK=y
CONFIG_NF_CONNTRACK_ZONES=y
CONFIG_NF_CONNTRACK_PROCFS=y
CONFIG_NF_CONNTRACK_EVENTS=y
# CONFIG_NF_CONNTRACK_TIMEOUT is not set
# CONFIG_NF_CONNTRACK_TIMESTAMP is not set
CONFIG_NF_CT_PROTO_DCCP=y
CONFIG_NF_CT_PROTO_GRE=y
CONFIG_NF_CT_PROTO_SCTP=y
CONFIG_NF_CT_PROTO_UDPLITE=y
CONFIG_NF_CONNTRACK_AMANDA=y
CONFIG_NF_CONNTRACK_FTP=y
CONFIG_NF_CONNTRACK_H323=y
CONFIG_NF_CONNTRACK_IRC=y
CONFIG_NF_CONNTRACK_BROADCAST=y
CONFIG_NF_CONNTRACK_NETBIOS_NS=y
# CONFIG_NF_CONNTRACK_SNMP is not set
CONFIG_NF_CONNTRACK_PPTP=y
CONFIG_NF_CONNTRACK_SANE=y
CONFIG_NF_CONNTRACK_SIP=y
CONFIG_NF_CONNTRACK_TFTP=y
CONFIG_NF_CT_NETLINK=y
# CONFIG_NF_CT_NETLINK_TIMEOUT is not set
CONFIG_NETFILTER_TPROXY=y
CONFIG_NETFILTER_XTABLES=y

#
# Xtables combined modules
#
CONFIG_NETFILTER_XT_MARK=y
CONFIG_NETFILTER_XT_CONNMARK=y

#
# Xtables targets
#
# CONFIG_NETFILTER_XT_TARGET_AUDIT is not set
CONFIG_NETFILTER_XT_TARGET_CHECKSUM=y
CONFIG_NETFILTER_XT_TARGET_CLASSIFY=y
CONFIG_NETFILTER_XT_TARGET_CONNMARK=y
CONFIG_NETFILTER_XT_TARGET_CT=y
CONFIG_NETFILTER_XT_TARGET_DSCP=y
CONFIG_NETFILTER_XT_TARGET_HL=y
# CONFIG_NETFILTER_XT_TARGET_HMARK is not set
CONFIG_NETFILTER_XT_TARGET_IDLETIMER=y
CONFIG_NETFILTER_XT_TARGET_LED=y
# CONFIG_NETFILTER_XT_TARGET_LOG is not set
CONFIG_NETFILTER_XT_TARGET_MARK=y
CONFIG_NETFILTER_XT_TARGET_NFLOG=y
CONFIG_NETFILTER_XT_TARGET_NFQUEUE=y
CONFIG_NETFILTER_XT_TARGET_NOTRACK=y
CONFIG_NETFILTER_XT_TARGET_RATEEST=y
CONFIG_NETFILTER_XT_TARGET_TEE=y
CONFIG_NETFILTER_XT_TARGET_TPROXY=y
CONFIG_NETFILTER_XT_TARGET_TRACE=y
CONFIG_NETFILTER_XT_TARGET_TCPMSS=y
CONFIG_NETFILTER_XT_TARGET_TCPOPTSTRIP=y

#
# Xtables matches
#
# CONFIG_NETFILTER_XT_MATCH_ADDRTYPE is not set
CONFIG_NETFILTER_XT_MATCH_CLUSTER=y
CONFIG_NETFILTER_XT_MATCH_COMMENT=y
CONFIG_NETFILTER_XT_MATCH_CONNBYTES=y
CONFIG_NETFILTER_XT_MATCH_CONNLIMIT=y
CONFIG_NETFILTER_XT_MATCH_CONNMARK=y
CONFIG_NETFILTER_XT_MATCH_CONNTRACK=y
CONFIG_NETFILTER_XT_MATCH_CPU=y
CONFIG_NETFILTER_XT_MATCH_DCCP=y
# CONFIG_NETFILTER_XT_MATCH_DEVGROUP is not set
CONFIG_NETFILTER_XT_MATCH_DSCP=y
CONFIG_NETFILTER_XT_MATCH_ECN=y
CONFIG_NETFILTER_XT_MATCH_ESP=y
CONFIG_NETFILTER_XT_MATCH_HASHLIMIT=y
CONFIG_NETFILTER_XT_MATCH_HELPER=y
CONFIG_NETFILTER_XT_MATCH_HL=y
CONFIG_NETFILTER_XT_MATCH_IPRANGE=y
CONFIG_NETFILTER_XT_MATCH_LENGTH=y
CONFIG_NETFILTER_XT_MATCH_LIMIT=y
CONFIG_NETFILTER_XT_MATCH_MAC=y
CONFIG_NETFILTER_XT_MATCH_MARK=y
CONFIG_NETFILTER_XT_MATCH_MULTIPORT=y
# CONFIG_NETFILTER_XT_MATCH_NFACCT is not set
CONFIG_NETFILTER_XT_MATCH_OSF=y
CONFIG_NETFILTER_XT_MATCH_OWNER=y
CONFIG_NETFILTER_XT_MATCH_POLICY=y
CONFIG_NETFILTER_XT_MATCH_PHYSDEV=y
CONFIG_NETFILTER_XT_MATCH_PKTTYPE=y
CONFIG_NETFILTER_XT_MATCH_QUOTA=y
CONFIG_NETFILTER_XT_MATCH_RATEEST=y
CONFIG_NETFILTER_XT_MATCH_REALM=y
CONFIG_NETFILTER_XT_MATCH_RECENT=y
CONFIG_NETFILTER_XT_MATCH_SCTP=y
CONFIG_NETFILTER_XT_MATCH_SOCKET=y
CONFIG_NETFILTER_XT_MATCH_STATE=y
CONFIG_NETFILTER_XT_MATCH_STATISTIC=y
CONFIG_NETFILTER_XT_MATCH_STRING=y
CONFIG_NETFILTER_XT_MATCH_TCPMSS=y
CONFIG_NETFILTER_XT_MATCH_TIME=y
CONFIG_NETFILTER_XT_MATCH_U32=y
# CONFIG_IP_SET is not set
# CONFIG_IP_VS is not set

#
# IP: Netfilter Configuration
#
CONFIG_NF_DEFRAG_IPV4=y
CONFIG_NF_CONNTRACK_IPV4=y
CONFIG_NF_CONNTRACK_PROC_COMPAT=y
# CONFIG_IP_NF_QUEUE is not set
CONFIG_IP_NF_IPTABLES=y
CONFIG_IP_NF_MATCH_AH=y
CONFIG_IP_NF_MATCH_ECN=y
# CONFIG_IP_NF_MATCH_RPFILTER is not set
CONFIG_IP_NF_MATCH_TTL=y
CONFIG_IP_NF_FILTER=y
CONFIG_IP_NF_TARGET_REJECT=y
CONFIG_IP_NF_TARGET_ULOG=y
# CONFIG_NF_NAT is not set
CONFIG_IP_NF_MANGLE=y
CONFIG_IP_NF_TARGET_CLUSTERIP=y
CONFIG_IP_NF_TARGET_ECN=y
CONFIG_IP_NF_TARGET_TTL=y
CONFIG_IP_NF_RAW=y
CONFIG_IP_NF_ARPTABLES=y
CONFIG_IP_NF_ARPFILTER=y
CONFIG_IP_NF_ARP_MANGLE=y

#
# IPv6: Netfilter Configuration
#
# CONFIG_NF_DEFRAG_IPV6 is not set
# CONFIG_NF_CONNTRACK_IPV6 is not set
# CONFIG_IP6_NF_IPTABLES is not set
CONFIG_BRIDGE_NF_EBTABLES=y
CONFIG_BRIDGE_EBT_BROUTE=y
CONFIG_BRIDGE_EBT_T_FILTER=y
CONFIG_BRIDGE_EBT_T_NAT=y
CONFIG_BRIDGE_EBT_802_3=y
CONFIG_BRIDGE_EBT_AMONG=y
CONFIG_BRIDGE_EBT_ARP=y
CONFIG_BRIDGE_EBT_IP=y
# CONFIG_BRIDGE_EBT_IP6 is not set
CONFIG_BRIDGE_EBT_LIMIT=y
CONFIG_BRIDGE_EBT_MARK=y
CONFIG_BRIDGE_EBT_PKTTYPE=y
CONFIG_BRIDGE_EBT_STP=y
CONFIG_BRIDGE_EBT_VLAN=y
CONFIG_BRIDGE_EBT_ARPREPLY=y
CONFIG_BRIDGE_EBT_DNAT=y
CONFIG_BRIDGE_EBT_MARK_T=y
CONFIG_BRIDGE_EBT_REDIRECT=y
CONFIG_BRIDGE_EBT_SNAT=y
CONFIG_BRIDGE_EBT_LOG=y
CONFIG_BRIDGE_EBT_ULOG=y
CONFIG_BRIDGE_EBT_NFLOG=y
# CONFIG_IP_DCCP is not set
# CONFIG_IP_SCTP is not set
# CONFIG_RDS is not set
# CONFIG_TIPC is not set
# CONFIG_ATM is not set
# CONFIG_L2TP is not set
CONFIG_STP=y
CONFIG_BRIDGE=y
CONFIG_BRIDGE_IGMP_SNOOPING=y
# CONFIG_NET_DSA is not set
# CONFIG_VLAN_8021Q is not set
# CONFIG_DECNET is not set
CONFIG_LLC=y
# CONFIG_LLC2 is not set
# CONFIG_IPX is not set
# CONFIG_ATALK is not set
# CONFIG_X25 is not set
# CONFIG_LAPB is not set
# CONFIG_WAN_ROUTER is not set
# CONFIG_PHONET is not set
# CONFIG_IEEE802154 is not set
CONFIG_NET_SCHED=y

#
# Queueing/Scheduling
#
# CONFIG_NET_SCH_CBQ is not set
# CONFIG_NET_SCH_HTB is not set
# CONFIG_NET_SCH_HFSC is not set
# CONFIG_NET_SCH_PRIO is not set
# CONFIG_NET_SCH_MULTIQ is not set
# CONFIG_NET_SCH_RED is not set
# CONFIG_NET_SCH_SFB is not set
# CONFIG_NET_SCH_SFQ is not set
# CONFIG_NET_SCH_TEQL is not set
# CONFIG_NET_SCH_TBF is not set
# CONFIG_NET_SCH_GRED is not set
# CONFIG_NET_SCH_DSMARK is not set
CONFIG_NET_SCH_NETEM=y
# CONFIG_NET_SCH_DRR is not set
# CONFIG_NET_SCH_MQPRIO is not set
# CONFIG_NET_SCH_CHOKE is not set
# CONFIG_NET_SCH_QFQ is not set
# CONFIG_NET_SCH_CODEL is not set
# CONFIG_NET_SCH_FQ_CODEL is not set
# CONFIG_NET_SCH_PLUG is not set

#
# Classification
#
# CONFIG_NET_CLS_BASIC is not set
# CONFIG_NET_CLS_TCINDEX is not set
# CONFIG_NET_CLS_ROUTE4 is not set
# CONFIG_NET_CLS_FW is not set
# CONFIG_NET_CLS_U32 is not set
# CONFIG_NET_CLS_RSVP is not set
# CONFIG_NET_CLS_RSVP6 is not set
# CONFIG_NET_CLS_FLOW is not set
# CONFIG_NET_CLS_CGROUP is not set
# CONFIG_NET_EMATCH is not set
# CONFIG_NET_CLS_ACT is not set
CONFIG_NET_SCH_FIFO=y
# CONFIG_DCB is not set
CONFIG_DNS_RESOLVER=y
# CONFIG_BATMAN_ADV is not set
# CONFIG_OPENVSWITCH is not set
CONFIG_RPS=y
CONFIG_RFS_ACCEL=y
CONFIG_XPS=y
# CONFIG_NETPRIO_CGROUP is not set
CONFIG_BQL=y
# CONFIG_BPF_JIT is not set

#
# Network testing
#
# CONFIG_NET_PKTGEN is not set
# CONFIG_NET_TCPPROBE is not set
# CONFIG_NET_DROP_MONITOR is not set
# CONFIG_HAMRADIO is not set
# CONFIG_CAN is not set
# CONFIG_IRDA is not set
# CONFIG_BT is not set
# CONFIG_AF_RXRPC is not set
# CONFIG_WIRELESS is not set
# CONFIG_WIMAX is not set
# CONFIG_RFKILL is not set
# CONFIG_NET_9P is not set
# CONFIG_CAIF is not set
# CONFIG_CEPH_LIB is not set
# CONFIG_NFC is not set
CONFIG_HAVE_BPF_JIT=y

#
# Device Drivers
#

#
# Generic Driver Options
#
CONFIG_UEVENT_HELPER_PATH="/sbin/hotplug"
CONFIG_DEVTMPFS=y
CONFIG_DEVTMPFS_MOUNT=y
# CONFIG_STANDALONE is not set
# CONFIG_PREVENT_FIRMWARE_BUILD is not set
CONFIG_FW_LOADER=y
CONFIG_FIRMWARE_IN_KERNEL=y
CONFIG_EXTRA_FIRMWARE=""
# CONFIG_DEBUG_DRIVER is not set
# CONFIG_DEBUG_DEVRES is not set
# CONFIG_SYS_HYPERVISOR is not set
# CONFIG_GENERIC_CPU_DEVICES is not set
CONFIG_DMA_SHARED_BUFFER=y
CONFIG_CONNECTOR=y
CONFIG_PROC_EVENTS=y
# CONFIG_MTD is not set
# CONFIG_PARPORT is not set
CONFIG_PNP=y
CONFIG_PNP_DEBUG_MESSAGES=y

#
# Protocols
#
CONFIG_PNPACPI=y
CONFIG_BLK_DEV=y
CONFIG_BLK_DEV_FD=y
# CONFIG_BLK_DEV_PCIESSD_MTIP32XX is not set
# CONFIG_BLK_CPQ_DA is not set
# CONFIG_BLK_CPQ_CISS_DA is not set
# CONFIG_BLK_DEV_DAC960 is not set
# CONFIG_BLK_DEV_UMEM is not set
# CONFIG_BLK_DEV_COW_COMMON is not set
CONFIG_BLK_DEV_LOOP=y
CONFIG_BLK_DEV_LOOP_MIN_COUNT=8
CONFIG_BLK_DEV_CRYPTOLOOP=y
# CONFIG_BLK_DEV_DRBD is not set
# CONFIG_BLK_DEV_NBD is not set
# CONFIG_BLK_DEV_NVME is not set
# CONFIG_BLK_DEV_SX8 is not set
# CONFIG_BLK_DEV_UB is not set
CONFIG_BLK_DEV_RAM=y
CONFIG_BLK_DEV_RAM_COUNT=16
CONFIG_BLK_DEV_RAM_SIZE=65536
# CONFIG_BLK_DEV_XIP is not set
CONFIG_CDROM_PKTCDVD=y
CONFIG_CDROM_PKTCDVD_BUFFERS=128
# CONFIG_CDROM_PKTCDVD_WCACHE is not set
# CONFIG_ATA_OVER_ETH is not set
CONFIG_VIRTIO_BLK=y
# CONFIG_BLK_DEV_HD is not set
# CONFIG_BLK_DEV_RBD is not set

#
# Misc devices
#
# CONFIG_SENSORS_LIS3LV02D is not set
# CONFIG_AD525X_DPOT is not set
# CONFIG_IBM_ASM is not set
# CONFIG_PHANTOM is not set
# CONFIG_INTEL_MID_PTI is not set
# CONFIG_SGI_IOC4 is not set
# CONFIG_TIFM_CORE is not set
# CONFIG_ICS932S401 is not set
# CONFIG_ENCLOSURE_SERVICES is not set
# CONFIG_HP_ILO is not set
# CONFIG_APDS9802ALS is not set
# CONFIG_ISL29003 is not set
# CONFIG_ISL29020 is not set
# CONFIG_SENSORS_TSL2550 is not set
# CONFIG_SENSORS_BH1780 is not set
# CONFIG_SENSORS_BH1770 is not set
# CONFIG_SENSORS_APDS990X is not set
# CONFIG_HMC6352 is not set
# CONFIG_DS1682 is not set
# CONFIG_VMWARE_BALLOON is not set
# CONFIG_BMP085_I2C is not set
# CONFIG_PCH_PHUB is not set
# CONFIG_USB_SWITCH_FSA9480 is not set
# CONFIG_C2PORT is not set

#
# EEPROM support
#
# CONFIG_EEPROM_AT24 is not set
# CONFIG_EEPROM_LEGACY is not set
# CONFIG_EEPROM_MAX6875 is not set
# CONFIG_EEPROM_93CX6 is not set
# CONFIG_CB710_CORE is not set

#
# Texas Instruments shared transport line discipline
#
# CONFIG_SENSORS_LIS3_I2C is not set

#
# Altera FPGA firmware download module
#
# CONFIG_ALTERA_STAPL is not set
# CONFIG_INTEL_MEI is not set
CONFIG_HAVE_IDE=y
CONFIG_IDE=y

#
# Please see Documentation/ide/ide.txt for help/info on IDE drives
#
CONFIG_IDE_XFER_MODE=y
# CONFIG_BLK_DEV_IDE_SATA is not set
CONFIG_IDE_GD=y
CONFIG_IDE_GD_ATA=y
# CONFIG_IDE_GD_ATAPI is not set
# CONFIG_BLK_DEV_IDECD is not set
# CONFIG_BLK_DEV_IDETAPE is not set
# CONFIG_BLK_DEV_IDEACPI is not set
# CONFIG_IDE_TASK_IOCTL is not set
CONFIG_IDE_PROC_FS=y

#
# IDE chipset support/bugfixes
#
CONFIG_IDE_GENERIC=y
# CONFIG_BLK_DEV_PLATFORM is not set
# CONFIG_BLK_DEV_CMD640 is not set
# CONFIG_BLK_DEV_IDEPNP is not set
CONFIG_BLK_DEV_IDEDMA_SFF=y

#
# PCI IDE chipsets support
#
CONFIG_BLK_DEV_IDEPCI=y
CONFIG_IDEPCI_PCIBUS_ORDER=y
# CONFIG_BLK_DEV_GENERIC is not set
# CONFIG_BLK_DEV_OPTI621 is not set
# CONFIG_BLK_DEV_RZ1000 is not set
CONFIG_BLK_DEV_IDEDMA_PCI=y
# CONFIG_BLK_DEV_AEC62XX is not set
# CONFIG_BLK_DEV_ALI15X3 is not set
# CONFIG_BLK_DEV_AMD74XX is not set
# CONFIG_BLK_DEV_ATIIXP is not set
# CONFIG_BLK_DEV_CMD64X is not set
# CONFIG_BLK_DEV_TRIFLEX is not set
# CONFIG_BLK_DEV_CS5520 is not set
# CONFIG_BLK_DEV_CS5530 is not set
# CONFIG_BLK_DEV_HPT366 is not set
# CONFIG_BLK_DEV_JMICRON is not set
# CONFIG_BLK_DEV_SC1200 is not set
CONFIG_BLK_DEV_PIIX=y
# CONFIG_BLK_DEV_IT8172 is not set
# CONFIG_BLK_DEV_IT8213 is not set
# CONFIG_BLK_DEV_IT821X is not set
# CONFIG_BLK_DEV_NS87415 is not set
# CONFIG_BLK_DEV_PDC202XX_OLD is not set
# CONFIG_BLK_DEV_PDC202XX_NEW is not set
# CONFIG_BLK_DEV_SVWKS is not set
# CONFIG_BLK_DEV_SIIMAGE is not set
# CONFIG_BLK_DEV_SIS5513 is not set
# CONFIG_BLK_DEV_SLC90E66 is not set
# CONFIG_BLK_DEV_TRM290 is not set
# CONFIG_BLK_DEV_VIA82CXXX is not set
# CONFIG_BLK_DEV_TC86C001 is not set
CONFIG_BLK_DEV_IDEDMA=y

#
# SCSI device support
#
CONFIG_SCSI_MOD=y
CONFIG_RAID_ATTRS=y
CONFIG_SCSI=y
CONFIG_SCSI_DMA=y
# CONFIG_SCSI_TGT is not set
CONFIG_SCSI_NETLINK=y
CONFIG_SCSI_PROC_FS=y

#
# SCSI support type (disk, tape, CD-ROM)
#
CONFIG_BLK_DEV_SD=y
# CONFIG_CHR_DEV_ST is not set
# CONFIG_CHR_DEV_OSST is not set
# CONFIG_BLK_DEV_SR is not set
# CONFIG_CHR_DEV_SG is not set
# CONFIG_CHR_DEV_SCH is not set
# CONFIG_SCSI_MULTI_LUN is not set
CONFIG_SCSI_CONSTANTS=y
# CONFIG_SCSI_LOGGING is not set
CONFIG_SCSI_SCAN_ASYNC=y
CONFIG_SCSI_WAIT_SCAN=m

#
# SCSI Transports
#
CONFIG_SCSI_SPI_ATTRS=y
CONFIG_SCSI_FC_ATTRS=y
CONFIG_SCSI_ISCSI_ATTRS=y
CONFIG_SCSI_SAS_ATTRS=y
CONFIG_SCSI_SAS_LIBSAS=y
CONFIG_SCSI_SAS_ATA=y
CONFIG_SCSI_SAS_HOST_SMP=y
# CONFIG_SCSI_SRP_ATTRS is not set
CONFIG_SCSI_LOWLEVEL=y
# CONFIG_ISCSI_TCP is not set
CONFIG_ISCSI_BOOT_SYSFS=y
# CONFIG_SCSI_CXGB3_ISCSI is not set
# CONFIG_SCSI_CXGB4_ISCSI is not set
# CONFIG_SCSI_BNX2_ISCSI is not set
# CONFIG_SCSI_BNX2X_FCOE is not set
# CONFIG_BE2ISCSI is not set
# CONFIG_BLK_DEV_3W_XXXX_RAID is not set
# CONFIG_SCSI_HPSA is not set
# CONFIG_SCSI_3W_9XXX is not set
# CONFIG_SCSI_3W_SAS is not set
# CONFIG_SCSI_ACARD is not set
CONFIG_SCSI_AACRAID=y
CONFIG_SCSI_AIC7XXX=y
CONFIG_AIC7XXX_CMDS_PER_DEVICE=32
CONFIG_AIC7XXX_RESET_DELAY_MS=5000
# CONFIG_AIC7XXX_BUILD_FIRMWARE is not set
CONFIG_AIC7XXX_DEBUG_ENABLE=y
CONFIG_AIC7XXX_DEBUG_MASK=0
CONFIG_AIC7XXX_REG_PRETTY_PRINT=y
CONFIG_SCSI_AIC7XXX_OLD=y
CONFIG_SCSI_AIC79XX=y
CONFIG_AIC79XX_CMDS_PER_DEVICE=32
CONFIG_AIC79XX_RESET_DELAY_MS=5000
# CONFIG_AIC79XX_BUILD_FIRMWARE is not set
CONFIG_AIC79XX_DEBUG_ENABLE=y
CONFIG_AIC79XX_DEBUG_MASK=0
CONFIG_AIC79XX_REG_PRETTY_PRINT=y
CONFIG_SCSI_AIC94XX=y
CONFIG_AIC94XX_DEBUG=y
CONFIG_SCSI_MVSAS=y
CONFIG_SCSI_MVSAS_DEBUG=y
# CONFIG_SCSI_MVSAS_TASKLET is not set
# CONFIG_SCSI_MVUMI is not set
CONFIG_SCSI_DPT_I2O=y
CONFIG_SCSI_ADVANSYS=y
# CONFIG_SCSI_ARCMSR is not set
CONFIG_MEGARAID_NEWGEN=y
CONFIG_MEGARAID_MM=y
CONFIG_MEGARAID_MAILBOX=y
CONFIG_MEGARAID_LEGACY=y
CONFIG_MEGARAID_SAS=y
CONFIG_SCSI_MPT2SAS=y
CONFIG_SCSI_MPT2SAS_MAX_SGE=128
# CONFIG_SCSI_MPT2SAS_LOGGING is not set
# CONFIG_SCSI_UFSHCD is not set
# CONFIG_SCSI_HPTIOP is not set
# CONFIG_SCSI_BUSLOGIC is not set
# CONFIG_VMWARE_PVSCSI is not set
# CONFIG_LIBFC is not set
# CONFIG_LIBFCOE is not set
# CONFIG_FCOE is not set
# CONFIG_FCOE_FNIC is not set
# CONFIG_SCSI_DMX3191D is not set
# CONFIG_SCSI_EATA is not set
# CONFIG_SCSI_FUTURE_DOMAIN is not set
CONFIG_SCSI_GDTH=y
CONFIG_SCSI_ISCI=y
# CONFIG_SCSI_IPS is not set
# CONFIG_SCSI_INITIO is not set
# CONFIG_SCSI_INIA100 is not set
# CONFIG_SCSI_STEX is not set
# CONFIG_SCSI_SYM53C8XX_2 is not set
# CONFIG_SCSI_IPR is not set
CONFIG_SCSI_QLOGIC_1280=y
CONFIG_SCSI_QLA_FC=y
CONFIG_SCSI_QLA_ISCSI=y
# CONFIG_SCSI_LPFC is not set
# CONFIG_SCSI_DC395x is not set
# CONFIG_SCSI_DC390T is not set
# CONFIG_SCSI_DEBUG is not set
# CONFIG_SCSI_PMCRAID is not set
# CONFIG_SCSI_PM8001 is not set
# CONFIG_SCSI_SRP is not set
# CONFIG_SCSI_BFA_FC is not set
CONFIG_SCSI_VIRTIO=y
# CONFIG_SCSI_DH is not set
# CONFIG_SCSI_OSD_INITIATOR is not set
CONFIG_ATA=y
# CONFIG_ATA_NONSTANDARD is not set
CONFIG_ATA_VERBOSE_ERROR=y
CONFIG_ATA_ACPI=y
CONFIG_SATA_PMP=y

#
# Controllers with non-SFF native interface
#
CONFIG_SATA_AHCI=y
# CONFIG_SATA_AHCI_PLATFORM is not set
# CONFIG_SATA_INIC162X is not set
# CONFIG_SATA_ACARD_AHCI is not set
# CONFIG_SATA_SIL24 is not set
CONFIG_ATA_SFF=y

#
# SFF controllers with custom DMA interface
#
# CONFIG_PDC_ADMA is not set
# CONFIG_SATA_QSTOR is not set
# CONFIG_SATA_SX4 is not set
CONFIG_ATA_BMDMA=y

#
# SATA SFF controllers with BMDMA
#
CONFIG_ATA_PIIX=y
# CONFIG_SATA_MV is not set
# CONFIG_SATA_NV is not set
# CONFIG_SATA_PROMISE is not set
# CONFIG_SATA_SIL is not set
# CONFIG_SATA_SIS is not set
# CONFIG_SATA_SVW is not set
# CONFIG_SATA_ULI is not set
# CONFIG_SATA_VIA is not set
# CONFIG_SATA_VITESSE is not set

#
# PATA SFF controllers with BMDMA
#
# CONFIG_PATA_ALI is not set
# CONFIG_PATA_AMD is not set
# CONFIG_PATA_ARASAN_CF is not set
# CONFIG_PATA_ARTOP is not set
# CONFIG_PATA_ATIIXP is not set
# CONFIG_PATA_ATP867X is not set
# CONFIG_PATA_CMD64X is not set
# CONFIG_PATA_CS5520 is not set
# CONFIG_PATA_CS5530 is not set
# CONFIG_PATA_CS5536 is not set
# CONFIG_PATA_CYPRESS is not set
# CONFIG_PATA_EFAR is not set
# CONFIG_PATA_HPT366 is not set
# CONFIG_PATA_HPT37X is not set
# CONFIG_PATA_HPT3X2N is not set
# CONFIG_PATA_HPT3X3 is not set
# CONFIG_PATA_IT8213 is not set
# CONFIG_PATA_IT821X is not set
# CONFIG_PATA_JMICRON is not set
# CONFIG_PATA_MARVELL is not set
# CONFIG_PATA_NETCELL is not set
# CONFIG_PATA_NINJA32 is not set
# CONFIG_PATA_NS87415 is not set
# CONFIG_PATA_OLDPIIX is not set
# CONFIG_PATA_OPTIDMA is not set
# CONFIG_PATA_PDC2027X is not set
# CONFIG_PATA_PDC_OLD is not set
# CONFIG_PATA_RADISYS is not set
# CONFIG_PATA_RDC is not set
# CONFIG_PATA_SC1200 is not set
# CONFIG_PATA_SCH is not set
# CONFIG_PATA_SERVERWORKS is not set
# CONFIG_PATA_SIL680 is not set
# CONFIG_PATA_SIS is not set
# CONFIG_PATA_TOSHIBA is not set
# CONFIG_PATA_TRIFLEX is not set
# CONFIG_PATA_VIA is not set
# CONFIG_PATA_WINBOND is not set

#
# PIO-only SFF controllers
#
# CONFIG_PATA_CMD640_PCI is not set
# CONFIG_PATA_MPIIX is not set
# CONFIG_PATA_NS87410 is not set
# CONFIG_PATA_OPTI is not set
CONFIG_PATA_PLATFORM=y
# CONFIG_PATA_RZ1000 is not set

#
# Generic fallback / legacy drivers
#
# CONFIG_PATA_ACPI is not set
