Path: news.gmane.org!not-for-mail
From: Fengguang Wu <fengguang.wu@intel.com>
Newsgroups: gmane.linux.kernel,gmane.linux.file-systems
Subject: [vfs:for-next] mnt_want_write: possible circular locking dependency
 detected
Date: Tue, 31 Jul 2012 16:29:43 +0800
Lines: 9876
Approved: news@gmane.org
Message-ID: <20120731082943.GB14475@localhost>
NNTP-Posting-Host: plane.gmane.org
Mime-Version: 1.0
Content-Type: multipart/mixed; boundary="cWoXeonUoKmBZSoM"
Content-Transfer-Encoding: 8bit
X-Trace: dough.gmane.org 1343723489 16692 80.91.229.3 (31 Jul 2012 08:31:29 GMT)
X-Complaints-To: usenet@dough.gmane.org
NNTP-Posting-Date: Tue, 31 Jul 2012 08:31:29 +0000 (UTC)
Cc: Al Viro <viro@zeniv.linux.org.uk>, linux-fsdevel@vger.kernel.org,
	LKML <linux-kernel@vger.kernel.org>
To: Jan Kara <jack@suse.cz>
Original-X-From: linux-kernel-owner@vger.kernel.org Tue Jul 31 10:31:21 2012
Return-path: <linux-kernel-owner@vger.kernel.org>
Envelope-to: glk-linux-kernel-3@plane.gmane.org
Original-Received: from vger.kernel.org ([209.132.180.67])
	by plane.gmane.org with esmtp (Exim 4.69)
	(envelope-from <linux-kernel-owner@vger.kernel.org>)
	id 1Sw7rK-0006AN-94
	for glk-linux-kernel-3@plane.gmane.org; Tue, 31 Jul 2012 10:31:20 +0200
Original-Received: (majordomo@vger.kernel.org) by vger.kernel.org via listexpand
	id S1755884Ab2GaIaY (ORCPT <rfc822;glk-linux-kernel-3@m.gmane.org>);
	Tue, 31 Jul 2012 04:30:24 -0400
Original-Received: from mga11.intel.com ([192.55.52.93]:12916 "EHLO mga11.intel.com"
	rhost-flags-OK-OK-OK-OK) by vger.kernel.org with ESMTP
	id S1755809Ab2GaI37 (ORCPT <rfc822;linux-kernel@vger.kernel.org>);
	Tue, 31 Jul 2012 04:29:59 -0400
Original-Received: from fmsmga001.fm.intel.com ([10.253.24.23])
  by fmsmga102.fm.intel.com with ESMTP; 31 Jul 2012 01:29:56 -0700
X-ExtLoop1: 1
X-IronPort-AV: E=Sophos;i="4.71,315,1320652800"; 
   d="scan'208";a="190960780"
Original-Received: from unknown (HELO wfg-t420.sh.intel.com) ([10.255.20.167])
  by fmsmga001.fm.intel.com with ESMTP; 31 Jul 2012 01:29:47 -0700
Original-Received: from wfg by wfg-t420.sh.intel.com with local (Exim 4.77)
	(envelope-from <fengguang.wu@intel.com>)
	id 1Sw7pn-0003pC-Un; Tue, 31 Jul 2012 16:29:43 +0800
Content-Disposition: inline
User-Agent: Heirloom mailx 12.5 6/20/10
Original-Sender: linux-kernel-owner@vger.kernel.org
Precedence: bulk
List-ID: <linux-kernel.vger.kernel.org>
X-Mailing-List: linux-kernel@vger.kernel.org
Xref: news.gmane.org gmane.linux.kernel:1335553 gmane.linux.file-systems:66342
Archived-At: <http://permalink.gmane.org/gmane.linux.kernel/1335553>


--cWoXeonUoKmBZSoM
Content-Type: text/plain; charset=us-ascii
Content-Disposition: inline

Hi Jan,

I caught the following warning at this commit. Note that the head
commit actually boots OK, so it may either be not 100% reproduciable,
or get fixed somewhere in your patchset.

tree:   git://git.kernel.org/pub/scm/linux/kernel/git/viro/vfs.git for-next
head:   06fd516c1a504828780fcd81dfe21f94dec4c868
commit: eb04c28288bb0098d0e75d81ba2a575239de71d8 [39/52] fs: Add freezing handling to mnt_want_write() / mnt_drop_write()

[   77.094286] ======================================================
[   77.095752] [ INFO: possible circular locking dependency detected ]
[   77.096373] 3.5.0-rc6+ #137 Not tainted
[   77.096373] -------------------------------------------------------
[   77.096373] S02mountkernfs./2795 is trying to acquire lock:
[   77.096373]  (sb_writers#5){.+.+.+}, at: [<ffffffff8119760c>] mnt_want_write+0x24/0x4b
[   77.096373] 
[   77.096373] but task is already holding lock:
[   77.096373]  (&sb->s_type->i_mutex_key#9){+.+.+.}, at: [<ffffffff8118df87>] vfs_readdir+0x57/0xb5
[   77.096373] 
[   77.096373] which lock already depends on the new lock.
[   77.096373] 
[   77.096373] 
[   77.096373] the existing dependency chain (in reverse order) is:
[   77.096373] 
-> #1 (&sb->s_type->i_mutex_key#9){+.+.+.}:
[   77.096373]        [<ffffffff810ddf2f>] lock_acquire+0xd5/0x119
[   77.096373]        [<ffffffff82bed2e3>] __mutex_lock_common+0x58/0x387
[   77.096373]        [<ffffffff82bed721>] mutex_lock_nested+0x40/0x45
[   77.096373]        [<ffffffff8118ad28>] do_last+0x1dc/0xa42
[   77.096373]        [<ffffffff8118b64d>] path_openat+0xbf/0x32f
[   77.096373]        [<ffffffff8118bba9>] do_filp_open+0x38/0x86
[   77.096373]        [<ffffffff8117ddfb>] do_sys_open+0x6e/0xfb
[   77.096373]        [<ffffffff8117dea9>] sys_open+0x21/0x23
[   77.096373]        [<ffffffff82bf6aa9>] system_call_fastpath+0x16/0x1b
[   77.096373] 
-> #0 (sb_writers#5){.+.+.+}:
[   77.096373]        [<ffffffff810dd71c>] __lock_acquire+0x9b3/0xd17
[   77.096373]        [<ffffffff810ddf2f>] lock_acquire+0xd5/0x119
[   77.096373]        [<ffffffff81180701>] __sb_start_write+0x112/0x162
[   77.096373]        [<ffffffff8119760c>] mnt_want_write+0x24/0x4b
[   77.096373]        [<ffffffff811941a4>] touch_atime+0xf8/0x105
[   77.096373]        [<ffffffff8118dfbe>] vfs_readdir+0x8e/0xb5
[   77.096373]        [<ffffffff8118e0cf>] sys_getdents+0x7d/0xe4
[   77.096373]        [<ffffffff82bf6aa9>] system_call_fastpath+0x16/0x1b
[   77.096373] 
[   77.096373] other info that might help us debug this:
[   77.096373] 
[   77.096373]  Possible unsafe locking scenario:
[   77.096373] 
[   77.096373]        CPU0                    CPU1
[   77.096373]        ----                    ----
[   77.096373]   lock(&sb->s_type->i_mutex_key#9);
[   77.096373]                                lock(sb_writers#5);
[   77.096373]                                lock(&sb->s_type->i_mutex_key#9);
[   77.096373]   lock(sb_writers#5);
[   77.096373] 
[   77.096373]  *** DEADLOCK ***
[   77.096373] 
[   77.096373] 1 lock held by S02mountkernfs./2795:
[   77.096373]  #0:  (&sb->s_type->i_mutex_key#9){+.+.+.}, at: [<ffffffff8118df87>] vfs_readdir+0x57/0xb5
[   77.096373] 
[   77.096373] stack backtrace:
[   77.096373] Pid: 2795, comm: S02mountkernfs. Not tainted 3.5.0-rc6+ #137
[   77.096373] Call Trace:
[   77.096373]  [<ffffffff82baf0c1>] print_circular_bug+0x1f8/0x209
[   77.096373]  [<ffffffff810dd71c>] __lock_acquire+0x9b3/0xd17
[   77.096373]  [<ffffffff810c0f4e>] ? local_clock+0x3b/0x52
[   77.096373]  [<ffffffff810ddf2f>] lock_acquire+0xd5/0x119
[   77.096373]  [<ffffffff8119760c>] ? mnt_want_write+0x24/0x4b
[   77.096373]  [<ffffffff810da71c>] ? trace_hardirqs_off+0xd/0xf
[   77.096373]  [<ffffffff81180701>] __sb_start_write+0x112/0x162
[   77.096373]  [<ffffffff8119760c>] ? mnt_want_write+0x24/0x4b
[   77.096373]  [<ffffffff8118dce0>] ? sys_ioctl+0x7b/0x7b
[   77.096373]  [<ffffffff8119760c>] mnt_want_write+0x24/0x4b
[   77.096373]  [<ffffffff811941a4>] touch_atime+0xf8/0x105
[   77.096373]  [<ffffffff8118dfbe>] vfs_readdir+0x8e/0xb5
[   77.096373]  [<ffffffff82bf0115>] ? retint_swapgs+0x13/0x1b
[   77.096373]  [<ffffffff8118e0cf>] sys_getdents+0x7d/0xe4
[   77.096373]  [<ffffffff82bf6aa9>] system_call_fastpath+0x16/0x1b

Thanks,
Fengguang

--cWoXeonUoKmBZSoM
Content-Type: text/plain; charset=utf-8
Content-Disposition: attachment; filename=dmesg-kvm-waimea-3794-2012-07-31-14-33-33
Content-Transfer-Encoding: 8bit

[    0.000000] Initializing cgroup subsys cpuset
[    0.000000] Initializing cgroup subsys cpu
[    0.000000] Linux version 3.5.0-rc6+ (kbuild@bee) (gcc version 4.7.1 (Debian 4.7.1-5) ) #137 SMP Tue Jul 31 14:30:56 CST 2012
[    0.000000] Command line: trinity=1m hung_task_panic=1 tree=vfs:for-next log_buf_len=8M ignore_loglevel debug sched_debug apic=debug dynamic_printk sysrq_always_enabled panic=10 softlockup_panic=1 unknown_nmi_panic=1 nmi_watchdog=panic,lapic load_ramdisk=2 prompt_ramdisk=0 console=ttyS0,115200 console=tty0 vga=normal ip=::::kvm::dhcp nfsroot=10.239.97.14:/nfsroot/wfg,tcp,v3,nocto,actimeo=600,nolock,rsize=524288,wsize=524288 rw link=vmlinuz-2012-07-31-14-31-55-vfs:for-next:06fd516-eb04c28-x86_64-allyesdebian-1-waimea BOOT_IMAGE=kernel-tests/kernels/x86_64-allyesdebian/eb04c28/vmlinuz-3.5.0-rc6+
[    0.000000] Disabled fast string operations
[    0.000000] e820: BIOS-provided physical RAM map:
[    0.000000] BIOS-e820: [mem 0x0000000000000000-0x000000000009f3ff] usable
[    0.000000] BIOS-e820: [mem 0x000000000009f400-0x000000000009ffff] reserved
[    0.000000] BIOS-e820: [mem 0x00000000000f0000-0x00000000000fffff] reserved
[    0.000000] BIOS-e820: [mem 0x0000000000100000-0x000000001fffcfff] usable
[    0.000000] BIOS-e820: [mem 0x000000001fffd000-0x000000001fffffff] reserved
[    0.000000] BIOS-e820: [mem 0x00000000fffbc000-0x00000000ffffffff] reserved
[    0.000000] debug: ignoring loglevel setting.
[    0.000000] NX (Execute Disable) protection: active
[    0.000000] DMI 2.4 present.
[    0.000000] DMI: Bochs Bochs, BIOS Bochs 01/01/2007
[    0.000000] e820: update [mem 0x00000000-0x0000ffff] usable ==> reserved
[    0.000000] e820: remove [mem 0x000a0000-0x000fffff] usable
[    0.000000] No AGP bridge found
[    0.000000] e820: last_pfn = 0x1fffd max_arch_pfn = 0x400000000
[    0.000000] MTRR default type: write-back
[    0.000000] MTRR fixed ranges enabled:
[    0.000000]   00000-9FFFF write-back
[    0.000000]   A0000-BFFFF uncachable
[    0.000000]   C0000-FFFFF write-protect
[    0.000000] MTRR variable ranges enabled:
[    0.000000]   0 base 00E0000000 mask FFE0000000 uncachable
[    0.000000]   1 disabled
[    0.000000]   2 disabled
[    0.000000]   3 disabled
[    0.000000]   4 disabled
[    0.000000]   5 disabled
[    0.000000]   6 disabled
[    0.000000]   7 disabled
[    0.000000] x86 PAT enabled: cpu 0, old 0x70106, new 0x7010600070106
[    0.000000] Scan for SMP in [mem 0x00000000-0x000003ff]
[    0.000000] Scan for SMP in [mem 0x0009fc00-0x0009ffff]
[    0.000000] Scan for SMP in [mem 0x000f0000-0x000fffff]
[    0.000000] found SMP MP-table at [mem 0x000f8860-0x000f886f] mapped at [ffff8800000f8860]
[    0.000000]   mpc: f8870-f898c
[    0.000000] initial memory mapped: [mem 0x00000000-0x1fffffff]
[    0.000000] Base memory trampoline at [ffff880000099000] 99000 size 24576
[    0.000000] init_memory_mapping: [mem 0x00000000-0x1fffcfff]
[    0.000000]  [mem 0x00000000-0x1fffcfff] page 4k
[    0.000000] kernel direct mapping tables up to 0x1fffcfff @ [mem 0x1fefb000-0x1fffcfff]
[    0.000000] log_buf_len: 8388608
[    0.000000] early log buf free: 127948(97%)
[    0.000000] ACPI: RSDP 00000000000f8810 00014 (v00 BOCHS )
[    0.000000] ACPI: RSDT 000000001fffde10 00034 (v01 BOCHS  BXPCRSDT 00000001 BXPC 00000001)
[    0.000000] ACPI: FACP 000000001ffffe40 00074 (v01 BOCHS  BXPCFACP 00000001 BXPC 00000001)
[    0.000000] ACPI: DSDT 000000001fffdfd0 01E22 (v01   BXPC   BXDSDT 00000001 INTL 20090123)
[    0.000000] ACPI: FACS 000000001ffffe00 00040
[    0.000000] ACPI: SSDT 000000001fffdf80 00044 (v01 BOCHS  BXPCSSDT 00000001 BXPC 00000001)
[    0.000000] ACPI: APIC 000000001fffde90 0007A (v01 BOCHS  BXPCAPIC 00000001 BXPC 00000001)
[    0.000000] ACPI: HPET 000000001fffde50 00038 (v01 BOCHS  BXPCHPET 00000001 BXPC 00000001)
[    0.000000] ACPI: Local APIC address 0xfee00000
[    0.000000] mapped APIC to ffffffffff5fb000 (        fee00000)
[    0.000000] No NUMA configuration found
[    0.000000] Faking a node at [mem 0x0000000000000000-0x000000001fffcfff]
[    0.000000] Initmem setup node 0 [mem 0x00000000-0x1fffcfff]
[    0.000000]   NODE_DATA [mem 0x1f6f6000-0x1f6fafff]
[    0.000000] kvm-clock: Using msrs 12 and 11
[    0.000000] kvm-clock: cpu 0, msr 0:3f47a41, boot clock
[    0.000000]  [ffffea0000000000-ffffea00007fffff] PMD -> [ffff88001e600000-ffff88001edfffff] on node 0
[    0.000000] Zone ranges:
[    0.000000]   DMA      [mem 0x00010000-0x00ffffff]
[    0.000000]   DMA32    [mem 0x01000000-0xffffffff]
[    0.000000]   Normal   empty
[    0.000000] Movable zone start for each node
[    0.000000] Early memory node ranges
[    0.000000]   node   0: [mem 0x00010000-0x0009efff]
[    0.000000]   node   0: [mem 0x00100000-0x1fffcfff]
[    0.000000] On node 0 totalpages: 130956
[    0.000000]   DMA zone: 64 pages used for memmap
[    0.000000]   DMA zone: 6 pages reserved
[    0.000000]   DMA zone: 3913 pages, LIFO batch:0
[    0.000000]   DMA32 zone: 1984 pages used for memmap
[    0.000000]   DMA32 zone: 124989 pages, LIFO batch:31
[    0.000000] ACPI: PM-Timer IO Port: 0xb008
[    0.000000] ACPI: Local APIC address 0xfee00000
[    0.000000] mapped APIC to ffffffffff5fb000 (        fee00000)
[    0.000000] ACPI: LAPIC (acpi_id[0x00] lapic_id[0x00] enabled)
[    0.000000] ACPI: LAPIC (acpi_id[0x01] lapic_id[0x01] enabled)
[    0.000000] ACPI: IOAPIC (id[0x02] address[0xfec00000] gsi_base[0])
[    0.000000] IOAPIC[0]: apic_id 2, version 17, address 0xfec00000, GSI 0-23
[    0.000000] ACPI: INT_SRC_OVR (bus 0 bus_irq 0 global_irq 2 dfl dfl)
[    0.000000] Int: type 0, pol 0, trig 0, bus 00, IRQ 00, APIC ID 2, APIC INT 02
[    0.000000] ACPI: INT_SRC_OVR (bus 0 bus_irq 5 global_irq 5 high level)
[    0.000000] Int: type 0, pol 1, trig 3, bus 00, IRQ 05, APIC ID 2, APIC INT 05
[    0.000000] ACPI: INT_SRC_OVR (bus 0 bus_irq 9 global_irq 9 high level)
[    0.000000] Int: type 0, pol 1, trig 3, bus 00, IRQ 09, APIC ID 2, APIC INT 09
[    0.000000] ACPI: INT_SRC_OVR (bus 0 bus_irq 10 global_irq 10 high level)
[    0.000000] Int: type 0, pol 1, trig 3, bus 00, IRQ 0a, APIC ID 2, APIC INT 0a
[    0.000000] ACPI: INT_SRC_OVR (bus 0 bus_irq 11 global_irq 11 high level)
[    0.000000] Int: type 0, pol 1, trig 3, bus 00, IRQ 0b, APIC ID 2, APIC INT 0b
[    0.000000] ACPI: IRQ0 used by override.
[    0.000000] Int: type 0, pol 0, trig 0, bus 00, IRQ 01, APIC ID 2, APIC INT 01
[    0.000000] ACPI: IRQ2 used by override.
[    0.000000] Int: type 0, pol 0, trig 0, bus 00, IRQ 03, APIC ID 2, APIC INT 03
[    0.000000] Int: type 0, pol 0, trig 0, bus 00, IRQ 04, APIC ID 2, APIC INT 04
[    0.000000] ACPI: IRQ5 used by override.
[    0.000000] Int: type 0, pol 0, trig 0, bus 00, IRQ 06, APIC ID 2, APIC INT 06
[    0.000000] Int: type 0, pol 0, trig 0, bus 00, IRQ 07, APIC ID 2, APIC INT 07
[    0.000000] Int: type 0, pol 0, trig 0, bus 00, IRQ 08, APIC ID 2, APIC INT 08
[    0.000000] ACPI: IRQ9 used by override.
[    0.000000] ACPI: IRQ10 used by override.
[    0.000000] ACPI: IRQ11 used by override.
[    0.000000] Int: type 0, pol 0, trig 0, bus 00, IRQ 0c, APIC ID 2, APIC INT 0c
[    0.000000] Int: type 0, pol 0, trig 0, bus 00, IRQ 0d, APIC ID 2, APIC INT 0d
[    0.000000] Int: type 0, pol 0, trig 0, bus 00, IRQ 0e, APIC ID 2, APIC INT 0e
[    0.000000] Int: type 0, pol 0, trig 0, bus 00, IRQ 0f, APIC ID 2, APIC INT 0f
[    0.000000] Using ACPI (MADT) for SMP configuration information
[    0.000000] ACPI: HPET id: 0x8086a201 base: 0xfed00000
[    0.000000] SMP: Allowing 2 CPUs, 0 hotplug CPUs
[    0.000000] mapped IOAPIC to ffffffffff5fa000 (fec00000)
[    0.000000] nr_irqs_gsi: 40
[    0.000000] PM: Registered nosave memory: 000000000009f000 - 00000000000a0000
[    0.000000] PM: Registered nosave memory: 00000000000a0000 - 00000000000f0000
[    0.000000] PM: Registered nosave memory: 00000000000f0000 - 0000000000100000
[    0.000000] e820: [mem 0x20000000-0xfffbbfff] available for PCI devices
[    0.000000] Booting paravirtualized kernel on KVM
[    0.000000] setup_percpu: NR_CPUS:512 nr_cpumask_bits:512 nr_cpu_ids:2 nr_node_ids:1
[    0.000000] PERCPU: Embedded 477 pages/cpu @ffff88001f200000 s1924120 r8192 d21480 u2097152
[    0.000000] pcpu-alloc: s1924120 r8192 d21480 u2097152 alloc=1*2097152
[    0.000000] pcpu-alloc: [0] 0 [0] 1 
[    0.000000] kvm-clock: cpu 0, msr 0:1f3d4a41, primary cpu clock
[    0.000000] Built 1 zonelists in Node order, mobility grouping on.  Total pages: 128902
[    0.000000] Policy zone: DMA32
[    0.000000] Kernel command line: trinity=1m hung_task_panic=1 tree=vfs:for-next log_buf_len=8M ignore_loglevel debug sched_debug apic=debug dynamic_printk sysrq_always_enabled panic=10 softlockup_panic=1 unknown_nmi_panic=1 nmi_watchdog=panic,lapic load_ramdisk=2 prompt_ramdisk=0 console=ttyS0,115200 console=tty0 vga=normal ip=::::kvm::dhcp nfsroot=10.239.97.14:/nfsroot/wfg,tcp,v3,nocto,actimeo=600,nolock,rsize=524288,wsize=524288 rw link=vmlinuz-2012-07-31-14-31-55-vfs:for-next:06fd516-eb04c28-x86_64-allyesdebian-1-waimea BOOT_IMAGE=kernel-tests/kernels/x86_64-allyesdebian/eb04c28/vmlinuz-3.5.0-rc6+
[    0.000000] sysrq: sysrq always enabled.
[    0.000000] PID hash table entries: 2048 (order: 2, 16384 bytes)
[    0.000000] __ex_table already sorted, skipping sort
[    0.000000] Checking aperture...
[    0.000000] No AGP bridge found
[    0.000000] Calgary: detecting Calgary via BIOS EBDA area
[    0.000000] Calgary: Unable to locate Rio Grande table in EBDA - bailing!
[    0.000000] Memory: 438312k/524276k available (28658k kernel code, 452k absent, 85512k reserved, 17875k data, 3824k init)
[    0.000000] Hierarchical RCU implementation.
[    0.000000] 	RCU debugfs-based tracing is enabled.
[    0.000000] 	RCU dyntick-idle grace-period acceleration is enabled.
[    0.000000] 	Additional per-CPU info printed with stalls.
[    0.000000] NR_IRQS:33024 nr_irqs:512 16
[    0.000000] Console: colour VGA+ 80x25
[    0.000000] console [tty0] enabled
[    0.000000] console [ttyS0] enabled
[    0.000000] Lock dependency validator: Copyright (c) 2006 Red Hat, Inc., Ingo Molnar
[    0.000000] ... MAX_LOCKDEP_SUBCLASSES:  8
[    0.000000] ... MAX_LOCK_DEPTH:          48
[    0.000000] ... MAX_LOCKDEP_KEYS:        8191
[    0.000000] ... CLASSHASH_SIZE:          4096
[    0.000000] ... MAX_LOCKDEP_ENTRIES:     16384
[    0.000000] ... MAX_LOCKDEP_CHAINS:      32768
[    0.000000] ... CHAINHASH_SIZE:          16384
[    0.000000]  memory used by lock dependency info: 6367 kB
[    0.000000]  per task-struct memory footprint: 2688 bytes
[    0.000000] ------------------------
[    0.000000] | Locking API testsuite:
[    0.000000] ----------------------------------------------------------------------------
[    0.000000]                                  | spin |wlock |rlock |mutex | wsem | rsem |
[    0.000000]   --------------------------------------------------------------------------
[    0.000000]                      A-A deadlock:  ok  |  ok  |  ok  |  ok  |  ok  |  ok  |
[    0.000000]                  A-B-B-A deadlock:  ok  |  ok  |  ok  |  ok  |  ok  |  ok  |
[    0.000000]              A-B-B-C-C-A deadlock:  ok  |  ok  |  ok  |  ok  |  ok  |  ok  |
[    0.000000]              A-B-C-A-B-C deadlock:  ok  |  ok  |  ok  |  ok  |  ok  |  ok  |
[    0.000000]          A-B-B-C-C-D-D-A deadlock:  ok  |  ok  |  ok  |  ok  |  ok  |  ok  |
[    0.000000]          A-B-C-D-B-D-D-A deadlock:  ok  |  ok  |  ok  |  ok  |  ok  |  ok  |
[    0.000000]          A-B-C-D-B-C-D-A deadlock:  ok  |  ok  |  ok  |  ok  |  ok  |  ok  |
[    0.000000]                     double unlock:  ok  |  ok  |  ok  |  ok  |  ok  |  ok  |
[    0.000000]                   initialize held:  ok  |  ok  |  ok  |  ok  |  ok  |  ok  |
[    0.000000]                  bad unlock order:  ok  |  ok  |  ok  |  ok  |  ok  |  ok  |
[    0.000000]   --------------------------------------------------------------------------
[    0.000000]               recursive read-lock:             |  ok  |             |  ok  |
[    0.000000]            recursive read-lock #2:             |  ok  |             |  ok  |
[    0.000000]             mixed read-write-lock:             |  ok  |             |  ok  |
[    0.000000]             mixed write-read-lock:             |  ok  |             |  ok  |
[    0.000000]   --------------------------------------------------------------------------
[    0.000000]      hard-irqs-on + irq-safe-A/12:  ok  |  ok  |  ok  |
[    0.000000]      soft-irqs-on + irq-safe-A/12:  ok  |  ok  |  ok  |
[    0.000000]      hard-irqs-on + irq-safe-A/21:  ok  |  ok  |  ok  |
[    0.000000]      soft-irqs-on + irq-safe-A/21:  ok  |  ok  |  ok  |
[    0.000000]        sirq-safe-A => hirqs-on/12:  ok  |  ok  |  ok  |
[    0.000000]        sirq-safe-A => hirqs-on/21:  ok  |  ok  |  ok  |
[    0.000000]          hard-safe-A + irqs-on/12:  ok  |  ok  |  ok  |
[    0.000000]          soft-safe-A + irqs-on/12:  ok  |  ok  |  ok  |
[    0.000000]          hard-safe-A + irqs-on/21:  ok  |  ok  |  ok  |
[    0.000000]          soft-safe-A + irqs-on/21:  ok  |  ok  |  ok  |
[    0.000000]     hard-safe-A + unsafe-B #1/123:  ok  |  ok  |  ok  |
[    0.000000]     soft-safe-A + unsafe-B #1/123:  ok  |  ok  |  ok  |
[    0.000000]     hard-safe-A + unsafe-B #1/132:  ok  |  ok  |  ok  |
[    0.000000]     soft-safe-A + unsafe-B #1/132:  ok  |  ok  |  ok  |
[    0.000000]     hard-safe-A + unsafe-B #1/213:  ok  |  ok  |  ok  |
[    0.000000]     soft-safe-A + unsafe-B #1/213:  ok  |  ok  |  ok  |
[    0.000000]     hard-safe-A + unsafe-B #1/231:  ok  |  ok  |  ok  |
[    0.000000]     soft-safe-A + unsafe-B #1/231:  ok  |  ok  |  ok  |
[    0.000000]     hard-safe-A + unsafe-B #1/312:  ok  |  ok  |  ok  |
[    0.000000]     soft-safe-A + unsafe-B #1/312:  ok  |  ok  |  ok  |
[    0.000000]     hard-safe-A + unsafe-B #1/321:  ok  |  ok  |  ok  |
[    0.000000]     soft-safe-A + unsafe-B #1/321:  ok  |  ok  |  ok  |
[    0.000000]     hard-safe-A + unsafe-B #2/123:  ok  |  ok  |  ok  |
[    0.000000]     soft-safe-A + unsafe-B #2/123:  ok  |  ok  |  ok  |
[    0.000000]     hard-safe-A + unsafe-B #2/132:  ok  |  ok  |  ok  |
[    0.000000]     soft-safe-A + unsafe-B #2/132:  ok  |  ok  |  ok  |
[    0.000000]     hard-safe-A + unsafe-B #2/213:  ok  |  ok  |  ok  |
[    0.000000]     soft-safe-A + unsafe-B #2/213:  ok  |  ok  |  ok  |
[    0.000000]     hard-safe-A + unsafe-B #2/231:  ok  |  ok  |  ok  |
[    0.000000]     soft-safe-A + unsafe-B #2/231:  ok  |  ok  |  ok  |
[    0.000000]     hard-safe-A + unsafe-B #2/312:  ok  |  ok  |  ok  |
[    0.000000]     soft-safe-A + unsafe-B #2/312:  ok  |  ok  |  ok  |
[    0.000000]     hard-safe-A + unsafe-B #2/321:  ok  |  ok  |  ok  |
[    0.000000]     soft-safe-A + unsafe-B #2/321:  ok  |  ok  |  ok  |
[    0.000000]       hard-irq lock-inversion/123:  ok  |  ok  |  ok  |
[    0.000000]       soft-irq lock-inversion/123:  ok  |  ok  |  ok  |
[    0.000000]       hard-irq lock-inversion/132:  ok  |  ok  |  ok  |
[    0.000000]       soft-irq lock-inversion/132:  ok  |  ok  |  ok  |
[    0.000000]       hard-irq lock-inversion/213:  ok  |  ok  |  ok  |
[    0.000000]       soft-irq lock-inversion/213:  ok  |  ok  |  ok  |
[    0.000000]       hard-irq lock-inversion/231:  ok  |  ok  |  ok  |
[    0.000000]       soft-irq lock-inversion/231:  ok  |  ok  |  ok  |
[    0.000000]       hard-irq lock-inversion/312:  ok  |  ok  |  ok  |
[    0.000000]       soft-irq lock-inversion/312:  ok  |  ok  |  ok  |
[    0.000000]       hard-irq lock-inversion/321:  ok  |  ok  |  ok  |
[    0.000000]       soft-irq lock-inversion/321:  ok  |  ok  |  ok  |
[    0.000000]       hard-irq read-recursion/123:  ok  |
[    0.000000]       soft-irq read-recursion/123:  ok  |
[    0.000000]       hard-irq read-recursion/132:  ok  |
[    0.000000]       soft-irq read-recursion/132:  ok  |
[    0.000000]       hard-irq read-recursion/213:  ok  |
[    0.000000]       soft-irq read-recursion/213:  ok  |
[    0.000000]       hard-irq read-recursion/231:  ok  |
[    0.000000]       soft-irq read-recursion/231:  ok  |
[    0.000000]       hard-irq read-recursion/312:  ok  |
[    0.000000]       soft-irq read-recursion/312:  ok  |
[    0.000000]       hard-irq read-recursion/321:  ok  |
[    0.000000]       soft-irq read-recursion/321:  ok  |
[    0.000000] -------------------------------------------------------
[    0.000000] Good, all 218 testcases passed! |
[    0.000000] ---------------------------------
[    0.000000] ODEBUG: 0 of 0 active objects replaced
[    0.000000] hpet clockevent registered
[    0.000000] Detected 3299.920 MHz processor.
[    0.004000] Calibrating delay loop (skipped) preset value.. 6599.84 BogoMIPS (lpj=13199680)
[    0.004020] pid_max: default: 32768 minimum: 301
[    0.005692] Security Framework initialized
[    0.006781] AppArmor: AppArmor disabled by boot time parameter
[    0.008267] Dentry cache hash table entries: 65536 (order: 7, 524288 bytes)
[    0.010742] Inode-cache hash table entries: 32768 (order: 6, 262144 bytes)
[    0.012426] Mount-cache hash table entries: 256
[    0.017200] Initializing cgroup subsys cpuacct
[    0.018330] Initializing cgroup subsys devices
[    0.019535] Initializing cgroup subsys freezer
[    0.020010] Initializing cgroup subsys net_cls
[    0.021287] Initializing cgroup subsys blkio
[    0.022826] Disabled fast string operations
[    0.024019] mce: CPU supports 10 MCE banks
[    0.025140] numa_add_cpu cpu 0 node 0: mask now 0
[    0.028897] ACPI: Core revision 20120320
[    0.032842] ftrace: allocating 108323 entries in 424 pages
[    0.056328] Getting VERSION: 50014
[    0.057259] Getting VERSION: 50014
[    0.058218] Getting ID: 0
[    0.059019] Getting ID: ff000000
[    0.060019] Getting LVT0: 8700
[    0.060926] Getting LVT1: 8400
[    0.061846] enabled ExtINT on CPU#0
[    0.063623] ENABLING IO-APIC IRQs
[    0.064013] init IO_APIC IRQs
[    0.064886]  apic 2 pin 0 not connected
[    0.065925] IOAPIC[0]: Set routing entry (2-1 -> 0x31 -> IRQ 1 Mode:0 Active:0 Dest:1)
[    0.068029] IOAPIC[0]: Set routing entry (2-2 -> 0x30 -> IRQ 0 Mode:0 Active:0 Dest:1)
[    0.069990] IOAPIC[0]: Set routing entry (2-3 -> 0x33 -> IRQ 3 Mode:0 Active:0 Dest:1)
[    0.072026] IOAPIC[0]: Set routing entry (2-4 -> 0x34 -> IRQ 4 Mode:0 Active:0 Dest:1)
[    0.074013] IOAPIC[0]: Set routing entry (2-5 -> 0x35 -> IRQ 5 Mode:1 Active:0 Dest:1)
[    0.076026] IOAPIC[0]: Set routing entry (2-6 -> 0x36 -> IRQ 6 Mode:0 Active:0 Dest:1)
[    0.078024] IOAPIC[0]: Set routing entry (2-7 -> 0x37 -> IRQ 7 Mode:0 Active:0 Dest:1)
[    0.080027] IOAPIC[0]: Set routing entry (2-8 -> 0x38 -> IRQ 8 Mode:0 Active:0 Dest:1)
[    0.082018] IOAPIC[0]: Set routing entry (2-9 -> 0x39 -> IRQ 9 Mode:1 Active:0 Dest:1)
[    0.084027] IOAPIC[0]: Set routing entry (2-10 -> 0x3a -> IRQ 10 Mode:1 Active:0 Dest:1)
[    0.086117] IOAPIC[0]: Set routing entry (2-11 -> 0x3b -> IRQ 11 Mode:1 Active:0 Dest:1)
[    0.088027] IOAPIC[0]: Set routing entry (2-12 -> 0x3c -> IRQ 12 Mode:0 Active:0 Dest:1)
[    0.090044] IOAPIC[0]: Set routing entry (2-13 -> 0x3d -> IRQ 13 Mode:0 Active:0 Dest:1)
[    0.092027] IOAPIC[0]: Set routing entry (2-14 -> 0x3e -> IRQ 14 Mode:0 Active:0 Dest:1)
[    0.094084] IOAPIC[0]: Set routing entry (2-15 -> 0x3f -> IRQ 15 Mode:0 Active:0 Dest:1)
[    0.096025]  apic 2 pin 16 not connected
[    0.097100]  apic 2 pin 17 not connected
[    0.098098]  apic 2 pin 18 not connected
[    0.100010]  apic 2 pin 19 not connected
[    0.101063]  apic 2 pin 20 not connected
[    0.102103]  apic 2 pin 21 not connected
[    0.104010]  apic 2 pin 22 not connected
[    0.105100]  apic 2 pin 23 not connected
[    0.106291] ..TIMER: vector=0x30 apic1=0 pin1=2 apic2=-1 pin2=-1
[    0.108010] CPU0: Intel Common KVM processor stepping 01
[    0.110279] Using local APIC timer interrupts.
[    0.110279] calibrating APIC timer ...
[    0.116006] ... lapic delta = 6250734
[    0.116006] ... PM-Timer delta = 357940
[    0.116006] ... PM-Timer result ok
[    0.116006] ..... delta 6250734
[    0.116006] ..... mult: 268450202
[    0.116006] ..... calibration result: 4000469
[    0.116006] ..... CPU clock speed is 3299.2507 MHz.
[    0.116006] ..... host bus clock speed is 1000.0469 MHz.
[    0.116069] Performance Events: unsupported Netburst CPU model 6 no PMU driver, software events only.
[    0.120587] Testing tracer nop: PASSED
[    0.122125] NMI watchdog: disabled (cpu0): hardware events not enabled
[    0.126013] lockdep: fixing up alternatives.
[    0.128012] Booting Node   0, Processors  #1 Ok.
[    0.004000] kvm-clock: cpu 1, msr 0:1f5d4a41, secondary cpu clock
[    0.004000] masked ExtINT on CPU#1
[    0.004000] Disabled fast string operations
[    0.004000] numa_add_cpu cpu 1 node 0: mask now 0-1
[    0.148008] TSC synchronization [CPU#0 -> CPU#1]:
[    0.148008] Measured 2025 cycles TSC warp between CPUs, turning off TSC clock.
[    0.148008] Marking TSC unstable due to check_tsc_sync_source failed
[    0.152289] Brought up 2 CPUs
[    0.156019] ----------------
[    0.156818] | NMI testsuite:
[    0.157613] --------------------
[    0.158466]   remote IPI:  ok  |
[    0.159206]    local IPI:  ok  |
[    0.168586] --------------------
[    0.168981] Good, all   2 testcases passed! |
[    0.170126] ---------------------------------
[    0.171269] Total of 2 processors activated (13199.68 BogoMIPS).
[    0.172608] CPU0 attaching sched-domain:
[    0.173750]  domain 0: span 0-1 level CPU
[    0.176026]   groups: 0 (cpu_power = 1023) 1
[    0.177635] CPU1 attaching sched-domain:
[    0.178695]  domain 0: span 0-1 level CPU
[    0.180014]   groups: 1 0 (cpu_power = 1023)
[    0.181952] devtmpfs: initialized
[    0.194427] xor: automatically using best checksumming function:
[    0.232028]    generic_sse:   205.000 MB/sec
[    0.233174] atomic64 test passed for x86-64 platform with CX8 and with SSE
[    0.235719] dummy: 
[    0.236849] NET: Registered protocol family 16
[    0.243757] ACPI: bus type pci registered
[    0.244348] dca service started, version 1.12.1
[    0.245650] PCI: Using configuration type 1 for base access
[    0.251287] mtrr: your CPUs had inconsistent variable MTRR settings
[    0.252020] mtrr: your CPUs had inconsistent MTRRdefType settings
[    0.254058] mtrr: probably your BIOS does not setup all CPUs.
[    0.256020] mtrr: corrected configuration.
[    0.336820] bio: create slab <bio-0> at 0
[    0.408029] raid6: sse2x1    8599 MB/s
[    0.476036] raid6: sse2x2   10468 MB/s
[    0.544038] raid6: sse2x4   12603 MB/s
[    0.545066] raid6: using algorithm sse2x4 (12603 MB/s)
[    0.546299] raid6: using intx1 recovery algorithm
[    0.547796] ACPI: Added _OSI(Module Device)
[    0.548040] ACPI: Added _OSI(Processor Device)
[    0.549159] ACPI: Added _OSI(3.0 _SCP Extensions)
[    0.550460] ACPI: Added _OSI(Processor Aggregator Device)
[    0.554081] ACPI: EC: Look up EC in DSDT
[    0.561706] ACPI: Interpreter enabled
[    0.562717] ACPI: (supports S0 S3 S4 S5)
[    0.564402] ACPI: Using IOAPIC for interrupt routing
[    0.577512] ACPI: No dock devices found.
[    0.578526] PCI: Ignoring host bridge windows from ACPI; if necessary, use "pci=use_crs" and report a bug
[    0.580127] ACPI: PCI Root Bridge [PCI0] (domain 0000 [bus 00-ff])
[    0.581610] pci_root PNP0A03:00: host bridge window [io  0x0000-0x0cf7] (ignored)
[    0.584041] pci_root PNP0A03:00: host bridge window [io  0x0d00-0xffff] (ignored)
[    0.585830] pci_root PNP0A03:00: host bridge window [mem 0x000a0000-0x000bffff] (ignored)
[    0.588041] pci_root PNP0A03:00: host bridge window [mem 0xe0000000-0xfebfffff] (ignored)
[    0.590067] PCI: root bus 00: using default resources
[    0.591627] PCI host bridge to bus 0000:00
[    0.592043] pci_bus 0000:00: root bus resource [io  0x0000-0xffff]
[    0.593531] pci_bus 0000:00: root bus resource [mem 0x00000000-0xffffffffff]
[    0.596113] pci 0000:00:00.0: [8086:1237] type 00 class 0x060000
[    0.597985] pci 0000:00:01.0: [8086:7000] type 00 class 0x060100
[    0.600182] pci 0000:00:01.1: [8086:7010] type 00 class 0x010180
[    0.601949] pci 0000:00:01.1: reg 20: [io  0xc000-0xc00f]
[    0.603772] pci 0000:00:01.3: [8086:7113] type 00 class 0x068000
[    0.604577] pci 0000:00:01.3: quirk: [io  0xb000-0xb03f] claimed by PIIX4 ACPI
[    0.606519] pci 0000:00:01.3: quirk: [io  0xb100-0xb10f] claimed by PIIX4 SMB
[    0.608253] pci 0000:00:02.0: [1013:00b8] type 00 class 0x030000
[    0.616141] pci 0000:00:02.0: reg 10: [mem 0xf0000000-0xf1ffffff pref]
[    0.621180] pci 0000:00:02.0: reg 14: [mem 0xf2000000-0xf2000fff]
[    0.637863] pci 0000:00:02.0: reg 30: [mem 0xf2010000-0xf201ffff pref]
[    0.639883] pci 0000:00:03.0: [8086:100e] type 00 class 0x020000
[    0.641237] pci 0000:00:03.0: reg 10: [mem 0xf2020000-0xf203ffff]
[    0.645148] pci 0000:00:03.0: reg 14: [io  0xc040-0xc07f]
[    0.652046] pci 0000:00:03.0: reg 30: [mem 0xf2040000-0xf2047fff pref]
[    0.653775] pci 0000:00:04.0: [1af4:1001] type 00 class 0x010000
[    0.655429] pci 0000:00:04.0: reg 10: [io  0xc080-0xc0bf]
[    0.656127] pci 0000:00:04.0: reg 14: [mem 0xf2048000-0xf2048fff]
[    0.658420] pci 0000:00:05.0: [1af4:1001] type 00 class 0x010000
[    0.660187] pci 0000:00:05.0: reg 10: [io  0xc0c0-0xc0ff]
[    0.661666] pci 0000:00:05.0: reg 14: [mem 0xf2049000-0xf2049fff]
[    0.664854] pci 0000:00:06.0: [1af4:1001] type 00 class 0x010000
[    0.666477] pci 0000:00:06.0: reg 10: [io  0xc100-0xc13f]
[    0.667983] pci 0000:00:06.0: reg 14: [mem 0xf204a000-0xf204afff]
[    0.668809] pci 0000:00:07.0: [1af4:1001] type 00 class 0x010000
[    0.670479] pci 0000:00:07.0: reg 10: [io  0xc140-0xc17f]
[    0.672128] pci 0000:00:07.0: reg 14: [mem 0xf204b000-0xf204bfff]
[    0.674469] pci 0000:00:08.0: [1af4:1001] type 00 class 0x010000
[    0.676207] pci 0000:00:08.0: reg 10: [io  0xc180-0xc1bf]
[    0.677604] pci 0000:00:08.0: reg 14: [mem 0xf204c000-0xf204cfff]
[    0.680855] pci 0000:00:09.0: [1af4:1001] type 00 class 0x010000
[    0.682459] pci 0000:00:09.0: reg 10: [io  0xc1c0-0xc1ff]
[    0.684091] pci 0000:00:09.0: reg 14: [mem 0xf204d000-0xf204dfff]
[    0.686276] pci 0000:00:0a.0: [8086:25ab] type 00 class 0x088000
[    0.687886] pci 0000:00:0a.0: reg 10: [mem 0xf204e000-0xf204e00f]
[    0.688854] ACPI: PCI Interrupt Routing Table [\_SB_.PCI0._PRT]
[    0.693587]  pci0000:00: Unable to request _OSC control (_OSC support mask: 0x1e)
[    0.712570] ACPI: PCI Interrupt Link [LNKA] (IRQs 5 *10 11)
[    0.714660] ACPI: PCI Interrupt Link [LNKB] (IRQs 5 *10 11)
[    0.716780] ACPI: PCI Interrupt Link [LNKC] (IRQs 5 10 *11)
[    0.718866] ACPI: PCI Interrupt Link [LNKD] (IRQs 5 10 *11)
[    0.721518] vgaarb: device added: PCI:0000:00:02.0,decodes=io+mem,owns=io+mem,locks=none
[    0.724125] vgaarb: loaded
[    0.724871] vgaarb: bridge control possible 0000:00:02.0
[    0.726501] tps65010: version 2 May 2005
[    0.760103] tps65010: no chip?
[    0.762007] SCSI subsystem initialized
[    0.763187] libata version 3.00 loaded.
[    0.764293] ACPI: bus type usb registered
[    0.765518] usbcore: registered new interface driver usbfs
[    0.767010] usbcore: registered new interface driver hub
[    0.768163] usbcore: registered new device driver usb
[    0.769753] pps_core: LinuxPPS API ver. 1 registered
[    0.771035] pps_core: Software ver. 5.3.6 - Copyright 2005-2007 Rodolfo Giometti <giometti@linux.it>
[    0.772088] PTP clock support registered
[    0.773459] wmi: Mapper loaded
[    5.776840] Advanced Linux Sound Architecture Driver Version 1.0.25.
[    5.778459] PCI: Using ACPI for IRQ routing
[    5.779663] PCI: pci_cache_line_size set to 64 bytes
[    5.780742] e820: reserve RAM buffer [mem 0x0009f400-0x0009ffff]
[    5.782273] e820: reserve RAM buffer [mem 0x1fffd000-0x1fffffff]
[    5.785368] Sangoma WANPIPE Router v1.1 (c) 1995-2000 Sangoma Technologies Inc.
[    5.787594] NET: Registered protocol family 23
[    5.788642] Bluetooth: Core ver 2.16
[    5.789709] NET: Registered protocol family 31
[    5.790956] Bluetooth: HCI device and connection manager initialized
[    5.792384] Bluetooth: HCI socket layer initialized
[    5.793637] Bluetooth: L2CAP socket layer initialized
[    5.795077] Bluetooth: SCO socket layer initialized
[    5.796373] NET: Registered protocol family 8
[    5.797500] NET: Registered protocol family 20
[    5.799619] cfg80211: Calling CRDA to update world regulatory domain
[    5.800833] nfc: nfc_init: NFC Core ver 0.1
[    5.801837] NET: Registered protocol family 39
[    5.807097] HPET: 3 timers in total, 0 timers will be used for per-cpu timer
[    5.808413] hpet0: at MMIO 0xfed00000, IRQs 2, 8, 0
[    5.810222] hpet0: 3 comparators, 64-bit 100.000000 MHz counter
[    5.820440] Switching to clocksource kvm-clock
[    6.146464] FS-Cache: Loaded
[    6.147688] CacheFiles: Loaded
[    6.148733] pnp: PnP ACPI init
[    6.149712] ACPI: bus type pnp registered
[    6.150951] pnp 00:00: [bus 00-ff]
[    6.151965] pnp 00:00: [io  0x0cf8-0x0cff]
[    6.153139] pnp 00:00: [io  0x0000-0x0cf7 window]
[    6.154442] pnp 00:00: [io  0x0d00-0xffff window]
[    6.155662] pnp 00:00: [mem 0x000a0000-0x000bffff window]
[    6.157106] pnp 00:00: [mem 0xe0000000-0xfebfffff window]
[    6.158678] pnp 00:00: Plug and Play ACPI device, IDs PNP0a03 (active)
[    6.160578] pnp 00:01: [io  0x0070-0x0071]
[    6.161817] IOAPIC[0]: Set routing entry (2-8 -> 0x38 -> IRQ 8 Mode:0 Active:0 Dest:3)
[    6.163876] pnp 00:01: [irq 8]
[    6.164815] pnp 00:01: [io  0x0072-0x0077]
[    6.166075] pnp 00:01: Plug and Play ACPI device, IDs PNP0b00 (active)
[    6.167737] pnp 00:02: [io  0x0060]
[    6.168727] pnp 00:02: [io  0x0064]
[    6.169719] IOAPIC[0]: Set routing entry (2-1 -> 0x31 -> IRQ 1 Mode:0 Active:0 Dest:3)
[    6.171787] pnp 00:02: [irq 1]
[    6.172866] pnp 00:02: Plug and Play ACPI device, IDs PNP0303 (active)
[    6.184290] IOAPIC[0]: Set routing entry (2-12 -> 0x3c -> IRQ 12 Mode:0 Active:0 Dest:3)
[    6.186465] pnp 00:03: [irq 12]
[    6.187454] pnp 00:03: Plug and Play ACPI device, IDs PNP0f13 (active)
[    6.189115] pnp 00:04: [io  0x03f2-0x03f5]
[    6.190245] pnp 00:04: [io  0x03f7]
[    6.191171] IOAPIC[0]: Set routing entry (2-6 -> 0x36 -> IRQ 6 Mode:0 Active:0 Dest:3)
[    6.193251] pnp 00:04: [irq 6]
[    6.194165] pnp 00:04: [dma 2]
[    6.195172] pnp 00:04: Plug and Play ACPI device, IDs PNP0700 (active)
[    6.196908] pnp 00:05: [io  0x0378-0x037f]
[    6.197971] IOAPIC[0]: Set routing entry (2-7 -> 0x37 -> IRQ 7 Mode:0 Active:0 Dest:3)
[    6.199981] pnp 00:05: [irq 7]
[    6.201046] pnp 00:05: Plug and Play ACPI device, IDs PNP0400 (active)
[    6.202852] pnp 00:06: [io  0x03f8-0x03ff]
[    6.203963] IOAPIC[0]: Set routing entry (2-4 -> 0x34 -> IRQ 4 Mode:0 Active:0 Dest:3)
[    6.206049] pnp 00:06: [irq 4]
[    6.207077] pnp 00:06: Plug and Play ACPI device, IDs PNP0501 (active)
[    6.208781] pnp 00:07: [mem 0xfed00000-0xfed003ff]
[    6.210147] pnp 00:07: Plug and Play ACPI device, IDs PNP0103 (active)
[    6.211927] pnp: PnP ACPI: found 8 devices
[    6.213133] ACPI: ACPI bus type pnp unregistered
[    6.237828] pci_bus 0000:00: resource 4 [io  0x0000-0xffff]
[    6.239225] pci_bus 0000:00: resource 5 [mem 0x00000000-0xffffffffff]
[    6.241384] NET: Registered protocol family 2
[    6.243001] IP route cache hash table entries: 4096 (order: 3, 32768 bytes)
[    6.246102] TCP established hash table entries: 16384 (order: 6, 262144 bytes)
[    6.248752] TCP bind hash table entries: 16384 (order: 8, 1310720 bytes)
[    6.252966] TCP: Hash tables configured (established 16384 bind 16384)
[    6.254623] TCP: reno registered
[    6.255540] UDP hash table entries: 256 (order: 3, 49152 bytes)
[    6.257135] UDP-Lite hash table entries: 256 (order: 3, 49152 bytes)
[    6.259410] NET: Registered protocol family 1
[    6.261781] RPC: Registered named UNIX socket transport module.
[    6.263249] RPC: Registered udp transport module.
[    6.264528] RPC: Registered tcp transport module.
[    6.265704] RPC: Registered tcp NFSv4.1 backchannel transport module.
[    6.267331] pci 0000:00:00.0: Limiting direct PCI/PCI transfers
[    6.268821] pci 0000:00:01.0: PIIX3: Enabling Passive Release
[    6.270306] pci 0000:00:01.0: Activating ISA DMA hang workarounds
[    6.271845] pci 0000:00:02.0: Boot video device
[    6.273282] PCI: CLS 0 bytes, default 64
[    6.310214] DMA-API: preallocated 32768 debug entries
[    6.311465] DMA-API: debugging enabled by kernel config
[    6.315296] kvm: no hardware support
[    6.316335] has_svm: not amd
[    6.317159] kvm: no hardware support
[    6.319071] Machine check injector initialized
[    6.321823] microcode: CPU0 sig=0xf61, pf=0x1, revision=0x1
[    6.323293] microcode: CPU1 sig=0xf61, pf=0x1, revision=0x1
[    6.325406] microcode: Microcode Update Driver: v2.00 <tigran@aivazian.fsnet.co.uk>, Peter Oruba
[    6.328272] cryptomgr_test (29) used greatest stack depth: 6008 bytes left
[    6.328312] blowfish-x86_64: performance on this CPU would be suboptimal: disabling blowfish-x86_64.
[    6.332629] cryptomgr_test (30) used greatest stack depth: 5976 bytes left
[    6.334365] twofish-x86_64-3way: performance on this CPU would be suboptimal: disabling twofish-x86_64-3way.
[    6.337160] sha1_ssse3: Neither AVX nor SSSE3 is available/usable.
[    6.342122] Initializing RT-Tester: OK
[    6.343333] audit: initializing netlink socket (disabled)
[    6.344879] type=2000 audit(1343716328.340:1): initialized
[    6.414777] Kprobe smoke test started
[    6.447177] Kprobe smoke test passed successfully
[    6.472306] Testing tracer function: PASSED
[    6.913933] Testing dynamic ftrace: PASSED
[    7.392487] Testing dynamic ftrace ops #1: (1 0 1 1 0) (1 1 2 1 0) (2 1 3 1 905) (2 2 4 1 1387) PASSED
[    8.050744] Testing dynamic ftrace ops #2: (1 0 1 58 0) (1 1 2 233 0) (2 1 3 2 26) (2 2 4 206 229) PASSED
[    8.740340] Testing tracer irqsoff: PASSED
[    9.232100] Testing tracer wakeup: PASSED
[   10.024356] Testing tracer wakeup_rt: PASSED
[   10.840075] Testing tracer function_graph: PASSED
[   11.381814] HugeTLB registered 2 MB page size, pre-allocated 0 pages
[   11.385164] VFS: Disk quotas dquot_6.5.2
[   11.386350] Dquot-cache hash table entries: 512 (order 0, 4096 bytes)
[   11.389406] DLM installed
[   11.391906] squashfs: version 4.0 (2009/01/31) Phillip Lougher
[   11.396421] NFS: Registering the id_resolver key type
[   11.397707] Key type id_resolver registered
[   11.398980] FS-Cache: Netfs 'nfs' registered for caching
[   11.401453] nfs4filelayout_init: NFSv4 File Layout Driver Registering...
[   11.403114] Installing knfsd (copyright (C) 1996 okir@monad.swb.de).
[   11.406764] FS-Cache: Netfs 'cifs' registered for caching
[   11.408955] Key type cifs.spnego registered
[   11.410020] Key type cifs.idmap registered
[   11.411178] NTFS driver 2.1.30 [Flags: R/W].
[   11.412704] EFS: 1.0a - http://aeschi.ch.eu.org/efs/
[   11.414012] jffs2: version 2.2. (NAND) (SUMMARY)  Â© 2001-2006 Red Hat, Inc.
[   11.416743] ROMFS MTD (C) 2007 Red Hat, Inc.
[   11.417943] QNX4 filesystem 0.2.3 registered.
[   11.419316] fuse init (API version 7.19)
[   11.421043] JFS: nTxBlock = 3424, nTxLock = 27394
[   11.427679] SGI XFS with ACLs, security attributes, realtime, large block/inode numbers, no debug enabled
[   11.432060] 9p: Installing v9fs 9p2000 file system support
[   11.433459] FS-Cache: Netfs '9p' registered for caching
[   11.435060] NILFS version 2 loaded
[   11.435951] BeFS version: 0.9.3
[   11.436900] OCFS2 1.5.0
[   11.438259] ocfs2: Registered cluster interface o2cb
[   11.439638] ocfs2: Registered cluster interface user
[   11.440853] OCFS2 DLMFS 1.5.0
[   11.441994] OCFS2 User DLM kernel interface loaded
[   11.443200] OCFS2 Node Manager 1.5.0
[   11.444796] OCFS2 DLM 1.5.0
[   11.446692] Btrfs loaded
[   11.448868] GFS2 installed
[   11.449998] ceph: loaded (mds proto 32)
[   11.451060] msgmni has been set to 856
[   11.452920] alg: No test for cipher_null (cipher_null-generic)
[   11.454574] alg: No test for ecb(cipher_null) (ecb-cipher_null)
[   11.456145] alg: No test for digest_null (digest_null-generic)
[   11.457661] alg: No test for compress_null (compress_null-generic)
[   11.459414] cryptomgr_test (67) used greatest stack depth: 5608 bytes left
[   11.461889] cryptomgr_test (71) used greatest stack depth: 5224 bytes left
[   11.472863] alg: No test for fcrypt (fcrypt-generic)
[   11.488608] alg: No test for stdrng (krng)
[   11.499327] alg: No test for fips(ansi_cprng) (fips_ansi_cprng)
[   11.503203] NET: Registered protocol family 38
[   11.504560] async_tx: api initialized (async)
[   11.505782] Block layer SCSI generic (bsg) driver version 0.4 loaded (major 250)
[   11.507609] io scheduler noop registered
[   11.508616] io scheduler deadline registered
[   11.509902] io scheduler cfq registered (default)
[   11.511081] start plist test
[   11.513064] end plist test
[   11.513871] list_sort_test: start testing list_sort()
[   11.516827] pci_hotplug: PCI Hot Plug PCI Core version: 0.5
[   11.518269] pciehp: PCI Express Hot Plug Controller Driver version: 0.4
[   11.519800] cpcihp_zt5550: ZT5550 CompactPCI Hot Plug Driver version: 0.2
[   11.521456] cpcihp_generic: Generic port I/O CompactPCI Hot Plug Driver version: 0.1
[   11.523481] cpcihp_generic: not configured, disabling.
[   11.524879] shpchp: Standard Hot Plug PCI Controller Driver version: 0.4
[   11.526500] acpiphp: ACPI Hot Plug PCI Controller Driver version: 0.5
[   11.528301] acpiphp: Slot [1] registered
[   11.529391] acpiphp: Slot [2] registered
[   11.530660] acpiphp: Slot [3] registered
[   11.531742] acpiphp: Slot [4] registered
[   11.532856] acpiphp: Slot [5] registered
[   11.533965] acpiphp: Slot [6] registered
[   11.535063] acpiphp: Slot [7] registered
[   11.536164] acpiphp: Slot [8] registered
[   11.537237] acpiphp: Slot [9] registered
[   11.538374] acpiphp: Slot [10] registered
[   11.539445] acpiphp: Slot [11] registered
[   11.540650] acpiphp: Slot [12] registered
[   11.541771] acpiphp: Slot [13] registered
[   11.542926] acpiphp: Slot [14] registered
[   11.544044] acpiphp: Slot [15] registered
[   11.545152] acpiphp: Slot [16] registered
[   11.546308] acpiphp: Slot [17] registered
[   11.547405] acpiphp: Slot [18] registered
[   11.548543] acpiphp: Slot [19] registered
[   11.549679] acpiphp: Slot [20] registered
[   11.550852] acpiphp: Slot [21] registered
[   11.551923] acpiphp: Slot [22] registered
[   11.553113] acpiphp: Slot [23] registered
[   11.554323] acpiphp: Slot [24] registered
[   11.555398] acpiphp: Slot [25] registered
[   11.556563] acpiphp: Slot [26] registered
[   11.557667] acpiphp: Slot [27] registered
[   11.558824] acpiphp: Slot [28] registered
[   11.559947] acpiphp: Slot [29] registered
[   11.561044] acpiphp: Slot [30] registered
[   11.562197] acpiphp: Slot [31] registered
[   11.565765] acpiphp_ibm: ibm_acpiphp_init: acpi_walk_namespace failed
[   11.567689] progear_bl: ALI M7101 PMU not found.
[   11.569571] VIA Graphics Integration Chipset framebuffer 2.4 initializing
[   11.571741] vmlfb: initializing
[   11.572676] Could not find Carillo Ranch MCH device.
[   11.574074] no IO addresses supplied
[   11.575165] hgafb: HGA card not detected.
[   11.585022] hgafb: probe of hgafb.0 failed with error -22
[   11.586637] usbcore: registered new interface driver udlfb
[   11.589703] uvesafb: failed to execute /sbin/v86d
[   11.590929] uvesafb: make sure that the v86d helper is installed and executable
[   11.592737] uvesafb: Getting VBE info block failed (eax=0x4f00, err=-2)
[   11.594254] uvesafb: vbe_init() failed with -22
[   11.595403] uvesafb: probe of uvesafb.0 failed with error -22
[   11.597512] input: Power Button as /devices/LNXSYSTM:00/LNXPWRBN:00/input/input0
[   11.599394] ACPI: Power Button [PWRF]
[   11.609420] GHES: HEST is not enabled!
[   11.610561] ioatdma: Intel(R) QuickData Technology Driver 4.00
[   11.612627] ACPI: PCI Interrupt Link [LNKD] enabled at IRQ 11
[   11.614012] IOAPIC[0]: Set routing entry (2-11 -> 0x3b -> IRQ 11 Mode:1 Active:0 Dest:3)
[   11.616051] virtio-pci 0000:00:04.0: setting latency timer to 64
[   11.618182] ACPI: PCI Interrupt Link [LNKA] enabled at IRQ 10
[   11.619557] IOAPIC[0]: Set routing entry (2-10 -> 0x3a -> IRQ 10 Mode:1 Active:0 Dest:3)
[   11.621598] virtio-pci 0000:00:05.0: setting latency timer to 64
[   11.623751] ACPI: PCI Interrupt Link [LNKB] enabled at IRQ 10
[   11.625139] virtio-pci 0000:00:06.0: setting latency timer to 64
[   11.627051] ACPI: PCI Interrupt Link [LNKC] enabled at IRQ 11
[   11.628463] virtio-pci 0000:00:07.0: setting latency timer to 64
[   11.630173] virtio-pci 0000:00:08.0: setting latency timer to 64
[   11.631843] virtio-pci 0000:00:09.0: setting latency timer to 64
[   11.633436] XENFS: not registering filesystem on non-xen platform
[   11.635275] HDLC line discipline maxframe=4096
[   11.636393] N_HDLC line discipline registered.
[   11.637516] r3964: Philips r3964 Driver $Revision: 1.10 $
[   11.638859] Serial: 8250/16550 driver, 4 ports, IRQ sharing enabled
[   11.664662] serial8250: ttyS0 at I/O 0x3f8 (irq = 4) is a 16550A
[   11.691642] 00:06: ttyS0 at I/O 0x3f8 (irq = 4) is a 16550A
[   11.694166] Cyclades driver 2.6
[   11.695269] MOXA Intellio family driver version 6.0k
[   11.714294] MOXA Smartio/Industio family driver version 2.0.5
[   11.715733] Initializing Nozomi driver 2.1d
[   11.716914] RocketPort device driver module, version 2.09, 12-June-2003
[   11.718481] No rocketport ports found; unloading driver
[   11.719745] SyncLink GT
[   11.720544] SyncLink GT, tty major#245
[   11.721566] SyncLink GT no devices found
[   11.722691] SyncLink MultiPort driver $Revision: 4.38 $
[   11.741804] SyncLink MultiPort driver $Revision: 4.38 $, tty major#244
[   11.743303] SyncLink serial driver $Revision: 4.38 $
[   11.762326] SyncLink serial driver $Revision: 4.38 $, tty major#243
[   11.765199] lp: driver loaded but no devices found
[   11.766421] Applicom driver: $Id: ac.c,v 1.30 2000/03/22 16:03:57 dwmw2 Exp $
[   11.767994] ac.o: No PCI boards found.
[   11.768984] ac.o: For an ISA board you must supply memory and irq parameters.
[   11.771235] Non-volatile memory driver v1.3
[   11.773404] ppdev: user-space parallel port driver
[   11.774796] telclk_interrupt = 0xf non-mcpbl0010 hw.
[   11.775972] smapi::smapi_init, ERROR invalid usSmapiID
[   11.777191] mwave: tp3780i::tp3780I_InitializeBoardData: Error: SMAPI is not available on this machine
[   11.779417] mwave: mwavedd::mwave_init: Error: Failed to initialize board data
[   11.781203] mwave: mwavedd::mwave_init: Error: Failed to initialize
[   11.782739] Linux agpgart interface v0.103
[   11.785136] SyncLink PC Card driver $Revision: 4.34 $, tty major#241
[   11.786917] ipmi message handler version 39.2
[   11.787994] ipmi device interface
[   11.789000] IPMI System Interface driver.
[   11.790227] ipmi_si: Adding default-specified kcs state machine
[   11.791717] ipmi_si: Trying default-specified kcs state machine at i/o address 0xca2, slave address 0x0, irq 0
[   11.794210] ipmi_si: Interface detection failed
[   11.795453] ipmi_si: Adding default-specified smic state machine
[   11.797011] ipmi_si: Trying default-specified smic state machine at i/o address 0xca9, slave address 0x0, irq 0
[   11.799471] ipmi_si: Interface detection failed
[   11.800689] ipmi_si: Adding default-specified bt state machine
[   11.802186] ipmi_si: Trying default-specified bt state machine at i/o address 0xe4, slave address 0x0, irq 0
[   11.804457] ipmi_si: Interface detection failed
[   11.816263] ipmi_si: Unable to find any System Interface(s)
[   11.819302] IPMI Watchdog: driver initialized
[   11.822173] Copyright (C) 2004 MontaVista Software - IPMI Powerdown via sys_reboot.
[   11.825015] Hangcheck: starting hangcheck timer 0.9.1 (tick is 180 seconds, margin is 60 seconds).
[   11.827221] Hangcheck: Using getrawmonotonic().
[   11.828618] [drm] Initialized drm 1.1.0 20060810
[   11.830425] [drm] radeon defaulting to kernel modesetting.
[   11.832162] [drm] radeon kernel modesetting enabled.
[   11.834015] [drm:i915_init] *ERROR* drm/i915 can't work without intel_agp module!
[   11.836512] i2c-core: driver [ch7006] using legacy suspend method
[   11.837990] i2c-core: driver [ch7006] using legacy resume method
[   11.839601] parport_pc 00:05: reported by Plug and Play ACPI
[   11.841146] parport0: PC-style at 0x378, irq 7 [PCSPP,TRISTATE]
[   11.940723] lp0: using parport0 (interrupt-driven).
[   11.960660] FDC 0 is a S82078B
[   11.968597] brd: module loaded
[   11.973566] loop: module loaded
[   11.974472] Compaq SMART2 Driver (v 2.6.0)
[   11.975617] HP CISS Driver (v 3.6.26)
[   11.977512] MM: desc_per_page = 128
[   11.981089] nbd: registered device at major 43
[   11.989013] virtio-pci 0000:00:04.0: irq 40 for MSI/MSI-X
[   11.990409] virtio-pci 0000:00:04.0: irq 41 for MSI/MSI-X
[   12.003391]  vda: unknown partition table
[   12.004924] virtio-pci 0000:00:05.0: irq 42 for MSI/MSI-X
[   12.006275] virtio-pci 0000:00:05.0: irq 43 for MSI/MSI-X
[   12.022688]  vdb: unknown partition table
[   12.024167] virtio-pci 0000:00:06.0: irq 44 for MSI/MSI-X
[   12.025458] virtio-pci 0000:00:06.0: irq 45 for MSI/MSI-X
[   12.037738]  vdc: unknown partition table
[   12.039245] virtio-pci 0000:00:07.0: irq 46 for MSI/MSI-X
[   12.040622] virtio-pci 0000:00:07.0: irq 47 for MSI/MSI-X
[   12.053775]  vdd: unknown partition table
[   12.055248] virtio-pci 0000:00:08.0: irq 48 for MSI/MSI-X
[   12.056659] virtio-pci 0000:00:08.0: irq 49 for MSI/MSI-X
[   12.073861]  vde: unknown partition table
[   12.075310] virtio-pci 0000:00:09.0: irq 50 for MSI/MSI-X
[   12.076646] virtio-pci 0000:00:09.0: irq 51 for MSI/MSI-X
[   12.097724]  vdf: unknown partition table
[   12.102178] drbd: initialized. Version: 8.3.13 (api:88/proto:86-96)
[   12.103635] drbd: built-in
[   12.104407] drbd: registered as block device major 147
[   12.105623] drbd: minor_table @ 0xffff88001696def0
[   12.106937] rbd: loaded rbd (rados block device)
[   12.108171] ibmasm: IBM ASM Service Processor Driver version 1.0 loaded
[   12.110067] lkdtm: No crash points registered, enable through debugfs
[   12.111713] Phantom Linux Driver, version n0.9.8, init OK
[   12.113343] i2c-core: driver [apds9802als] using legacy suspend method
[   12.114909] i2c-core: driver [apds9802als] using legacy resume method
[   12.116408] i2c-core: driver [isl29003] using legacy suspend method
[   12.117836] i2c-core: driver [isl29003] using legacy resume method
[   12.119328] i2c-core: driver [tsl2550] using legacy suspend method
[   12.120763] i2c-core: driver [tsl2550] using legacy resume method
[   12.122266] Silicon Labs C2 port support v. 0.51.0 - (C) 2007 Rodolfo Giometti
[   12.124329] c2port c2port0: C2 port uc added
[   12.125380] c2port c2port0: uc flash has 30 blocks x 512 bytes (15360 bytes total)
[   12.127972] usbcore: registered new interface driver pn533
[   12.129349] Uniform Multi-Platform E-IDE driver
[   12.130765] piix 0000:00:01.1: IDE controller (0x8086:0x7010 rev 0x00)
[   12.132441] piix 0000:00:01.1: not 100% native mode: will probe irqs later
[   12.134064]     ide0: BM-DMA at 0xc000-0xc007
[   12.135190]     ide1: BM-DMA at 0xc008-0xc00f
[   12.136293] Probing IDE interface ide0...
[   12.704230] Probing IDE interface ide1...
[   13.440156] hdc: QEMU DVD-ROM, ATAPI CD/DVD-ROM drive
[   14.112254] hdc: host max PIO4 wanted PIO255(auto-tune) selected PIO0
[   14.113975] hdc: MWDMA2 mode selected
[   14.115266] ide0 at 0x1f0-0x1f7,0x3f6 on irq 14
[   14.116614] ide1 at 0x170-0x177,0x376 on irq 15
[   14.118957] ide_generic: please use "probe_mask=0x3f" module parameter for probing all legacy ISA IDE ports
[   14.121271] ide-gd driver 1.18
[   14.122217] ide-cd driver 5.00
[   14.123582] ide-cd: hdc: ATAPI 4X CD-ROM drive, 512kB Cache
[   14.125365] cdrom: Uniform CD-ROM driver Revision: 3.20
[   14.129593] Loading iSCSI transport class v2.0-870.
[   14.131525] rdac: device handler registered
[   14.132785] hp_sw: device handler registered
[   14.133874] emc: device handler registered
[   14.134931] alua: device handler registered
[   14.137006] fnic: Cisco FCoE HBA Driver, ver 1.5.0.2
[   14.138859] bnx2fc: Broadcom NetXtreme II FCoE Driver bnx2fc v1.0.11 (Apr 24, 2012)
[   14.141431] iscsi: registered transport (tcp)
[   14.142898] Loading Adaptec I2O RAID: Version 2.4 Build 5go
[   14.144293] Detecting Adaptec I2O RAID controllers...
[   14.145757] Adaptec aacraid driver 1.2-0[28900]-ms
[   14.147287] aic94xx: Adaptec aic94xx SAS/SATA driver version 1.0.3 loaded
[   14.149205] isci: Intel(R) C600 SAS Controller Driver - version 1.1.0
[   14.151006] scsi: <fdomain> Detection failed (no card)
[   14.152405] qla2xxx [0000:00:00.0]-0005: : QLogic Fibre Channel HBA Driver: 8.04.00.03-k.
[   14.154698] iscsi: registered transport (qla4xxx)
[   14.155902] QLogic iSCSI HBA Driver
[   14.156839] Brocade BFA FC/FCOE SCSI driver - version: 3.0.23.0
[   14.158673] DC390: clustering now enabled by default. If you get problems load
[   14.160451]        with "disable_clustering=1" and report to maintainers
[   14.171217] megaraid cmm: 2.20.2.7 (Release Date: Sun Jul 16 00:01:03 EST 2006)
[   14.173216] megaraid: 2.20.5.1 (Release Date: Thu Nov 16 15:32:35 EST 2006)
[   14.174943] megasas: 00.00.06.15-rc1 Mon. Mar. 19 17:00:00 PDT 2012
[   14.176474] mpt2sas version 13.100.00.00 loaded
[   14.178052] GDT-HA: Storage RAID Controller Driver. Version: 3.05
[   14.179699] 3ware Storage Controller device driver for Linux v1.26.02.003.
[   14.181325] 3ware 9000 Storage Controller device driver for Linux v2.26.02.014.
[   14.183249] LSI 3ware SAS/SATA-RAID Controller device driver for Linux v3.26.02.000.
[   14.185248] ppa: Version 2.07 (for Linux 2.4.x)
[   14.188873] imm: Version 2.05 (for Linux 2.4.0)
[   14.190619] ipr: IBM Power RAID SCSI Device Driver version: 2.5.3 (March 10, 2012)
[   14.192525] RocketRAID 3xxx/4xxx Controller driver v1.6 (090910)
[   14.193992] stex: Promise SuperTrak EX Driver version: 4.6.0000.4
[   14.195738] libcxgbi:libcxgbi_init_module: tag itt 0x1fff, 13 bits, age 0xf, 4 bits.
[   14.197718] libcxgbi:ddp_setup_host_page_size: system PAGE 4096, ddp idx 0.
[   14.199320] Chelsio T3 iSCSI Driver cxgb3i v2.0.0 (Jun. 2010)
[   14.200755] iscsi: registered transport (cxgb3i)
[   14.201889] Chelsio T4 iSCSI Driver cxgb4i v0.9.1 (Aug. 2010)
[   14.203387] iscsi: registered transport (cxgb4i)
[   14.204587] Broadcom NetXtreme II iSCSI Driver bnx2i v2.7.2.2 (Apr 25, 2012)
[   14.206296] iscsi: registered transport (bnx2i)
[   14.207849] iscsi: registered transport (be2iscsi)
[   14.209435] VMware PVSCSI driver - version 1.0.2.0-k
[   14.210780] hv_vmbus: registering driver hv_storvsc
[   14.211955] st: Version 20101219, fixed bufsize 32768, s/g segs 256
[   14.213489] osst :I: Tape driver with OnStream support version 0.99.4
[   14.213489] osst :I: $Id: osst.c,v 1.73 2005/01/01 21:13:34 wriede Exp $
[   14.216770] SCSI Media Changer driver v0.25 
[   14.217991] osd: LOADED open-osd 0.2.1
[   14.231987] scsi_debug: host protection
[   14.233014] scsi0 : scsi_debug, version 1.82 [20100324], dev_size_mb=8, opts=0x0
[   14.240431] Rounding down aligned max_sectors from 4294967295 to 8388600
[   14.243063] scsi 0:0:0:0: Direct-Access     Linux    scsi_debug       0004 PQ: 0 ANSI: 5
[   14.247390] sd 0:0:0:0: Attached scsi generic sg0 type 0
[   14.249326] sd 0:0:0:0: [sda] 16384 512-byte logical blocks: (8.38 MB/8.00 MiB)
[   14.252695] SSFDC read-only Flash Translation layer
[   14.253372] scsi_scan_0 (135) used greatest stack depth: 4280 bytes left
[   14.255774] mtdoops: mtd device (mtddev=name/number) must be supplied
[   14.256101] sd 0:0:0:0: [sda] Write Protect is off
[   14.256104] sd 0:0:0:0: [sda] Mode Sense: 73 00 10 08
[   14.260065] SBC-GXx flash: IO:0x258-0x259 MEM:0xdc000-0xdffff
[   14.261629] Could not find PAR responsible for SC520CDP Flash Bank #0
[   14.263215] Trying default address 0x8400000
[   14.264102] sd 0:0:0:0: [sda] Write cache: enabled, read cache: enabled, supports DPO and FUA
[   14.266923] Could not find PAR responsible for SC520CDP Flash Bank #1
[   14.268580] Trying default address 0x8c00000
[   14.269632] Could not find PAR responsible for SC520CDP DIL Flash
[   14.271080] Trying default address 0x9400000
[   14.272269] SC520 CDP flash device: 0x800000 at 0x8400000
[   14.273583] Failed to ioremap_nocache
[   14.274608] NetSc520 flash device: 0x100000 at 0x200000
[   14.275840] Failed to ioremap_nocache
[   14.276891] Failed to ioremap_nocache
[   14.277934] Generic platform RAM MTD, (c) 2004 Simtec Electronics
[   14.292118]  sda: unknown partition table
[   14.307511] No recognised DiskOnChip devices found
[   14.308073] sd 0:0:0:0: [sda] Attached SCSI disk
[   14.309816] slram: not enough parameters.
[   14.310865] Ramix PMC551 PCI Mezzanine Ram Driver. (C) 1999,2000 Nortel Networks.
[   14.312705] pmc551: not detected
[   14.316390] ftl_cs: FTL header not found.
[   14.351509] No valid DiskOnChip devices found
[   14.352662] [nandsim] warning: read_byte: unexpected data output cycle, state is STATE_READY return 0x0
[   14.354963] [nandsim] warning: read_byte: unexpected data output cycle, state is STATE_READY return 0x0
[   14.357200] [nandsim] warning: read_byte: unexpected data output cycle, state is STATE_READY return 0x0
[   14.359477] [nandsim] warning: read_byte: unexpected data output cycle, state is STATE_READY return 0x0
[   14.361725] [nandsim] warning: read_byte: unexpected data output cycle, state is STATE_READY return 0x0
[   14.363998] [nandsim] warning: read_byte: unexpected data output cycle, state is STATE_READY return 0x0
[   14.366267] NAND device: Manufacturer ID: 0x98, Chip ID: 0x39 (Toshiba NAND 128MiB 1,8V 8-bit), page size: 512, OOB size: 16
[   14.368882] flash size: 128 MiB
[   14.369736] page size: 512 bytes
[   14.370678] OOB area size: 16 bytes
[   14.371594] sector size: 16 KiB
[   14.372446] pages number: 262144
[   14.373320] pages per sector: 32
[   14.374259] bus width: 8
[   14.375030] bits in sector size: 14
[   14.375953] bits in page size: 9
[   14.376841] bits in OOB size: 4
[   14.377771] flash size with OOB: 135168 KiB
[   14.378885] page address bytes: 4
[   14.379769] sector address bytes: 3
[   14.380708] options: 0x42
[   14.384977] Scanning device for bad blocks
[   14.432725] Creating 1 MTD partitions on "NAND 128MiB 1,8V 8-bit":
[   14.434218] 0x000000000000-0x000008000000 : "NAND simulator partition 0"
[   14.436562] ftl_cs: FTL header not found.
[   14.438606] usbcore: registered new interface driver alauda
[   14.484062] onenand_wait: timeout! ctrl=0x0000 intr=0x0000
[   14.485362] OneNAND Manufacturer: Samsung (0xec)
[   14.486559] OneNAND 16MB 1.8V 16-bit (0x04)
[   14.487598] OneNAND version = 0x001e
[   14.488548] Lock scheme is Continuous Lock
[   14.489625] Scanning device for bad blocks
[   14.492226] Creating 1 MTD partitions on "OneNAND simulator":
[   14.493602] 0x000000000000-0x000001000000 : "OneNAND simulator partition"
[   14.496075] ftl_cs: FTL header not found.
[   14.612486] parport_pc 00:05: master is unqueued, this is deprecated
[   14.615698] parport0: AVR Butterfly
[   14.616698] parport0: cannot grant exclusive access for device spi-lm70llp
[   14.618483] spi-lm70llp: spi_lm70llp probe fail, status -12
[   14.620080] bonding: Ethernet Channel Bonding Driver: v3.7.1 (April 27, 2011)
[   14.624065] eql: Equalizer2002: Simon Janes (simon@ncm.com) and David S. Miller (davem@redhat.com)
[   14.627740] D-Link DE-620 pocket adapter io 0x378, which is busy.
[   14.630884] tun: Universal TUN/TAP device driver, 1.6
[   14.632112] tun: (C) 1999-2004 Max Krasnyansky <maxk@qualcomm.com>
[   14.633930] arcnet loaded.
[   14.634755] arcnet: RFC1201 "standard" (`a') encapsulation support loaded.
[   14.636369] arcnet: RFC1051 "simple standard" (`s') encapsulation support loaded.
[   14.638306] arcnet: raw mode (`r') encapsulation support loaded.
[   14.639764] arcnet: cap mode (`c') encapsulation support loaded.
[   14.641265] arcnet: COM90xx chipset support
[   14.943258] S3: No ARCnet cards found.
[   14.944330] arcnet: COM90xx IO-mapped mode support (by David Woodhouse et el.)
[   14.946233] E-mail me if you actually test this driver, please!
[   14.947782]  arc%d: No autoprobe for IO mapped cards; you must specify the base address!
[   14.949866] arcnet: RIM I (entirely mem-mapped) support
[   14.951223] E-mail me if you actually test the RIM I driver, please!
[   14.952725] Given: node 00h, shmem 0h, irq 0
[   14.953857] No autoprobe for RIM I; you must specify the shmem and irq!
[   14.955431] arcnet: COM20020 PCI support
[   14.956723] ipddp.c:v0.01 8/28/97 Bradford W. Johnson <johns393@maroon.tc.umn.edu>
[   14.959136] ipddp0: Appletalk-IP Encap. mode by Bradford W. Johnson <johns393@maroon.tc.umn.edu>
[   14.961237] vcan: Virtual CAN interface driver
[   14.962438] slcan: serial line CAN interface driver
[   14.963652] slcan: 10 dynamic interface channels.
[   14.964823] CAN device driver interface
[   14.965864] usbcore: registered new interface driver ems_usb
[   14.967352] usbcore: registered new interface driver esd_usb2
[   14.968827] sja1000 CAN netdevice driver
[   14.970910] pcnet32: pcnet32.c:v1.35 21.Apr.2008 tsbogend@alpha.franken.de
[   14.972630] Atheros(R) L2 Ethernet Driver - version 2.2.3
[   14.973935] Copyright (c) 2007 Atheros Corporation.
[   14.975556] cnic: Broadcom NetXtreme II CNIC Driver cnic v2.5.10 (March 21, 2012)
[   14.977764] bnx2x: Broadcom NetXtreme II 5771x/578xx 10/20-Gigabit Ethernet Driver bnx2x 1.72.50-0 (2012/04/23)
[   14.980599] Brocade 10G Ethernet driver - version: 3.0.23.0
[   14.982579] enic: Cisco VIC Ethernet NIC Driver, ver 2.1.1.39
[   14.984202] dmfe: Davicom DM9xxx net driver, version 1.36.4 (2002-01-17)
[   14.985853] v1.01-e (2.4 port) Sep-11-2006  Donald Becker <becker@scyld.com>
[   14.985853]   http://www.scyld.com/network/drivers.html
[   14.988933] uli526x: ULi M5261/M5263 net driver, version 0.9.3 (2005-7-29)
[   14.990695] DE600: port 0x378 busy
[   14.991879] vxge: Copyright(c) 2002-2010 Exar Corp.
[   14.993093] vxge: Driver version: 2.5.3.22640-k
[   14.994443] e100: Intel(R) PRO/100 Network Driver, 3.5.24-k2-NAPI
[   14.995879] e100: Copyright(c) 1999-2006 Intel Corporation
[   14.997273] e1000: Intel(R) PRO/1000 Network Driver - version 7.3.21-k8-NAPI
[   14.999038] e1000: Copyright (c) 1999-2006 Intel Corporation.
[   15.000527] e1000 0000:00:03.0: setting latency timer to 64
[   15.332628] e1000 0000:00:03.0: eth0: (PCI:33MHz:32-bit) 52:54:00:12:34:56
[   15.334272] e1000 0000:00:03.0: eth0: Intel(R) PRO/1000 Network Connection
[   15.335913] e1000e: Intel(R) PRO/1000 Network Driver - 2.0.0-k
[   15.337289] e1000e: Copyright(c) 1999 - 2012 Intel Corporation.
[   15.338972] igb: Intel(R) Gigabit Ethernet Network Driver - version 3.4.7-k
[   15.340672] igb: Copyright (c) 2007-2012 Intel Corporation.
[   15.351476] igbvf: Intel(R) Gigabit Virtual Function Network Driver - version 2.0.1-k
[   15.353411] igbvf: Copyright (c) 2009 - 2012 Intel Corporation.
[   15.354989] ixgbe: Intel(R) 10 Gigabit PCI Express Network Driver - version 3.9.15-k
[   15.356889] ixgbe: Copyright (c) 1999-2012 Intel Corporation.
[   15.358477] ixgbevf: Intel(R) 10 Gigabit PCI Express Virtual Function Network Driver - version 2.6.0-k
[   15.360746] ixgbevf: Copyright (c) 2009 - 2012 Intel Corporation.
[   15.362255] ixgb: Intel(R) PRO/10GbE Network Driver - version 1.0.135-k2-NAPI
[   15.363959] ixgb: Copyright (c) 1999-2008 Intel Corporation.
[   15.365463] jme: JMicron JMC2XX ethernet driver version 1.0.8
[   15.367114] sky2: driver version 1.30
[   15.368875] myri10ge: Version 1.5.3-1.534
[   15.370127] ns83820.c: National Semiconductor DP83820 10/100/1000 driver.
[   15.372211] QLogic 1/10 GbE Converged/Intelligent Ethernet Driver v5.0.28
[   15.374236] QLogic/NetXen Network Driver v4.0.79
[   15.375627] atp.c:v1.09=ac 2002/10/01 Donald Becker <becker@scyld.com>
[   15.377714] Solarflare NET driver v3.1
[   15.379784] tehuti: Tehuti Networks(R) Network Driver, 7.29.3
[   15.381168] tehuti: Options: hw_csum 
[   15.382246] tlan: ThunderLAN driver v1.17
[   15.383337] tlan: 0 devices installed, PCI: 0  EISA: 0
[   15.385057] mkiss: AX.25 Multikiss, Hans Albas PE1AYX
[   15.386373] AX.25: 6pack driver, Revision: 0.3.0
[   15.387575] YAM driver version 0.8 by F1OAT/F6FBB
[   15.390489] AX.25: bpqether driver version 004
[   15.391625] baycom_ser_fdx: (C) 1996-2000 Thomas Sailer, HB9JNX/AE4WA
[   15.391625] baycom_ser_fdx: version 0.10
[   15.395730] hdlcdrv: (C) 1996-2000 Thomas Sailer HB9JNX/AE4WA
[   15.397129] hdlcdrv: version 0.8
[   15.398153] baycom_ser_hdx: (C) 1996-2000 Thomas Sailer, HB9JNX/AE4WA
[   15.398153] baycom_ser_hdx: version 0.10
[   15.402292] baycom_par: (C) 1996-2000 Thomas Sailer, HB9JNX/AE4WA
[   15.402292] baycom_par: version 0.9
[   15.406282] usbcore: registered new interface driver irda-usb
[   15.407809] usbcore: registered new interface driver stir4200
[   15.410454] usbcore: registered new interface driver mcs7780
[   15.412123] usbcore: registered new interface driver kingsun-sir
[   15.413607] usbcore: registered new interface driver ksdazzle-sir
[   15.415183] usbcore: registered new interface driver ks959-sir
[   15.417030] NET3 PLIP version 2.4-parport gniibe@mri.co.jp
[   15.418512] plip0: Parallel port at 0x378, using IRQ 7.
[   15.419797] PPP generic driver version 2.4.2
[   15.421122] PPP BSD Compression module registered
[   15.422357] PPP Deflate Compression module registered
[   15.425589] PPP MPPE Compression module registered
[   15.427070] NET: Registered protocol family 24
[   15.428334] PPTP driver version 0.8.5
[   15.431026] SLIP: version 0.8.4-NET3.019-NEWTTY (dynamic channels, max=256) (6 bit encapsulation enabled).
[   15.433410] CSLIP: code copyright 1989 Regents of the University of California.
[   15.436054] SLIP linefill/keepalive option.
[   15.437605] hdlc: HDLC support module revision 1.22
[   15.439619] DLCI driver v0.35, 4 Jan 1997, mike.mclagan@linux.org.
[   15.441548] cycx_drv: Cyclom 2X Support Module v0.6 (c) 1998-2003 Arnaldo Carvalho de Melo <acme@conectiva.com.br>
[   15.444876] cyclomx: CYCLOM 2X(tm) Sync Card Driver v0.11 (c) 1998-2003 Arnaldo Carvalho de Melo <acme@conectiva.com.br>
[   15.448651] ipw2200: Intel(R) PRO/Wireless 2200/2915 Network Driver, 1.2.2kmprq
[   15.450721] ipw2200: Copyright(c) 2003-2006 Intel Corporation
[   15.452170] libipw: 802.11 data/management/control stack, git-1.1.13
[   15.453908] libipw: Copyright (C) 2004-2005 Intel Corporation <jketreno@linux.intel.com>
[   15.456083] orinoco 0.15 (David Gibson <hermes@gibson.dropbear.id.au>, Pavel Roskin <proski@gnu.org>, et al)
[   15.458974] orinoco_plx 0.15 (Pavel Roskin <proski@gnu.org>, David Gibson <hermes@gibson.dropbear.id.au>, Daniel Barlow <dan@telent.net>)
[   15.463404] orinoco_tmd 0.15 (Joerg Dorchain <joerg@dorchain.net>)
[   15.465675] orinoco_nortel 0.15 (Tobias Hoffmann & Christoph Jungegger <disdos@traum404.de>)
[   15.467925] usbcore: registered new interface driver orinoco_usb
[   15.469434] airo(): Probing for PCI adapters
[   15.470685] airo(): Finished probing for PCI adapters
[   15.472093] Atmel at76x USB Wireless LAN Driver 0.17 loading
[   15.473567] usbcore: registered new interface driver at76c50x-usb
[   15.475438] Broadcom 43xx driver loaded [ Features: PMNLS ]
[   15.476879] Broadcom 43xx-legacy driver loaded [ Features: PLID ]
[   15.478741] usbcore: registered new interface driver zd1211rw
[   15.480374] usbcore: registered new interface driver rtl8187
[   15.481903] usbcore: registered new interface driver rtl8192cu
[   15.483705] usbcore: registered new interface driver rndis_wlan
[   15.485180] usbcore: registered new interface driver zd1201
[   15.486671] usbcore: registered new interface driver usb8xxx
[   15.488228] libertas_sdio: Libertas SDIO driver
[   15.489362] libertas_sdio: Copyright Pierre Ossman
[   15.490698] libertas_spi: Libertas SPI driver
[   15.492199] usbcore: registered new interface driver lbtf_usb
[   15.493769] iwlwifi: Intel(R) Wireless WiFi Link AGN driver for Linux, in-tree:
[   15.495656] iwlwifi: Copyright(c) 2003-2012 Intel Corporation
[   15.497321] iwl4965: Intel(R) Wireless WiFi 4965 driver for Linux, in-tree:
[   15.499049] iwl4965: Copyright(c) 2003-2011 Intel Corporation
[   15.500543] iwl3945: Intel(R) PRO/Wireless 3945ABG/BG Network Connection driver for Linux, in-tree:s
[   15.502787] iwl3945: Copyright(c) 2003-2011 Intel Corporation
[   15.504651] usbcore: registered new interface driver rt2500usb
[   15.506135] usbcore: registered new interface driver rt73usb
[   15.507555] usbcore: registered new interface driver rt2800usb
[   15.509081] usbcore: registered new interface driver p54usb
[   15.510836] usbcore: registered new interface driver ath9k_htc
[   15.512293] usbcore: registered new interface driver carl9170
[   15.513706] mac80211_hwsim: Initializing radio 0
[   15.515744] ieee80211 phy0: Selected rate control algorithm 'minstrel_ht'
[   15.517973] ieee80211 phy0: hwaddr 020000000000 registered
[   15.519456] mac80211_hwsim: Initializing radio 1
[   15.521245] ieee80211 phy1: Selected rate control algorithm 'minstrel_ht'
[   15.523484] ieee80211 phy1: hwaddr 020000000100 registered
[   15.525344] mac80211_hwsim: initializing netlink
[   15.526943] usbcore: registered new interface driver i2400m_usb
[   15.528345] VMware vmxnet3 virtual NIC driver - version 1.1.29.0-k-NAPI
[   15.530010] usbcore: registered new interface driver catc
[   15.531398] usbcore: registered new interface driver kaweth
[   15.532780] pegasus: v0.6.14 (2006/09/27), Pegasus/Pegasus II USB Ethernet driver
[   15.534768] usbcore: registered new interface driver pegasus
[   15.536160] usbcore: registered new interface driver rtl8150
[   15.537473] hso: /c/kernel-tests/src/stable/drivers/net/usb/hso.c: Option Wireless
[   15.539487] usbcore: registered new interface driver hso
[   15.540829] usbcore: registered new interface driver asix
[   15.542220] usbcore: registered new interface driver cdc_ether
[   15.543672] usbcore: registered new interface driver cdc_eem
[   15.545094] usbcore: registered new interface driver dm9601
[   15.546567] usbcore: registered new interface driver smsc75xx
[   15.548093] usbcore: registered new interface driver smsc95xx
[   15.549545] usbcore: registered new interface driver gl620a
[   15.551025] usbcore: registered new interface driver net1080
[   15.552459] usbcore: registered new interface driver plusb
[   15.553827] usbcore: registered new interface driver rndis_host
[   15.555345] usbcore: registered new interface driver cdc_subset
[   15.556839] usbcore: registered new interface driver zaurus
[   15.558245] usbcore: registered new interface driver MOSCHIP usb-ethernet driver
[   15.560182] usbcore: registered new interface driver int51x1
[   15.561570] usbcore: registered new interface driver cdc_phonet
[   15.563112] usbcore: registered new interface driver kalmia
[   15.564542] usbcore: registered new interface driver ipheth
[   15.565908] usbcore: registered new interface driver sierra_net
[   15.567379] usbcore: registered new interface driver cx82310_eth
[   15.568909] usbcore: registered new interface driver cdc_ncm
[   15.570354] usbcore: registered new interface driver lg-vl600
[   15.571718] hv_vmbus: registering driver hv_netvsc
[   15.573037] Madge ATM Ambassador driver version 1.2.4
[   15.574445] Madge ATM Horizon [Ultra] driver version 1.2.1
[   15.575919] fore200e: FORE Systems 200E-series ATM driver - version 0.3e
[   15.577714] idt77252_init: at ffffffff83fa83f7
[   15.579042] Solos PCI Driver Version 0.07
[   15.580178] adummy: version 1.0
[   15.581487] I2O subsystem v1.325
[   15.582472] i2o: max drivers = 8
[   15.583712] I2O Configuration OSM v1.323
[   15.584995] I2O Bus Adapter OSM v1.317
[   15.586024] I2O Block Device OSM v1.325
[   15.587981] I2O SCSI Peripheral OSM v1.316
[   15.589155] I2O ProcFS OSM v1.316
[   15.590213] Fusion MPT base driver 3.04.20
[   15.591247] Copyright (c) 1999-2008 LSI Corporation
[   15.592537] Fusion MPT SPI Host driver 3.04.20
[   15.593761] Fusion MPT FC Host driver 3.04.20
[   15.595026] Fusion MPT SAS Host driver 3.04.20
[   15.596272] Fusion MPT misc device (ioctl) driver 3.04.20
[   15.597723] mptctl: Registered with Fusion MPT base driver
[   15.599110] mptctl: /dev/mptctl @ (major,minor=10,220)
[   15.600362] Fusion MPT LAN driver 3.04.20
[   15.602466] Generic UIO driver for PCI 2.3 devices version: 0.01.0
[   15.605247] aoe: AoE v47 initialised.
[   15.607472] usbcore: registered new interface driver hwa-rc
[   15.608908] usbcore: registered new interface driver i1480-dfu-usb
[   15.610826] ehci_hcd: USB 2.0 'Enhanced' Host Controller (EHCI) Driver
[   15.612462] ohci_hcd: USB 1.1 'Open' Host Controller (OHCI) Driver
[   15.614052] uhci_hcd: USB Universal Host Controller Interface driver
[   15.615833] driver u132_hcd
[   15.617028] usbcore: registered new interface driver hwa-hc
[   15.618715] usbcore: registered new interface driver wusb-cbaf
[   15.620313] usbcore: registered new interface driver cdc_acm
[   15.621676] cdc_acm: USB Abstract Control Model driver for USB modems and ISDN adapters
[   15.634406] usbcore: registered new interface driver usblp
[   15.636361] usbcore: registered new interface driver cdc_wdm
[   15.638574] usbcore: registered new interface driver usbtmc
[   15.640615] usbcore: registered new interface driver uas
[   15.642528] Initializing USB Mass Storage driver...
[   15.644377] usbcore: registered new interface driver usb-storage
[   15.646465] USB Mass Storage support registered.
[   15.648237] usbcore: registered new interface driver ums-alauda
[   15.650399] usbcore: registered new interface driver ums-cypress
[   15.652550] usbcore: registered new interface driver ums-datafab
[   15.654735] usbcore: registered new interface driver ums_eneub6250
[   15.656915] usbcore: registered new interface driver ums-freecom
[   15.659076] usbcore: registered new interface driver ums-isd200
[   15.661289] usbcore: registered new interface driver ums-jumpshot
[   15.663457] usbcore: registered new interface driver ums-karma
[   15.665575] usbcore: registered new interface driver ums-onetouch
[   15.667867] usbcore: registered new interface driver ums-realtek
[   15.669999] usbcore: registered new interface driver ums-sddr09
[   15.672112] usbcore: registered new interface driver ums-sddr55
[   15.674244] usbcore: registered new interface driver ums-usbat
[   15.676473] usbcore: registered new interface driver mdc800
[   15.678461] mdc800: v0.7.5 (30/10/2000):USB Driver for Mustek MDC800 Digital Camera
[   15.681301] usbcore: registered new interface driver microtekX6
[   15.683609] usbcore: registered new interface driver usbserial
[   15.685659] usbcore: registered new interface driver usbserial_generic
[   15.687984] USB Serial support registered for generic
[   15.689865] usbserial: USB Serial Driver core
[   15.691541] usbcore: registered new interface driver aircable
[   15.693580] USB Serial support registered for aircable
[   15.695456] usbcore: registered new interface driver ark3116
[   15.697592] USB Serial support registered for ark3116
[   15.699534] usbcore: registered new interface driver belkin_sa
[   15.701632] USB Serial support registered for Belkin / Peracom / GoHubs USB Serial Adapter
[   15.704614] usbcore: registered new interface driver ch341
[   15.706683] USB Serial support registered for ch341-uart
[   15.708638] usbcore: registered new interface driver cp210x
[   15.710700] USB Serial support registered for cp210x
[   15.712590] usbcore: registered new interface driver cyberjack
[   15.714742] USB Serial support registered for Reiner SCT Cyberjack USB card reader
[   15.717580] usbcore: registered new interface driver cypress_m8
[   15.719643] USB Serial support registered for DeLorme Earthmate USB
[   15.721821] USB Serial support registered for HID->COM RS232 Adapter
[   15.724002] USB Serial support registered for Nokia CA-42 V2 Adapter
[   15.726292] usbcore: registered new interface driver usb_debug
[   15.728519] USB Serial support registered for debug
[   15.730384] usbcore: registered new interface driver digi_acceleport
[   15.732620] USB Serial support registered for Digi 2 port USB adapter
[   15.734939] USB Serial support registered for Digi 4 port USB adapter
[   15.737168] usbcore: registered new interface driver io_edgeport
[   15.739351] USB Serial support registered for Edgeport 2 port adapter
[   15.741650] USB Serial support registered for Edgeport 4 port adapter
[   15.743986] USB Serial support registered for Edgeport 8 port adapter
[   15.746322] USB Serial support registered for EPiC device
[   15.748388] usbcore: registered new interface driver io_ti
[   15.750462] USB Serial support registered for Edgeport TI 1 port adapter
[   15.752767] USB Serial support registered for Edgeport TI 2 port adapter
[   15.755169] usbcore: registered new interface driver empeg
[   15.757220] USB Serial support registered for empeg
[   15.759121] usbcore: registered new interface driver ftdi_sio
[   15.761183] USB Serial support registered for FTDI USB Serial Device
[   15.763393] ftdi_sio: v1.6.0:USB FTDI Serial Converters Driver
[   15.765541] usbcore: registered new interface driver funsoft
[   15.767653] USB Serial support registered for funsoft
[   15.769538] usbcore: registered new interface driver garmin_gps
[   15.771660] USB Serial support registered for Garmin GPS usb/tty
[   15.773796] usbcore: registered new interface driver hp4x
[   15.775776] USB Serial support registered for hp4X
[   15.777592] usbcore: registered new interface driver ipaq
[   15.779592] USB Serial support registered for PocketPC PDA
[   15.781581] usbcore: registered new interface driver ipw
[   15.783556] USB Serial support registered for IPWireless converter
[   15.785715] usbcore: registered new interface driver ir_usb
[   15.787847] USB Serial support registered for IR Dongle
[   15.789646] ir_usb: v0.5:USB IR Dongle driver
[   15.791361] usbcore: registered new interface driver iuu_phoenix
[   15.793547] USB Serial support registered for iuu_phoenix
[   15.795582] usbcore: registered new interface driver keyspan
[   15.797634] USB Serial support registered for Keyspan - (without firmware)
[   15.799970] USB Serial support registered for Keyspan 1 port adapter
[   15.802220] USB Serial support registered for Keyspan 2 port adapter
[   15.804436] USB Serial support registered for Keyspan 4 port adapter
[   15.806700] usbcore: registered new interface driver keyspan_pda
[   15.808788] USB Serial support registered for Keyspan PDA
[   15.810793] USB Serial support registered for Keyspan PDA - (prerenumeration)
[   15.813168] USB Serial support registered for Xircom / Entregra PGS - (prerenumeration)
[   15.816217] usbcore: registered new interface driver kl5kusb105
[   15.818511] USB Serial support registered for KL5KUSB105D / PalmConnect
[   15.820850] usbcore: registered new interface driver kobil_sct
[   15.822985] USB Serial support registered for KOBIL USB smart card terminal
[   15.825415] usbcore: registered new interface driver mct_u232
[   15.827573] USB Serial support registered for MCT U232
[   15.829512] usbcore: registered new interface driver mos7720
[   15.831614] USB Serial support registered for Moschip 2 port adapter
[   15.833876] usbcore: registered new interface driver mos7840
[   15.835831] USB Serial support registered for Moschip 7840/7820 USB Serial Driver
[   15.838687] usbcore: registered new interface driver moto_modem
[   15.840766] USB Serial support registered for moto-modem
[   15.842791] usbcore: registered new interface driver navman
[   15.844812] USB Serial support registered for navman
[   15.846705] usbcore: registered new interface driver omninet
[   15.848844] USB Serial support registered for ZyXEL - omni.net lcd plus usb
[   15.851326] usbcore: registered new interface driver opticon
[   15.853348] USB Serial support registered for opticon
[   15.855275] usbcore: registered new interface driver option
[   15.857264] USB Serial support registered for GSM modem (1-port)
[   15.859532] usbcore: registered new interface driver oti6858
[   15.861566] USB Serial support registered for oti6858
[   15.863479] usbcore: registered new interface driver pl2303
[   15.865559] USB Serial support registered for pl2303
[   15.867482] usbcore: registered new interface driver qcaux
[   15.869483] USB Serial support registered for qcaux
[   15.871425] usbcore: registered new interface driver qcserial
[   15.873478] USB Serial support registered for Qualcomm USB modem
[   15.875619] safe_serial: v0.1:USB Safe Encapsulated Serial
[   15.877673] usbcore: registered new interface driver safe_serial
[   15.879816] USB Serial support registered for safe_serial
[   15.881816] usbcore: registered new interface driver siemens_mpi
[   15.883939] USB Serial support registered for siemens_mpi
[   15.885904] usbcore: registered new interface driver sierra
[   15.887826] USB Serial support registered for Sierra USB modem
[   15.889901] usbcore: registered new interface driver spcp8x5
[   15.891871] USB Serial support registered for SPCP8x5
[   15.893796] usbcore: registered new interface driver ssu100
[   15.895769] USB Serial support registered for Quatech SSU-100 USB to Serial Driver
[   15.898661] usbcore: registered new interface driver symbolserial
[   15.900797] USB Serial support registered for symbol
[   15.902791] usbcore: registered new interface driver ti_usb_3410_5052
[   15.905051] USB Serial support registered for TI USB 3410 1 port adapter
[   15.907395] USB Serial support registered for TI USB 5052 2 port adapter
[   15.909625] ti_usb_3410_5052: v0.10:TI USB 3410/5052 Serial Driver
[   15.911868] usbcore: registered new interface driver visor
[   15.913839] USB Serial support registered for Handspring Visor / Palm OS
[   15.916096] USB Serial support registered for Sony Clie 5.0
[   15.918056] USB Serial support registered for Sony Clie 3.5
[   15.920094] usbcore: registered new interface driver whiteheat
[   15.922189] USB Serial support registered for Connect Tech - WhiteHEAT - (prerenumeration)
[   15.925179] USB Serial support registered for Connect Tech - WhiteHEAT
[   15.927542] usbcore: registered new interface driver vivopay_serial
[   15.929756] USB Serial support registered for vivopay-serial
[   15.931807] usbcore: registered new interface driver zio
[   15.933776] USB Serial support registered for zio
[   15.935591] usbcore: registered new interface driver adutux
[   15.937964] usbcore: registered new interface driver appledisplay
[   15.940179] usbcore: registered new interface driver cypress_cy7c63
[   15.942433] usbcore: registered new interface driver cytherm
[   15.944570] usbcore: registered new interface driver emi26 - firmware loader
[   15.947025] usbcore: registered new interface driver emi62 - firmware loader
[   15.949311] driver ftdi-elan
[   15.951317] usbcore: registered new interface driver ftdi-elan
[   15.953384] usbcore: registered new interface driver idmouse
[   15.955523] usbcore: registered new interface driver iowarrior
[   15.957574] usbcore: registered new interface driver isight_firmware
[   15.959747] usbcore: registered new interface driver usblcd
[   15.961803] usbcore: registered new interface driver ldusb
[   15.963801] usbcore: registered new interface driver usbled
[   15.965864] usbcore: registered new interface driver legousbtower
[   15.968118] usbcore: registered new interface driver rio500
[   15.970122] usbcore: registered new interface driver usbtest
[   15.972161] usbcore: registered new interface driver trancevibrator
[   15.974439] usbcore: registered new interface driver uss720
[   15.976364] uss720: v0.6:USB Parport Cable driver for Cables using the Lucent Technologies USS720 Chip
[   15.979583] uss720: NOTE: this is a special purpose driver to allow nonstandard
[   15.982259] uss720: protocols (eg. bitbang) over USS720 usb to parallel cables
[   15.984948] uss720: If you just want to connect to a printer, use usblp instead
[   15.987717] usbcore: registered new interface driver usbsevseg
[   15.989781] usbcore: registered new interface driver yurex
[   15.991788] usbcore: registered new interface driver sisusb
[   15.993829] usbcore: registered new interface driver cxacru
[   15.995829] usbcore: registered new interface driver speedtch
[   16.012929] usbcore: registered new interface driver ueagle-atm
[   16.015014] xusbatm: malformed module parameters
[   16.016865] i8042: PNP: PS/2 Controller [PNP0303:KBD,PNP0f13:MOU] at 0x60,0x64 irq 1,12
[   16.021284] serio: i8042 KBD port at 0x60,0x64 irq 1
[   16.022737] serio: i8042 AUX port at 0x60,0x64 irq 12
[   16.024195] parport0: cannot grant exclusive access for device parkbd
[   16.134077] mousedev: PS/2 mouse device common for all mice
[   16.137874] input: AT Translated Set 2 keyboard as /devices/platform/i8042/serio0/input/input1
[   16.141586] usbcore: registered new interface driver appletouch
[   16.143784] usbcore: registered new interface driver bcm5974
[   16.150136] usbcore: registered new interface driver iforce
[   16.156204] usbcore: registered new interface driver xpad
[   16.158225] parport0: cannot grant exclusive access for device walkera0701
[   16.160589] usbcore: registered new interface driver usb_acecad
[   16.162771] usbcore: registered new interface driver aiptek
[   16.164806] usbcore: registered new interface driver gtco
[   16.166833] usbcore: registered new interface driver hanwang
[   16.168877] usbcore: registered new interface driver kbtab
[   16.170951] usbcore: registered new interface driver wacom
[   16.173811] mk712: device not present
[   16.175353] usbcore: registered new interface driver usbtouchscreen
[   16.178235] apanel: Fujitsu BIOS signature 'FJKEYINF' not found...
[   16.180520] usbcore: registered new interface driver ati_remote2
[   16.182704] cm109: Keymap for Komunikate KIP1000 phone loaded
[   16.184811] usbcore: registered new interface driver cm109
[   16.186801] cm109: CM109 phone driver: 20080805 (C) Alfred E. Heggestad
[   16.189122] usbcore: registered new interface driver keyspan_remote
[   16.191716] input: PC Speaker as /devices/platform/pcspkr/input/input2
[   16.194420] usbcore: registered new interface driver powermate
[   16.196857] usbcore: registered new interface driver yealink
[   16.200325] rtc_cmos 00:01: rtc core: registered rtc_cmos as rtc0
[   16.202634] rtc0: alarms up to one day, 114 bytes nvram, hpet irqs
[   16.207616] rtc-test rtc-test.0: rtc core: registered test as rtc1
[   16.210315] rtc-test rtc-test.1: rtc core: registered test as rtc2
[   16.212625] i2c /dev entries driver
[   16.215142] piix4_smbus 0000:00:01.3: SMBus Host Controller at 0xb100, revision 0
[   16.329316] usbcore: registered new interface driver i2c-diolan-u2c
[   16.331465] i2c-parport: adapter type unspecified
[   16.333132] i2c-parport-light: adapter type unspecified
[   16.335179] usbcore: registered new interface driver i2c-tiny-usb
[   16.337394] lirc_dev: IR Remote Control driver registered, major 223 
[   16.339553] IR NEC protocol handler initialized
[   16.341106] IR RC5(x) protocol handler initialized
[   16.342801] IR RC6 protocol handler initialized
[   16.344389] IR JVC protocol handler initialized
[   16.345966] IR Sony protocol handler initialized
[   16.347622] IR RC5 (streamzap) protocol handler initialized
[   16.349458] IR SANYO protocol handler initialized
[   16.351185] IR MCE Keyboard/mouse protocol handler initialized
[   16.353255] IR LIRC bridge handler initialized
[   16.355008] pps_ldisc: PPS line discipline registered
[   16.356805] pps_parport: parallel port PPS client
[   16.358826] parport0: cannot grant exclusive access for device pps_parport
[   16.361125] pps_parport: couldn't register with parport0
[   16.363048] Driver for 1-wire Dallas network protocol.
[   16.365321] usbcore: registered new interface driver DS9490R
[   16.367465] 1-Wire driver for the DS2760 battery monitor  chip  - (c) 2004-2005, Szabolcs Gyurko
[   16.371066] i2c-core: driver [max17040] using legacy suspend method
[   16.373179] i2c-core: driver [max17040] using legacy resume method
[   16.603384] input: ImExPS/2 Generic Explorer Mouse as /devices/platform/i8042/serio1/input/input3
[   17.660077] i2c i2c-0: detect fail: address match, 0x2c
[   17.676084] i2c i2c-0: detect fail: address match, 0x2d
[   17.692085] i2c i2c-0: detect fail: address match, 0x2e
[   17.708075] i2c i2c-0: detect fail: address match, 0x2f
[   17.972079] applesmc: supported laptop not found!
[   17.973271] applesmc: driver init failed (ret=-19)!
[   26.316333] pc87360: PC8736x not detected, module not inserted
[   26.820385] usbcore: registered new interface driver pcwd_usb
[   26.822473] acquirewdt: WDT driver for Acquire single board computer initialising
[   26.825471] acquirewdt: I/O address 0x0043 already in use
[   26.827525] acquirewdt: probe of acquirewdt failed with error -5
[   26.829618] advantechwdt: WDT driver for Advantech single board computer initialising
[   26.833003] advantechwdt: initialized. timeout=60 sec (nowayout=0)
[   26.835234] alim7101_wdt: Steve Hill <steve@navaho.co.uk>
[   26.837183] alim7101_wdt: ALi M7101 PMU not present - WDT not set
[   26.839616] sp5100_tco: SP5100 TCO WatchDog Timer Driver v0.01
[   26.841955] sc520_wdt: cannot register miscdev on minor=130 (err=-16)
[   26.844374] eurotechwdt: can't misc_register on minor=130
[   26.846345] ib700wdt: WDT driver for IB700 single board computer initialising
[   26.848992] ib700wdt: START method I/O 443 is not available
[   26.851042] ib700wdt: probe of ib700wdt failed with error -5
[   26.853040] wafer5823wdt: WDT driver for Wafer 5823 single board computer initialising
[   26.855991] wafer5823wdt: I/O address 0x0443 already in use
[   26.858130] i6300esb: Intel 6300ESB WatchDog Timer Driver v0.05
[   26.860476] i6300esb: cannot register miscdev on minor=130 (err=-16)
[   26.862816] i6300ESB timer: probe of 0000:00:0a.0 failed with error -16
[   26.865116] iTCO_wdt: Intel TCO WatchDog Timer Driver v1.07
[   26.867231] iTCO_vendor_support: vendor-support=0
[   26.869235] it87_wdt: no device
[   26.870708] sc1200wdt: build 20020303
[   26.872200] sc1200wdt: io parameter must be specified
[   26.874121] pc87413_wdt: Version 1.1 at io 0x2E
[   26.875780] pc87413_wdt: cannot register miscdev on minor=130 (err=-16)
[   26.878016] nv_tco: NV TCO WatchDog Timer Driver v0.01
[   26.880190] sbc60xxwdt: I/O address 0x0443 already in use
[   26.882133] sbc8360: failed to register misc device
[   26.883927] cpu5wdt: misc_register failed
[   26.885574] smsc37b787_wdt: SMsC 37B787 watchdog component driver 1.1 initialising...
[   26.889627] smsc37b787_wdt: Unable to register miscdev on minor 130
[   26.891787] w83627hf_wdt: WDT driver for the Winbond(TM) W83627HF/THF/HG/DHG Super I/O chip initialising
[   26.895245] w83627hf_wdt: Watchdog already running. Resetting timeout to 60 sec
[   26.897992] w83627hf_wdt: cannot register miscdev on minor=130 (err=-16)
[   26.900405] w83697hf_wdt: WDT driver for W83697HF/HG initializing
[   26.902616] w83697hf_wdt: watchdog not found at address 0x2e
[   26.904615] w83697hf_wdt: No W83697HF/HG could be found
[   26.906543] w83697ug_wdt: WDT driver for the Winbond(TM) W83697UG/UF Super I/O chip initialising
[   26.909658] w83697ug_wdt: No W83697UG/UF could be found
[   26.911546] w83877f_wdt: I/O address 0x0443 already in use
[   26.913474] w83977f_wdt: driver v1.00
[   26.915002] w83977f_wdt: cannot register miscdev on minor=130 (err=-16)
[   26.917258] machzwd: MachZ ZF-Logic Watchdog driver initializing
[   26.919413] machzwd: no ZF-Logic found
[   26.920915] sbc_epx_c3: cannot register miscdev on minor=130 (err=-16)
[   26.923365] watchdog: Software Watchdog: cannot register miscdev on minor=130 (err=-16).
[   26.926389] watchdog: Software Watchdog: a legacy watchdog module is probably present.
[   26.929722] softdog: Software Watchdog Timer: 0.08 initialized. soft_noboot=0 soft_margin=60 sec soft_panic=0 (nowayout=0)
[   26.933425] md: linear personality registered for level -1
[   26.935438] md: raid0 personality registered for level 0
[   26.937354] md: raid1 personality registered for level 1
[   26.939333] md: raid10 personality registered for level 10
[   26.941272] md: raid6 personality registered for level 6
[   26.943245] md: raid5 personality registered for level 5
[   26.945157] md: raid4 personality registered for level 4
[   26.947112] md: multipath personality registered for level -4
[   26.949121] md: faulty personality registered for level -5
[   26.951706] device-mapper: uevent: version 1.0.3
[   26.954069] device-mapper: ioctl: 4.22.0-ioctl (2011-10-19) initialised: dm-devel@redhat.com
[   26.958380] device-mapper: multipath: version 1.4.0 loaded
[   26.960524] device-mapper: multipath round-robin: version 1.0.0 loaded
[   26.962803] device-mapper: multipath queue-length: version 0.1.0 loaded
[   26.965049] device-mapper: multipath service-time: version 0.2.0 loaded
[   26.967983] device-mapper: dm-log-userspace: version 1.1.0 loaded
[   26.970481] Bluetooth: Virtual HCI driver ver 1.3
[   26.972533] Bluetooth: HCI UART driver ver 2.2
[   26.974231] Bluetooth: HCI H4 protocol initialized
[   26.975949] Bluetooth: HCI BCSP protocol initialized
[   26.977894] Bluetooth: HCILL protocol initialized
[   26.979596] Bluetooth: HCIATH3K protocol initialized
[   26.981543] usbcore: registered new interface driver bcm203x
[   26.983707] usbcore: registered new interface driver bpa10x
[   26.985775] usbcore: registered new interface driver bfusb
[   26.988092] usbcore: registered new interface driver btusb
[   26.990201] Bluetooth: Generic Bluetooth SDIO driver ver 0.1
[   26.992353] usbcore: registered new interface driver ath3k
[   26.995234] CAPI 2.0 started up with major 68 (middleware)
[   26.997192] Modular ISDN core version 1.1.29
[   26.999339] NET: Registered protocol family 34
[   27.001012] DSP module 2.0
[   27.002208] mISDN_dsp: DSP clocks every 64 samples. This equals 2 jiffies.
[   27.006870] mISDN: Layer-1-over-IP driver Rev. 2.00
[   27.009087] 0 virtual devices registered
[   27.010878] b1pci: revision 1.1.2.2
[   27.012359] b1: revision 1.1.2.2
[   27.013700] b1dma: revision 1.1.2.3
[   27.015094] b1pci: revision 1.1.2.2
[   27.016675] t1pci: revision 1.1.2.2
[   27.018183] c4: revision 1.1.2.2
[   27.019647] mISDN: HFC-multi driver 2.03
[   27.021554] usbcore: registered new interface driver HFC-S_USB
[   27.023639] AVM Fritz PCI driver Rev. 2.3
[   27.025267] Sedlbauer Speedfax+ Driver Rev. 2.0
[   27.027154] Infineon ISDN Driver Rev. 1.0
[   27.028810] Winbond W6692 PCI driver Rev. 2.0
[   27.030634] mISDNipac module version 2.0
[   27.047303] mISDN: ISAR driver Rev. 2.1
[   27.048814] gigaset: Driver for Gigaset 307x
[   27.050554] gigaset: Kernel CAPI interface
[   27.052340] usbcore: registered new interface driver usb_gigaset
[   27.054527] usb_gigaset: USB Driver for Gigaset 307x using M105
[   27.056753] usbcore: registered new interface driver bas_gigaset
[   27.058888] bas_gigaset: USB Driver for Gigaset 307x
[   27.060850] EDAC MC: Ver: 2.1.0
[   27.064586] AMD64 EDAC driver v3.4.0
[   27.066219] cpuidle: using governor ladder
[   27.067860] cpuidle: using governor menu
[   27.069548] sdhci: Secure Digital Host Controller Interface driver
[   27.071689] sdhci: Copyright(c) Pierre Ossman
[   27.073429] wbsd: Winbond W83L51xD SD/MMC card interface driver
[   27.075573] wbsd: Copyright(c) Pierre Ossman
[   27.077521] via_sdmmc: VIA SD/MMC Card Reader driver (C) 2008 VIA Technologies, Inc.
[   27.080600] VUB300 Driver rom wait states = 1C irqpoll timeout = 0400
[   27.083449] usbcore: registered new interface driver vub300
[   27.086007] usbcore: registered new interface driver ushc
[   27.087946] sdhci-pltfm: SDHCI platform and OF driver helper
[   27.091031] leds_ss4200: no LED devices found
[   27.094836] user_mad: couldn't register device number
[   27.096683] user_verbs: couldn't register device number
[   27.098699] ucm: couldn't register device number
[   27.102329] ib_qib: Unable to register ipathfs
[   27.108257] iscsi: registered transport (iser)
[   27.109898] EFI Variables Facility v0.08 2004-May-17
[   27.112193] dcdbas dcdbas: Dell Systems Management Base Driver (version 5.6.0-3.2)
[   27.115058] No iBFT detected.
[   27.120689] usbcore: registered new interface driver usbhid
